INFO:numexpr.utils:Note: NumExpr detected 16 cores but "NUMEXPR_MAX_THREADS" not set, so enforcing safe limit of 8.
INFO:numexpr.utils:NumExpr defaulting to 8 threads.
WARNING:root:[array([-1.66501844e+00,  4.07230412e+00,  7.89388947e+00,  1.29079894e+00,
       -4.12819157e+00, -1.75203708e+00, -4.36242188e+00,  6.56307698e+00,
        3.71126731e+00,  1.85144356e+00, -5.31594810e+00,  1.53722728e+00,
        3.03772790e+00,  7.56457572e-01,  9.26129253e-01, -4.29595038e+00,
        2.26590381e+00,  5.35266456e+00,  3.17933796e+00,  6.47666988e-01,
        4.24518557e-01, -7.23345678e-01, -4.00781704e+00, -4.84344649e+00,
        5.85302232e+00,  2.12677677e+00, -1.23448238e+00,  1.47242296e+00,
        1.51423301e+00,  2.01676244e+00,  1.38045267e+00,  5.13767619e+00,
        2.85149143e+00, -3.78300313e+00,  6.21651722e-01, -2.76535369e+00,
        2.00356722e+00,  2.22361393e+00,  2.77031784e+00, -1.06221369e+00,
       -4.68513807e+00, -1.34543776e+00,  4.61262351e+00,  3.47333568e+00,
       -6.53560305e+00,  6.68352591e+00,  1.37937684e+00,  1.59132994e+01,
       -4.45168691e-01,  7.38477670e+00,  4.03499711e+00, -1.33312891e+00,
       -3.81326990e+00,  7.63855481e+00,  4.57516229e+00,  6.97470269e+00,
        1.74053912e+00, -4.50322726e-01, -4.60253022e+00,  7.76865994e+00,
        2.26509954e+00,  5.71917462e+00,  3.14836636e+00,  2.50187779e+00,
        2.85046985e+00,  7.76842682e+00, -8.88688187e+00,  2.00077224e+00,
        2.78172807e+00,  1.39995080e+01, -8.29665690e-01,  1.98641524e+00,
       -8.67893729e-01, -6.68957107e+00,  4.67299846e+00,  3.23432225e-01,
        5.30045877e+00,  3.63126285e+00,  3.07796163e+00,  1.45694774e+00,
        3.74675702e+00,  3.81923594e+00, -4.65972579e+00,  3.89258170e-01,
        7.63293782e+00, -3.98509838e+00,  4.56863890e+00, -6.68073733e+00,
        7.16503787e-01,  1.83975084e+00,  4.64893770e-01,  1.42898669e+00,
       -2.79115685e+00,  6.48691668e+00, -5.23885160e-02,  4.29681098e+00,
        4.40658805e+00, -6.61622699e+00,  5.37527553e+00, -3.97003131e+00,
        3.34417491e+00,  6.47353594e+00, -1.51676856e+00,  8.68262311e+00,
        2.03299054e+00,  4.29536973e+00,  1.73055046e+00,  7.71521458e-01,
       -3.21419920e+00, -2.22976446e+00,  4.61510552e+00,  5.80796284e+00,
        1.91067441e+00,  4.27797362e-01,  4.73349492e+00,  4.38452736e+00,
       -7.52119368e-01,  3.74246810e+00,  9.76307637e+00,  3.63688736e+00,
        4.47091711e-02, -2.48879337e+00,  1.01364836e+00,  5.21751623e-01,
        4.55559957e+00,  7.14325356e+00, -2.61868731e+00,  4.68981639e+00,
        1.39771919e+00,  7.25495959e+00, -4.39423176e-01, -3.98479670e+00,
        6.12669897e+00, -5.55360946e+00,  4.63146062e+00,  6.92583815e+00,
        4.96407744e+00, -2.05983399e-02, -2.25764709e+00,  3.12917386e+00,
       -2.59909516e+00,  6.21837105e+00, -5.71040762e+00, -2.13340957e+00,
        5.53785288e+00,  2.91453922e+00,  5.06434754e+00, -1.63697093e+00,
        4.91626805e+00,  7.29823961e+00,  4.27769937e+00,  1.19562182e+00,
        5.70681631e+00,  2.13257247e+00,  5.54378929e+00,  1.44481811e+00,
       -2.89367833e+00,  1.38505495e+00, -2.20354384e+00,  2.73924980e+00,
        6.86136377e-01,  3.18719239e+00,  4.44952371e-02,  2.96299914e+00,
        5.40460089e+00,  5.02381454e+00,  1.60077687e+00,  3.01715367e+00,
        3.81561164e+00,  7.10652853e-01, -3.45494278e+00,  5.01849178e+00,
        2.38066506e+00,  3.18180575e+00,  4.47464013e+00, -1.37477659e+00,
        7.10137433e+00, -5.05841042e+00,  7.60928124e+00,  1.91563698e+00,
        1.05402564e-01, -1.46538860e+00, -3.84489115e+00,  1.11095904e+00,
        2.80327205e+00,  2.41542490e+00,  4.86527662e-01,  2.80038687e+00,
        3.10157183e+00, -6.63484412e-01, -3.47583233e+00,  2.06664062e+00,
       -1.95244745e-01,  2.71807763e-01,  2.17333914e+00,  2.79290115e+00,
        1.53071416e+00,  1.99654586e+00,  2.78486954e+00,  1.87059411e+00,
        9.24794474e-01, -7.37364428e-01, -9.87018018e-01, -3.48160710e-01,
        6.58885445e-02,  4.97736059e+00,  1.71608193e+00,  5.67330106e+00,
        2.09914185e-01,  6.34561550e+00,  1.98622166e-01, -2.02914750e+00,
       -2.13757464e+00,  4.63323308e+00,  3.94049194e+00,  4.28115005e+00,
        2.43006782e+00,  3.44197511e+00, -3.95819443e+00, -1.69663561e-01,
        4.21237547e+00,  3.82825909e+00,  4.76688628e+00, -1.06260488e+00,
        5.22691137e+00,  6.06129863e-01, -4.35568339e-01, -6.57269627e-02,
        7.24139481e+00,  5.57782546e+00,  3.21373178e+00, -3.84939232e+00,
        5.39299122e+00, -2.58048246e+00, -2.24922302e+00, -2.47015865e+00,
       -1.12528785e-01, -2.84826481e+00,  6.05640247e+00,  8.01476332e+00,
        2.82295977e+00,  5.20095319e+00,  9.81681521e+00,  1.74027880e+00,
       -1.13526189e+00,  6.31721721e-01,  3.56074962e+00,  1.67607901e-02,
       -1.13177515e-01, -9.50783840e+00, -1.43965007e+00,  9.18807778e+00,
       -2.81796032e+00,  2.39238358e+00, -2.39823871e+00,  5.24260815e+00,
       -4.72501605e+00, -3.68613685e+00, -3.85984722e+00, -2.76240663e-01,
        4.77002633e-01, -7.67725398e-01,  2.35546262e-01,  6.64831724e+00,
        5.68813813e+00,  6.79208861e+00,  2.89449515e-01,  1.67116475e+00,
       -6.24139858e-01,  9.15075820e+00, -5.66666627e+00,  2.49097950e+00,
       -1.04160511e+00,  1.65596056e+00,  1.35517421e+00,  4.79580032e+00,
        1.40504619e+00,  2.36274979e+00, -2.27981695e+00,  3.96288736e+00,
        8.66015872e+00, -9.10239583e+00, -5.77500628e+00,  1.99679345e+00,
       -2.97745016e+00, -8.25261938e-01,  7.85592250e+00, -7.54723139e-01,
        5.10928306e+00,  5.06805807e+00, -4.21052250e+00,  6.87375660e+00,
        1.87175436e+00,  4.59540427e-01, -3.04892620e+00,  1.33311835e+00,
        5.19365869e+00,  4.14299316e+00,  3.07152985e+00,  9.24065267e-01,
        3.14606763e+00,  2.27394880e-01, -7.21569124e+00, -5.66792865e+00,
       -8.37424911e-01,  9.36648188e+00,  3.67567145e+00, -7.57903930e-01,
        3.10825119e+00,  9.09652320e+00,  1.20019563e+00,  5.82340912e-01,
       -3.01948580e-01, -7.30431019e+00, -8.36254147e-02, -1.15103935e+00,
        3.47324697e-01,  1.59540748e+00, -2.87687825e+00,  3.46876965e+00,
        5.45461987e+00, -1.37892740e+00, -2.35919419e+00,  4.99867380e+00,
        2.27287004e+00,  8.41620701e+00,  2.61641022e+00, -7.82499517e-01,
       -1.81691320e+00,  4.05452283e+00,  7.13683134e+00,  4.71951389e+00,
       -3.55835901e+00,  1.97468620e+00,  4.11422389e+00,  4.92249893e+00,
        4.46950685e+00,  1.06256966e+00,  2.53380849e+00,  4.05737185e+00,
        5.14688275e+00, -2.24973175e+00,  2.24461953e-01,  2.70416530e+00,
        1.67921175e-01, -1.47334007e-02, -2.33558856e+00,  2.48559608e-01,
        2.34266351e+00,  6.38413980e+00, -5.82647469e-01, -1.77483173e+00,
       -5.28151607e-01,  6.07489149e+00,  4.03634800e+00,  5.82680726e+00,
        2.34039505e+00,  3.09847871e+00, -3.05891790e+00, -2.68619172e+00,
        5.30060508e+00, -6.81304840e-01, -1.77320591e+00,  3.12261825e+00,
        6.43760505e+00,  4.65699287e+00,  5.10478899e+00,  7.92713166e-01,
        4.91990757e-01, -1.62753524e+00,  4.47056095e+00,  4.06314228e+00,
        2.92198442e+00,  1.09276266e-01,  9.15765220e+00, -4.66236528e-01,
        1.30234392e+00, -1.88560995e+00,  1.31179367e+00,  8.20128891e-01,
        7.52698700e+00, -2.75279436e+00, -3.39373587e+00,  5.51599736e-01,
       -3.46503944e+00, -6.10847389e+00, -2.99843068e+00,  1.28343671e+00,
       -1.67064371e+00,  3.16289080e+00,  3.18170566e+00,  2.26700642e+00,
        2.10628790e+00,  3.65686914e+00,  3.73500156e+00, -1.51890252e+00,
        4.54697015e+00,  3.04099046e+00,  3.69978560e+00, -5.80276354e+00,
       -1.61983972e+00, -7.92306717e-01,  2.72400065e+00,  2.05627482e+00,
        4.17010544e+00,  2.90288243e+00, -3.44141629e+00,  2.52982054e+00,
       -1.36738798e+00,  5.56035200e+00,  3.48930186e+00,  1.57273302e+00,
       -2.81374928e+00, -5.91484726e+00, -1.76809154e-01,  2.72442542e+00,
        7.04370167e-01,  1.67141507e+00, -8.59952105e-01,  3.62732526e+00,
        1.58486214e+00,  5.10665461e+00,  4.39542480e-01,  4.66993002e+00,
       -7.31833437e+00,  7.91227778e-01, -3.85145111e-01, -5.20589214e-01,
        7.31283059e+00, -4.07824981e+00,  8.94487893e+00, -3.22189731e-01,
       -5.39582895e+00, -1.82961277e+00,  6.03146723e-01,  8.87850457e+00,
       -6.88037625e+00,  1.22698739e+01, -2.84773205e+00, -1.79888135e+00,
        1.96507257e+00,  3.77227426e+00, -3.85136120e+00, -5.17469464e+00,
       -7.50548272e+00,  9.75634852e-01,  5.13871777e-01,  7.25952529e-01,
       -7.02133710e-01,  3.84935331e+00,  4.36144931e+00,  1.42397063e+00,
       -8.07344626e+00,  4.94812160e+00,  9.08845296e-01,  5.13891955e+00,
        9.80235969e-01, -8.19239705e-01, -1.11939774e-01, -4.28955682e+00,
        9.22073124e+00,  2.83200669e+00, -4.70703950e+00, -6.88830754e+00,
        3.04076930e+00, -1.32300483e+00, -8.22161635e-01, -2.01481712e+00,
       -7.70678345e-01,  8.12106856e+00,  2.00227512e+00,  3.34511874e+00,
        3.22136323e+00,  3.74643234e+00,  5.31833222e+00,  1.80475518e+00,
       -4.00645165e-01, -3.62273989e+00,  1.90580925e+00,  4.23919229e+00,
        9.78570988e+00, -2.00371486e+00,  2.22458914e+00, -1.06703080e+00,
        1.20017994e+00,  4.05297545e+00,  4.48815015e+00,  1.82357313e+00,
        3.31112306e+00, -2.80916781e+00,  8.76633038e+00,  2.64929614e+00,
       -2.12155211e+00,  9.85464761e+00,  3.34363941e+00,  6.42666528e-01,
        7.85287146e-01, -6.48450804e+00, -1.33542511e+00, -2.13889165e+00,
        1.47324223e-01,  5.06814281e+00,  3.36842543e+00, -1.36755179e+00,
        2.42750080e+00,  5.05059408e+00, -7.87963726e-01,  2.81559795e+00,
        4.96798972e+00,  4.41598203e+00, -1.20528770e+00, -2.26971784e+00,
        2.25262614e+00,  3.96364874e+00,  5.27461710e+00, -2.79972175e+00,
        1.68723995e+00, -1.53155689e+00,  3.03364849e+00, -6.95224467e-01,
        7.31794096e+00,  8.54863573e+00,  1.36775850e+00,  1.80459936e-01,
       -1.51097141e+00,  2.68404386e+00,  1.50564815e-01,  6.86766584e-01,
        4.84916152e+00,  2.99319109e+00, -1.73904121e+00, -3.53502460e+00,
        4.25318321e+00,  3.23388674e-01,  1.48048923e+01,  6.35786389e+00,
        2.62812369e+00,  3.60035308e+00,  1.33298527e+00,  8.90820521e-01,
        4.88096921e-02, -5.34567462e-01, -3.78054602e+00,  1.06959192e+00,
       -8.14022159e+00,  6.94009359e+00,  8.02267810e-01,  4.53864495e-02,
        2.50825219e-01,  1.97046672e+00,  9.05476015e-01,  1.21178282e+01,
        3.43851802e+00,  3.69946026e-01, -5.37199614e+00,  5.74806703e+00,
        1.52660476e+00, -3.26307274e+00, -1.46041961e+00,  8.60652139e+00,
        1.76400115e+00, -1.99838672e-01,  3.30949183e+00, -6.55787536e+00,
        4.03774442e-01, -4.10418506e+00, -5.59783298e+00,  1.12203634e+00,
       -1.76198923e+00,  1.61295749e+00, -1.63468030e+00,  5.46196063e+00,
        2.87377107e+00,  5.95044363e+00, -5.15892000e+00,  3.10706402e+00,
        6.23720004e+00, -3.86962637e-01,  7.59539807e-01, -1.06331469e+00,
        1.67322645e-01,  6.08411888e+00,  8.64499877e+00,  2.13305309e+00,
       -2.77811829e+00, -3.30535125e+00,  3.84918059e+00,  6.66527852e+00,
       -2.58538613e+00,  5.03997091e+00,  2.36410889e+00,  2.15554752e+00,
        2.80738617e+00, -1.83653675e+00,  4.78547427e+00,  8.16271431e+00,
        1.57010259e+00, -2.24551830e+00, -1.32191761e-01,  3.41553277e+00,
       -1.29487508e+00, -4.36754487e+00,  6.71617172e+00, -4.00559546e+00,
        1.31792076e+01, -7.26970633e-01, -3.27645732e+00,  3.71867696e+00,
       -8.24328661e-01, -1.46400621e+00, -2.93803690e+00, -5.47629057e-01,
        3.72490747e+00, -3.59172240e-02,  1.60852089e+00,  4.98987341e+00,
       -5.72373111e-01,  4.21205564e+00, -5.55427430e-01,  4.32336302e+00,
        5.76610763e+00, -5.29840226e-01,  3.63794536e+00, -4.87081961e-01,
       -5.47587487e+00,  4.52848754e+00,  6.64266992e+00, -5.23327247e+00,
        2.54250827e+00,  1.80157283e+00,  4.60248122e+00,  4.43554639e-01,
        1.36877286e+00,  2.39148634e+00,  1.99556568e+00,  1.14816316e+00,
        3.50294466e+00, -4.60396968e+00, -1.33335964e+00,  5.35548090e+00,
        3.34949334e+00,  4.85463686e+00,  4.18916441e+00, -1.80199292e+00,
        4.34388052e+00,  3.23354960e+00,  3.63034508e+00, -5.72459280e+00,
        4.24345710e+00,  3.18853688e+00, -1.87551633e-01, -2.19913613e+00,
       -2.19215745e+00,  3.15955582e+00,  9.02184416e+00,  6.50220022e+00,
       -4.19513389e+00, -2.03715281e+00,  2.21322511e+00, -3.78001754e-01,
       -2.64685211e+00, -1.01820945e+00,  3.33238397e+00,  4.71966083e+00,
        7.78547705e+00, -1.44251315e+00,  4.55489971e+00,  4.22684652e-01,
        3.64251155e+00,  4.31745372e+00,  1.76835018e+00,  1.35611325e+00,
       -8.10158516e+00,  2.07834226e+00,  6.83733855e-01,  4.19089633e-01,
        2.45295460e+00,  4.33874924e+00, -1.97957747e+00,  3.19146161e+00,
        1.64276949e+00,  3.37478093e-01, -9.85107289e-01, -4.71585163e+00,
        6.19795399e+00,  4.58285316e+00, -1.28106665e-01, -2.92278593e+00,
        1.75038157e+00,  6.54971868e-02, -1.23356507e+00, -2.57995396e+00,
       -4.29744809e+00,  1.07802166e+00,  1.89718603e+00, -5.80131889e+00,
        3.11266316e+00,  6.19476029e+00,  4.02476848e+00,  5.69340621e+00,
        6.07690046e+00,  1.54053268e+00,  1.50136099e+00,  2.61744491e+00,
        2.13179262e+00, -4.56158167e+00,  8.49796490e+00, -1.72100311e+00,
        5.51852074e+00,  3.62556400e+00,  2.18905945e+00,  4.28523832e+00,
       -5.25564318e+00,  2.82844972e+00, -2.51171910e+00,  2.86958992e+00,
        9.05807631e+00, -1.96994877e-01,  9.63622346e+00, -1.82962249e+00,
       -2.75105247e+00,  2.32194462e+00,  9.89501355e-01,  4.65626765e+00,
       -3.58983030e+00,  9.74081714e-01,  6.95336604e+00,  4.33185614e+00,
        2.11414916e+00,  6.51738594e+00,  5.91435616e+00,  5.39263340e+00,
       -1.85188369e+00,  4.85405037e+00,  4.75007206e+00, -1.66931804e+00,
       -1.41349075e+00, -5.23303259e+00,  1.51324870e+00, -4.48130423e+00,
        1.14810500e+00, -3.85578564e-01,  2.79284038e+00,  2.93575714e-02,
        4.93129412e+00, -7.35664086e-01, -1.25902411e+00, -1.82784669e+00,
        3.02030248e+00,  1.56593472e+00,  1.97983902e+00,  6.18738412e+00,
       -5.46891176e+00,  2.94437107e+00,  3.37883669e+00,  8.31956716e+00,
       -9.40158266e+00, -1.36569159e+00, -3.49064053e+00,  8.15346313e+00,
        1.15419371e+00,  4.72519140e-01,  6.97609354e+00, -5.33271244e-01,
        7.09312645e+00, -6.74461107e+00,  4.21966681e+00, -6.43315323e-01,
       -1.83887332e+00,  6.56387056e+00,  2.78603472e+00,  5.43452753e+00,
        8.59936939e+00,  3.59284534e+00, -5.31427597e-01,  2.12413899e+00,
        8.50543545e+00,  3.27459541e+00,  1.77729076e+00,  7.51486152e+00,
        1.27253856e+00,  2.90599947e+00,  1.30773206e+00, -1.84277812e+00,
        2.53196679e+00,  2.72229956e+00,  6.00819109e+00,  8.79084813e+00,
       -2.74907077e+00,  4.27356889e+00,  4.38398517e+00, -4.43757770e+00,
        3.87814571e-01, -4.14815415e-01,  5.49382452e+00,  5.67967335e+00,
       -7.00061250e-01, -3.96545681e+00,  1.73425727e+00,  2.86810491e-01]), array([-8.59567683e-01,  4.99972319e+00,  8.17271405e+00,  1.24973406e+00,
       -2.86530119e+00, -8.73575878e-01, -3.11448493e+00,  7.27031234e+00,
        3.90217986e+00,  2.86645080e+00, -4.55568177e+00,  2.73855912e+00,
        3.70494080e+00,  6.87165744e-01,  1.54516200e+00, -3.68795929e+00,
        3.00746263e+00,  6.25652417e+00,  4.05331558e+00,  1.73512292e+00,
        1.25520000e+00, -3.58070670e-01, -3.00236220e+00, -3.68382491e+00,
        6.05023244e+00,  2.74105070e+00, -1.04539796e+00,  1.96711440e+00,
        2.40234479e+00,  2.09230875e+00,  2.23504234e+00,  5.32551456e+00,
        3.37973166e+00, -2.61034951e+00,  1.01529403e+00, -1.67749853e+00,
        2.85806957e+00,  2.67388914e+00,  3.20603931e+00, -4.33302406e-01,
       -3.91343139e+00, -5.43573838e-01,  4.95268683e+00,  4.04418768e+00,
       -5.46079529e+00,  7.16367140e+00,  1.70469578e+00,  1.61819622e+01,
        2.52210111e-01,  7.91925361e+00,  4.74680685e+00, -4.12882919e-01,
       -2.93529159e+00,  8.14594710e+00,  5.31366319e+00,  6.77231127e+00,
        2.30730645e+00,  3.16349304e-01, -3.66834068e+00,  8.79897169e+00,
        2.76957295e+00,  6.05359959e+00,  4.77178520e+00,  3.13897568e+00,
        3.38442812e+00,  8.10358523e+00, -7.79428988e+00,  2.86142522e+00,
        2.97740350e+00,  1.43625775e+01,  1.68757582e-01,  2.65710039e+00,
        1.25684225e-01, -5.33992672e+00,  5.30576696e+00,  8.14361948e-01,
        5.74762923e+00,  4.37071299e+00,  3.83075658e+00,  2.36340690e+00,
        4.26771828e+00,  3.94404761e+00, -3.59951190e+00,  1.47215377e+00,
        8.23825630e+00, -2.58078458e+00,  5.52862689e+00, -6.03826906e+00,
        1.39443271e+00,  2.67068406e+00,  6.74390741e-01,  2.50523899e+00,
       -1.60310867e+00,  6.84283856e+00,  9.88829408e-01,  4.55778368e+00,
        4.87638328e+00, -6.05903037e+00,  6.09649788e+00, -3.53786496e+00,
        4.30503644e+00,  6.81303985e+00, -6.19942753e-01,  9.30413204e+00,
        3.06905974e+00,  4.74861320e+00,  2.42044135e+00,  1.14153941e+00,
       -2.05627084e+00, -1.51764464e+00,  4.44206551e+00,  6.87988652e+00,
        3.15131407e+00,  1.43328670e+00,  5.00048001e+00,  4.71546732e+00,
       -1.51939870e-01,  4.34655469e+00,  1.00384142e+01,  4.19896442e+00,
        6.24596528e-01, -1.72011430e+00,  1.40519974e+00,  3.91365610e-01,
        5.41411505e+00,  7.91605464e+00, -1.67851183e+00,  4.80372701e+00,
        2.06018773e+00,  7.37084476e+00,  8.61072480e-01, -2.76726687e+00,
        6.89769756e+00, -4.77893790e+00,  5.35159967e+00,  7.31955302e+00,
        5.52831028e+00,  9.48554074e-01, -1.39656480e+00,  4.01182443e+00,
       -1.85233256e+00,  6.60831186e+00, -4.58175555e+00, -7.28954150e-01,
        6.34011132e+00,  3.69158223e+00,  5.94216653e+00, -5.93066585e-01,
        5.73465281e+00,  7.22077165e+00,  4.68215693e+00,  1.60447806e+00,
        6.48104831e+00,  2.48200186e+00,  5.67130246e+00,  2.42762113e+00,
       -2.02218213e+00,  1.96245993e+00, -1.09081137e+00,  3.13724590e+00,
        1.52635141e+00,  3.81353801e+00,  5.54429588e-01,  3.54564928e+00,
        5.54099493e+00,  4.97289617e+00,  2.18802964e+00,  3.59252410e+00,
        4.22230478e+00,  1.84115284e+00, -2.57561885e+00,  6.11958667e+00,
        2.74641714e+00,  3.87655597e+00,  5.38272134e+00, -5.58500696e-01,
        7.38226504e+00, -3.90514547e+00,  8.01596240e+00,  2.72692591e+00,
        1.09725276e+00, -8.90923833e-01, -3.08390757e+00,  2.00012679e+00,
        3.75851013e+00,  3.33685888e+00,  1.80439680e+00,  3.17599190e+00,
        3.81308801e+00,  4.70741056e-01, -2.69674836e+00,  2.66888921e+00,
        6.98109419e-01,  6.79407858e-01,  2.83597599e+00,  3.71853015e+00,
        2.34171050e+00,  2.52928083e+00,  3.68006345e+00,  2.23090017e+00,
        2.04755697e+00,  2.84221583e-01, -4.00662079e-01,  2.58367474e-01,
        9.32084858e-01,  5.63352841e+00,  2.61889404e+00,  6.26795325e+00,
        8.69662899e-01,  6.92224199e+00,  1.26431325e+00, -1.36961645e+00,
       -1.44403509e+00,  5.26036502e+00,  4.54637093e+00,  5.34417452e+00,
        3.82493421e+00,  4.66728979e+00, -2.95933569e+00,  2.85614494e-01,
        4.86790964e+00,  4.75090356e+00,  5.93826426e+00,  1.10311081e-01,
        5.67275392e+00,  1.21081505e+00,  7.62023122e-01,  6.58143831e-01,
        7.57182763e+00,  6.13329256e+00,  3.92577791e+00, -2.98998419e+00,
        6.20187724e+00, -2.57674118e+00, -1.20059875e+00, -1.38314014e+00,
        6.50368822e-01, -1.89174624e+00,  6.92539489e+00,  8.51588827e+00,
        3.52363754e+00,  5.97083975e+00,  1.03415468e+01,  3.09628090e+00,
       -2.27091973e-01,  1.20203200e+00,  4.38973078e+00,  4.79589713e-01,
        5.09588394e-01, -7.94880182e+00, -4.72459221e-01,  9.91889303e+00,
       -2.35656642e+00,  2.97731522e+00, -1.54112333e+00,  5.48740656e+00,
       -3.12510646e+00, -3.38108270e+00, -2.97380433e+00,  5.51518398e-01,
        9.81582142e-01,  2.93359662e-01,  1.14872551e+00,  7.91107294e+00,
        6.06925867e+00,  6.88478772e+00,  7.08807068e-01,  2.13207109e+00,
       -9.52950106e-02,  1.02754231e+01, -4.57676805e+00,  3.09645852e+00,
       -2.61104877e-01,  2.50953552e+00,  1.78037781e+00,  6.01567668e+00,
        2.87376038e+00,  3.40397445e+00, -1.42903641e+00,  4.63871871e+00,
        9.14059711e+00, -8.21599965e+00, -4.94944820e+00,  2.75449374e+00,
       -2.21762526e+00, -2.54437441e-01,  8.46054990e+00,  3.04079634e-01,
        6.28315303e+00,  6.16007540e+00, -3.41904881e+00,  7.67682019e+00,
        2.55257460e+00,  1.21247879e+00, -2.11402181e+00,  2.17409383e+00,
        6.03445527e+00,  4.61602249e+00,  3.23165261e+00,  2.00782482e+00,
        4.05960688e+00,  1.16229346e-01, -7.01304013e+00, -4.06409954e+00,
        4.02294380e-01,  9.49256463e+00,  4.45682463e+00, -6.43340946e-01,
        3.97642531e+00,  9.92246713e+00,  1.58280163e+00,  6.68340005e-01,
        2.87157257e-01, -6.47724438e+00,  6.30526915e-01, -7.03650769e-01,
        4.38548059e-01,  2.25009654e+00, -2.40554931e+00,  4.01009879e+00,
        5.94509259e+00, -5.61088462e-01, -1.40949895e+00,  5.75193926e+00,
        2.88372860e+00,  9.52501222e+00,  3.35475021e+00,  4.26807562e-02,
       -1.23992195e+00,  4.32375805e+00,  7.66390924e+00,  5.20406828e+00,
       -2.99256635e+00,  2.31391784e+00,  4.86545653e+00,  5.45639567e+00,
        4.69629413e+00,  1.92150086e+00,  3.12546601e+00,  4.08778278e+00,
        5.56083869e+00, -1.43663150e+00,  8.75413447e-01,  3.41432130e+00,
        8.34840609e-01,  4.36853637e-01, -1.66362919e+00,  8.90117642e-01,
        3.70771621e+00,  7.17460042e+00, -3.06942477e-01, -7.37225377e-01,
        1.02257321e-01,  7.41710543e+00,  4.49551606e+00,  6.03502392e+00,
        3.77738362e+00,  4.18525259e+00, -1.61252256e+00, -1.47641853e+00,
        5.58194764e+00, -4.66784922e-01, -4.30759711e-01,  3.57829703e+00,
        6.78310114e+00,  5.44339024e+00,  5.46540906e+00,  1.56130633e+00,
        1.25013629e+00, -1.22682397e+00,  5.56246427e+00,  4.73035105e+00,
        3.21626686e+00,  1.06675636e+00,  9.86129707e+00,  1.52912479e-01,
        1.24688623e+00, -1.28742904e+00,  2.24143223e+00,  1.49661707e+00,
        8.46235819e+00, -2.02544986e+00, -2.73372050e+00,  1.84978859e+00,
       -2.63966473e+00, -5.19034500e+00, -2.02374991e+00,  2.34093236e+00,
       -5.27840645e-01,  4.09108195e+00,  3.99017134e+00,  2.89601208e+00,
        2.51312484e+00,  4.87413272e+00,  4.56277919e+00, -1.00607878e+00,
        5.06304406e+00,  4.15834936e+00,  5.03444668e+00, -5.61496186e+00,
       -6.46694375e-01,  2.57428852e-01,  4.03496191e+00,  3.56182802e+00,
        4.33737087e+00,  3.73184434e+00, -2.36295724e+00,  3.56293913e+00,
       -5.65343538e-01,  6.29863606e+00,  3.95987109e+00,  2.13224932e+00,
       -2.26897074e+00, -5.38030794e+00,  9.97592688e-01,  3.66431687e+00,
        1.57925054e+00,  2.53012046e+00,  1.76513082e-01,  4.79613812e+00,
        2.28658757e+00,  5.75121573e+00,  1.58973455e+00,  5.15330643e+00,
       -6.74321098e+00,  1.85268184e+00,  1.20521436e-01,  6.24173445e-01,
        7.79906911e+00, -3.27375223e+00,  9.43109889e+00,  8.33036730e-01,
       -4.31411630e+00, -9.43459469e-01,  1.23040914e+00,  8.82063214e+00,
       -5.54076062e+00,  1.19938495e+01, -1.77049359e+00, -1.11719336e+00,
        2.77816101e+00,  3.98095008e+00, -2.72855420e+00, -4.55619997e+00,
       -6.51867782e+00,  1.63520186e+00,  2.10059411e+00,  1.47510150e+00,
        1.07848547e-01,  4.77881857e+00,  5.07281675e+00,  2.77346408e+00,
       -7.91936116e+00,  5.56929217e+00,  1.67545829e+00,  5.72139175e+00,
        1.58629300e+00,  1.38830764e-01,  4.36128944e-01, -4.19481194e+00,
        9.12493862e+00,  3.51053035e+00, -3.94365277e+00, -5.77345902e+00,
        3.78950777e+00, -1.88642221e-01,  1.79819474e-01, -1.16804420e+00,
        3.60195755e-02,  8.83414275e+00,  2.85991911e+00,  3.86753226e+00,
        3.86865944e+00,  5.06997797e+00,  5.56728120e+00,  1.94688818e+00,
        1.16577321e+00, -2.33971963e+00,  3.04653333e+00,  5.17487893e+00,
        1.01510568e+01, -1.37505401e+00,  2.54852792e+00, -5.24270739e-01,
        1.73984387e+00,  4.64409030e+00,  5.53382653e+00,  2.36842585e+00,
        4.28571196e+00, -1.93884723e+00,  8.75161620e+00,  3.64841969e+00,
       -1.68292751e+00,  9.99695560e+00,  3.10780839e+00,  1.13486859e+00,
        1.68449209e+00, -5.26994377e+00, -1.08745782e-01, -1.04739209e+00,
        1.21822566e+00,  5.96027889e+00,  3.84845059e+00, -1.51714163e+00,
        3.19437980e+00,  5.47407346e+00, -3.68653447e-01,  3.48769875e+00,
        5.62004737e+00,  5.23546415e+00, -4.90976212e-01, -1.80852378e+00,
        3.31947493e+00,  4.62186142e+00,  5.52439370e+00, -2.05728541e+00,
        2.38115059e+00, -4.20766569e-01,  4.18912896e+00,  9.31431681e-02,
        8.07385590e+00,  8.90601156e+00,  2.32168083e+00,  5.88373399e-01,
       -3.65281155e-01,  3.45334342e+00,  3.58250225e-01,  1.08973277e+00,
        5.34471619e+00,  3.94510271e+00, -6.57762510e-01, -2.47481703e+00,
        5.07657623e+00,  9.58812240e-01,  1.45978241e+01,  6.78542154e+00,
        2.89142362e+00,  3.50713528e+00,  1.98551162e+00,  9.75313973e-01,
        8.05094652e-01,  4.56923635e-01, -2.82669316e+00,  1.38878708e+00,
       -7.31126305e+00,  7.84226136e+00,  1.21818728e+00,  7.89464434e-01,
        1.07891062e+00,  1.87545283e+00,  1.19274386e+00,  1.22535249e+01,
        4.40493538e+00,  7.02247860e-01, -4.17955442e+00,  5.85825617e+00,
        2.04144586e+00, -2.34378590e+00, -4.40045579e-01,  8.95974002e+00,
        2.53860578e+00,  4.64232593e-01,  4.21274961e+00, -5.87981567e+00,
        1.79558698e+00, -3.16459769e+00, -4.80647844e+00,  1.57140696e+00,
       -9.14844003e-01,  2.20880775e+00, -8.53992878e-01,  5.97600117e+00,
        3.30431989e+00,  6.24054686e+00, -3.87208465e+00,  3.88963386e+00,
        6.63148017e+00,  5.59752590e-01,  1.46069156e+00,  1.30481433e-01,
        7.72627923e-01,  7.26678540e+00,  9.41782799e+00,  2.48858015e+00,
       -1.72509334e+00, -2.52001932e+00,  3.94494791e+00,  8.11435775e+00,
       -2.29412167e+00,  5.58502362e+00,  3.03696992e+00,  2.96578906e+00,
        3.91559302e+00, -1.30128940e+00,  5.03004331e+00,  9.18234134e+00,
        2.27976708e+00, -8.47784205e-01,  9.51112483e-01,  4.21654863e+00,
       -7.79221690e-01, -2.72859627e+00,  7.32684321e+00, -3.00502745e+00,
        1.33587692e+01,  4.95618902e-01, -2.48926730e+00,  4.43228351e+00,
        5.90345762e-03, -5.87628794e-01, -1.63106443e+00,  4.40945491e-01,
        4.37553417e+00,  1.33936103e+00,  2.41225670e+00,  5.61754502e+00,
        4.87612077e-01,  5.40985159e+00, -7.18838282e-01,  5.13334649e+00,
        6.00124898e+00,  1.11510107e+00,  4.28110180e+00,  3.63458549e-01,
       -4.58733029e+00,  4.89194955e+00,  6.61139116e+00, -4.32739598e+00,
        3.21324728e+00,  2.15409811e+00,  4.95419277e+00,  8.39123114e-01,
        1.80374117e+00,  2.74102274e+00,  3.37526448e+00,  2.33096631e+00,
        3.99075029e+00, -3.70188963e+00, -1.53283707e+00,  5.91746086e+00,
        3.64240192e+00,  5.71163399e+00,  4.65227629e+00, -1.03901685e+00,
        4.84247332e+00,  3.92950174e+00,  4.32633722e+00, -5.09393577e+00,
        5.08817737e+00,  3.75616124e+00,  7.64859287e-01, -1.92058464e+00,
       -1.35555713e+00,  3.36166705e+00,  1.00307654e+01,  7.09395546e+00,
       -2.79544208e+00, -1.34913870e+00,  2.62123847e+00,  1.52198470e-01,
       -2.30887126e+00, -7.50585606e-01,  4.49018944e+00,  5.19183078e+00,
        8.92840106e+00, -3.27420185e-01,  5.48972513e+00,  1.15434764e+00,
        4.15239932e+00,  4.61945652e+00,  2.16965085e+00,  2.08569755e+00,
       -7.35064856e+00,  3.39854168e+00,  5.49263081e-01,  1.31501148e+00,
        2.69949108e+00,  4.97040314e+00, -1.47962894e+00,  3.90634863e+00,
        1.67377879e+00,  4.69844863e-01,  1.42945082e-01, -3.46460934e+00,
        6.65716588e+00,  5.22035620e+00,  8.28065844e-01, -2.45959485e+00,
        1.93840447e+00,  9.63929392e-01, -3.04203817e-02, -1.56305943e+00,
       -3.10341478e+00,  1.77626281e+00,  2.20243949e+00, -4.69083333e+00,
        3.94326057e+00,  6.75504177e+00,  4.78438380e+00,  6.82665362e+00,
        6.70399369e+00,  1.92919636e+00,  1.95283033e+00,  2.90934212e+00,
        1.83849379e+00, -3.64880884e+00,  8.82988613e+00, -4.46931450e-01,
        6.03578903e+00,  3.70673513e+00,  2.91398345e+00,  4.58690820e+00,
       -4.34849029e+00,  3.78354561e+00, -1.05102562e+00,  3.99033166e+00,
        9.88488329e+00,  4.14206585e-01,  1.03553769e+01, -9.66745999e-01,
       -1.79614212e+00,  3.12126608e+00,  2.25646583e+00,  4.88832297e+00,
       -2.72539793e+00,  2.15068865e+00,  7.45663751e+00,  5.36920048e+00,
        2.62132320e+00,  7.19936786e+00,  6.43901731e+00,  6.20900551e+00,
       -9.94912810e-01,  5.21728025e+00,  5.63138653e+00, -8.24569674e-01,
       -6.43863035e-01, -4.16774611e+00,  2.01015784e+00, -2.99877044e+00,
        1.86658316e+00,  4.64740437e-01,  3.43988412e+00,  9.15101998e-01,
        5.60994992e+00,  2.73934119e-01, -3.72949792e-01, -6.11129039e-01,
        3.34201934e+00,  2.19547290e+00,  3.08109909e+00,  6.73828588e+00,
       -4.46105929e+00,  4.25301032e+00,  4.13232551e+00,  8.30581132e+00,
       -8.24908906e+00, -6.49382664e-01, -2.68498530e+00,  9.11164671e+00,
        1.95031510e+00,  1.01506450e+00,  7.99831438e+00,  3.04357369e-01,
        7.67422695e+00, -5.19621612e+00,  4.05471279e+00,  8.44209079e-04,
       -1.37725589e+00,  6.78072830e+00,  3.38234963e+00,  6.02666600e+00,
        9.21911730e+00,  4.40747784e+00,  4.12399892e-01,  2.79208626e+00,
        9.30113891e+00,  3.79761767e+00,  2.78222517e+00,  7.95081542e+00,
        1.89952489e+00,  4.13456579e+00,  2.49022221e+00, -8.12997169e-01,
        3.63934565e+00,  3.63136098e+00,  6.16598715e+00,  9.39499505e+00,
       -1.96964389e+00,  4.86576561e+00,  5.19092344e+00, -3.54593100e+00,
        1.16225240e+00,  2.72364589e-01,  5.84168445e+00,  6.51591197e+00,
       -1.97246797e-01, -3.15970116e+00,  2.25340997e+00,  1.29251736e+00]), array([-9.73060359e-02,  5.93470266e+00,  8.43659527e+00,  1.12883135e+00,
       -1.65542718e+00,  1.23121429e-02, -1.95236916e+00,  7.96112766e+00,
        4.03194396e+00,  3.85721993e+00, -3.82112316e+00,  3.89700133e+00,
        4.34430061e+00,  5.60819104e-01,  2.15281038e+00, -3.11537124e+00,
        3.74984680e+00,  7.12965475e+00,  4.92127573e+00,  2.78509864e+00,
        2.10008254e+00, -1.28620377e-02, -2.02042956e+00, -2.55486395e+00,
        6.22765362e+00,  3.32667329e+00, -8.64792681e-01,  2.46262584e+00,
        3.24331412e+00,  2.12606683e+00,  3.04810535e+00,  5.51036969e+00,
        3.91293063e+00, -1.42428268e+00,  1.35042529e+00, -6.20675400e-01,
        3.72056323e+00,  3.08245321e+00,  3.62784526e+00,  1.44677888e-01,
       -3.19241401e+00,  2.22704052e-01,  5.27036129e+00,  4.56448693e+00,
       -4.38926297e+00,  7.66349969e+00,  1.98705135e+00,  1.64672682e+01,
        9.47997728e-01,  8.44031946e+00,  5.42156318e+00,  5.10497444e-01,
       -2.10371770e+00,  8.64327390e+00,  6.02244501e+00,  6.53578768e+00,
        2.85220326e+00,  1.08974671e+00, -2.76320196e+00,  9.81334633e+00,
        3.27342548e+00,  6.32472696e+00,  6.41352136e+00,  3.77134991e+00,
        3.89642049e+00,  8.43320452e+00, -6.75501894e+00,  3.70449072e+00,
        3.15042495e+00,  1.47597296e+01,  1.13211973e+00,  3.30175997e+00,
        1.13896262e+00, -4.03391211e+00,  5.94138289e+00,  1.29168620e+00,
        6.15185784e+00,  5.06868186e+00,  4.57245319e+00,  3.23744236e+00,
        4.75642603e+00,  4.08277866e+00, -2.52500250e+00,  2.55170395e+00,
        8.81618071e+00, -1.16009652e+00,  6.44245742e+00, -5.44020896e+00,
        2.06325841e+00,  3.45651733e+00,  8.76298472e-01,  3.56080713e+00,
       -4.61232399e-01,  7.18159707e+00,  2.06017090e+00,  4.75512020e+00,
        5.36598874e+00, -5.51883302e+00,  6.79878998e+00, -3.10253972e+00,
        5.24281785e+00,  7.12546296e+00,  2.68447390e-01,  9.92718533e+00,
        4.09813061e+00,  5.16271290e+00,  3.06691146e+00,  1.47557273e+00,
       -9.32336447e-01, -8.09703634e-01,  4.21109137e+00,  7.92493974e+00,
        4.39706528e+00,  2.40446665e+00,  5.23866800e+00,  5.00900867e+00,
        4.06283806e-01,  4.92750475e+00,  1.03187010e+01,  4.76306006e+00,
        1.15458350e+00, -9.83839753e-01,  1.76948905e+00,  1.96727669e-01,
        6.26378256e+00,  8.68547779e+00, -7.80209429e-01,  4.95634890e+00,
        2.71862495e+00,  7.47620537e+00,  2.16324758e+00, -1.54388421e+00,
        7.63147217e+00, -4.05733715e+00,  6.06389724e+00,  7.68860524e+00,
        6.05932995e+00,  1.87625072e+00, -5.84984247e-01,  4.88638431e+00,
       -1.11683930e+00,  6.99548128e+00, -3.50886001e+00,  6.32865745e-01,
        7.12829179e+00,  4.42954672e+00,  6.82095007e+00,  4.35530793e-01,
        6.54821814e+00,  7.14280289e+00,  5.03784312e+00,  1.95734979e+00,
        7.23160862e+00,  2.78093237e+00,  5.79280606e+00,  3.40603092e+00,
       -1.15510330e+00,  2.50631663e+00, -3.42734769e-02,  3.53083906e+00,
        2.35592142e+00,  4.43156316e+00,  1.01799036e+00,  4.11575236e+00,
        5.63581065e+00,  4.87289172e+00,  2.75749157e+00,  4.14390247e+00,
        4.59520026e+00,  2.96519108e+00, -1.72859202e+00,  7.21505606e+00,
        3.09319942e+00,  4.55824739e+00,  6.28469631e+00,  2.26465726e-01,
        7.66212227e+00, -2.75748073e+00,  8.43925863e+00,  3.52207051e+00,
        2.07484845e+00, -3.14917998e-01, -2.34116630e+00,  2.86352857e+00,
        4.72422425e+00,  4.26597661e+00,  3.13940539e+00,  3.51418485e+00,
        4.51164656e+00,  1.61372069e+00, -1.95095074e+00,  3.25171841e+00,
        1.56778874e+00,  1.06464238e+00,  3.49921974e+00,  4.63677364e+00,
        3.12621830e+00,  3.03088673e+00,  4.56444727e+00,  2.58790934e+00,
        3.14991266e+00,  1.28537771e+00,  1.63730404e-01,  8.59389145e-01,
        1.77096288e+00,  6.26636336e+00,  3.51276593e+00,  6.82051720e+00,
        1.48519703e+00,  7.49239064e+00,  2.29406402e+00, -7.36030894e-01,
       -7.83622341e-01,  5.88056534e+00,  5.13963022e+00,  6.44383641e+00,
        5.25264321e+00,  5.89905585e+00, -1.96902263e+00,  7.18476306e-01,
        5.51395185e+00,  5.65125749e+00,  7.11568052e+00,  1.24456078e+00,
        6.11202511e+00,  1.74877744e+00,  1.94793229e+00,  1.34425315e+00,
        7.89919411e+00,  6.64458336e+00,  4.59838976e+00, -2.15514423e+00,
        6.98616327e+00, -2.60628459e+00, -1.91941046e-01, -3.20725896e-01,
        1.37672418e+00, -9.72442952e-01,  7.80420208e+00,  9.04541852e+00,
        4.17433081e+00,  6.75650017e+00,  1.08728369e+01,  4.46506879e+00,
        6.67451953e-01,  1.75104787e+00,  5.18870295e+00,  8.94874408e-01,
        1.10831413e+00, -6.40119975e+00,  4.71236623e-01,  1.06805967e+01,
       -1.92209704e+00,  3.55441858e+00, -6.96498264e-01,  5.67962031e+00,
       -1.52617632e+00, -3.10169791e+00, -2.10851392e+00,  1.33809368e+00,
        1.43174674e+00,  1.35019402e+00,  2.05755387e+00,  9.20768655e+00,
        6.44073333e+00,  6.94386675e+00,  1.10136575e+00,  2.58775576e+00,
        4.39827786e-01,  1.14635189e+01, -3.50309376e+00,  3.70397284e+00,
        5.02871254e-01,  3.35411630e+00,  2.20833200e+00,  7.22341072e+00,
        4.34242000e+00,  4.44030503e+00, -6.30445361e-01,  5.28891969e+00,
        9.61376246e+00, -7.35423657e+00, -4.19187436e+00,  3.48884814e+00,
       -1.50795418e+00,  2.80144932e-01,  9.04643661e+00,  1.31502246e+00,
        7.45852597e+00,  7.25845282e+00, -2.65881645e+00,  8.52060043e+00,
        3.22559246e+00,  1.94198334e+00, -1.20228999e+00,  3.02076170e+00,
        6.89273763e+00,  5.05163545e+00,  3.35804036e+00,  3.08623594e+00,
        4.96279618e+00, -7.85117646e-02, -6.84477690e+00, -2.45832051e+00,
        1.63861311e+00,  9.62397088e+00,  5.22133882e+00, -5.74535345e-01,
        4.88087881e+00,  1.07063415e+01,  1.93983065e+00,  7.31650873e-01,
        8.20371549e-01, -5.69549693e+00,  1.32523127e+00, -3.01919764e-01,
        4.84097783e-01,  2.87214438e+00, -1.97697231e+00,  4.53699454e+00,
        6.41583208e+00,  2.39703187e-01, -4.83178260e-01,  6.48338108e+00,
        3.47177683e+00,  1.06712629e+01,  4.04940238e+00,  8.31482167e-01,
       -7.17609286e-01,  4.56835966e+00,  8.18348469e+00,  5.68787965e+00,
       -2.46120820e+00,  2.64829840e+00,  5.62329078e+00,  5.97557542e+00,
        4.89208241e+00,  2.74943371e+00,  3.70772437e+00,  4.06621698e+00,
        5.92130788e+00, -6.62002517e-01,  1.52141989e+00,  4.10566224e+00,
        1.47354382e+00,  8.53206030e-01, -1.02273597e+00,  1.50735951e+00,
        5.11125047e+00,  7.97149167e+00, -4.24337146e-02,  2.54534059e-01,
        7.01806435e-01,  8.76256183e+00,  4.94661322e+00,  6.18613555e+00,
        5.21767222e+00,  5.29038145e+00, -1.49358948e-01, -3.08571940e-01,
        5.86583032e+00, -2.97132986e-01,  8.81265575e-01,  4.01096637e+00,
        7.12461433e+00,  6.22318003e+00,  5.81643704e+00,  2.29783468e+00,
        1.96682653e+00, -8.50307836e-01,  6.63712948e+00,  5.37468512e+00,
        3.48110846e+00,  1.99346266e+00,  1.05744412e+01,  7.73945764e-01,
        1.18655491e+00, -7.50984874e-01,  3.17114330e+00,  2.15410913e+00,
        9.43737072e+00, -1.31706885e+00, -2.15687313e+00,  3.14324563e+00,
       -1.83669447e+00, -4.29718947e+00, -1.04641278e+00,  3.37057743e+00,
        5.87459073e-01,  5.03497501e+00,  4.78947982e+00,  3.53623615e+00,
        2.89947165e+00,  6.08110482e+00,  5.38249628e+00, -5.29224605e-01,
        5.56922805e+00,  5.25897358e+00,  6.33528723e+00, -5.47836280e+00,
        3.49298043e-01,  1.29866708e+00,  5.34089703e+00,  5.07373717e+00,
        4.47067292e+00,  4.58541476e+00, -1.27818663e+00,  4.61549235e+00,
        1.75152850e-01,  7.03386113e+00,  4.41909593e+00,  2.63432169e+00,
       -1.75120545e+00, -4.90939560e+00,  2.15723082e+00,  4.59775746e+00,
        2.40745201e+00,  3.35382524e+00,  1.20623045e+00,  5.97623763e+00,
        2.97547736e+00,  6.36073635e+00,  2.74886628e+00,  5.63461978e+00,
       -6.19979133e+00,  2.88450724e+00,  5.91115862e-01,  1.74055150e+00,
        8.25348947e+00, -2.47234025e+00,  9.92935517e+00,  1.93806090e+00,
       -3.23549436e+00, -1.12011611e-01,  1.86232945e+00,  8.71498079e+00,
       -4.24321351e+00,  1.16897532e+01, -6.91256342e-01, -4.43793617e-01,
        3.61323571e+00,  4.18037951e+00, -1.63392032e+00, -3.99751366e+00,
       -5.56253501e+00,  2.28122571e+00,  3.72455627e+00,  2.24173814e+00,
        9.15849426e-01,  5.69974684e+00,  5.80703006e+00,  4.13485010e+00,
       -7.84464648e+00,  6.17579758e+00,  2.41167524e+00,  6.31602272e+00,
        2.14683999e+00,  1.07829874e+00,  9.69613333e-01, -4.14516587e+00,
        9.02082877e+00,  4.20463842e+00, -3.20824291e+00, -4.70453679e+00,
        4.49869624e+00,  9.33542969e-01,  1.16076621e+00, -3.34470557e-01,
        8.12754355e-01,  9.56804804e+00,  3.69293749e+00,  4.34579247e+00,
        4.49610940e+00,  6.39597640e+00,  5.79585107e+00,  2.04416087e+00,
        2.71335798e+00, -1.07871304e+00,  4.17604260e+00,  6.09801740e+00,
        1.05127056e+01, -7.78666711e-01,  2.86235059e+00, -2.30997108e-02,
        2.24066510e+00,  5.17167693e+00,  6.55874415e+00,  2.92958358e+00,
        5.22069143e+00, -1.11928867e+00,  8.73609594e+00,  4.59997541e+00,
       -1.26536649e+00,  1.01298996e+01,  2.83186637e+00,  1.61675803e+00,
        2.56111503e+00, -4.07005691e+00,  1.12271292e+00,  9.68781423e-03,
        2.22879237e+00,  6.87066948e+00,  4.31921334e+00, -1.69928781e+00,
        3.94560065e+00,  5.85506395e+00, -5.11308289e-03,  4.13791758e+00,
        6.29204871e+00,  6.06981329e+00,  1.93811017e-01, -1.39086270e+00,
        4.34669250e+00,  5.24259102e+00,  5.77972724e+00, -1.35892570e+00,
        3.07865183e+00,  6.78291160e-01,  5.33971241e+00,  8.71585598e-01,
        8.83765720e+00,  9.24726396e+00,  3.26917875e+00,  9.56078608e-01,
        7.54847729e-01,  4.20577993e+00,  5.43861993e-01,  1.46850035e+00,
        5.79109371e+00,  4.90624659e+00,  4.14932893e-01, -1.40786390e+00,
        5.90410030e+00,  1.56683979e+00,  1.43679395e+01,  7.18236277e+00,
        3.13294570e+00,  3.40129169e+00,  2.64695397e+00,  9.95985243e-01,
        1.56661078e+00,  1.41054288e+00, -1.85916034e+00,  1.67382379e+00,
       -6.49697273e+00,  8.71089508e+00,  1.60020162e+00,  1.50954991e+00,
        1.85709039e+00,  1.72956285e+00,  1.45171075e+00,  1.23765097e+01,
        5.29967457e+00,  9.87382723e-01, -3.02479086e+00,  5.98740121e+00,
        2.54716304e+00, -1.47487902e+00,  5.73112563e-01,  9.30847514e+00,
        3.28676654e+00,  1.08842763e+00,  5.13167020e+00, -5.23080478e+00,
        3.19189888e+00, -2.30205377e+00, -4.05492022e+00,  2.00496115e+00,
       -8.58601803e-02,  2.78624107e+00, -7.46564688e-02,  6.47313277e+00,
        3.72180188e+00,  6.53115584e+00, -2.60042414e+00,  4.66507346e+00,
        7.04317705e+00,  1.51122309e+00,  2.13843927e+00,  1.26948931e+00,
        1.35769981e+00,  8.45243472e+00,  1.01719358e+01,  2.79488868e+00,
       -7.06666321e-01, -1.76575052e+00,  4.01095364e+00,  9.59007373e+00,
       -2.05906274e+00,  6.12615821e+00,  3.68632583e+00,  3.74518566e+00,
        5.01658567e+00, -7.78746461e-01,  5.24364039e+00,  1.02148229e+01,
        2.94758635e+00,  5.26824310e-01,  2.03129608e+00,  4.99546961e+00,
       -3.07098638e-01, -1.14640168e+00,  7.92423592e+00, -2.02587544e+00,
        1.35015567e+01,  1.68901089e+00, -1.75695791e+00,  5.13619225e+00,
        8.21043894e-01,  2.53324253e-01, -3.64527062e-01,  1.42120625e+00,
        4.99767004e+00,  2.71779240e+00,  3.18589808e+00,  6.27370022e+00,
        1.52124653e+00,  6.60083021e+00, -9.45393828e-01,  5.94714849e+00,
        6.21512019e+00,  2.78711063e+00,  4.88830053e+00,  1.20516690e+00,
       -3.74522702e+00,  5.25733157e+00,  6.53429412e+00, -3.41725353e+00,
        3.87687232e+00,  2.48360883e+00,  5.27367080e+00,  1.17883640e+00,
        2.20317579e+00,  3.07869729e+00,  4.75157907e+00,  3.55565140e+00,
        4.44887821e+00, -2.84117078e+00, -1.78503891e+00,  6.47366793e+00,
        3.96570215e+00,  6.58746541e+00,  5.08496683e+00, -3.32486857e-01,
        5.35089409e+00,  4.61296955e+00,  5.02677125e+00, -4.46470934e+00,
        5.90129808e+00,  4.29338173e+00,  1.70297787e+00, -1.68395797e+00,
       -5.21023442e-01,  3.52639173e+00,  1.10569063e+01,  7.67426180e+00,
       -1.41348560e+00, -6.76291632e-01,  3.01764300e+00,  6.67879113e-01,
       -2.01071744e+00, -5.27700785e-01,  5.63666281e+00,  5.67792842e+00,
        1.00722556e+01,  7.56717036e-01,  6.42635446e+00,  1.88785477e+00,
        4.61187003e+00,  4.91203927e+00,  2.50910984e+00,  2.77720314e+00,
       -6.63077415e+00,  4.71526854e+00,  3.91379394e-01,  2.19123235e+00,
        2.90698839e+00,  5.59295578e+00, -9.88702947e-01,  4.61519458e+00,
        1.67040095e+00,  5.37943505e-01,  1.25577481e+00, -2.25306329e+00,
        7.12746459e+00,  5.84074346e+00,  1.73886375e+00, -2.05130542e+00,
        2.11177874e+00,  1.86616242e+00,  1.14870941e+00, -5.71451752e-01,
       -1.92660970e+00,  2.48898691e+00,  2.48713854e+00, -3.57841129e+00,
        4.75619259e+00,  7.28813357e+00,  5.53934802e+00,  7.98095643e+00,
        7.29411651e+00,  2.28842156e+00,  2.36573093e+00,  3.20071805e+00,
        1.49440826e+00, -2.73302327e+00,  9.15556180e+00,  8.12949683e-01,
        6.55014200e+00,  3.73941577e+00,  3.63534902e+00,  4.85964944e+00,
       -3.48750434e+00,  4.69777485e+00,  3.88869671e-01,  5.10104000e+00,
        1.06903719e+01,  1.03107059e+00,  1.11051027e+01, -1.16728964e-01,
       -9.06390670e-01,  3.90660348e+00,  3.52299694e+00,  5.07677214e+00,
       -1.90871273e+00,  3.33472802e+00,  7.93827956e+00,  6.40268263e+00,
        3.09689486e+00,  7.89907952e+00,  6.92904425e+00,  7.00946412e+00,
       -1.59637663e-01,  5.55797359e+00,  6.48686004e+00, -2.73560236e-02,
        1.31820280e-01, -3.12059676e+00,  2.47925131e+00, -1.53494477e+00,
        2.58757584e+00,  1.29680810e+00,  4.03889215e+00,  1.74232955e+00,
        6.25869743e+00,  1.29177537e+00,  5.09668711e-01,  5.81273163e-01,
        3.62885979e+00,  2.75023398e+00,  4.16689488e+00,  7.27818993e+00,
       -3.49982986e+00,  5.57742982e+00,  4.89319116e+00,  8.24586052e+00,
       -7.15126597e+00,  4.15490234e-02, -1.88370384e+00,  1.00867454e+01,
        2.73928464e+00,  1.53216506e+00,  9.01859691e+00,  1.12699194e+00,
        8.21742746e+00, -3.64273718e+00,  3.85472196e+00,  6.02730013e-01,
       -9.52606099e-01,  6.99467134e+00,  3.95400290e+00,  6.61335312e+00,
        9.80688676e+00,  5.20690337e+00,  1.29770685e+00,  3.45926433e+00,
        1.01015618e+01,  4.29895119e+00,  3.77661802e+00,  8.39307599e+00,
        2.50850306e+00,  5.34905420e+00,  3.68407608e+00,  2.12053238e-01,
        4.75863181e+00,  4.52012620e+00,  6.26043958e+00,  1.00152635e+01,
       -1.19620458e+00,  5.43033938e+00,  5.98271669e+00, -2.69931090e+00,
        1.87557654e+00,  9.64400738e-01,  6.15733824e+00,  7.36126660e+00,
        2.86075513e-01, -2.38989833e+00,  2.73961887e+00,  2.26774307e+00]), array([ 6.64320374e-01,  6.84521778e+00,  8.68069932e+00,  1.01488743e+00,
       -4.51773888e-01,  9.00663204e-01, -7.86860632e-01,  8.63467805e+00,
        4.15857868e+00,  4.83713652e+00, -3.07951044e+00,  5.03777778e+00,
        4.97283953e+00,  4.38016056e-01,  2.75148097e+00, -2.53283026e+00,
        4.47795900e+00,  7.98011113e+00,  5.77586974e+00,  3.82088383e+00,
        2.93525350e+00,  3.31784136e-01, -1.03546683e+00, -1.42094669e+00,
        6.39240948e+00,  3.90527358e+00, -6.78790852e-01,  2.95334528e+00,
        4.07496800e+00,  2.16048134e+00,  3.85447142e+00,  5.68361658e+00,
        4.43670403e+00, -2.37586503e-01,  1.68678861e+00,  4.36433717e-01,
        4.57039205e+00,  3.48657399e+00,  4.04322487e+00,  7.20704976e-01,
       -2.47038510e+00,  9.89403502e-01,  5.58076526e+00,  5.07567892e+00,
       -3.30862793e+00,  8.14788266e+00,  2.26212162e+00,  1.67185633e+01,
        1.63567326e+00,  8.93854400e+00,  6.08624237e+00,  1.42391112e+00,
       -1.26764161e+00,  9.12388552e+00,  6.71220503e+00,  6.28877187e+00,
        3.38805208e+00,  1.85541946e+00, -1.85261043e+00,  1.07990920e+01,
        3.76701224e+00,  6.58693979e+00,  8.02944362e+00,  4.39071191e+00,
        4.40322274e+00,  8.74456344e+00, -5.70368389e+00,  4.53889398e+00,
        3.31646813e+00,  1.51192879e+01,  2.09139934e+00,  3.94361329e+00,
        2.13984449e+00, -2.72430079e+00,  6.56173817e+00,  1.77273063e+00,
        6.54246293e+00,  5.75361559e+00,  5.30523280e+00,  4.10370381e+00,
        5.23783599e+00,  4.21078932e+00, -1.45436894e+00,  3.62124900e+00,
        9.37303922e+00,  2.51787291e-01,  7.34336184e+00, -4.83463938e+00,
        2.72883712e+00,  4.23147801e+00,  1.07374979e+00,  4.60441608e+00,
        6.80060751e-01,  7.50850738e+00,  3.11355924e+00,  4.95107906e+00,
        5.84253915e+00, -4.96852408e+00,  7.48471087e+00, -2.65980539e+00,
        6.16602828e+00,  7.42649797e+00,  1.15488404e+00,  1.05218699e+01,
        5.11462338e+00,  5.56011975e+00,  3.70315375e+00,  1.81060069e+00,
        1.90794465e-01, -1.00864199e-01,  3.97447562e+00,  8.94822177e+00,
        5.62896148e+00,  3.36935636e+00,  5.46435702e+00,  5.28653061e+00,
        9.61547774e-01,  5.49692502e+00,  1.05771513e+01,  5.31658038e+00,
        1.68092546e+00, -2.42679427e-01,  2.13394683e+00,  6.44832261e-03,
        7.09087004e+00,  9.43666213e+00,  1.17433641e-01,  5.10022185e+00,
        3.36638765e+00,  7.56773834e+00,  3.45436441e+00, -3.23958070e-01,
        8.34335795e+00, -3.33249678e+00,  6.76235634e+00,  8.03913278e+00,
        6.58096781e+00,  2.79728169e+00,  2.26919544e-01,  5.74657190e+00,
       -3.82623633e-01,  7.37020452e+00, -2.42572830e+00,  1.98946437e+00,
        7.90192036e+00,  5.15982059e+00,  7.68123500e+00,  1.45959627e+00,
        7.34410197e+00,  7.04916797e+00,  5.37941467e+00,  2.30679118e+00,
        7.96450287e+00,  3.07779774e+00,  5.90250811e+00,  4.37350751e+00,
       -2.85450704e-01,  3.04143512e+00,  1.02195551e+00,  3.91910817e+00,
        3.17526258e+00,  5.03837664e+00,  1.48348843e+00,  4.67544922e+00,
        5.72246573e+00,  4.77007088e+00,  3.31792737e+00,  4.68779966e+00,
        4.96861729e+00,  4.07665222e+00, -8.81345779e-01,  8.28605722e+00,
        3.43559456e+00,  5.23336625e+00,  7.16520474e+00,  1.01228896e+00,
        7.91559820e+00, -1.60809989e+00,  8.84344376e+00,  4.30727501e+00,
        3.04256463e+00,  2.59360810e-01, -1.59405306e+00,  3.72166249e+00,
        5.67828503e+00,  5.17399681e+00,  4.46273298e+00,  3.85128962e+00,
        5.19437083e+00,  2.74903671e+00, -1.20088248e+00,  3.82913607e+00,
        2.42884045e+00,  1.44997471e+00,  4.15650296e+00,  5.54155008e+00,
        3.90421885e+00,  3.53038268e+00,  5.43511498e+00,  2.94056798e+00,
        4.24268325e+00,  2.28273725e+00,  7.25383599e-01,  1.45830421e+00,
        2.60657411e+00,  6.88665086e+00,  4.40129344e+00,  7.36098189e+00,
        2.09632859e+00,  8.04102998e+00,  3.31991276e+00, -9.53816726e-02,
       -1.21800059e-01,  6.48573158e+00,  5.71737404e+00,  7.52313652e+00,
        6.66553044e+00,  7.11541745e+00, -9.77537446e-01,  1.14843975e+00,
        6.13902867e+00,  6.53798040e+00,  8.27118944e+00,  2.37159708e+00,
        6.53526178e+00,  2.28410532e+00,  3.11887084e+00,  2.02714334e+00,
        8.20942208e+00,  7.13698386e+00,  5.25912295e+00, -1.31214131e+00,
        7.75500300e+00, -2.62364099e+00,  8.12665350e-01,  7.35660230e-01,
        2.10230129e+00, -5.19116528e-02,  8.65897834e+00,  9.55233616e+00,
        4.81314637e+00,  7.52316008e+00,  1.13845754e+01,  5.81306141e+00,
        1.55990123e+00,  2.29294068e+00,  5.97063086e+00,  1.30904929e+00,
        1.69793730e+00, -4.84722964e+00,  1.41432568e+00,  1.14128900e+01,
       -1.47817216e+00,  4.12376002e+00,  1.41408978e-01,  5.86564604e+00,
        6.55493929e-02, -2.81486047e+00, -1.23856804e+00,  2.12503098e+00,
        1.87867489e+00,  2.40164459e+00,  2.95248403e+00,  1.04723914e+01,
        6.79553236e+00,  6.98777550e+00,  1.49021512e+00,  3.03910911e+00,
        9.74479801e-01,  1.26185880e+01, -2.42737464e+00,  4.30438797e+00,
        1.26405685e+00,  4.18564344e+00,  2.62702841e+00,  8.41037292e+00,
        5.79101755e+00,  5.45770594e+00,  1.67078854e-01,  5.92567023e+00,
        1.00634384e+01, -6.47553835e+00, -3.42314980e+00,  4.21176642e+00,
       -7.94005639e-01,  8.09156870e-01,  9.61571905e+00,  2.32248417e+00,
        8.60153595e+00,  8.33265817e+00, -1.89104900e+00,  9.34021542e+00,
        3.88556588e+00,  2.66489695e+00, -2.90353854e-01,  3.85801382e+00,
        7.72955979e+00,  5.47443477e+00,  3.48313690e+00,  4.15462972e+00,
        5.85409669e+00, -2.60790994e-01, -6.66115202e+00, -8.52142336e-01,
        2.86417126e+00,  9.72942250e+00,  5.97418397e+00, -5.02863235e-01,
        5.76748286e+00,  1.14667744e+01,  2.29110424e+00,  7.99667673e-01,
        1.35638178e+00, -4.90022683e+00,  2.02079752e+00,  1.04113402e-01,
        5.26335030e-01,  3.48294340e+00, -1.54051577e+00,  5.05121630e+00,
        6.87271298e+00,  1.03547645e+00,  4.39483279e-01,  7.19859967e+00,
        4.05222206e+00,  1.17915828e+01,  4.72934772e+00,  1.61849001e+00,
       -1.89554249e-01,  4.80120794e+00,  8.68053685e+00,  6.15425497e+00,
       -1.92808646e+00,  2.97777590e+00,  6.36624642e+00,  6.48112719e+00,
        5.08162126e+00,  3.56977340e+00,  4.28134138e+00,  4.03920803e+00,
        6.27007742e+00,  1.15199518e-01,  2.17090431e+00,  4.78149269e+00,
        2.10762840e+00,  1.27031731e+00, -3.78513954e-01,  2.12228822e+00,
        6.49290033e+00,  8.74814632e+00,  2.25787703e-01,  1.24254589e+00,
        1.29988116e+00,  1.00813676e+01,  5.39102812e+00,  6.32438225e+00,
        6.63692884e+00,  6.38049511e+00,  1.30386209e+00,  8.52303068e-01,
        6.13354021e+00, -1.16620278e-01,  2.18630233e+00,  4.43542760e+00,
        7.44913551e+00,  6.99187216e+00,  6.15372171e+00,  3.02841940e+00,
        2.68123331e+00, -4.66876759e-01,  7.69529855e+00,  6.00698542e+00,
        3.74154530e+00,  2.91134226e+00,  1.12615164e+01,  1.39057239e+00,
        1.12725569e+00, -2.05200280e-01,  4.09054458e+00,  2.80359232e+00,
        1.03884853e+01, -6.08835163e-01, -1.57188172e+00,  4.42432567e+00,
       -1.02938678e+00, -3.39710106e+00, -7.65417832e-02,  4.38355263e+00,
        1.69085826e+00,  5.96259146e+00,  5.58071691e+00,  4.16552144e+00,
        3.27735068e+00,  7.26503039e+00,  6.18431721e+00, -4.82889137e-02,
        6.05765636e+00,  6.34386107e+00,  7.61771783e+00, -5.32079462e+00,
        1.33944713e+00,  2.32967576e+00,  6.62313437e+00,  6.56223788e+00,
        4.59440900e+00,  5.42397773e+00, -1.93209229e-01,  5.64796985e+00,
        9.14812381e-01,  7.75564124e+00,  4.86827611e+00,  3.13102514e+00,
       -1.22978623e+00, -4.42296562e+00,  3.30824450e+00,  5.51666127e+00,
        3.22725018e+00,  4.16868666e+00,  2.22822375e+00,  7.13510004e+00,
        3.65605367e+00,  6.95416764e+00,  3.89566693e+00,  6.10201441e+00,
       -5.63734599e+00,  3.90530317e+00,  1.06400231e+00,  2.84808523e+00,
        8.69122617e+00, -1.67128997e+00,  1.04080607e+01,  3.03714512e+00,
       -2.15008605e+00,  7.20197305e-01,  2.48598416e+00,  8.59438340e+00,
       -2.94078072e+00,  1.13656578e+01,  3.85683370e-01,  2.29258028e-01,
        4.43513393e+00,  4.37041845e+00, -5.34829142e-01, -3.42216136e+00,
       -4.59802306e+00,  2.92270033e+00,  5.33098131e+00,  3.00534392e+00,
        1.71981540e+00,  6.60759673e+00,  6.52152362e+00,  5.47948254e+00,
       -7.74853593e+00,  6.76858148e+00,  3.14698259e+00,  6.89593528e+00,
        2.70690424e+00,  2.01268362e+00,  1.49638283e+00, -4.08764403e+00,
        8.89863495e+00,  4.88736768e+00, -2.46992314e+00, -3.62626405e+00,
        5.19723450e+00,  2.05089316e+00,  2.13751607e+00,  5.00955196e-01,
        1.58902292e+00,  1.02766047e+01,  4.51562544e+00,  4.81521939e+00,
        5.11089645e+00,  7.69614552e+00,  6.02267091e+00,  2.14581872e+00,
        4.24570669e+00,  1.82630988e-01,  5.29084591e+00,  7.00123233e+00,
        1.08523732e+01, -1.75800294e-01,  3.17311624e+00,  4.77455892e-01,
        2.74092909e+00,  5.68420161e+00,  7.56809708e+00,  3.48257871e+00,
        6.13960834e+00, -2.99441192e-01,  8.70399492e+00,  5.53394619e+00,
       -8.44063218e-01,  1.02364378e+01,  2.55430145e+00,  2.10030646e+00,
        3.42823695e+00, -2.86577494e+00,  2.34048345e+00,  1.06945700e+00,
        3.23250698e+00,  7.76901897e+00,  4.78210457e+00, -1.86767434e+00,
        4.68543290e+00,  6.22248299e+00,  3.64840022e-01,  4.77924723e+00,
        6.94879530e+00,  6.88554742e+00,  8.73992595e-01, -9.69200500e-01,
        5.36522557e+00,  5.85354534e+00,  6.02312308e+00, -6.61626966e-01,
        3.76531768e+00,  1.77256260e+00,  6.47348045e+00,  1.64679769e+00,
        9.57543897e+00,  9.56229311e+00,  4.19937444e+00,  1.32347950e+00,
        1.86421407e+00,  4.94458684e+00,  7.32306631e-01,  1.84691125e+00,
        6.22805161e+00,  5.85234618e+00,  1.48321246e+00, -3.45075262e-01,
        6.71656200e+00,  2.17215571e+00,  1.41103816e+01,  7.56489585e+00,
        3.36886203e+00,  3.29264890e+00,  3.30039628e+00,  1.01525329e+00,
        2.32268963e+00,  2.35929652e+00, -8.91021966e-01,  1.95940326e+00,
       -5.66908793e+00,  9.55873167e+00,  1.98183279e+00,  2.22761687e+00,
        2.62747900e+00,  1.58483526e+00,  1.70895441e+00,  1.24734854e+01,
        6.18395370e+00,  1.27653708e+00, -1.86357074e+00,  6.10549240e+00,
        3.04730789e+00, -6.05632645e-01,  1.57658940e+00,  9.63540992e+00,
        4.03126013e+00,  1.70904401e+00,  6.03812202e+00, -4.56476974e+00,
        4.57008158e+00, -1.43205916e+00, -3.29054488e+00,  2.43329033e+00,
        7.40301955e-01,  3.35374157e+00,  7.01872000e-01,  6.95204797e+00,
        4.12818372e+00,  6.80738477e+00, -1.32641589e+00,  5.42663094e+00,
        7.43616960e+00,  2.45874441e+00,  2.81266346e+00,  2.40113354e+00,
        1.94204556e+00,  9.61216029e+00,  1.08990692e+01,  3.09689050e+00,
        3.12337623e-01, -1.01189800e+00,  4.07074679e+00,  1.10337376e+01,
       -1.81467696e+00,  6.65425604e+00,  4.32670083e+00,  4.51776086e+00,
        6.10060005e+00, -2.59104214e-01,  5.44507346e+00,  1.12180858e+01,
        3.60768159e+00,  1.88938569e+00,  3.09961036e+00,  5.76341573e+00,
        1.63874685e-01,  4.32405726e-01,  8.49753174e+00, -1.04052568e+00,
        1.36164016e+01,  2.87417673e+00, -1.01907972e+00,  5.82509950e+00,
        1.63195601e+00,  1.08967122e+00,  9.00867158e-01,  2.39112048e+00,
        5.60975710e+00,  4.08132234e+00,  3.95228293e+00,  6.91413879e+00,
        2.55078847e+00,  7.77182195e+00, -1.15937331e+00,  6.73975864e+00,
        6.41595466e+00,  4.44599222e+00,  5.48140772e+00,  2.03995868e+00,
       -2.89924132e+00,  5.60764313e+00,  6.44694543e+00, -2.49992230e+00,
        4.53361747e+00,  2.80828250e+00,  5.58493947e+00,  1.52571225e+00,
        2.59441613e+00,  3.41382332e+00,  6.10982198e+00,  4.76804280e+00,
        4.90092906e+00, -1.97352472e+00, -2.03169533e+00,  7.01465556e+00,
        4.27648567e+00,  7.44602712e+00,  5.50807521e+00,  3.68803228e-01,
        5.83913203e+00,  5.28075529e+00,  5.71656724e+00, -3.82448615e+00,
        6.69695696e+00,  4.81978795e+00,  2.63065727e+00, -1.44200779e+00,
        3.13893745e-01,  3.68372046e+00,  1.20561821e+01,  8.23794254e+00,
       -3.34623462e-02, -2.99224074e-03,  3.40896624e+00,  1.18625900e+00,
       -1.70454468e+00, -3.01149672e-01,  6.76526859e+00,  6.15274554e+00,
        1.11843453e+01,  1.83639861e+00,  7.34503969e+00,  2.62102451e+00,
        5.06128139e+00,  5.19343556e+00,  2.85014650e+00,  3.46175629e+00,
       -5.89720174e+00,  6.02056258e+00,  2.37702526e-01,  3.05538745e+00,
        3.11005391e+00,  6.20260635e+00, -4.94698977e-01,  5.31493827e+00,
        1.66800464e+00,  6.17174286e-01,  2.36621252e+00, -1.04132146e+00,
        7.58419871e+00,  6.44339957e+00,  2.64390383e+00, -1.63547661e+00,
        2.28398194e+00,  2.75956050e+00,  2.31991538e+00,  4.16409973e-01,
       -7.52084774e-01,  3.19194949e+00,  2.76567891e+00, -2.46090859e+00,
        5.56115528e+00,  7.80593408e+00,  6.28040090e+00,  9.11051772e+00,
        7.86890917e+00,  2.64551175e+00,  2.77070392e+00,  3.48034955e+00,
        1.15769120e+00, -1.80931789e+00,  9.45618598e+00,  2.06552807e+00,
        7.05010036e+00,  3.76702484e+00,  4.35122988e+00,  5.12204363e+00,
       -2.61753142e+00,  5.59714956e+00,  1.82261631e+00,  6.19472969e+00,
        1.14702942e+01,  1.63924116e+00,  1.18227899e+01,  7.33294618e-01,
       -1.19784782e-02,  4.67947765e+00,  4.77311214e+00,  5.25336160e+00,
       -1.08626470e+00,  4.50493622e+00,  8.40401139e+00,  7.41540032e+00,
        3.56397301e+00,  8.57421158e+00,  7.40334112e+00,  7.79616821e+00,
        6.75689620e-01,  5.88801624e+00,  7.32414874e+00,  7.66903058e-01,
        9.11197207e-01, -2.06901856e+00,  2.94370304e+00, -7.77402009e-02,
        3.30106646e+00,  2.11950866e+00,  4.62592056e+00,  2.56792361e+00,
        6.89545668e+00,  2.29777847e+00,  1.39469135e+00,  1.77126200e+00,
        3.91088888e+00,  3.30189607e+00,  5.23656818e+00,  7.80089121e+00,
       -2.53878737e+00,  6.88167269e+00,  5.63952681e+00,  8.17788424e+00,
       -6.04053405e+00,  7.31648069e-01, -1.08585983e+00,  1.10364634e+01,
        3.51900536e+00,  2.04995716e+00,  1.00131841e+01,  1.94687582e+00,
        8.73978042e+00, -2.08570220e+00,  3.65182644e+00,  1.20429918e+00,
       -5.18733896e-01,  7.19118933e+00,  4.51633422e+00,  7.17849473e+00,
        1.03702627e+01,  5.99763095e+00,  2.17848027e+00,  4.11142519e+00,
        1.08725579e+01,  4.79026456e+00,  4.75824987e+00,  8.81535829e+00,
        3.10578676e+00,  6.54778615e+00,  4.86564254e+00,  1.23145379e+00,
        5.86184414e+00,  5.39413089e+00,  6.34094453e+00,  1.06094268e+01,
       -4.23741230e-01,  5.98308854e+00,  6.76063558e+00, -1.85104820e+00,
        2.58406341e+00,  1.64701030e+00,  6.45983140e+00,  8.19111182e+00,
        7.68465984e-01, -1.61521104e+00,  3.22272987e+00,  3.23484520e+00]), array([ 1.56622587e+00,  7.86579191e+00,  9.04660234e+00,  1.07590229e+00,
        9.20782992e-01,  1.85512530e+00,  5.57092671e-01,  9.41387378e+00,
        4.44254406e+00,  5.93245319e+00, -2.21462278e+00,  6.33332661e+00,
        5.72788499e+00,  4.79637147e-01,  3.46896987e+00, -1.82595756e+00,
        5.31217422e+00,  8.97200240e+00,  6.72868215e+00,  5.00521622e+00,
        3.85501878e+00,  8.01555313e-01,  6.24655993e-02, -1.72627997e-01,
        6.68015728e+00,  4.60791566e+00, -3.89772718e-01,  3.53554058e+00,
        5.05284204e+00,  2.33437182e+00,  4.79400175e+00,  5.96193637e+00,
        5.05051393e+00,  1.01627667e+00,  2.17694883e+00,  1.61153763e+00,
        5.50908626e+00,  4.02854288e+00,  4.56612332e+00,  1.45427254e+00,
       -1.57990611e+00,  1.88136052e+00,  6.00202158e+00,  5.73603101e+00,
       -2.14375776e+00,  8.69772983e+00,  2.69835338e+00,  1.70406813e+01,
        2.43435358e+00,  9.55925412e+00,  6.87631756e+00,  2.44548636e+00,
       -2.91631687e-01,  9.70154508e+00,  7.54338147e+00,  6.18442163e+00,
        4.05175217e+00,  2.71762438e+00, -8.22745518e-01,  1.19042482e+01,
        4.36578497e+00,  7.00665368e+00,  9.72218520e+00,  5.12159062e+00,
        5.01795235e+00,  9.15963742e+00, -4.50058555e+00,  5.47921166e+00,
        3.61334894e+00,  1.55510924e+01,  3.17755808e+00,  4.69058531e+00,
        3.23020027e+00, -1.27462347e+00,  7.27563959e+00,  2.34285507e+00,
        7.07998220e+00,  6.58110570e+00,  6.13365487e+00,  5.09283087e+00,
        5.84042382e+00,  4.43349138e+00, -2.90532911e-01,  4.78623808e+00,
        1.00580901e+01,  1.75007313e+00,  8.37479467e+00, -4.06892873e+00,
        3.49002471e+00,  5.15558551e+00,  1.39247936e+00,  5.76330992e+00,
        1.95614029e+00,  7.94034749e+00,  4.25419864e+00,  5.29374792e+00,
        6.39424857e+00, -4.29649299e+00,  8.28474536e+00, -2.12506534e+00,
        7.20685028e+00,  7.84371887e+00,  2.13883308e+00,  1.12257518e+01,
        6.22920750e+00,  6.11765889e+00,  4.49164397e+00,  2.27300684e+00,
        1.43939929e+00,  7.04652740e-01,  3.90956624e+00,  1.00940399e+01,
        6.94022271e+00,  4.45771777e+00,  5.82871610e+00,  5.72473006e+00,
        1.66587464e+00,  6.18705474e+00,  1.09262129e+01,  5.95999582e+00,
        2.36304661e+00,  6.15102263e-01,  2.61521643e+00, -8.88460489e-03,
        8.04088468e+00,  1.02736075e+01,  1.15498233e+00,  5.29606517e+00,
        4.12423207e+00,  7.76800698e+00,  4.83480007e+00,  9.85544974e-01,
        9.20201407e+00, -2.43734436e+00,  7.55875334e+00,  8.52109474e+00,
        7.22066875e+00,  3.85677074e+00,  1.18546459e+00,  6.71086395e+00,
        4.65412543e-01,  7.83502705e+00, -1.20771911e+00,  3.47729539e+00,
        8.77270349e+00,  6.01546349e+00,  8.63404181e+00,  2.59234768e+00,
        8.24057929e+00,  7.06693199e+00,  5.88638471e+00,  2.81764222e+00,
        8.81663040e+00,  3.52039044e+00,  6.12123809e+00,  5.43732688e+00,
        6.73286147e-01,  3.71967239e+00,  2.22307645e+00,  4.40167182e+00,
        4.10845580e+00,  5.75019897e+00,  2.08485963e+00,  5.34625016e+00,
        5.94938308e+00,  4.81001093e+00,  4.00135438e+00,  5.34663230e+00,
        5.44336242e+00,  5.29135925e+00,  1.00492330e-01,  9.46781066e+00,
        3.89090534e+00,  6.00043420e+00,  8.15992018e+00,  1.91630759e+00,
        8.30240071e+00, -3.61639624e-01,  9.32545205e+00,  5.20388836e+00,
        4.12480151e+00,  9.32747319e-01, -7.34908385e-01,  4.68961197e+00,
        6.70404960e+00,  6.19352331e+00,  5.85095337e+00,  4.30872572e+00,
        6.00006562e+00,  3.96301305e+00, -3.23963323e-01,  4.51503562e+00,
        3.41835926e+00,  1.95140471e+00,  4.89639477e+00,  6.54712846e+00,
        4.79746145e+00,  4.14504444e+00,  6.41301167e+00,  3.39128391e+00,
        5.44411347e+00,  3.38660216e+00,  1.41368823e+00,  2.15607258e+00,
        3.55617323e+00,  7.61947075e+00,  5.37434819e+00,  8.03256088e+00,
        2.85401698e+00,  8.70532749e+00,  4.46212502e+00,  6.48224987e-01,
        6.70014803e-01,  7.19603023e+00,  6.41501781e+00,  8.65576126e+00,
        8.11656723e+00,  8.40373124e+00,  1.15063807e-01,  1.70588398e+00,
        6.89429070e+00,  7.53622896e+00,  9.51344185e+00,  3.63422255e+00,
        7.07033984e+00,  2.98663719e+00,  4.41314539e+00,  2.84398442e+00,
        8.62084917e+00,  7.78849264e+00,  6.06049352e+00, -3.66770240e-01,
        8.63751033e+00, -2.51220964e+00,  1.95853683e+00,  1.92140503e+00,
        2.95068048e+00,  9.97542729e-01,  9.60710377e+00,  1.01272579e+01,
        5.60883064e+00,  8.37008739e+00,  1.19654167e+01,  7.25063653e+00,
        2.55315270e+00,  2.96382133e+00,  6.89126807e+00,  1.87317781e+00,
        2.42985134e+00, -3.18937115e+00,  2.46471285e+00,  1.22136404e+01,
       -9.23061224e-01,  4.79385015e+00,  1.10639280e+00,  6.19480714e+00,
        1.75589310e+00, -2.39775937e+00, -2.60142509e-01,  3.03479318e+00,
        2.48558382e+00,  3.54388154e+00,  3.96618590e+00,  1.18054902e+01,
        7.26747834e+00,  7.17740934e+00,  2.01269718e+00,  3.58769077e+00,
        1.59392838e+00,  1.37973312e+01, -1.23531264e+00,  4.98972390e+00,
        2.13702612e+00,  5.13053248e+00,  3.15404898e+00,  9.69971278e+00,
        7.33960012e+00,  6.58936102e+00,  1.11982403e+00,  6.68764772e+00,
        1.06230936e+01, -5.48501386e+00, -2.49350475e+00,  5.06166562e+00,
        6.41678602e-02,  1.49107263e+00,  1.02860081e+01,  3.46687867e+00,
        9.86934990e+00,  9.50220272e+00, -1.00486441e+00,  1.02131399e+01,
        4.66370091e+00,  3.51052487e+00,  7.39565171e-01,  4.78168212e+00,
        8.64970186e+00,  6.04243600e+00,  3.73262058e+00,  5.31678490e+00,
        6.84228708e+00, -2.70837089e-01, -6.33173249e+00,  8.30475453e-01,
        4.19000342e+00,  9.94883366e+00,  6.83276922e+00, -2.74921944e-01,
        6.71727739e+00,  1.23597850e+01,  2.77615679e+00,  9.80965773e-01,
        2.03586247e+00, -3.96772334e+00,  2.81502993e+00,  6.49195999e-01,
        7.38219997e-01,  4.23909568e+00, -9.68471703e-01,  5.68449773e+00,
        7.44615736e+00,  1.95206568e+00,  1.48746212e+00,  8.03233689e+00,
        4.75066699e+00,  1.29492807e+01,  5.56798742e+00,  2.53381290e+00,
        4.82718990e-01,  5.17028819e+00,  9.29411669e+00,  6.73229545e+00,
       -1.24784523e+00,  3.40921992e+00,  7.19578217e+00,  7.09850328e+00,
        5.39523262e+00,  4.51585125e+00,  4.95918024e+00,  4.17099886e+00,
        6.77467195e+00,  1.02028246e+00,  2.89326809e+00,  5.58936887e+00,
        2.86970695e+00,  1.81698516e+00,  3.89238100e-01,  2.85326360e+00,
        7.93180500e+00,  9.61049697e+00,  5.97023424e-01,  2.37475465e+00,
        2.02552068e+00,  1.14884575e+01,  5.92600270e+00,  6.63097620e+00,
        8.14968997e+00,  7.53588100e+00,  2.83782873e+00,  2.16263401e+00,
        6.50955292e+00,  1.86904771e-01,  3.61390133e+00,  4.98077614e+00,
        7.88093543e+00,  7.84451914e+00,  6.60359052e+00,  3.88666439e+00,
        3.52503599e+00,  2.66939619e-02,  8.85590052e+00,  6.75603053e+00,
        4.12670848e+00,  3.96164517e+00,  1.20330210e+01,  2.10524132e+00,
        1.17314485e+00,  4.80707475e-01,  5.10225589e+00,  3.57597353e+00,
        1.13822291e+01,  2.20743284e-01, -8.08165596e-01,  5.79941991e+00,
       -1.10777322e-01, -2.37537775e+00,  1.00388440e+00,  5.53834581e+00,
        2.93826945e+00,  6.96971886e+00,  6.45905113e+00,  4.88226987e+00,
        3.78398645e+00,  8.56563798e+00,  7.09998699e+00,  5.60581896e-01,
        6.66973363e+00,  7.53779775e+00,  9.02381474e+00, -5.02625853e+00,
        2.39983228e+00,  3.47367378e+00,  8.02076042e+00,  8.14762341e+00,
        4.86202238e+00,  6.33356874e+00,  9.70625232e-01,  6.76833718e+00,
        1.81543910e+00,  8.56031295e+00,  5.42699433e+00,  3.78764993e+00,
       -5.81325034e-01, -3.78120859e+00,  4.56394399e+00,  6.53872594e+00,
        4.19644106e+00,  5.11367964e+00,  3.35375773e+00,  8.38096563e+00,
        4.44611256e+00,  7.68575489e+00,  5.12749064e+00,  6.67121377e+00,
       -4.96101569e+00,  5.05459139e+00,  1.66142784e+00,  4.08146162e+00,
        9.25559356e+00, -7.60690392e-01,  1.09577113e+01,  4.27655834e+00,
       -9.81890029e-01,  1.69941090e+00,  3.20880968e+00,  8.62673521e+00,
       -1.50259740e+00,  1.11718408e+01,  1.55064765e+00,  1.00624636e+00,
        5.33294957e+00,  4.67509562e+00,  6.71435482e-01, -2.70948822e+00,
       -3.50231383e+00,  3.66839262e+00,  6.98531975e+00,  3.82843485e+00,
        2.61828513e+00,  7.60805042e+00,  7.31930719e+00,  6.90383927e+00,
       -7.46399419e+00,  7.46924507e+00,  3.99012821e+00,  7.55507216e+00,
        3.39839909e+00,  3.05925826e+00,  2.14939137e+00, -3.86359800e+00,
        8.89153879e+00,  5.64718292e+00, -1.59639878e+00, -2.41231068e+00,
        6.03204162e+00,  3.26762671e+00,  3.22440153e+00,  1.43288824e+00,
        2.48214387e+00,  1.10610084e+01,  5.45847589e+00,  5.42836984e+00,
        5.84826815e+00,  9.10147715e+00,  6.33803474e+00,  2.37662746e+00,
        5.89372968e+00,  1.54854658e+00,  6.51218997e+00,  8.02174467e+00,
        1.12892646e+01,  5.40847927e-01,  3.58474317e+00,  1.12375686e+00,
        3.36619658e+00,  6.37627880e+00,  8.68296437e+00,  4.11478111e+00,
        7.20072710e+00,  6.72486192e-01,  8.77262215e+00,  6.62880453e+00,
       -3.03626404e-01,  1.04716803e+01,  2.42600107e+00,  2.67342552e+00,
        4.41767665e+00, -1.55440469e+00,  3.66297473e+00,  2.23821506e+00,
        4.39211568e+00,  8.71654051e+00,  5.34517336e+00, -1.91573088e+00,
        5.53909600e+00,  6.73909557e+00,  8.77405689e-01,  5.53483589e+00,
        7.67531318e+00,  7.78508154e+00,  1.69205267e+00, -4.02091979e-01,
        6.50493699e+00,  6.59239802e+00,  6.35852033e+00,  1.90045509e-01,
        4.54975999e+00,  2.96819583e+00,  7.70398074e+00,  2.52430917e+00,
        1.04111307e+01,  1.00137064e+01,  5.25179863e+00,  1.83053201e+00,
        3.11004970e+00,  5.80417267e+00,  1.03735066e+00,  2.34219748e+00,
        6.80647482e+00,  6.88180459e+00,  2.65074892e+00,  8.12373062e-01,
        7.61482922e+00,  2.89828536e+00,  1.39801084e+01,  8.07493136e+00,
        3.72799821e+00,  3.29560535e+00,  4.04022673e+00,  1.21573846e+00,
        3.16602320e+00,  3.43901992e+00,  1.54056177e-01,  2.37173234e+00,
       -4.73484137e+00,  1.05329527e+01,  2.49065083e+00,  3.05720096e+00,
        3.55470337e+00,  1.59700487e+00,  2.09626552e+00,  1.26848188e+01,
        7.22955990e+00,  1.70113553e+00, -5.82013186e-01,  6.29921775e+00,
        3.65221369e+00,  4.16295688e-01,  2.69612505e+00,  1.00694980e+01,
        4.88122545e+00,  2.47114541e+00,  7.01128415e+00, -3.79183498e+00,
        6.04742813e+00, -3.95754255e-01, -2.40465026e+00,  2.97937737e+00,
        1.68279211e+00,  4.04756436e+00,  1.57648870e+00,  7.55771098e+00,
        4.65629937e+00,  7.18292870e+00,  4.87252267e-02,  6.29423714e+00,
        7.91572892e+00,  3.48367357e+00,  3.59927594e+00,  3.68735775e+00,
        2.63443826e+00,  1.08652717e+01,  1.17484684e+01,  3.55036762e+00,
        1.45434683e+00, -1.19629745e-01,  4.26375827e+00,  1.25463115e+01,
       -1.41735360e+00,  7.27775041e+00,  5.08702701e+00,  5.40713708e+00,
        7.28859214e+00,  3.85427526e-01,  5.78729598e+00,  1.23055135e+01,
        4.40998765e+00,  3.38389363e+00,  4.27337493e+00,  6.64241624e+00,
        7.87728321e-01,  2.15963831e+00,  9.19902711e+00,  4.47576191e-02,
        1.38709985e+01,  4.18208941e+00, -1.34605214e-01,  6.62540788e+00,
        2.55383795e+00,  2.06556233e+00,  2.29169714e+00,  3.47512724e+00,
        6.34200426e+00,  5.53885983e+00,  4.84052532e+00,  7.61656507e+00,
        3.69194811e+00,  9.04160598e+00, -1.21773956e+00,  7.63934081e+00,
        6.74174863e+00,  6.15547937e+00,  6.21834657e+00,  2.98374263e+00,
       -1.89892483e+00,  6.06543233e+00,  6.51023570e+00, -1.50321486e+00,
        5.28218452e+00,  3.25731292e+00,  6.02164451e+00,  2.00441963e+00,
        3.13598660e+00,  3.84774390e+00,  7.56489359e+00,  6.01869258e+00,
        5.47031655e+00, -9.75264080e-01, -2.10392615e+00,  7.65745705e+00,
        4.66406581e+00,  8.37397808e+00,  6.05713401e+00,  1.24491121e+00,
        6.43780896e+00,  6.07012878e+00,  6.48745866e+00, -3.09450215e+00,
        7.62869950e+00,  5.47916392e+00,  3.67884790e+00, -1.05318474e+00,
        1.23868617e+00,  3.98786746e+00,  1.31203134e+01,  8.90487722e+00,
        1.45268514e+00,  7.81367539e-01,  3.90602263e+00,  1.80184610e+00,
       -1.26242998e+00,  7.27170665e-02,  7.99952343e+00,  6.70130822e+00,
        1.24008156e+01,  3.03861842e+00,  8.35465178e+00,  3.42656200e+00,
        5.66440539e+00,  5.58729063e+00,  3.33868746e+00,  4.28209905e+00,
       -5.03457298e+00,  7.40245162e+00,  2.09199349e-01,  4.05001123e+00,
        3.45529199e+00,  6.91484998e+00,  1.02267734e-01,  6.10572222e+00,
        1.79997225e+00,  8.37846063e-01,  3.56914891e+00,  3.06621974e-01,
        8.11508558e+00,  7.17248957e+00,  3.69047747e+00, -1.06753935e+00,
        2.56600401e+00,  3.74677319e+00,  3.61137319e+00,  1.53079825e+00,
        5.39339719e-01,  3.98039963e+00,  3.17151115e+00, -1.25912609e+00,
        6.46264116e+00,  8.44525461e+00,  7.11863167e+00,  1.03129439e+01,
        8.57498362e+00,  3.12591560e+00,  3.32699182e+00,  3.87709052e+00,
        9.64647580e-01, -8.12660076e-01,  9.87888246e+00,  3.42489986e+00,
        7.64644113e+00,  3.94895735e+00,  5.15015620e+00,  5.51783986e+00,
       -1.61334894e+00,  6.64075271e+00,  3.36472500e+00,  7.39488060e+00,
        1.23652137e+01,  2.35368610e+00,  1.26152965e+01,  1.68349458e+00,
        1.03277163e+00,  5.56711735e+00,  6.12378360e+00,  5.58650678e+00,
       -1.27615476e-01,  5.76174546e+00,  8.98345180e+00,  8.53241454e+00,
        4.16862961e+00,  9.34004730e+00,  8.01339753e+00,  8.68001093e+00,
        1.62213276e+00,  6.33759902e+00,  8.28746140e+00,  1.71274838e+00,
        1.75657550e+00, -9.09042156e-01,  3.53322856e+00,  1.50099729e+00,
        4.10537229e+00,  3.07006925e+00,  5.37050291e+00,  3.53897981e+00,
        7.65010733e+00,  3.40343247e+00,  2.35501544e+00,  3.06717638e+00,
        4.32355937e+00,  4.02354542e+00,  6.42393390e+00,  8.43253900e+00,
       -1.41496786e+00,  8.26274099e+00,  6.47586275e+00,  8.23982267e+00,
       -4.77806844e+00,  1.54301440e+00, -1.71076736e-01,  1.20553703e+01,
        4.40348991e+00,  2.67782661e+00,  1.11068384e+01,  2.87004874e+00,
        9.40750047e+00, -4.55879699e-01,  3.58644589e+00,  1.94353247e+00,
        3.17047945e-02,  7.50009244e+00,  5.20143949e+00,  7.86445097e+00,
        1.10705335e+01,  6.88143207e+00,  3.21615480e+00,  4.87859146e+00,
        1.17458697e+01,  5.40274368e+00,  5.84624988e+00,  9.33020226e+00,
        3.83603430e+00,  7.84836662e+00,  6.12102728e+00,  2.35279315e+00,
        7.04507578e+00,  6.39017308e+00,  6.60189730e+00,  1.12875323e+01,
        4.54807869e-01,  6.65942649e+00,  7.64333477e+00, -8.50691344e-01,
        3.45432558e+00,  2.43752938e+00,  6.89780438e+00,  9.09074183e+00,
        1.37005233e+00, -7.10003030e-01,  3.82916590e+00,  4.32806988e+00]), array([ 2.36044235e+00,  8.84033878e+00,  9.32357866e+00,  9.65625643e-01,
        2.17391547e+00,  2.78376928e+00,  1.73402718e+00,  1.01070270e+01,
        4.57776276e+00,  6.94110614e+00, -1.42086016e+00,  7.51124471e+00,
        6.38699985e+00,  3.85326760e-01,  4.12054716e+00, -1.20671230e+00,
        6.09600073e+00,  9.85584013e+00,  7.61980117e+00,  6.08282927e+00,
        4.75086261e+00,  1.19665776e+00,  1.09009260e+00,  9.96971679e-01,
        6.87719374e+00,  5.21617224e+00, -1.54607145e-01,  4.07141073e+00,
        5.90839691e+00,  2.39392803e+00,  5.62124926e+00,  6.17769239e+00,
        5.62054241e+00,  2.25770449e+00,  2.53031037e+00,  2.70168618e+00,
        6.41035813e+00,  4.45560560e+00,  5.01631915e+00,  2.06554303e+00,
       -8.03568704e-01,  2.67756591e+00,  6.33338232e+00,  6.26408759e+00,
       -1.01020498e+00,  9.21815638e+00,  3.01729022e+00,  1.73048938e+01,
        3.18556874e+00,  1.00942143e+01,  7.55480969e+00,  3.42878904e+00,
        5.77561837e-01,  1.02007638e+01,  8.27010381e+00,  5.96386976e+00,
        4.63135355e+00,  3.54602075e+00,  1.29701976e-01,  1.29189610e+01,
        4.91243398e+00,  7.26923528e+00,  1.13901354e+01,  5.79295059e+00,
        5.54808915e+00,  9.50176682e+00, -3.40287257e+00,  6.34333315e+00,
        3.82231926e+00,  1.59546369e+01,  4.16701018e+00,  5.34957732e+00,
        4.30707742e+00,  7.91298179e-02,  7.93753093e+00,  2.84921766e+00,
        7.49182644e+00,  7.28955695e+00,  6.89379092e+00,  5.98375137e+00,
        6.33974925e+00,  4.62258325e+00,  8.61275007e-01,  5.90066391e+00,
        1.06359367e+01,  3.23809628e+00,  9.27935695e+00, -3.40209111e+00,
        4.19191607e+00,  5.95916038e+00,  1.65200318e+00,  6.84167505e+00,
        3.12345902e+00,  8.28569375e+00,  5.39444140e+00,  5.48384622e+00,
        6.92137202e+00, -3.67938501e+00,  8.99712625e+00, -1.61934928e+00,
        8.15861962e+00,  8.15888865e+00,  3.06972812e+00,  1.18635549e+01,
        7.28349424e+00,  6.55590915e+00,  5.16203925e+00,  2.63380711e+00,
        2.59896452e+00,  1.46532374e+00,  3.69677059e+00,  1.11383420e+01,
        8.21097934e+00,  5.44763986e+00,  6.09031971e+00,  6.04596200e+00,
        2.26104978e+00,  6.78698354e+00,  1.12139249e+01,  6.55338636e+00,
        2.92177352e+00,  1.38572171e+00,  3.00804789e+00, -1.71106107e-01,
        8.91858585e+00,  1.10441121e+01,  2.08909319e+00,  5.49689012e+00,
        4.82653451e+00,  7.88908714e+00,  6.17455198e+00,  2.26948425e+00,
        9.94078718e+00, -1.65775361e+00,  8.28729811e+00,  8.90138079e+00,
        7.75295367e+00,  4.80691003e+00,  2.02795254e+00,  7.60988463e+00,
        1.25723686e+00,  8.23647532e+00, -1.04682526e-01,  4.85998385e+00,
        9.56438846e+00,  6.75943467e+00,  9.53103122e+00,  3.66098517e+00,
        9.07238676e+00,  7.01962113e+00,  6.25970447e+00,  3.19289184e+00,
        9.57277504e+00,  3.83483450e+00,  6.27159313e+00,  6.44635770e+00,
        1.58932387e+00,  4.29608676e+00,  3.29838489e+00,  4.82691745e+00,
        4.97781706e+00,  6.39640155e+00,  2.57041481e+00,  5.94523581e+00,
        6.05342646e+00,  4.71715763e+00,  4.60747024e+00,  5.91663642e+00,
        5.81501084e+00,  6.44920393e+00,  9.95478561e-01,  1.05819572e+01,
        4.26666647e+00,  6.69664938e+00,  9.08748949e+00,  2.73163865e+00,
        8.62082717e+00,  8.44724480e-01,  9.76981259e+00,  6.02596158e+00,
        5.13929523e+00,  1.56735847e+00,  6.14288235e-02,  5.57141320e+00,
        7.69592577e+00,  7.17127474e+00,  7.22127743e+00,  4.65817136e+00,
        6.73141614e+00,  5.14849444e+00,  4.65788471e-01,  5.12187029e+00,
        4.32577233e+00,  2.37339173e+00,  5.58879442e+00,  7.48967561e+00,
        5.60184783e+00,  4.66327391e+00,  7.32222377e+00,  3.78806612e+00,
        6.56747879e+00,  4.41699184e+00,  2.02488388e+00,  2.80209812e+00,
        4.41958505e+00,  8.25960157e+00,  6.28693264e+00,  8.58054274e+00,
        3.49710164e+00,  9.29728206e+00,  5.50496738e+00,  1.31453939e+00,
        1.37115280e+00,  7.83897671e+00,  7.03712904e+00,  9.79038139e+00,
        9.57046433e+00,  9.65046391e+00,  1.16017253e+00,  2.18349551e+00,
        7.57649186e+00,  8.44610237e+00,  1.07083501e+01,  4.79433126e+00,
        7.53640319e+00,  3.53878451e+00,  5.64347050e+00,  3.55767488e+00,
        8.96454297e+00,  8.31023928e+00,  6.74709305e+00,  5.07834824e-01,
        9.42416241e+00, -2.48974774e+00,  3.00248670e+00,  3.02925210e+00,
        3.69911552e+00,  1.95216509e+00,  1.05094630e+01,  1.06815181e+01,
        6.27362854e+00,  9.18369235e+00,  1.24894966e+01,  8.65777750e+00,
        3.48451415e+00,  3.55412868e+00,  7.70988520e+00,  2.31819059e+00,
        3.07747509e+00, -1.56978710e+00,  3.43898443e+00,  1.29940089e+01,
       -4.45452095e-01,  5.40162857e+00,  2.01116019e+00,  6.38527337e+00,
        3.41130023e+00, -2.05634055e+00,  6.52235400e-01,  3.83831254e+00,
        2.96107032e+00,  4.63781889e+00,  4.92555943e+00,  1.31284830e+01,
        7.66422561e+00,  7.25138869e+00,  2.44716100e+00,  4.08009801e+00,
        2.18104414e+00,  1.50075971e+01, -9.93348865e-02,  5.62856971e+00,
        2.94247589e+00,  6.01151761e+00,  3.63580008e+00,  1.09135947e+01,
        8.83880963e+00,  7.66089153e+00,  1.95166692e+00,  7.35465892e+00,
        1.11041223e+01, -4.55307191e+00, -1.69912452e+00,  5.82462138e+00,
        8.07588345e-01,  2.07176977e+00,  1.08642815e+01,  4.49472777e+00,
        1.10777424e+01,  1.06231067e+01, -2.00002895e-01,  1.10875073e+01,
        5.37865804e+00,  4.27355559e+00,  1.69666948e+00,  5.66666600e+00,
        9.53855134e+00,  6.49583868e+00,  3.87839300e+00,  6.42434062e+00,
        7.76278454e+00, -4.54404694e-01, -6.08326454e+00,  2.48750614e+00,
        5.46759501e+00,  1.01057097e+01,  7.61232005e+00, -1.61999448e-01,
        7.67052780e+00,  1.31200500e+01,  3.17262435e+00,  1.08221235e+00,
        2.58575787e+00, -3.13114715e+00,  3.53677516e+00,  1.08222155e+00,
        8.30744169e-01,  4.89383777e+00, -4.99489358e-01,  6.24102026e+00,
        7.93050859e+00,  2.80010090e+00,  2.45964959e+00,  8.77466435e+00,
        5.36347458e+00,  1.41014542e+01,  6.28503721e+00,  3.35040501e+00,
        1.03094948e+00,  5.44462164e+00,  9.83179535e+00,  7.25096354e+00,
       -6.58505168e-01,  3.78377273e+00,  7.98087059e+00,  7.63588602e+00,
        5.60544699e+00,  5.36646767e+00,  5.57165785e+00,  4.16627501e+00,
        7.13779917e+00,  1.82746164e+00,  3.56638788e+00,  6.31440380e+00,
        3.54250922e+00,  2.26479280e+00,  1.07059282e+00,  3.50184505e+00,
        9.37955008e+00,  1.04224072e+01,  9.08758472e-01,  3.39504356e+00,
        2.65996586e+00,  1.28404904e+01,  6.39547783e+00,  6.78782112e+00,
        9.61631852e+00,  8.66858706e+00,  4.36038092e+00,  3.36819154e+00,
        6.83001646e+00,  3.80497875e-01,  4.95407413e+00,  5.43781306e+00,
        8.24498480e+00,  8.63267988e+00,  6.98041558e+00,  4.64845887e+00,
        4.25949186e+00,  4.43809985e-01,  9.93468634e+00,  7.41485748e+00,
        4.41453221e+00,  4.91833541e+00,  1.27516115e+01,  2.77915448e+00,
        1.16380858e+00,  1.03311453e+00,  6.06646976e+00,  4.27124465e+00,
        1.23753921e+01,  9.82563035e-01, -2.09629016e-01,  7.12152062e+00,
        7.38112848e-01, -1.42164095e+00,  2.04927598e+00,  6.59945381e+00,
        4.09971653e+00,  7.94859057e+00,  7.27261796e+00,  5.56593249e+00,
        4.20760368e+00,  9.79459942e+00,  7.94772500e+00,  1.07353786e+00,
        7.20825912e+00,  8.65346536e+00,  1.03234499e+01, -4.83930123e+00,
        3.45557034e+00,  4.56061879e+00,  9.35675237e+00,  9.69150458e+00,
        5.02036955e+00,  7.22947989e+00,  2.10961362e+00,  7.86629123e+00,
        2.57874383e+00,  9.30344625e+00,  5.91457084e+00,  4.30565577e+00,
       -1.25379819e-02, -3.26714686e+00,  5.75293512e+00,  7.49897052e+00,
        5.04567496e+00,  5.95537037e+00,  4.42609841e+00,  9.58990380e+00,
        5.16756388e+00,  8.30438664e+00,  6.32745731e+00,  7.18049273e+00,
       -4.35794023e+00,  6.11054721e+00,  2.16174389e+00,  5.22690108e+00,
        9.70753942e+00,  1.09695363e-01,  1.14604987e+01,  5.39444921e+00,
        1.52503127e-01,  2.55394096e+00,  3.89196723e+00,  8.51703418e+00,
       -1.57068802e-01,  1.08585314e+01,  2.68193077e+00,  1.73052552e+00,
        6.21514222e+00,  4.91053092e+00,  1.80092997e+00, -2.11879135e+00,
       -2.48040933e+00,  4.34671414e+00,  8.65235087e+00,  4.63471741e+00,
        3.47131852e+00,  8.54212090e+00,  8.09574227e+00,  8.29851440e+00,
       -7.32790957e+00,  8.09032829e+00,  4.74136497e+00,  8.17616793e+00,
        3.97337420e+00,  4.03454616e+00,  2.73371359e+00, -3.74581774e+00,
        8.80279311e+00,  6.37995661e+00, -8.00288430e-01, -1.29630225e+00,
        6.75285954e+00,  4.42499044e+00,  4.23673320e+00,  2.30638583e+00,
        3.28713325e+00,  1.18124518e+01,  6.31328106e+00,  5.91944459e+00,
        6.50122031e+00,  1.04545253e+01,  6.56741248e+00,  2.49045199e+00,
        7.46805865e+00,  2.84610671e+00,  7.66637680e+00,  8.96607163e+00,
        1.16514507e+01,  1.16976006e+00,  3.93144041e+00,  1.66270268e+00,
        3.88479464e+00,  6.91220340e+00,  9.71058630e+00,  4.72342491e+00,
        8.14613378e+00,  1.52728416e+00,  8.77322981e+00,  7.59590978e+00,
        1.64966972e-01,  1.06202445e+01,  2.18145476e+00,  3.18662346e+00,
        5.32481637e+00, -2.93780354e-01,  4.94969365e+00,  3.31666213e+00,
        5.41263082e+00,  9.63835725e+00,  5.84154099e+00, -2.05363496e+00,
        6.31734666e+00,  7.13106432e+00,  1.26207228e+00,  6.20513039e+00,
        8.37648993e+00,  8.65152339e+00,  2.42121815e+00,  5.80717443e-02,
        7.53412544e+00,  7.21897636e+00,  6.64480075e+00,  9.33986655e-01,
        5.29033380e+00,  4.10540987e+00,  8.87468582e+00,  3.34403632e+00,
        1.11946008e+01,  1.03709493e+01,  6.24355394e+00,  2.22988909e+00,
        4.27322371e+00,  6.58510149e+00,  1.26380749e+00,  2.75425720e+00,
        7.25206716e+00,  7.87366994e+00,  3.76520075e+00,  1.94390548e+00,
        8.46477838e+00,  3.53683140e+00,  1.37316821e+01,  8.47666452e+00,
        4.00174980e+00,  3.22557484e+00,  4.74617568e+00,  1.26802906e+00,
        3.97328038e+00,  4.41675229e+00,  1.18607567e+00,  2.68443485e+00,
       -3.84662961e+00,  1.13928866e+01,  2.90074588e+00,  3.80583825e+00,
        4.35763345e+00,  1.47994139e+00,  2.39238953e+00,  1.28006474e+01,
        8.11079913e+00,  2.00816622e+00,  6.11356440e-01,  6.46397274e+00,
        4.19474116e+00,  1.32268580e+00,  3.76180697e+00,  1.04295649e+01,
        5.64303990e+00,  3.12653512e+00,  7.95736107e+00, -3.08953379e+00,
        7.48467151e+00,  4.87241496e-01, -1.60916942e+00,  3.45298681e+00,
        2.55663913e+00,  4.66272815e+00,  2.40854929e+00,  8.07703276e+00,
        5.11091538e+00,  7.49944101e+00,  1.36967502e+00,  7.09786009e+00,
        8.36124103e+00,  4.47399665e+00,  4.30388718e+00,  4.84559082e+00,
        3.25151969e+00,  1.20624511e+01,  1.25010756e+01,  3.87681575e+00,
        2.50573574e+00,  6.86789027e-01,  4.35573259e+00,  1.40381440e+01,
       -1.14509830e+00,  7.83844839e+00,  5.76018671e+00,  6.19961766e+00,
        8.41319780e+00,  9.68568562e-01,  6.02327136e+00,  1.33471236e+01,
        5.09808852e+00,  4.80143604e+00,  5.39700083e+00,  7.43455302e+00,
        1.30117319e+00,  3.76487348e+00,  9.81589992e+00,  1.06436205e+00,
        1.39896975e+01,  5.40173738e+00,  6.28787861e-01,  7.35588843e+00,
        3.40975049e+00,  2.94440517e+00,  3.58340918e+00,  4.50163831e+00,
        6.97644303e+00,  6.95614302e+00,  5.63373307e+00,  8.30682084e+00,
        4.75005402e+00,  1.02455263e+01, -1.41622922e+00,  8.48737867e+00,
        6.97465210e+00,  7.86536541e+00,  6.84408185e+00,  3.86989158e+00,
       -1.00300056e+00,  6.46878746e+00,  6.44027669e+00, -5.29593458e-01,
        5.97009935e+00,  3.62108070e+00,  6.35255583e+00,  2.35330028e+00,
        3.57217404e+00,  4.21403486e+00,  8.96477748e+00,  7.28863537e+00,
        5.94126471e+00, -7.34352468e-02, -2.30163279e+00,  8.23318646e+00,
        5.04490545e+00,  9.27514217e+00,  6.50388863e+00,  1.99045453e+00,
        6.99337022e+00,  6.78568337e+00,  7.21277557e+00, -2.39553339e+00,
        8.45470017e+00,  6.03786211e+00,  4.65929048e+00, -7.69185826e-01,
        2.12228630e+00,  4.18003589e+00,  1.41450742e+01,  9.49345633e+00,
        2.87777723e+00,  1.50288230e+00,  4.33535825e+00,  2.35311981e+00,
       -9.19691502e-01,  3.34652738e-01,  9.16288906e+00,  7.21622053e+00,
        1.35527302e+01,  4.15201440e+00,  9.31109916e+00,  4.19206800e+00,
        6.13449051e+00,  5.91043798e+00,  3.68348347e+00,  4.99495861e+00,
       -4.24430796e+00,  8.73136591e+00,  9.80863672e-02,  4.96640212e+00,
        3.68852508e+00,  7.55769487e+00,  6.46227116e-01,  6.83578311e+00,
        1.82984794e+00,  9.15964001e-01,  4.70833837e+00,  1.55978959e+00,
        8.60442080e+00,  7.81711825e+00,  4.62199145e+00, -6.21995324e-01,
        2.77683706e+00,  4.69487300e+00,  4.82362162e+00,  2.56700705e+00,
        1.76956270e+00,  4.74367136e+00,  3.49504519e+00, -8.31104821e-02,
        7.28615498e+00,  8.98221684e+00,  7.89519637e+00,  1.14889281e+01,
        9.16371235e+00,  3.51261079e+00,  3.77306837e+00,  4.21967658e+00,
        6.43903237e-01,  1.58178611e-01,  1.02234897e+01,  4.72199054e+00,
        8.18010079e+00,  4.00098490e+00,  5.89546566e+00,  5.81245853e+00,
       -7.11265552e-01,  7.56784726e+00,  4.83673735e+00,  8.52712557e+00,
        1.31594047e+01,  3.03109387e+00,  1.33850449e+01,  2.57480369e+00,
        1.93973778e+00,  6.38186955e+00,  7.42572387e+00,  5.79368949e+00,
        7.22192518e-01,  6.98294668e+00,  9.46757780e+00,  9.58696675e+00,
        4.67313328e+00,  1.00707849e+01,  8.50941849e+00,  9.48248493e+00,
        2.49572977e+00,  6.69536203e+00,  9.15319570e+00,  2.54325367e+00,
        2.57341774e+00,  1.91998377e-01,  4.03112298e+00,  3.01603978e+00,
        4.86648469e+00,  3.94690318e+00,  5.98703607e+00,  4.37531231e+00,
        8.30207766e+00,  4.47757196e+00,  3.27151412e+00,  4.28672857e+00,
        4.63008991e+00,  4.58043515e+00,  7.53652172e+00,  8.98662156e+00,
       -3.96973171e-01,  9.61619919e+00,  7.27032431e+00,  8.16621206e+00,
       -3.62165594e+00,  2.27389009e+00,  6.99226432e-01,  1.30362101e+01,
        5.22911312e+00,  3.22193933e+00,  1.21346684e+01,  3.72758646e+00,
        9.95224231e+00,  1.15611229e+00,  3.41123069e+00,  2.57424391e+00,
        4.87068638e-01,  7.74194397e+00,  5.79636223e+00,  8.48122134e+00,
        1.16534625e+01,  7.68999511e+00,  4.11907255e+00,  5.59241762e+00,
        1.25587939e+01,  5.92831726e+00,  6.86853660e+00,  9.79101589e+00,
        4.48823319e+00,  9.07561664e+00,  7.34715604e+00,  3.42655522e+00,
        8.19599765e+00,  7.30225123e+00,  6.70224657e+00,  1.19233122e+01,
        1.28602543e+00,  7.23742565e+00,  8.44741945e+00,  4.49123486e-02,
        4.18331451e+00,  3.19014041e+00,  7.22650224e+00,  9.94750726e+00,
        1.89833538e+00,  1.04992291e-01,  4.33624675e+00,  5.32837804e+00]), array([ 3.18202116e+00,  9.81286603e+00,  9.63610393e+00,  9.23388600e-01,
        3.45166580e+00,  3.69690648e+00,  2.97866792e+00,  1.08451398e+01,
        4.77791218e+00,  7.98220778e+00, -6.38957150e-01,  8.73421074e+00,
        7.07948340e+00,  3.26343275e-01,  4.77208140e+00, -5.82581816e-01,
        6.87644533e+00,  1.07876602e+01,  8.52828739e+00,  7.19329276e+00,
        5.62422881e+00,  1.58854801e+00,  2.11836335e+00,  2.17541125e+00,
        7.10401215e+00,  5.85417613e+00,  6.36472982e-02,  4.60145682e+00,
        6.81327097e+00,  2.48607948e+00,  6.49369752e+00,  6.40186341e+00,
        6.18724823e+00,  3.46854049e+00,  2.93310136e+00,  3.80964651e+00,
        7.30549245e+00,  4.92356997e+00,  5.48171676e+00,  2.70848906e+00,
       -1.75493704e-02,  3.49787328e+00,  6.69934897e+00,  6.85024234e+00,
        9.37113938e-02,  9.74363871e+00,  3.36236265e+00,  1.76224512e+01,
        3.91950948e+00,  1.06639283e+01,  8.28695158e+00,  4.38815745e+00,
        1.46872602e+00,  1.07414274e+01,  9.03620524e+00,  5.78504303e+00,
        5.22611192e+00,  4.35212722e+00,  1.08385974e+00,  1.39843001e+01,
        5.45404354e+00,  7.61322670e+00,  1.30614810e+01,  6.46629624e+00,
        6.10736113e+00,  9.87346674e+00, -2.30151166e+00,  7.23213313e+00,
        4.04540871e+00,  1.63764042e+01,  5.18535216e+00,  6.04266734e+00,
        5.34716182e+00,  1.44349697e+00,  8.60941617e+00,  3.36590046e+00,
        7.95910251e+00,  8.04927507e+00,  7.67723294e+00,  6.91205768e+00,
        6.88246604e+00,  4.79119024e+00,  1.96345347e+00,  7.01830788e+00,
        1.12694501e+01,  4.68599833e+00,  1.02561599e+01, -2.74441709e+00,
        4.90010995e+00,  6.80853317e+00,  1.89509603e+00,  7.94606956e+00,
        4.32556902e+00,  8.67079103e+00,  6.48861312e+00,  5.75145338e+00,
        7.43679681e+00, -3.09699380e+00,  9.74844720e+00, -1.15360883e+00,
        9.14727984e+00,  8.52339360e+00,  3.99694976e+00,  1.25280903e+01,
        8.35333559e+00,  7.03305215e+00,  5.87135080e+00,  3.02219660e+00,
        3.77638642e+00,  2.20925439e+00,  3.53650533e+00,  1.22383227e+01,
        9.49020555e+00,  6.47368559e+00,  6.38362571e+00,  6.40158920e+00,
        2.87934143e+00,  7.41842513e+00,  1.15308991e+01,  7.15270817e+00,
        3.51649744e+00,  2.17262572e+00,  3.42168885e+00, -2.94123134e-01,
        9.81454836e+00,  1.18529334e+01,  3.04600760e+00,  5.66303916e+00,
        5.52489549e+00,  8.03836653e+00,  7.51203359e+00,  3.52426716e+00,
        1.07367469e+01, -8.70368564e-01,  9.04114993e+00,  9.32436106e+00,
        8.33870085e+00,  5.79437119e+00,  2.90225915e+00,  8.52673959e+00,
        2.03420346e+00,  8.66175673e+00,  1.03052751e+00,  6.28109105e+00,
        1.03972999e+01,  7.55517890e+00,  1.04476779e+01,  4.73336125e+00,
        9.92716658e+00,  6.98133612e+00,  6.68301085e+00,  3.61396745e+00,
        1.03754499e+01,  4.19760807e+00,  6.43430350e+00,  7.46370645e+00,
        2.49142069e+00,  4.89678838e+00,  4.42091319e+00,  5.25801809e+00,
        5.85075071e+00,  7.05618405e+00,  3.09392202e+00,  6.55951032e+00,
        6.20876820e+00,  4.68031922e+00,  5.22435664e+00,  6.51744591e+00,
        6.23909260e+00,  7.61416173e+00,  1.89572957e+00,  1.17215165e+01,
        4.65950497e+00,  7.42017594e+00,  1.00333817e+01,  3.56781327e+00,
        8.94505782e+00,  2.02881858e+00,  1.02222459e+01,  6.86691761e+00,
        6.16197673e+00,  2.17741028e+00,  8.47538479e-01,  6.48407599e+00,
        8.69133201e+00,  8.13716899e+00,  8.58203780e+00,  5.05134630e+00,
        7.47666665e+00,  6.32157826e+00,  1.26366471e+00,  5.75080690e+00,
        5.24608326e+00,  2.80551056e+00,  6.28618340e+00,  8.44935351e+00,
        6.43675537e+00,  5.21653856e+00,  8.25034575e+00,  4.18212035e+00,
        7.71736694e+00,  5.46409851e+00,  2.63751639e+00,  3.44071620e+00,
        5.30835312e+00,  8.94257607e+00,  7.21962830e+00,  9.19399004e+00,
        4.17395368e+00,  9.91173581e+00,  6.58918643e+00,  1.99389200e+00,
        2.08455710e+00,  8.50120435e+00,  7.67659785e+00,  1.09073821e+01,
        1.10146654e+01,  1.09148040e+01,  2.18887973e+00,  2.66495870e+00,
        8.26940357e+00,  9.39620670e+00,  1.19214143e+01,  5.98681606e+00,
        8.01837615e+00,  4.15051030e+00,  6.87515381e+00,  4.30054096e+00,
        9.33227836e+00,  8.88749758e+00,  7.47999961e+00,  1.38739605e+00,
        1.02599954e+01, -2.46884385e+00,  4.06974503e+00,  4.14214757e+00,
        4.48007144e+00,  2.92637988e+00,  1.14231987e+01,  1.12343738e+01,
        6.99120483e+00,  9.99900673e+00,  1.30542444e+01,  1.00588015e+01,
        4.42076608e+00,  4.15233975e+00,  8.56558290e+00,  2.79595308e+00,
        3.72835496e+00,  1.64648082e-02,  4.42943515e+00,  1.37794824e+01,
        3.54129071e-02,  6.01904119e+00,  2.90030408e+00,  6.64318612e+00,
        5.04661774e+00, -1.72904180e+00,  1.56173872e+00,  4.68148915e+00,
        3.47847360e+00,  5.73166212e+00,  5.87594716e+00,  1.44478974e+01,
        8.08054253e+00,  7.36926455e+00,  2.89121564e+00,  4.57368322e+00,
        2.74636203e+00,  1.62004044e+01,  1.01757922e+00,  6.27001223e+00,
        3.75071919e+00,  6.89930096e+00,  4.09987640e+00,  1.21669938e+01,
        1.03467264e+01,  8.73988731e+00,  2.81538326e+00,  8.05742586e+00,
        1.16220178e+01, -3.64793532e+00, -8.71154296e-01,  6.61004382e+00,
        1.57914667e+00,  2.66457166e+00,  1.14980803e+01,  5.56766535e+00,
        1.22968052e+01,  1.17582759e+01,  6.09774414e-01,  1.19476055e+01,
        6.09472887e+00,  5.05261302e+00,  2.65570428e+00,  6.54610305e+00,
        1.04264925e+01,  6.99141642e+00,  4.05838319e+00,  7.54169682e+00,
        8.70815581e+00, -5.70209471e-01, -5.86340239e+00,  4.12446941e+00,
        6.74259572e+00,  1.02766397e+01,  8.42284656e+00, -3.19766558e-02,
        8.59274917e+00,  1.39676808e+01,  3.58107199e+00,  1.19125740e+00,
        3.18403629e+00, -2.29279685e+00,  4.27519561e+00,  1.54324078e+00,
        9.40133342e-01,  5.57307560e+00, -1.42438472e-02,  6.81426173e+00,
        8.45030799e+00,  3.64672407e+00,  3.43494536e+00,  9.55689383e+00,
        6.00065070e+00,  1.52646678e+01,  7.04430538e+00,  4.19442936e+00,
        1.61706263e+00,  5.74189177e+00,  1.03965176e+01,  7.77491864e+00,
       -7.21241647e-02,  4.15643798e+00,  8.77241013e+00,  8.20117909e+00,
        5.85467170e+00,  6.24817435e+00,  6.19551156e+00,  4.21129070e+00,
        7.56681245e+00,  2.65723295e+00,  4.24612947e+00,  7.05601878e+00,
        4.23310556e+00,  2.73535519e+00,  1.76244286e+00,  4.16747824e+00,
        1.08001551e+01,  1.12543320e+01,  1.21265811e+00,  4.44848576e+00,
        3.31190836e+00,  1.42242449e+01,  6.88590423e+00,  7.01065506e+00,
        1.10939057e+01,  9.79977378e+00,  5.85035932e+00,  4.59698749e+00,
        7.15186657e+00,  6.06120579e-01,  6.31906641e+00,  5.92013545e+00,
        8.62779352e+00,  9.45154124e+00,  7.37515260e+00,  5.43906149e+00,
        5.03414202e+00,  8.65925943e-01,  1.10565097e+01,  8.10933040e+00,
        4.73162372e+00,  5.89955281e+00,  1.34996277e+01,  3.43462806e+00,
        1.14065996e+00,  1.63560827e+00,  7.03242845e+00,  4.97647829e+00,
        1.33662586e+01,  1.73658098e+00,  4.47404627e-01,  8.45417747e+00,
        1.58644271e+00, -4.81646335e-01,  3.06240865e+00,  7.68487774e+00,
        5.26960932e+00,  8.92140096e+00,  8.11176977e+00,  6.23670420e+00,
        4.64309652e+00,  1.10480920e+01,  8.81142865e+00,  1.60399280e+00,
        7.76019309e+00,  9.80136350e+00,  1.16818612e+01, -4.64491890e+00,
        4.47357159e+00,  5.64404118e+00,  1.07066365e+01,  1.12400602e+01,
        5.21107866e+00,  8.10655497e+00,  3.22377600e+00,  8.94754116e+00,
        3.38943129e+00,  1.00764901e+01,  6.41717481e+00,  4.87697579e+00,
        5.54423156e-01, -2.72948344e+00,  6.95673121e+00,  8.47384419e+00,
        5.93759660e+00,  6.83550822e+00,  5.49572017e+00,  1.08029126e+01,
        5.90008730e+00,  8.97287710e+00,  7.51829058e+00,  7.70089997e+00,
       -3.76792810e+00,  7.19650896e+00,  2.68565343e+00,  6.39601790e+00,
        1.02185450e+01,  9.47934604e-01,  1.19896676e+01,  6.56350102e+00,
        1.26386772e+00,  3.45060480e+00,  4.55800535e+00,  8.47776694e+00,
        1.19737780e+00,  1.06104600e+01,  3.79408609e+00,  2.44287449e+00,
        7.07498075e+00,  5.15262655e+00,  2.94333412e+00, -1.49706361e+00,
       -1.47417814e+00,  5.03535425e+00,  1.02920857e+01,  5.42445752e+00,
        4.31523964e+00,  9.50426422e+00,  8.85655832e+00,  9.69074711e+00,
       -7.17724024e+00,  8.74259304e+00,  5.52791267e+00,  8.80113230e+00,
        4.59364443e+00,  5.01987284e+00,  3.31274709e+00, -3.63565100e+00,
        8.74314660e+00,  7.10167631e+00, -1.43802222e-02, -1.69636219e-01,
        7.52171935e+00,  5.58867770e+00,  5.26433897e+00,  3.18013006e+00,
        4.11462684e+00,  1.25747215e+01,  7.19712980e+00,  6.45987988e+00,
        7.17796439e+00,  1.18204370e+01,  6.84005132e+00,  2.64582847e+00,
        9.06429389e+00,  4.15260418e+00,  8.83995874e+00,  9.93618544e+00,
        1.20546370e+01,  1.81610800e+00,  4.28560409e+00,  2.22291227e+00,
        4.44153278e+00,  7.51609565e+00,  1.07844422e+01,  5.31124925e+00,
        9.14260622e+00,  2.41065730e+00,  8.79685699e+00,  8.61484179e+00,
        6.28115611e-01,  1.08013268e+01,  1.96453375e+00,  3.70679473e+00,
        6.25122674e+00,  9.47192170e-01,  6.21689248e+00,  4.42519864e+00,
        6.49379242e+00,  1.05728024e+01,  6.35332358e+00, -2.18676407e+00,
        7.11471107e+00,  7.57506279e+00,  1.68968511e+00,  6.90400780e+00,
        9.07429564e+00,  9.51616684e+00,  3.15936585e+00,  5.34581782e-01,
        8.61922644e+00,  7.89745185e+00,  6.93419284e+00,  1.69341044e+00,
        6.02298495e+00,  5.24590962e+00,  1.00659097e+01,  4.16279004e+00,
        1.19951856e+01,  1.07642390e+01,  7.23476229e+00,  2.65538788e+00,
        5.44606667e+00,  7.38541788e+00,  1.49556719e+00,  3.18099460e+00,
        7.76306429e+00,  8.86694459e+00,  4.87751798e+00,  3.04245529e+00,
        9.32719404e+00,  4.19527532e+00,  1.35568566e+01,  8.92911948e+00,
        4.29190962e+00,  3.16224473e+00,  5.43848074e+00,  1.36201838e+00,
        4.76689755e+00,  5.42728167e+00,  2.17912307e+00,  3.02299449e+00,
       -2.99351461e+00,  1.23198626e+01,  3.33640332e+00,  4.57367793e+00,
        5.20161530e+00,  1.39831948e+00,  2.70283086e+00,  1.29721188e+01,
        9.08311626e+00,  2.35312615e+00,  1.81919084e+00,  6.61898122e+00,
        4.74121963e+00,  2.25524612e+00,  4.81664514e+00,  1.08210214e+01,
        6.44005861e+00,  3.80927007e+00,  8.90320087e+00, -2.39535900e+00,
        8.91745738e+00,  1.42600768e+00, -8.04882224e-01,  3.93163606e+00,
        3.43107653e+00,  5.28839922e+00,  3.22349913e+00,  8.62376095e+00,
        5.57392704e+00,  7.82781930e+00,  2.68265615e+00,  7.91518397e+00,
        8.80231817e+00,  5.45656347e+00,  5.02955346e+00,  6.05244050e+00,
        3.88190401e+00,  1.32868116e+01,  1.33074111e+01,  4.24737290e+00,
        3.57742133e+00,  1.49417200e+00,  4.47535347e+00,  1.55402704e+01,
       -8.45574502e-01,  8.41882188e+00,  6.45950658e+00,  7.03177758e+00,
        9.55663833e+00,  1.53467553e+00,  6.29316253e+00,  1.44135079e+01,
        5.82649918e+00,  6.22743668e+00,  6.51647277e+00,  8.26245628e+00,
        1.83403478e+00,  5.41428259e+00,  1.04626520e+01,  2.08692761e+00,
        1.41954813e+01,  6.64783917e+00,  1.42519620e+00,  8.10369454e+00,
        4.26872650e+00,  3.84174198e+00,  4.90666791e+00,  5.52412762e+00,
        7.65129493e+00,  8.37048335e+00,  6.46030240e+00,  8.98402065e+00,
        5.83306303e+00,  1.14790448e+01, -1.57537004e+00,  9.33953311e+00,
        7.23890277e+00,  9.55730008e+00,  7.51068843e+00,  4.75283481e+00,
       -9.99229202e-02,  6.87208337e+00,  6.42723133e+00,  4.09304263e-01,
        6.67269054e+00,  3.99972713e+00,  6.72665428e+00,  2.75603806e+00,
        4.02993955e+00,  4.59260787e+00,  1.03812555e+01,  8.52477152e+00,
        6.45150880e+00,  8.42988340e-01, -2.48823666e+00,  8.83062778e+00,
        5.38883565e+00,  1.01777493e+01,  6.99066293e+00,  2.76692000e+00,
        7.53728139e+00,  7.51545810e+00,  7.94648193e+00, -1.73474269e+00,
        9.32521140e+00,  6.63003261e+00,  5.64316601e+00, -4.74673301e-01,
        2.99129215e+00,  4.40356359e+00,  1.52007499e+01,  1.01182668e+01,
        4.30377730e+00,  2.21848138e+00,  4.77373610e+00,  2.90954104e+00,
       -5.66291469e-01,  6.17264978e-01,  1.03541970e+01,  7.73048707e+00,
        1.47386931e+01,  5.28880264e+00,  1.02848925e+01,  4.95683748e+00,
        6.66038252e+00,  6.24601361e+00,  4.09163095e+00,  5.74445611e+00,
       -3.47559685e+00,  1.00849618e+01, -1.25306175e-02,  5.89230927e+00,
        3.95450717e+00,  8.22260453e+00,  1.17557389e+00,  7.58353955e+00,
        1.88070165e+00,  1.05113130e+00,  5.86299154e+00,  2.82828036e+00,
        9.10489581e+00,  8.48703127e+00,  5.59452907e+00, -1.49549983e-01,
        2.99311142e+00,  5.63127859e+00,  6.05261739e+00,  3.60864449e+00,
        2.99119972e+00,  5.48485588e+00,  3.82824850e+00,  1.06011049e+00,
        8.14390257e+00,  9.56881346e+00,  8.69008277e+00,  1.26709924e+01,
        9.81299509e+00,  3.92338332e+00,  4.24581410e+00,  4.55017794e+00,
        3.61431777e-01,  1.10261468e+00,  1.05948262e+01,  6.02557539e+00,
        8.73362216e+00,  4.09804267e+00,  6.65294177e+00,  6.13939813e+00,
        2.07593617e-01,  8.54406718e+00,  6.32341019e+00,  9.68189264e+00,
        1.40174317e+01,  3.68228760e+00,  1.41598868e+01,  3.46558635e+00,
        2.89917498e+00,  7.21286071e+00,  8.73088804e+00,  6.04593741e+00,
        1.59850780e+00,  8.19993176e+00,  9.99948176e+00,  1.06622189e+01,
        5.20407472e+00,  1.08014642e+01,  9.05794895e+00,  1.03283803e+01,
        3.37705268e+00,  7.08598554e+00,  1.00625347e+01,  3.40345304e+00,
        3.37673764e+00,  1.28207826e+00,  4.55170732e+00,  4.52683303e+00,
        5.62174144e+00,  4.82706182e+00,  6.65205805e+00,  5.27010330e+00,
        9.00452489e+00,  5.52860141e+00,  4.18755121e+00,  5.52656936e+00,
        4.97246181e+00,  5.21328671e+00,  8.66979145e+00,  9.57143857e+00,
        6.27015088e-01,  1.09701548e+01,  8.06471369e+00,  8.16819578e+00,
       -2.46130011e+00,  3.01379561e+00,  1.53935688e+00,  1.40410032e+01,
        6.05871909e+00,  3.78676291e+00,  1.31965526e+01,  4.59299286e+00,
        1.05576267e+01,  2.73814788e+00,  3.26706275e+00,  3.23472933e+00,
        9.63591628e-01,  7.99721997e+00,  6.41889032e+00,  9.11214668e+00,
        1.23006428e+01,  8.53291340e+00,  5.07361546e+00,  6.29939594e+00,
        1.33987729e+01,  6.47910851e+00,  7.90620220e+00,  1.02689625e+01,
        5.14623683e+00,  1.03354388e+01,  8.57054978e+00,  4.48986525e+00,
        9.34603170e+00,  8.24095016e+00,  6.87280582e+00,  1.25751675e+01,
        2.09759218e+00,  7.85502780e+00,  9.28494585e+00,  9.52172517e-01,
        4.96767956e+00,  3.91720823e+00,  7.59883704e+00,  1.08240449e+01,
        2.42761711e+00,  9.28344131e-01,  4.87594764e+00,  6.35725415e+00]), array([ 4.07842176, 10.87439696, 10.00454792,  0.93219519,  4.84831971,
        4.64410023,  4.31899983, 11.63122326,  5.03154484,  9.08962609,
        0.21581868, 10.06163471,  7.83677959,  0.32869016,  5.49631057,
        0.09952564,  7.72885511, 11.80664443,  9.49443347,  8.40289802,
        6.56004985,  2.04521805,  3.21510752,  3.42218165,  7.38213919,
        6.55191615,  0.32472595,  5.17678894,  7.79655655,  2.62676358,
        7.43240862,  6.67215726,  6.80175433,  4.73255091,  3.39671988,
        4.98621919,  8.26145124,  5.44997467,  5.99464571,  3.4344584 ,
        0.87383652,  4.38099948,  7.10343157,  7.50307519,  1.25441622,
       10.29562557,  3.79198937, 17.95572291,  4.73011322, 11.30084287,
        9.07308351,  5.4335182 ,  2.43492193, 11.31820213,  9.8858301 ,
        5.6540981 ,  5.89176989,  5.22702672,  2.1070215 , 15.12579293,
        6.05715377,  8.01157102, 14.81288493,  7.20916778,  6.7091019 ,
       10.28930079, -1.10577163,  8.17678677,  4.32959406, 16.83932053,
        6.27516582,  6.77527207,  6.46847058,  2.90377484,  9.33331813,
        3.90991607,  8.4927935 ,  8.88210301,  8.50558232,  7.90449251,
        7.47285057,  5.00956734,  3.15126343,  8.2019472 , 11.96464942,
        6.22338639, 11.29147455, -1.98807522,  5.65487698,  7.74027217,
        2.20535487,  9.12281733,  5.60535608,  9.09078196,  7.67322371,
        6.05759228,  7.99324845, -2.4398445 , 10.55766034, -0.63682099,
       10.20342954,  8.92640635,  4.98294938, 13.26019781,  9.48582081,
        7.59923363,  6.66446515,  3.46000384,  5.03174536,  3.01007901,
        3.4396507 , 13.40973506, 10.827176  ,  7.56669024,  6.74240446,
        6.8448262 ,  3.57798204,  8.10948962, 11.88243912,  7.79689826,
        4.19051726,  3.01426068,  3.88072516, -0.35148209, 10.79611107,
       12.69921031,  4.08384166,  5.84826393,  6.29338212,  8.22633655,
        8.92060564,  4.85527956, 11.61493247,  0.02308734,  9.84411226,
        9.81000267,  8.96734335,  6.86005591,  3.85525846,  9.50711184,
        2.88447481,  9.11924658,  2.23367009,  7.78547405, 11.27343471,
        8.40573641, 11.42056499,  5.87671001, 10.84078742,  6.98981511,
        7.19032072,  4.10868262, 11.23908902,  4.61652411,  6.64279053,
        8.54297506,  3.44583918,  5.57656254,  5.62068555,  5.72827774,
        6.79798761,  7.77207226,  3.67196641,  7.23213968,  6.41304689,
        4.68183363,  5.91091905,  7.16899565,  6.67917028,  8.85332589,
        2.87897658, 12.94155146,  5.09959091,  8.17963566, 11.05799269,
        4.46259639,  9.3562418 ,  3.28546754, 10.71103992,  7.77102377,
        7.26133746,  2.84866161,  1.69853846,  7.45055886,  9.73016716,
        9.19530608,  9.99813792,  5.48156161,  8.29957401,  7.55412481,
        2.13000119,  6.42857367,  6.24836138,  3.28852594,  7.02176538,
        9.47062219,  7.32898721,  5.81258878,  9.24386401,  4.6210102 ,
        8.93308151,  6.57226994,  3.32227957,  4.13266798,  6.25490444,
        9.67480763,  8.19088055,  9.85836245,  4.92652164, 10.59411214,
        7.73134584,  2.71298819,  2.86685373,  9.22002081,  8.38590407,
       12.07411484, 12.49673744, 12.22676322,  3.28636006,  3.21422468,
        9.05051785, 10.40496744, 13.19834346,  7.26423217,  8.55982159,
        4.83874471,  8.20507745,  5.11176045,  9.74378876,  9.54923042,
        8.28515782,  2.31541734, 11.14981667, -2.40280418,  5.22499186,
        5.34536443,  5.3172697 ,  3.97276528, 12.40273873, 11.8261058 ,
        7.79101713, 10.86679218, 13.63491294, 11.54327053,  5.41457058,
        4.82461953,  9.50469415,  3.34409197,  4.47023692,  1.69483056,
        5.47750246, 14.61358556,  0.56007375,  6.68678418,  3.88236129,
        6.94556114,  6.77573056, -1.33571333,  2.53278561,  5.5781503 ,
        4.07303286,  6.88462481,  6.91670136, 15.83844554,  8.55752999,
        7.54934076,  3.40490834,  5.11235177,  3.35691139, 17.4306989 ,
        2.21945696,  6.95213229,  4.62367333,  7.86214941,  4.63144496,
       13.48677718, 11.94186376,  9.90506114,  3.76590588,  8.82522698,
       12.19441267, -2.67663653,  0.03615369,  7.46959298,  2.4228171 ,
        3.34809807, 12.16679599,  6.71339409, 13.62492193, 12.96619532,
        1.48009612, 12.85123675,  6.88771855,  5.90119453,  3.68712781,
        7.48075957, 11.37509897,  7.55893822,  4.27754473,  8.72023504,
        9.70604831, -0.64400489, -5.56679237,  5.83000248,  8.09602703,
       10.50889558,  9.28604466,  0.16806312,  9.57201963, 14.8728253 ,
        4.05872095,  1.33644054,  3.83944048, -1.38053687,  5.05486853,
        2.06274386,  1.13563203,  6.33765158,  0.53027755,  7.45256734,
        9.02282056,  4.57092283,  4.49200784, 10.40105781,  6.6956708 ,
       16.45543485,  7.89643726,  5.10473984,  2.26347884,  6.10656319,
       11.02693329,  8.36610638,  0.60141792,  4.57665209,  9.61513378,
        8.82020808,  6.14660704,  7.19813954,  6.87268446,  4.31617334,
        8.06164796,  3.55128624,  4.94644227,  7.88122956,  4.99247933,
        3.26232956,  2.5163414 ,  4.88943214, 12.28909885, 12.13545921,
        1.55869887,  5.58666775,  4.02859623, 15.67531659,  7.40747749,
        7.30470426, 12.65197022, 10.97844038,  7.42336319,  5.92806546,
        7.53298687,  0.86194217,  7.76679387,  6.45816077,  9.06258134,
       10.30449402,  7.82441097,  6.29660505,  5.86776818,  1.3304476 ,
       12.23539375,  8.86024757,  5.09746119,  6.96210102, 14.29336074,
        4.15087726,  1.15706092,  2.28609126,  8.05820173,  5.75350555,
       14.38911927,  2.56501362,  1.18350204,  9.85628204,  2.49595961,
        0.53563003,  4.16733809,  8.86947662,  6.54719103,  9.95244253,
        8.98835467,  6.96241141,  5.14668993, 12.38974939,  9.74927615,
        2.19116454,  8.38645767, 11.01763455, 13.11595194, -4.40533364,
        5.55074442,  6.81098292, 12.15249787, 12.87933206,  5.46578562,
        9.03729709,  4.39553204, 10.10607221,  4.2820392 , 10.88374795,
        6.9732923 ,  5.52295623,  1.18874187, -2.12447361,  8.22981005,
        9.51495871,  6.91287406,  7.78485948,  6.63789377, 12.08668527,
        6.69352355,  9.71132675,  8.77679222,  8.27407995, -3.12827637,
        8.36264626,  3.26158227,  7.64695436, 10.78078735,  1.86580749,
       12.54260721,  7.81005987,  2.42957773,  4.42125954,  5.28868328,
        8.48828385,  2.64355675, 10.39364367,  4.97074436,  3.21591377,
        7.99237868,  5.44852205,  4.14518605, -0.82555073, -0.38079245,
        5.77632478, 11.99518412,  6.24412831,  5.21745616, 10.51515516,
        9.68030655, 11.15248069, -6.94305001,  9.44624393,  6.35684734,
        9.46724889,  5.26584846,  6.07376657,  3.96938581, -3.43888608,
        8.72448305,  7.87047717,  0.85730272,  1.03721055,  8.35826554,
        6.81710168,  6.35658842,  4.10495774,  4.99959606, 13.38481204,
        8.14794227,  7.06527628,  7.92221105, 13.27646293,  7.11995191,
        2.83509862, 10.75282427,  5.52678527, 10.08628477, 10.98321678,
       12.49466201,  2.50863008,  4.67944759,  2.85788507,  5.0465952 ,
        8.21295444, 11.91410464,  5.94624943, 10.22163873,  3.37930772,
        8.85361915,  9.73376072,  1.15059264, 11.04743194,  1.79969506,
        4.25828829,  7.25202922,  2.2672972 ,  7.57725423,  5.58636802,
        7.65893215, 11.52537915,  6.90891019, -2.29113385,  7.97708546,
        8.08842066,  2.16832336,  7.65832177,  9.81159064, 10.43923316,
        3.98062488,  1.0817161 ,  9.76295248,  8.63108155,  7.26357459,
        2.54423122,  6.81853034,  6.45365329, 11.3232911 ,  5.04083176,
       12.8607924 , 11.23344625,  8.31903354,  3.14367524,  6.71869235,
        8.25848665,  1.77282295,  3.65717336,  8.32846627,  9.9174394 ,
        6.05692518,  4.21944302, 10.23931698,  4.91274328, 13.41513602,
        9.43416187,  4.63636632,  3.13539328,  6.18335055,  1.53707739,
        5.61467202,  6.5111733 ,  3.23145556,  3.41022205, -2.07333343,
       13.30968769,  3.82494062,  5.39569567,  6.13415814,  1.37292208,
        3.07177277, 13.18391553, 10.12816353,  2.74516544,  3.09710695,
        6.8019379 ,  5.34038046,  3.2762607 ,  5.96005512, 11.26218427,
        7.28016079,  4.56619962,  9.88937887, -1.65520076, 10.43965611,
        2.44372126,  0.05593988,  4.47111314,  4.37722133,  5.98773957,
        4.10199573,  9.24048099,  6.10392412,  8.20112445,  4.06759296,
        8.79640924,  9.29292777,  6.48629527,  5.80919737,  7.3525369 ,
        4.56135043, 14.57977076, 14.18157702,  4.68325426,  4.71936077,
        2.38776943,  4.64738549, 17.11241745, -0.48449692,  9.04317841,
        7.22043104,  7.91805606, 10.77196002,  2.17966784,  6.62820171,
       15.53997079,  6.62792789,  7.75866664,  7.71585917,  9.14500714,
        2.44829938,  7.16387108, 11.18733035,  3.16285692, 14.44962478,
        7.9734839 ,  2.29286828,  8.91694778,  5.19431971,  4.82347137,
        6.30543704,  6.62960565,  8.38076727,  9.86579471,  7.34873375,
        9.69886333,  6.97858741, 12.77974943, -1.69337678, 10.26854022,
        7.55676076, 11.30789955,  8.25494618,  5.7069379 ,  0.89890997,
        7.33619558,  6.46577359,  1.40017034,  7.41724292,  4.436418  ,
        7.14786764,  3.19365845,  4.5695545 ,  5.00692815, 11.87379541,
        9.80291173,  7.00626267,  1.82903169, -2.59807148,  9.47880999,
        5.78256916, 11.12487811,  7.53115214,  3.64823712,  8.15902467,
        8.32095958,  8.72039742, -1.02293981, 10.27388165,  7.28944067,
        6.71056444, -0.11188937,  3.91449311,  4.69324376, 16.29464348,
       10.78957892,  5.80840925,  2.99713993,  5.2593516 ,  3.50490743,
       -0.15449448,  0.96434288, 11.61630339,  8.27735506, 16.00285161,
        6.50006729, 11.31600174,  5.75130697,  7.256999  ,  6.63488972,
        4.54796937,  6.56338914, -2.63014256, 11.48578113, -0.07930807,
        6.90670298,  4.28074261,  8.93878941,  1.75778739,  8.37427446,
        1.98021715,  1.2163253 ,  7.06949543,  4.18699292,  9.63377599,
        9.23103552,  6.64477952,  0.39062191,  3.25198616,  6.63355733,
        7.3632658 ,  4.7339389 ,  4.29967855,  6.28514055,  4.22442813,
        2.26636681,  9.04310139, 10.2082415 ,  9.53831858, 13.91283266,
       10.51968209,  4.38525309,  4.79884727,  4.95086139,  0.11123929,
        2.08883224, 11.03308035,  7.40637327,  9.33221467,  4.25483408,
        7.44668255,  6.5262045 ,  1.19632846,  9.60393598,  7.88892398,
       10.90912402, 14.93227314,  4.40874761, 14.99067229,  4.41303737,
        3.9286857 ,  8.11305083, 10.11742447,  6.37018955,  2.54284042,
        9.48544732, 10.57743204, 11.8098314 ,  5.80598639, 11.59657591,
        9.669148  , 11.21606882,  4.319759  ,  7.52659734, 11.04373643,
        4.34999011,  4.20867203,  2.44338745,  5.13100548,  6.13849652,
        6.43077322,  5.79302418,  7.40061908,  6.23114872,  9.75695758,
        6.66230472,  5.13783843,  6.82973843,  5.36631725,  5.91760367,
        9.88460075, 10.20970926,  1.76158793, 12.391394  ,  8.91633619,
        8.19313104, -1.20569326,  3.8195473 ,  2.46703902, 15.08849437,
        6.95257834,  4.3953971 , 14.32326594,  5.51496623, 11.2356845 ,
        4.38642475,  3.16650808,  3.96148751,  1.47933114,  8.30810544,
        7.10266653,  9.82018761, 13.01570492,  9.41446686,  6.11188097,
        7.08611127, 14.30646318,  7.08945749,  9.01281824, 10.79261268,
        5.88842553, 11.66071255,  9.84974807,  5.62640076, 10.55719581,
        9.2548453 ,  7.1220303 , 13.27635001,  2.97914591,  8.53036898,
       10.17573671,  1.95299571,  5.83313985,  4.72347567,  8.03072078,
       11.73373652,  3.01890332,  1.82339293,  5.46703218,  7.46086484]), array([ 4.89776438e+00,  1.18451195e+01,  1.03097963e+01,  8.84626234e-01,
        6.10442062e+00,  5.59527578e+00,  5.52032778e+00,  1.23487412e+01,
        5.21614417e+00,  1.01143250e+01,  1.03208185e+00,  1.12431568e+01,
        8.51999655e+00,  2.85691997e-01,  6.16498975e+00,  7.53203402e-01,
        8.52271201e+00,  1.27007019e+01,  1.04007790e+01,  9.48704649e+00,
        7.46428941e+00,  2.46948760e+00,  4.26081710e+00,  4.60985920e+00,
        7.61366126e+00,  7.18811933e+00,  5.97615764e-01,  5.73877510e+00,
        8.67393950e+00,  2.73400747e+00,  8.28517774e+00,  6.91913899e+00,
        7.39406123e+00,  5.98191480e+00,  3.79316408e+00,  6.09480191e+00,
        9.17270311e+00,  5.91325702e+00,  6.47572109e+00,  4.07337135e+00,
        1.66768875e+00,  5.20445142e+00,  7.47341891e+00,  8.06412453e+00,
        2.40361716e+00,  1.08408089e+01,  4.13980847e+00,  1.82495819e+01,
        5.49253563e+00,  1.18542180e+01,  9.78195276e+00,  6.41867313e+00,
        3.32996928e+00,  1.18477249e+01,  1.06275162e+01,  5.48169238e+00,
        6.49350192e+00,  6.06556105e+00,  3.08097337e+00,  1.61463098e+01,
        6.62322482e+00,  8.32011905e+00,  1.64637820e+01,  7.89542115e+00,
        7.27306295e+00,  1.06601587e+01,  1.07493786e-02,  9.06180551e+00,
        4.57166359e+00,  1.72551390e+01,  7.28406285e+00,  7.46849897e+00,
        7.54164274e+00,  4.26617383e+00,  1.00135506e+01,  4.45545004e+00,
        8.93653586e+00,  9.61436670e+00,  9.29034305e+00,  8.81754878e+00,
        8.00730239e+00,  5.22434321e+00,  4.30010606e+00,  9.32461248e+00,
        1.25665776e+01,  7.69909633e+00,  1.22226731e+01, -1.29967292e+00,
        6.38267121e+00,  8.56429203e+00,  2.49110763e+00,  1.02125388e+01,
        6.79080975e+00,  9.47296463e+00,  8.80099215e+00,  6.30237792e+00,
        8.54052611e+00, -1.79945509e+00,  1.12915790e+01, -1.04173284e-01,
        1.11706539e+01,  9.28075965e+00,  5.93141184e+00,  1.39086409e+01,
        1.05510750e+01,  8.05921804e+00,  7.35693100e+00,  3.86098540e+00,
        6.20585187e+00,  3.79154586e+00,  3.27768627e+00,  1.44658040e+01,
        1.21027092e+01,  8.57685393e+00,  7.03510552e+00,  7.19009636e+00,
        4.19912980e+00,  8.73484482e+00,  1.21992344e+01,  8.41373902e+00,
        4.77843406e+00,  3.81553005e+00,  4.31176204e+00, -4.60310509e-01,
        1.16782506e+01,  1.34921984e+01,  5.03799158e+00,  6.07831763e+00,
        7.01015746e+00,  8.38465140e+00,  1.02609345e+01,  6.13965152e+00,
        1.23704193e+01,  8.21128988e-01,  1.05942671e+01,  1.02174917e+01,
        9.53557528e+00,  7.82929950e+00,  4.72273681e+00,  1.04195589e+01,
        3.69241827e+00,  9.55303013e+00,  3.36483107e+00,  9.17822082e+00,
        1.20892650e+01,  9.17976227e+00,  1.23298659e+01,  6.95756253e+00,
        1.16871169e+01,  6.97666185e+00,  7.59177684e+00,  4.52031553e+00,
        1.20159886e+01,  4.97323000e+00,  6.82654657e+00,  9.56368746e+00,
        4.38185391e+00,  6.17586415e+00,  6.71900362e+00,  6.18521451e+00,
        7.67934934e+00,  8.43976472e+00,  4.19692111e+00,  7.85415255e+00,
        6.56163017e+00,  4.64431978e+00,  6.53789930e+00,  7.76927566e+00,
        7.10158601e+00,  1.00160710e+01,  3.79139336e+00,  1.40561296e+01,
        5.50968861e+00,  8.90590079e+00,  1.19909147e+01,  5.30511761e+00,
        9.68575679e+00,  4.49959400e+00,  1.11781810e+01,  8.61151725e+00,
        8.28547715e+00,  3.50259124e+00,  2.51723695e+00,  8.35686434e+00,
        1.07358681e+01,  1.01688294e+01,  1.13692022e+01,  5.87559400e+00,
        9.04365032e+00,  8.74578178e+00,  2.94541834e+00,  7.06481215e+00,
        7.16865506e+00,  3.74481677e+00,  7.73961902e+00,  1.04264665e+01,
        8.15801320e+00,  6.36819945e+00,  1.01666256e+01,  5.04795677e+00,
        1.00697159e+01,  7.62069361e+00,  3.95614345e+00,  4.80250686e+00,
        7.14273148e+00,  1.03430154e+01,  9.12768883e+00,  1.04411919e+01,
        5.59661284e+00,  1.12014531e+01,  8.79762359e+00,  3.41567670e+00,
        3.59440984e+00,  9.88301990e+00,  9.02543902e+00,  1.32079246e+01,
        1.39504735e+01,  1.34814458e+01,  4.34425705e+00,  3.71856449e+00,
        9.74045158e+00,  1.13341153e+01,  1.43951030e+01,  8.43629091e+00,
        9.04786419e+00,  5.42637470e+00,  9.43162443e+00,  5.85207612e+00,
        1.01158466e+01,  1.00937002e+01,  8.99594465e+00,  3.21939282e+00,
        1.19598782e+01, -2.33052775e+00,  6.28312848e+00,  6.46040097e+00,
        6.09609960e+00,  4.94914988e+00,  1.33100617e+01,  1.23959227e+01,
        8.48007012e+00,  1.16910607e+01,  1.41902228e+01,  1.29398514e+01,
        6.36541200e+00,  5.43605842e+00,  1.03371760e+01,  3.82339351e+00,
        5.13241632e+00,  3.31062307e+00,  6.47370963e+00,  1.53995910e+01,
        1.07701081e+00,  7.31944365e+00,  4.79343581e+00,  7.18423883e+00,
        8.41974829e+00, -9.60982591e-01,  3.46734482e+00,  6.41364339e+00,
        4.58141819e+00,  7.99093604e+00,  7.87812063e+00,  1.71477912e+01,
        8.97787706e+00,  7.65979673e+00,  3.86736225e+00,  5.63364262e+00,
        3.96864461e+00,  1.86320280e+01,  3.36342615e+00,  7.61586804e+00,
        5.44914565e+00,  8.75348933e+00,  5.13099579e+00,  1.47069285e+01,
        1.34314730e+01,  1.09769593e+01,  4.62059148e+00,  9.51482842e+00,
        1.26972735e+01, -1.72036754e+00,  8.64253591e-01,  8.25003503e+00,
        3.19647771e+00,  3.94913601e+00,  1.27769115e+01,  7.76344464e+00,
        1.48181255e+01,  1.40866088e+01,  2.31326101e+00,  1.37296268e+01,
        7.61510998e+00,  6.68449315e+00,  4.66148209e+00,  8.37942195e+00,
        1.22692925e+01,  8.04012491e+00,  4.46979900e+00,  9.83840826e+00,
        1.06446388e+01, -7.57960241e-01, -5.28251868e+00,  7.48529505e+00,
        9.37437998e+00,  1.06869267e+01,  1.00881514e+01,  3.21968416e-01,
        1.05259958e+01,  1.56589997e+01,  4.48317848e+00,  1.48422421e+00,
        4.42966753e+00, -5.15264061e-01,  5.80803043e+00,  2.53513492e+00,
        1.26244377e+00,  7.01079590e+00,  1.03769115e+00,  8.03059481e+00,
        9.53555662e+00,  5.43336685e+00,  5.47705574e+00,  1.11638626e+01,
        7.33513078e+00,  1.76125555e+01,  8.63056489e+00,  5.94670424e+00,
        2.85132583e+00,  6.41004332e+00,  1.15818300e+01,  8.90104264e+00,
        1.21340302e+00,  4.98116852e+00,  1.04155574e+01,  9.38321699e+00,
        6.39888747e+00,  8.06983298e+00,  7.50917552e+00,  4.35794777e+00,
        8.46135424e+00,  4.38637337e+00,  5.65537208e+00,  8.61886207e+00,
        5.68936204e+00,  3.74601560e+00,  3.22669836e+00,  5.56624937e+00,
        1.37229058e+01,  1.29616533e+01,  1.90737489e+00,  6.62451178e+00,
        4.69076143e+00,  1.70247860e+01,  7.91134936e+00,  7.50086598e+00,
        1.41107067e+01,  1.21178331e+01,  8.93480523e+00,  7.13975926e+00,
        7.87546889e+00,  1.11044533e+00,  9.11396714e+00,  6.94538255e+00,
        9.45209003e+00,  1.11186472e+01,  8.22801886e+00,  7.08228586e+00,
        6.63302042e+00,  1.78707269e+00,  1.33287013e+01,  9.54431148e+00,
        5.42381566e+00,  7.93302790e+00,  1.50268541e+01,  4.84278203e+00,
        1.18898504e+00,  2.88524128e+00,  9.03448517e+00,  6.46786199e+00,
        1.53884767e+01,  3.34566682e+00,  1.82323062e+00,  1.11814281e+01,
        3.36873891e+00,  1.50714082e+00,  5.21217222e+00,  9.93397450e+00,
        7.70827801e+00,  1.09376099e+01,  9.82777125e+00,  7.66157478e+00,
        5.59602087e+00,  1.36160830e+01,  1.06068599e+01,  2.73970636e+00,
        8.94105471e+00,  1.21432684e+01,  1.44240268e+01, -4.16422265e+00,
        6.61143641e+00,  7.90208801e+00,  1.34794735e+01,  1.44088815e+01,
        5.65987987e+00,  9.94029143e+00,  5.54481781e+00,  1.11995227e+01,
        5.07395901e+00,  1.16520511e+01,  7.48736032e+00,  6.07431728e+00,
        1.78566033e+00, -1.56760144e+00,  9.42822891e+00,  1.04860334e+01,
        7.78242772e+00,  8.64834244e+00,  7.71854052e+00,  1.32934445e+01,
        7.43544354e+00,  1.03538834e+01,  9.97865299e+00,  8.80603278e+00,
       -2.48649573e+00,  9.43053411e+00,  3.79864477e+00,  8.80226271e+00,
        1.12651134e+01,  2.74647891e+00,  1.30726898e+01,  8.94695746e+00,
        3.57983505e+00,  5.30382290e+00,  5.98657854e+00,  8.42697729e+00,
        3.99917626e+00,  1.01318607e+01,  6.11075007e+00,  3.96126268e+00,
        8.88177840e+00,  5.71454975e+00,  5.29571426e+00, -1.88243872e-01,
        6.56240022e-01,  6.47999271e+00,  1.36473554e+01,  7.07233735e+00,
        6.08725694e+00,  1.14675498e+01,  1.04622181e+01,  1.25428805e+01,
       -6.75669255e+00,  1.00921799e+01,  7.14136807e+00,  1.01085758e+01,
        5.87863157e+00,  7.06466621e+00,  4.57184643e+00, -3.28492883e+00,
        8.67438265e+00,  8.61916252e+00,  1.67108463e+00,  2.17375771e+00,
        9.10454533e+00,  7.98619777e+00,  7.38613353e+00,  5.00206455e+00,
        5.83164214e+00,  1.41466532e+01,  9.02165421e+00,  7.58879795e+00,
        8.59564322e+00,  1.46194842e+01,  7.40123711e+00,  3.00246952e+00,
        1.23211159e+01,  6.83661669e+00,  1.12468348e+01,  1.19354818e+01,
        1.28862866e+01,  3.17411310e+00,  5.06134040e+00,  3.42622911e+00,
        5.60330477e+00,  8.77503993e+00,  1.29588908e+01,  6.57362901e+00,
        1.11819308e+01,  4.25695747e+00,  8.89207662e+00,  1.07113120e+01,
        1.65020885e+00,  1.12202539e+01,  1.60618820e+00,  4.80768473e+00,
        8.17413859e+00,  3.53573268e+00,  8.85635699e+00,  6.69056456e+00,
        8.70078943e+00,  1.24686660e+01,  7.43487003e+00, -2.37043738e+00,
        8.77343166e+00,  8.51151663e+00,  2.59931895e+00,  8.35445377e+00,
        1.05296658e+01,  1.13136662e+01,  4.72826615e+00,  1.57585002e+00,
        1.08155296e+01,  9.28879410e+00,  7.57929585e+00,  3.30866126e+00,
        7.57307944e+00,  7.60198652e+00,  1.24999567e+01,  5.88013742e+00,
        1.36517846e+01,  1.16093641e+01,  9.31109649e+00,  3.57881536e+00,
        7.88390658e+00,  9.05460264e+00,  2.03963670e+00,  4.10465465e+00,
        8.81233463e+00,  1.09179157e+01,  7.18212995e+00,  5.35302881e+00,
        1.11045973e+01,  5.57958973e+00,  1.32129981e+01,  9.86893031e+00,
        4.94444030e+00,  3.11017122e+00,  6.90659459e+00,  1.63195654e+00,
        6.43850598e+00,  7.50855506e+00,  4.27308707e+00,  3.76360630e+00,
       -1.16404406e+00,  1.41899631e+01,  4.27216402e+00,  6.17143463e+00,
        6.95756559e+00,  1.30695826e+00,  3.40321368e+00,  1.33342226e+01,
        1.10396843e+01,  3.09820816e+00,  4.30994260e+00,  6.99879869e+00,
        5.90909255e+00,  4.20335069e+00,  7.02829865e+00,  1.16475589e+01,
        8.07299244e+00,  5.24781199e+00,  1.08494678e+01, -9.16031417e-01,
        1.18668090e+01,  3.36071574e+00,  8.85079726e-01,  4.97142621e+00,
        5.26788509e+00,  6.62218735e+00,  4.94950679e+00,  9.77968878e+00,
        6.58124109e+00,  8.54571557e+00,  5.39737163e+00,  9.61492418e+00,
        9.75651021e+00,  7.49272518e+00,  6.54125728e+00,  8.52460395e+00,
        5.20893486e+00,  1.57770585e+01,  1.49489296e+01,  5.04765258e+00,
        5.79045584e+00,  3.21162699e+00,  4.77990434e+00,  1.85899626e+01,
       -1.66641113e-01,  9.62939607e+00,  7.91770139e+00,  8.73771387e+00,
        1.19020459e+01,  2.78089075e+00,  6.89658306e+00,  1.65838016e+01,
        7.34163578e+00,  9.17063678e+00,  8.84223058e+00,  9.96056190e+00,
        2.98976436e+00,  8.77381928e+00,  1.18170569e+01,  4.20605342e+00,
        1.46066095e+01,  9.20280418e+00,  3.08813137e+00,  9.66362670e+00,
        6.06789425e+00,  5.71932143e+00,  7.61190479e+00,  7.66149503e+00,
        9.04365954e+00,  1.12774475e+01,  8.16610391e+00,  1.04042256e+01,
        8.05538993e+00,  1.39884638e+01, -1.82767827e+00,  1.11211828e+01,
        7.82304033e+00,  1.30078207e+01,  8.90256963e+00,  6.60612564e+00,
        1.81289632e+00,  7.75995115e+00,  6.44340335e+00,  2.39137507e+00,
        8.13145015e+00,  4.83209951e+00,  7.51698441e+00,  3.59531217e+00,
        5.03097928e+00,  5.41004868e+00,  1.32712323e+01,  1.10726076e+01,
        7.51348662e+00,  2.75707632e+00, -2.74868372e+00,  1.00774683e+01,
        6.18024224e+00,  1.20373469e+01,  8.01082503e+00,  4.41223573e+00,
        8.72272889e+00,  9.05009575e+00,  9.46760483e+00, -2.98381334e-01,
        1.11157946e+01,  7.87401409e+00,  7.69879464e+00,  2.09993297e-01,
        4.81680140e+00,  4.92132264e+00,  1.73287672e+01,  1.14036503e+01,
        7.23782309e+00,  3.74118004e+00,  5.71969706e+00,  4.09053448e+00,
        2.28483146e-01,  1.26631634e+00,  1.27858078e+01,  8.81772154e+00,
        1.71515949e+01,  7.62827726e+00,  1.22831757e+01,  6.54483867e+00,
        7.75948138e+00,  6.98679910e+00,  4.94143809e+00,  7.30170985e+00,
       -1.81546884e+00,  1.28251482e+01, -1.42524871e-01,  7.83155538e+00,
        4.55236659e+00,  9.60467828e+00,  2.32989483e+00,  9.12864521e+00,
        2.05617860e+00,  1.35733860e+00,  8.22669202e+00,  5.45065105e+00,
        1.01507762e+01,  9.89199537e+00,  7.59729380e+00,  8.75614981e-01,
        3.50130956e+00,  7.59118650e+00,  8.58313775e+00,  5.78171501e+00,
        5.53475647e+00,  7.06032263e+00,  4.57787153e+00,  3.45258053e+00,
        9.89342857e+00,  1.07744306e+01,  1.03331821e+01,  1.50873160e+01,
        1.11379782e+01,  4.80838487e+00,  5.27147792e+00,  5.31325744e+00,
       -1.44899166e-01,  3.08137082e+00,  1.13970722e+01,  8.70830277e+00,
        9.89089497e+00,  4.35141738e+00,  8.21847794e+00,  6.85380403e+00,
        2.12644898e+00,  1.05465404e+01,  9.36420704e+00,  1.20473288e+01,
        1.57453519e+01,  5.09692881e+00,  1.57631877e+01,  5.32515223e+00,
        4.86809350e+00,  8.94302370e+00,  1.14164219e+01,  6.61174405e+00,
        3.42198377e+00,  1.07079358e+01,  1.10923156e+01,  1.28690921e+01,
        6.33699043e+00,  1.23334559e+01,  1.01938458e+01,  1.20437165e+01,
        5.21547920e+00,  7.91762682e+00,  1.19249499e+01,  5.20169624e+00,
        5.05269388e+00,  3.55894887e+00,  5.65956673e+00,  7.64767328e+00,
        7.20975201e+00,  6.68019990e+00,  8.04124978e+00,  7.09907173e+00,
        1.04386097e+01,  7.73580503e+00,  6.08022398e+00,  8.06452544e+00,
        5.71159324e+00,  6.51389585e+00,  1.10021953e+01,  1.07872481e+01,
        2.78933845e+00,  1.37401330e+01,  9.72372518e+00,  8.17771674e+00,
       -3.12574255e-02,  4.57451645e+00,  3.34453335e+00,  1.60784087e+01,
        7.79368760e+00,  4.97505554e+00,  1.53571448e+01,  6.39393495e+00,
        1.18044775e+01,  5.99815109e+00,  3.04217002e+00,  4.62310782e+00,
        1.97892406e+00,  8.57600171e+00,  7.72352866e+00,  1.04483981e+01,
        1.36210326e+01,  1.02501915e+01,  7.03842622e+00,  7.80886818e+00,
        1.51255499e+01,  7.64179093e+00,  1.00454870e+01,  1.12755086e+01,
        6.55504597e+00,  1.28960863e+01,  1.10806808e+01,  6.70811413e+00,
        1.17113999e+01,  1.01795826e+01,  7.26174763e+00,  1.39253533e+01,
        3.82541432e+00,  9.13610384e+00,  1.10007468e+01,  2.86646772e+00,
        6.59057160e+00,  5.48417240e+00,  8.39216889e+00,  1.26098468e+01,
        3.57459161e+00,  2.66340357e+00,  6.00902765e+00,  8.47696497e+00])]

444555666


INFO:numexpr.utils:Note: NumExpr detected 16 cores but "NUMEXPR_MAX_THREADS" not set, so enforcing safe limit of 8.
INFO:numexpr.utils:NumExpr defaulting to 8 threads.
WARNING:root:[array([-1.66501844e+00,  4.07230412e+00,  7.89388947e+00,  1.29079894e+00,
       -4.12819157e+00, -1.75203708e+00, -4.36242188e+00,  6.56307698e+00,
        3.71126731e+00,  1.85144356e+00, -5.31594810e+00,  1.53722728e+00,
        3.03772790e+00,  7.56457572e-01,  9.26129253e-01, -4.29595038e+00,
        2.26590381e+00,  5.35266456e+00,  3.17933796e+00,  6.47666988e-01,
        4.24518557e-01, -7.23345678e-01, -4.00781704e+00, -4.84344649e+00,
        5.85302232e+00,  2.12677677e+00, -1.23448238e+00,  1.47242296e+00,
        1.51423301e+00,  2.01676244e+00,  1.38045267e+00,  5.13767619e+00,
        2.85149143e+00, -3.78300313e+00,  6.21651722e-01, -2.76535369e+00,
        2.00356722e+00,  2.22361393e+00,  2.77031784e+00, -1.06221369e+00,
       -4.68513807e+00, -1.34543776e+00,  4.61262351e+00,  3.47333568e+00,
       -6.53560305e+00,  6.68352591e+00,  1.37937684e+00,  1.59132994e+01,
       -4.45168691e-01,  7.38477670e+00,  4.03499711e+00, -1.33312891e+00,
       -3.81326990e+00,  7.63855481e+00,  4.57516229e+00,  6.97470269e+00,
        1.74053912e+00, -4.50322726e-01, -4.60253022e+00,  7.76865994e+00,
        2.26509954e+00,  5.71917462e+00,  3.14836636e+00,  2.50187779e+00,
        2.85046985e+00,  7.76842682e+00, -8.88688187e+00,  2.00077224e+00,
        2.78172807e+00,  1.39995080e+01, -8.29665690e-01,  1.98641524e+00,
       -8.67893729e-01, -6.68957107e+00,  4.67299846e+00,  3.23432225e-01,
        5.30045877e+00,  3.63126285e+00,  3.07796163e+00,  1.45694774e+00,
        3.74675702e+00,  3.81923594e+00, -4.65972579e+00,  3.89258170e-01,
        7.63293782e+00, -3.98509838e+00,  4.56863890e+00, -6.68073733e+00,
        7.16503787e-01,  1.83975084e+00,  4.64893770e-01,  1.42898669e+00,
       -2.79115685e+00,  6.48691668e+00, -5.23885160e-02,  4.29681098e+00,
        4.40658805e+00, -6.61622699e+00,  5.37527553e+00, -3.97003131e+00,
        3.34417491e+00,  6.47353594e+00, -1.51676856e+00,  8.68262311e+00,
        2.03299054e+00,  4.29536973e+00,  1.73055046e+00,  7.71521458e-01,
       -3.21419920e+00, -2.22976446e+00,  4.61510552e+00,  5.80796284e+00,
        1.91067441e+00,  4.27797362e-01,  4.73349492e+00,  4.38452736e+00,
       -7.52119368e-01,  3.74246810e+00,  9.76307637e+00,  3.63688736e+00,
        4.47091711e-02, -2.48879337e+00,  1.01364836e+00,  5.21751623e-01,
        4.55559957e+00,  7.14325356e+00, -2.61868731e+00,  4.68981639e+00,
        1.39771919e+00,  7.25495959e+00, -4.39423176e-01, -3.98479670e+00,
        6.12669897e+00, -5.55360946e+00,  4.63146062e+00,  6.92583815e+00,
        4.96407744e+00, -2.05983399e-02, -2.25764709e+00,  3.12917386e+00,
       -2.59909516e+00,  6.21837105e+00, -5.71040762e+00, -2.13340957e+00,
        5.53785288e+00,  2.91453922e+00,  5.06434754e+00, -1.63697093e+00,
        4.91626805e+00,  7.29823961e+00,  4.27769937e+00,  1.19562182e+00,
        5.70681631e+00,  2.13257247e+00,  5.54378929e+00,  1.44481811e+00,
       -2.89367833e+00,  1.38505495e+00, -2.20354384e+00,  2.73924980e+00,
        6.86136377e-01,  3.18719239e+00,  4.44952371e-02,  2.96299914e+00,
        5.40460089e+00,  5.02381454e+00,  1.60077687e+00,  3.01715367e+00,
        3.81561164e+00,  7.10652853e-01, -3.45494278e+00,  5.01849178e+00,
        2.38066506e+00,  3.18180575e+00,  4.47464013e+00, -1.37477659e+00,
        7.10137433e+00, -5.05841042e+00,  7.60928124e+00,  1.91563698e+00,
        1.05402564e-01, -1.46538860e+00, -3.84489115e+00,  1.11095904e+00,
        2.80327205e+00,  2.41542490e+00,  4.86527662e-01,  2.80038687e+00,
        3.10157183e+00, -6.63484412e-01, -3.47583233e+00,  2.06664062e+00,
       -1.95244745e-01,  2.71807763e-01,  2.17333914e+00,  2.79290115e+00,
        1.53071416e+00,  1.99654586e+00,  2.78486954e+00,  1.87059411e+00,
        9.24794474e-01, -7.37364428e-01, -9.87018018e-01, -3.48160710e-01,
        6.58885445e-02,  4.97736059e+00,  1.71608193e+00,  5.67330106e+00,
        2.09914185e-01,  6.34561550e+00,  1.98622166e-01, -2.02914750e+00,
       -2.13757464e+00,  4.63323308e+00,  3.94049194e+00,  4.28115005e+00,
        2.43006782e+00,  3.44197511e+00, -3.95819443e+00, -1.69663561e-01,
        4.21237547e+00,  3.82825909e+00,  4.76688628e+00, -1.06260488e+00,
        5.22691137e+00,  6.06129863e-01, -4.35568339e-01, -6.57269627e-02,
        7.24139481e+00,  5.57782546e+00,  3.21373178e+00, -3.84939232e+00,
        5.39299122e+00, -2.58048246e+00, -2.24922302e+00, -2.47015865e+00,
       -1.12528785e-01, -2.84826481e+00,  6.05640247e+00,  8.01476332e+00,
        2.82295977e+00,  5.20095319e+00,  9.81681521e+00,  1.74027880e+00,
       -1.13526189e+00,  6.31721721e-01,  3.56074962e+00,  1.67607901e-02,
       -1.13177515e-01, -9.50783840e+00, -1.43965007e+00,  9.18807778e+00,
       -2.81796032e+00,  2.39238358e+00, -2.39823871e+00,  5.24260815e+00,
       -4.72501605e+00, -3.68613685e+00, -3.85984722e+00, -2.76240663e-01,
        4.77002633e-01, -7.67725398e-01,  2.35546262e-01,  6.64831724e+00,
        5.68813813e+00,  6.79208861e+00,  2.89449515e-01,  1.67116475e+00,
       -6.24139858e-01,  9.15075820e+00, -5.66666627e+00,  2.49097950e+00,
       -1.04160511e+00,  1.65596056e+00,  1.35517421e+00,  4.79580032e+00,
        1.40504619e+00,  2.36274979e+00, -2.27981695e+00,  3.96288736e+00,
        8.66015872e+00, -9.10239583e+00, -5.77500628e+00,  1.99679345e+00,
       -2.97745016e+00, -8.25261938e-01,  7.85592250e+00, -7.54723139e-01,
        5.10928306e+00,  5.06805807e+00, -4.21052250e+00,  6.87375660e+00,
        1.87175436e+00,  4.59540427e-01, -3.04892620e+00,  1.33311835e+00,
        5.19365869e+00,  4.14299316e+00,  3.07152985e+00,  9.24065267e-01,
        3.14606763e+00,  2.27394880e-01, -7.21569124e+00, -5.66792865e+00,
       -8.37424911e-01,  9.36648188e+00,  3.67567145e+00, -7.57903930e-01,
        3.10825119e+00,  9.09652320e+00,  1.20019563e+00,  5.82340912e-01,
       -3.01948580e-01, -7.30431019e+00, -8.36254147e-02, -1.15103935e+00,
        3.47324697e-01,  1.59540748e+00, -2.87687825e+00,  3.46876965e+00,
        5.45461987e+00, -1.37892740e+00, -2.35919419e+00,  4.99867380e+00,
        2.27287004e+00,  8.41620701e+00,  2.61641022e+00, -7.82499517e-01,
       -1.81691320e+00,  4.05452283e+00,  7.13683134e+00,  4.71951389e+00,
       -3.55835901e+00,  1.97468620e+00,  4.11422389e+00,  4.92249893e+00,
        4.46950685e+00,  1.06256966e+00,  2.53380849e+00,  4.05737185e+00,
        5.14688275e+00, -2.24973175e+00,  2.24461953e-01,  2.70416530e+00,
        1.67921175e-01, -1.47334007e-02, -2.33558856e+00,  2.48559608e-01,
        2.34266351e+00,  6.38413980e+00, -5.82647469e-01, -1.77483173e+00,
       -5.28151607e-01,  6.07489149e+00,  4.03634800e+00,  5.82680726e+00,
        2.34039505e+00,  3.09847871e+00, -3.05891790e+00, -2.68619172e+00,
        5.30060508e+00, -6.81304840e-01, -1.77320591e+00,  3.12261825e+00,
        6.43760505e+00,  4.65699287e+00,  5.10478899e+00,  7.92713166e-01,
        4.91990757e-01, -1.62753524e+00,  4.47056095e+00,  4.06314228e+00,
        2.92198442e+00,  1.09276266e-01,  9.15765220e+00, -4.66236528e-01,
        1.30234392e+00, -1.88560995e+00,  1.31179367e+00,  8.20128891e-01,
        7.52698700e+00, -2.75279436e+00, -3.39373587e+00,  5.51599736e-01,
       -3.46503944e+00, -6.10847389e+00, -2.99843068e+00,  1.28343671e+00,
       -1.67064371e+00,  3.16289080e+00,  3.18170566e+00,  2.26700642e+00,
        2.10628790e+00,  3.65686914e+00,  3.73500156e+00, -1.51890252e+00,
        4.54697015e+00,  3.04099046e+00,  3.69978560e+00, -5.80276354e+00,
       -1.61983972e+00, -7.92306717e-01,  2.72400065e+00,  2.05627482e+00,
        4.17010544e+00,  2.90288243e+00, -3.44141629e+00,  2.52982054e+00,
       -1.36738798e+00,  5.56035200e+00,  3.48930186e+00,  1.57273302e+00,
       -2.81374928e+00, -5.91484726e+00, -1.76809154e-01,  2.72442542e+00,
        7.04370167e-01,  1.67141507e+00, -8.59952105e-01,  3.62732526e+00,
        1.58486214e+00,  5.10665461e+00,  4.39542480e-01,  4.66993002e+00,
       -7.31833437e+00,  7.91227778e-01, -3.85145111e-01, -5.20589214e-01,
        7.31283059e+00, -4.07824981e+00,  8.94487893e+00, -3.22189731e-01,
       -5.39582895e+00, -1.82961277e+00,  6.03146723e-01,  8.87850457e+00,
       -6.88037625e+00,  1.22698739e+01, -2.84773205e+00, -1.79888135e+00,
        1.96507257e+00,  3.77227426e+00, -3.85136120e+00, -5.17469464e+00,
       -7.50548272e+00,  9.75634852e-01,  5.13871777e-01,  7.25952529e-01,
       -7.02133710e-01,  3.84935331e+00,  4.36144931e+00,  1.42397063e+00,
       -8.07344626e+00,  4.94812160e+00,  9.08845296e-01,  5.13891955e+00,
        9.80235969e-01, -8.19239705e-01, -1.11939774e-01, -4.28955682e+00,
        9.22073124e+00,  2.83200669e+00, -4.70703950e+00, -6.88830754e+00,
        3.04076930e+00, -1.32300483e+00, -8.22161635e-01, -2.01481712e+00,
       -7.70678345e-01,  8.12106856e+00,  2.00227512e+00,  3.34511874e+00,
        3.22136323e+00,  3.74643234e+00,  5.31833222e+00,  1.80475518e+00,
       -4.00645165e-01, -3.62273989e+00,  1.90580925e+00,  4.23919229e+00,
        9.78570988e+00, -2.00371486e+00,  2.22458914e+00, -1.06703080e+00,
        1.20017994e+00,  4.05297545e+00,  4.48815015e+00,  1.82357313e+00,
        3.31112306e+00, -2.80916781e+00,  8.76633038e+00,  2.64929614e+00,
       -2.12155211e+00,  9.85464761e+00,  3.34363941e+00,  6.42666528e-01,
        7.85287146e-01, -6.48450804e+00, -1.33542511e+00, -2.13889165e+00,
        1.47324223e-01,  5.06814281e+00,  3.36842543e+00, -1.36755179e+00,
        2.42750080e+00,  5.05059408e+00, -7.87963726e-01,  2.81559795e+00,
        4.96798972e+00,  4.41598203e+00, -1.20528770e+00, -2.26971784e+00,
        2.25262614e+00,  3.96364874e+00,  5.27461710e+00, -2.79972175e+00,
        1.68723995e+00, -1.53155689e+00,  3.03364849e+00, -6.95224467e-01,
        7.31794096e+00,  8.54863573e+00,  1.36775850e+00,  1.80459936e-01,
       -1.51097141e+00,  2.68404386e+00,  1.50564815e-01,  6.86766584e-01,
        4.84916152e+00,  2.99319109e+00, -1.73904121e+00, -3.53502460e+00,
        4.25318321e+00,  3.23388674e-01,  1.48048923e+01,  6.35786389e+00,
        2.62812369e+00,  3.60035308e+00,  1.33298527e+00,  8.90820521e-01,
        4.88096921e-02, -5.34567462e-01, -3.78054602e+00,  1.06959192e+00,
       -8.14022159e+00,  6.94009359e+00,  8.02267810e-01,  4.53864495e-02,
        2.50825219e-01,  1.97046672e+00,  9.05476015e-01,  1.21178282e+01,
        3.43851802e+00,  3.69946026e-01, -5.37199614e+00,  5.74806703e+00,
        1.52660476e+00, -3.26307274e+00, -1.46041961e+00,  8.60652139e+00,
        1.76400115e+00, -1.99838672e-01,  3.30949183e+00, -6.55787536e+00,
        4.03774442e-01, -4.10418506e+00, -5.59783298e+00,  1.12203634e+00,
       -1.76198923e+00,  1.61295749e+00, -1.63468030e+00,  5.46196063e+00,
        2.87377107e+00,  5.95044363e+00, -5.15892000e+00,  3.10706402e+00,
        6.23720004e+00, -3.86962637e-01,  7.59539807e-01, -1.06331469e+00,
        1.67322645e-01,  6.08411888e+00,  8.64499877e+00,  2.13305309e+00,
       -2.77811829e+00, -3.30535125e+00,  3.84918059e+00,  6.66527852e+00,
       -2.58538613e+00,  5.03997091e+00,  2.36410889e+00,  2.15554752e+00,
        2.80738617e+00, -1.83653675e+00,  4.78547427e+00,  8.16271431e+00,
        1.57010259e+00, -2.24551830e+00, -1.32191761e-01,  3.41553277e+00,
       -1.29487508e+00, -4.36754487e+00,  6.71617172e+00, -4.00559546e+00,
        1.31792076e+01, -7.26970633e-01, -3.27645732e+00,  3.71867696e+00,
       -8.24328661e-01, -1.46400621e+00, -2.93803690e+00, -5.47629057e-01,
        3.72490747e+00, -3.59172240e-02,  1.60852089e+00,  4.98987341e+00,
       -5.72373111e-01,  4.21205564e+00, -5.55427430e-01,  4.32336302e+00,
        5.76610763e+00, -5.29840226e-01,  3.63794536e+00, -4.87081961e-01,
       -5.47587487e+00,  4.52848754e+00,  6.64266992e+00, -5.23327247e+00,
        2.54250827e+00,  1.80157283e+00,  4.60248122e+00,  4.43554639e-01,
        1.36877286e+00,  2.39148634e+00,  1.99556568e+00,  1.14816316e+00,
        3.50294466e+00, -4.60396968e+00, -1.33335964e+00,  5.35548090e+00,
        3.34949334e+00,  4.85463686e+00,  4.18916441e+00, -1.80199292e+00,
        4.34388052e+00,  3.23354960e+00,  3.63034508e+00, -5.72459280e+00,
        4.24345710e+00,  3.18853688e+00, -1.87551633e-01, -2.19913613e+00,
       -2.19215745e+00,  3.15955582e+00,  9.02184416e+00,  6.50220022e+00,
       -4.19513389e+00, -2.03715281e+00,  2.21322511e+00, -3.78001754e-01,
       -2.64685211e+00, -1.01820945e+00,  3.33238397e+00,  4.71966083e+00,
        7.78547705e+00, -1.44251315e+00,  4.55489971e+00,  4.22684652e-01,
        3.64251155e+00,  4.31745372e+00,  1.76835018e+00,  1.35611325e+00,
       -8.10158516e+00,  2.07834226e+00,  6.83733855e-01,  4.19089633e-01,
        2.45295460e+00,  4.33874924e+00, -1.97957747e+00,  3.19146161e+00,
        1.64276949e+00,  3.37478093e-01, -9.85107289e-01, -4.71585163e+00,
        6.19795399e+00,  4.58285316e+00, -1.28106665e-01, -2.92278593e+00,
        1.75038157e+00,  6.54971868e-02, -1.23356507e+00, -2.57995396e+00,
       -4.29744809e+00,  1.07802166e+00,  1.89718603e+00, -5.80131889e+00,
        3.11266316e+00,  6.19476029e+00,  4.02476848e+00,  5.69340621e+00,
        6.07690046e+00,  1.54053268e+00,  1.50136099e+00,  2.61744491e+00,
        2.13179262e+00, -4.56158167e+00,  8.49796490e+00, -1.72100311e+00,
        5.51852074e+00,  3.62556400e+00,  2.18905945e+00,  4.28523832e+00,
       -5.25564318e+00,  2.82844972e+00, -2.51171910e+00,  2.86958992e+00,
        9.05807631e+00, -1.96994877e-01,  9.63622346e+00, -1.82962249e+00,
       -2.75105247e+00,  2.32194462e+00,  9.89501355e-01,  4.65626765e+00,
       -3.58983030e+00,  9.74081714e-01,  6.95336604e+00,  4.33185614e+00,
        2.11414916e+00,  6.51738594e+00,  5.91435616e+00,  5.39263340e+00,
       -1.85188369e+00,  4.85405037e+00,  4.75007206e+00, -1.66931804e+00,
       -1.41349075e+00, -5.23303259e+00,  1.51324870e+00, -4.48130423e+00,
        1.14810500e+00, -3.85578564e-01,  2.79284038e+00,  2.93575714e-02,
        4.93129412e+00, -7.35664086e-01, -1.25902411e+00, -1.82784669e+00,
        3.02030248e+00,  1.56593472e+00,  1.97983902e+00,  6.18738412e+00,
       -5.46891176e+00,  2.94437107e+00,  3.37883669e+00,  8.31956716e+00,
       -9.40158266e+00, -1.36569159e+00, -3.49064053e+00,  8.15346313e+00,
        1.15419371e+00,  4.72519140e-01,  6.97609354e+00, -5.33271244e-01,
        7.09312645e+00, -6.74461107e+00,  4.21966681e+00, -6.43315323e-01,
       -1.83887332e+00,  6.56387056e+00,  2.78603472e+00,  5.43452753e+00,
        8.59936939e+00,  3.59284534e+00, -5.31427597e-01,  2.12413899e+00,
        8.50543545e+00,  3.27459541e+00,  1.77729076e+00,  7.51486152e+00,
        1.27253856e+00,  2.90599947e+00,  1.30773206e+00, -1.84277812e+00,
        2.53196679e+00,  2.72229956e+00,  6.00819109e+00,  8.79084813e+00,
       -2.74907077e+00,  4.27356889e+00,  4.38398517e+00, -4.43757770e+00,
        3.87814571e-01, -4.14815415e-01,  5.49382452e+00,  5.67967335e+00,
       -7.00061250e-01, -3.96545681e+00,  1.73425727e+00,  2.86810491e-01]), array([-8.59567683e-01,  4.99972319e+00,  8.17271405e+00,  1.24973406e+00,
       -2.86530119e+00, -8.73575878e-01, -3.11448493e+00,  7.27031234e+00,
        3.90217986e+00,  2.86645080e+00, -4.55568177e+00,  2.73855912e+00,
        3.70494080e+00,  6.87165744e-01,  1.54516200e+00, -3.68795929e+00,
        3.00746263e+00,  6.25652417e+00,  4.05331558e+00,  1.73512292e+00,
        1.25520000e+00, -3.58070670e-01, -3.00236220e+00, -3.68382491e+00,
        6.05023244e+00,  2.74105070e+00, -1.04539796e+00,  1.96711440e+00,
        2.40234479e+00,  2.09230875e+00,  2.23504234e+00,  5.32551456e+00,
        3.37973166e+00, -2.61034951e+00,  1.01529403e+00, -1.67749853e+00,
        2.85806957e+00,  2.67388914e+00,  3.20603931e+00, -4.33302406e-01,
       -3.91343139e+00, -5.43573838e-01,  4.95268683e+00,  4.04418768e+00,
       -5.46079529e+00,  7.16367140e+00,  1.70469578e+00,  1.61819622e+01,
        2.52210111e-01,  7.91925361e+00,  4.74680685e+00, -4.12882919e-01,
       -2.93529159e+00,  8.14594710e+00,  5.31366319e+00,  6.77231127e+00,
        2.30730645e+00,  3.16349304e-01, -3.66834068e+00,  8.79897169e+00,
        2.76957295e+00,  6.05359959e+00,  4.77178520e+00,  3.13897568e+00,
        3.38442812e+00,  8.10358523e+00, -7.79428988e+00,  2.86142522e+00,
        2.97740350e+00,  1.43625775e+01,  1.68757582e-01,  2.65710039e+00,
        1.25684225e-01, -5.33992672e+00,  5.30576696e+00,  8.14361948e-01,
        5.74762923e+00,  4.37071299e+00,  3.83075658e+00,  2.36340690e+00,
        4.26771828e+00,  3.94404761e+00, -3.59951190e+00,  1.47215377e+00,
        8.23825630e+00, -2.58078458e+00,  5.52862689e+00, -6.03826906e+00,
        1.39443271e+00,  2.67068406e+00,  6.74390741e-01,  2.50523899e+00,
       -1.60310867e+00,  6.84283856e+00,  9.88829408e-01,  4.55778368e+00,
        4.87638328e+00, -6.05903037e+00,  6.09649788e+00, -3.53786496e+00,
        4.30503644e+00,  6.81303985e+00, -6.19942753e-01,  9.30413204e+00,
        3.06905974e+00,  4.74861320e+00,  2.42044135e+00,  1.14153941e+00,
       -2.05627084e+00, -1.51764464e+00,  4.44206551e+00,  6.87988652e+00,
        3.15131407e+00,  1.43328670e+00,  5.00048001e+00,  4.71546732e+00,
       -1.51939870e-01,  4.34655469e+00,  1.00384142e+01,  4.19896442e+00,
        6.24596528e-01, -1.72011430e+00,  1.40519974e+00,  3.91365610e-01,
        5.41411505e+00,  7.91605464e+00, -1.67851183e+00,  4.80372701e+00,
        2.06018773e+00,  7.37084476e+00,  8.61072480e-01, -2.76726687e+00,
        6.89769756e+00, -4.77893790e+00,  5.35159967e+00,  7.31955302e+00,
        5.52831028e+00,  9.48554074e-01, -1.39656480e+00,  4.01182443e+00,
       -1.85233256e+00,  6.60831186e+00, -4.58175555e+00, -7.28954150e-01,
        6.34011132e+00,  3.69158223e+00,  5.94216653e+00, -5.93066585e-01,
        5.73465281e+00,  7.22077165e+00,  4.68215693e+00,  1.60447806e+00,
        6.48104831e+00,  2.48200186e+00,  5.67130246e+00,  2.42762113e+00,
       -2.02218213e+00,  1.96245993e+00, -1.09081137e+00,  3.13724590e+00,
        1.52635141e+00,  3.81353801e+00,  5.54429588e-01,  3.54564928e+00,
        5.54099493e+00,  4.97289617e+00,  2.18802964e+00,  3.59252410e+00,
        4.22230478e+00,  1.84115284e+00, -2.57561885e+00,  6.11958667e+00,
        2.74641714e+00,  3.87655597e+00,  5.38272134e+00, -5.58500696e-01,
        7.38226504e+00, -3.90514547e+00,  8.01596240e+00,  2.72692591e+00,
        1.09725276e+00, -8.90923833e-01, -3.08390757e+00,  2.00012679e+00,
        3.75851013e+00,  3.33685888e+00,  1.80439680e+00,  3.17599190e+00,
        3.81308801e+00,  4.70741056e-01, -2.69674836e+00,  2.66888921e+00,
        6.98109419e-01,  6.79407858e-01,  2.83597599e+00,  3.71853015e+00,
        2.34171050e+00,  2.52928083e+00,  3.68006345e+00,  2.23090017e+00,
        2.04755697e+00,  2.84221583e-01, -4.00662079e-01,  2.58367474e-01,
        9.32084858e-01,  5.63352841e+00,  2.61889404e+00,  6.26795325e+00,
        8.69662899e-01,  6.92224199e+00,  1.26431325e+00, -1.36961645e+00,
       -1.44403509e+00,  5.26036502e+00,  4.54637093e+00,  5.34417452e+00,
        3.82493421e+00,  4.66728979e+00, -2.95933569e+00,  2.85614494e-01,
        4.86790964e+00,  4.75090356e+00,  5.93826426e+00,  1.10311081e-01,
        5.67275392e+00,  1.21081505e+00,  7.62023122e-01,  6.58143831e-01,
        7.57182763e+00,  6.13329256e+00,  3.92577791e+00, -2.98998419e+00,
        6.20187724e+00, -2.57674118e+00, -1.20059875e+00, -1.38314014e+00,
        6.50368822e-01, -1.89174624e+00,  6.92539489e+00,  8.51588827e+00,
        3.52363754e+00,  5.97083975e+00,  1.03415468e+01,  3.09628090e+00,
       -2.27091973e-01,  1.20203200e+00,  4.38973078e+00,  4.79589713e-01,
        5.09588394e-01, -7.94880182e+00, -4.72459221e-01,  9.91889303e+00,
       -2.35656642e+00,  2.97731522e+00, -1.54112333e+00,  5.48740656e+00,
       -3.12510646e+00, -3.38108270e+00, -2.97380433e+00,  5.51518398e-01,
        9.81582142e-01,  2.93359662e-01,  1.14872551e+00,  7.91107294e+00,
        6.06925867e+00,  6.88478772e+00,  7.08807068e-01,  2.13207109e+00,
       -9.52950106e-02,  1.02754231e+01, -4.57676805e+00,  3.09645852e+00,
       -2.61104877e-01,  2.50953552e+00,  1.78037781e+00,  6.01567668e+00,
        2.87376038e+00,  3.40397445e+00, -1.42903641e+00,  4.63871871e+00,
        9.14059711e+00, -8.21599965e+00, -4.94944820e+00,  2.75449374e+00,
       -2.21762526e+00, -2.54437441e-01,  8.46054990e+00,  3.04079634e-01,
        6.28315303e+00,  6.16007540e+00, -3.41904881e+00,  7.67682019e+00,
        2.55257460e+00,  1.21247879e+00, -2.11402181e+00,  2.17409383e+00,
        6.03445527e+00,  4.61602249e+00,  3.23165261e+00,  2.00782482e+00,
        4.05960688e+00,  1.16229346e-01, -7.01304013e+00, -4.06409954e+00,
        4.02294380e-01,  9.49256463e+00,  4.45682463e+00, -6.43340946e-01,
        3.97642531e+00,  9.92246713e+00,  1.58280163e+00,  6.68340005e-01,
        2.87157257e-01, -6.47724438e+00,  6.30526915e-01, -7.03650769e-01,
        4.38548059e-01,  2.25009654e+00, -2.40554931e+00,  4.01009879e+00,
        5.94509259e+00, -5.61088462e-01, -1.40949895e+00,  5.75193926e+00,
        2.88372860e+00,  9.52501222e+00,  3.35475021e+00,  4.26807562e-02,
       -1.23992195e+00,  4.32375805e+00,  7.66390924e+00,  5.20406828e+00,
       -2.99256635e+00,  2.31391784e+00,  4.86545653e+00,  5.45639567e+00,
        4.69629413e+00,  1.92150086e+00,  3.12546601e+00,  4.08778278e+00,
        5.56083869e+00, -1.43663150e+00,  8.75413447e-01,  3.41432130e+00,
        8.34840609e-01,  4.36853637e-01, -1.66362919e+00,  8.90117642e-01,
        3.70771621e+00,  7.17460042e+00, -3.06942477e-01, -7.37225377e-01,
        1.02257321e-01,  7.41710543e+00,  4.49551606e+00,  6.03502392e+00,
        3.77738362e+00,  4.18525259e+00, -1.61252256e+00, -1.47641853e+00,
        5.58194764e+00, -4.66784922e-01, -4.30759711e-01,  3.57829703e+00,
        6.78310114e+00,  5.44339024e+00,  5.46540906e+00,  1.56130633e+00,
        1.25013629e+00, -1.22682397e+00,  5.56246427e+00,  4.73035105e+00,
        3.21626686e+00,  1.06675636e+00,  9.86129707e+00,  1.52912479e-01,
        1.24688623e+00, -1.28742904e+00,  2.24143223e+00,  1.49661707e+00,
        8.46235819e+00, -2.02544986e+00, -2.73372050e+00,  1.84978859e+00,
       -2.63966473e+00, -5.19034500e+00, -2.02374991e+00,  2.34093236e+00,
       -5.27840645e-01,  4.09108195e+00,  3.99017134e+00,  2.89601208e+00,
        2.51312484e+00,  4.87413272e+00,  4.56277919e+00, -1.00607878e+00,
        5.06304406e+00,  4.15834936e+00,  5.03444668e+00, -5.61496186e+00,
       -6.46694375e-01,  2.57428852e-01,  4.03496191e+00,  3.56182802e+00,
        4.33737087e+00,  3.73184434e+00, -2.36295724e+00,  3.56293913e+00,
       -5.65343538e-01,  6.29863606e+00,  3.95987109e+00,  2.13224932e+00,
       -2.26897074e+00, -5.38030794e+00,  9.97592688e-01,  3.66431687e+00,
        1.57925054e+00,  2.53012046e+00,  1.76513082e-01,  4.79613812e+00,
        2.28658757e+00,  5.75121573e+00,  1.58973455e+00,  5.15330643e+00,
       -6.74321098e+00,  1.85268184e+00,  1.20521436e-01,  6.24173445e-01,
        7.79906911e+00, -3.27375223e+00,  9.43109889e+00,  8.33036730e-01,
       -4.31411630e+00, -9.43459469e-01,  1.23040914e+00,  8.82063214e+00,
       -5.54076062e+00,  1.19938495e+01, -1.77049359e+00, -1.11719336e+00,
        2.77816101e+00,  3.98095008e+00, -2.72855420e+00, -4.55619997e+00,
       -6.51867782e+00,  1.63520186e+00,  2.10059411e+00,  1.47510150e+00,
        1.07848547e-01,  4.77881857e+00,  5.07281675e+00,  2.77346408e+00,
       -7.91936116e+00,  5.56929217e+00,  1.67545829e+00,  5.72139175e+00,
        1.58629300e+00,  1.38830764e-01,  4.36128944e-01, -4.19481194e+00,
        9.12493862e+00,  3.51053035e+00, -3.94365277e+00, -5.77345902e+00,
        3.78950777e+00, -1.88642221e-01,  1.79819474e-01, -1.16804420e+00,
        3.60195755e-02,  8.83414275e+00,  2.85991911e+00,  3.86753226e+00,
        3.86865944e+00,  5.06997797e+00,  5.56728120e+00,  1.94688818e+00,
        1.16577321e+00, -2.33971963e+00,  3.04653333e+00,  5.17487893e+00,
        1.01510568e+01, -1.37505401e+00,  2.54852792e+00, -5.24270739e-01,
        1.73984387e+00,  4.64409030e+00,  5.53382653e+00,  2.36842585e+00,
        4.28571196e+00, -1.93884723e+00,  8.75161620e+00,  3.64841969e+00,
       -1.68292751e+00,  9.99695560e+00,  3.10780839e+00,  1.13486859e+00,
        1.68449209e+00, -5.26994377e+00, -1.08745782e-01, -1.04739209e+00,
        1.21822566e+00,  5.96027889e+00,  3.84845059e+00, -1.51714163e+00,
        3.19437980e+00,  5.47407346e+00, -3.68653447e-01,  3.48769875e+00,
        5.62004737e+00,  5.23546415e+00, -4.90976212e-01, -1.80852378e+00,
        3.31947493e+00,  4.62186142e+00,  5.52439370e+00, -2.05728541e+00,
        2.38115059e+00, -4.20766569e-01,  4.18912896e+00,  9.31431681e-02,
        8.07385590e+00,  8.90601156e+00,  2.32168083e+00,  5.88373399e-01,
       -3.65281155e-01,  3.45334342e+00,  3.58250225e-01,  1.08973277e+00,
        5.34471619e+00,  3.94510271e+00, -6.57762510e-01, -2.47481703e+00,
        5.07657623e+00,  9.58812240e-01,  1.45978241e+01,  6.78542154e+00,
        2.89142362e+00,  3.50713528e+00,  1.98551162e+00,  9.75313973e-01,
        8.05094652e-01,  4.56923635e-01, -2.82669316e+00,  1.38878708e+00,
       -7.31126305e+00,  7.84226136e+00,  1.21818728e+00,  7.89464434e-01,
        1.07891062e+00,  1.87545283e+00,  1.19274386e+00,  1.22535249e+01,
        4.40493538e+00,  7.02247860e-01, -4.17955442e+00,  5.85825617e+00,
        2.04144586e+00, -2.34378590e+00, -4.40045579e-01,  8.95974002e+00,
        2.53860578e+00,  4.64232593e-01,  4.21274961e+00, -5.87981567e+00,
        1.79558698e+00, -3.16459769e+00, -4.80647844e+00,  1.57140696e+00,
       -9.14844003e-01,  2.20880775e+00, -8.53992878e-01,  5.97600117e+00,
        3.30431989e+00,  6.24054686e+00, -3.87208465e+00,  3.88963386e+00,
        6.63148017e+00,  5.59752590e-01,  1.46069156e+00,  1.30481433e-01,
        7.72627923e-01,  7.26678540e+00,  9.41782799e+00,  2.48858015e+00,
       -1.72509334e+00, -2.52001932e+00,  3.94494791e+00,  8.11435775e+00,
       -2.29412167e+00,  5.58502362e+00,  3.03696992e+00,  2.96578906e+00,
        3.91559302e+00, -1.30128940e+00,  5.03004331e+00,  9.18234134e+00,
        2.27976708e+00, -8.47784205e-01,  9.51112483e-01,  4.21654863e+00,
       -7.79221690e-01, -2.72859627e+00,  7.32684321e+00, -3.00502745e+00,
        1.33587692e+01,  4.95618902e-01, -2.48926730e+00,  4.43228351e+00,
        5.90345762e-03, -5.87628794e-01, -1.63106443e+00,  4.40945491e-01,
        4.37553417e+00,  1.33936103e+00,  2.41225670e+00,  5.61754502e+00,
        4.87612077e-01,  5.40985159e+00, -7.18838282e-01,  5.13334649e+00,
        6.00124898e+00,  1.11510107e+00,  4.28110180e+00,  3.63458549e-01,
       -4.58733029e+00,  4.89194955e+00,  6.61139116e+00, -4.32739598e+00,
        3.21324728e+00,  2.15409811e+00,  4.95419277e+00,  8.39123114e-01,
        1.80374117e+00,  2.74102274e+00,  3.37526448e+00,  2.33096631e+00,
        3.99075029e+00, -3.70188963e+00, -1.53283707e+00,  5.91746086e+00,
        3.64240192e+00,  5.71163399e+00,  4.65227629e+00, -1.03901685e+00,
        4.84247332e+00,  3.92950174e+00,  4.32633722e+00, -5.09393577e+00,
        5.08817737e+00,  3.75616124e+00,  7.64859287e-01, -1.92058464e+00,
       -1.35555713e+00,  3.36166705e+00,  1.00307654e+01,  7.09395546e+00,
       -2.79544208e+00, -1.34913870e+00,  2.62123847e+00,  1.52198470e-01,
       -2.30887126e+00, -7.50585606e-01,  4.49018944e+00,  5.19183078e+00,
        8.92840106e+00, -3.27420185e-01,  5.48972513e+00,  1.15434764e+00,
        4.15239932e+00,  4.61945652e+00,  2.16965085e+00,  2.08569755e+00,
       -7.35064856e+00,  3.39854168e+00,  5.49263081e-01,  1.31501148e+00,
        2.69949108e+00,  4.97040314e+00, -1.47962894e+00,  3.90634863e+00,
        1.67377879e+00,  4.69844863e-01,  1.42945082e-01, -3.46460934e+00,
        6.65716588e+00,  5.22035620e+00,  8.28065844e-01, -2.45959485e+00,
        1.93840447e+00,  9.63929392e-01, -3.04203817e-02, -1.56305943e+00,
       -3.10341478e+00,  1.77626281e+00,  2.20243949e+00, -4.69083333e+00,
        3.94326057e+00,  6.75504177e+00,  4.78438380e+00,  6.82665362e+00,
        6.70399369e+00,  1.92919636e+00,  1.95283033e+00,  2.90934212e+00,
        1.83849379e+00, -3.64880884e+00,  8.82988613e+00, -4.46931450e-01,
        6.03578903e+00,  3.70673513e+00,  2.91398345e+00,  4.58690820e+00,
       -4.34849029e+00,  3.78354561e+00, -1.05102562e+00,  3.99033166e+00,
        9.88488329e+00,  4.14206585e-01,  1.03553769e+01, -9.66745999e-01,
       -1.79614212e+00,  3.12126608e+00,  2.25646583e+00,  4.88832297e+00,
       -2.72539793e+00,  2.15068865e+00,  7.45663751e+00,  5.36920048e+00,
        2.62132320e+00,  7.19936786e+00,  6.43901731e+00,  6.20900551e+00,
       -9.94912810e-01,  5.21728025e+00,  5.63138653e+00, -8.24569674e-01,
       -6.43863035e-01, -4.16774611e+00,  2.01015784e+00, -2.99877044e+00,
        1.86658316e+00,  4.64740437e-01,  3.43988412e+00,  9.15101998e-01,
        5.60994992e+00,  2.73934119e-01, -3.72949792e-01, -6.11129039e-01,
        3.34201934e+00,  2.19547290e+00,  3.08109909e+00,  6.73828588e+00,
       -4.46105929e+00,  4.25301032e+00,  4.13232551e+00,  8.30581132e+00,
       -8.24908906e+00, -6.49382664e-01, -2.68498530e+00,  9.11164671e+00,
        1.95031510e+00,  1.01506450e+00,  7.99831438e+00,  3.04357369e-01,
        7.67422695e+00, -5.19621612e+00,  4.05471279e+00,  8.44209079e-04,
       -1.37725589e+00,  6.78072830e+00,  3.38234963e+00,  6.02666600e+00,
        9.21911730e+00,  4.40747784e+00,  4.12399892e-01,  2.79208626e+00,
        9.30113891e+00,  3.79761767e+00,  2.78222517e+00,  7.95081542e+00,
        1.89952489e+00,  4.13456579e+00,  2.49022221e+00, -8.12997169e-01,
        3.63934565e+00,  3.63136098e+00,  6.16598715e+00,  9.39499505e+00,
       -1.96964389e+00,  4.86576561e+00,  5.19092344e+00, -3.54593100e+00,
        1.16225240e+00,  2.72364589e-01,  5.84168445e+00,  6.51591197e+00,
       -1.97246797e-01, -3.15970116e+00,  2.25340997e+00,  1.29251736e+00]), array([-9.73060359e-02,  5.93470266e+00,  8.43659527e+00,  1.12883135e+00,
       -1.65542718e+00,  1.23121429e-02, -1.95236916e+00,  7.96112766e+00,
        4.03194396e+00,  3.85721993e+00, -3.82112316e+00,  3.89700133e+00,
        4.34430061e+00,  5.60819104e-01,  2.15281038e+00, -3.11537124e+00,
        3.74984680e+00,  7.12965475e+00,  4.92127573e+00,  2.78509864e+00,
        2.10008254e+00, -1.28620377e-02, -2.02042956e+00, -2.55486395e+00,
        6.22765362e+00,  3.32667329e+00, -8.64792681e-01,  2.46262584e+00,
        3.24331412e+00,  2.12606683e+00,  3.04810535e+00,  5.51036969e+00,
        3.91293063e+00, -1.42428268e+00,  1.35042529e+00, -6.20675400e-01,
        3.72056323e+00,  3.08245321e+00,  3.62784526e+00,  1.44677888e-01,
       -3.19241401e+00,  2.22704052e-01,  5.27036129e+00,  4.56448693e+00,
       -4.38926297e+00,  7.66349969e+00,  1.98705135e+00,  1.64672682e+01,
        9.47997728e-01,  8.44031946e+00,  5.42156318e+00,  5.10497444e-01,
       -2.10371770e+00,  8.64327390e+00,  6.02244501e+00,  6.53578768e+00,
        2.85220326e+00,  1.08974671e+00, -2.76320196e+00,  9.81334633e+00,
        3.27342548e+00,  6.32472696e+00,  6.41352136e+00,  3.77134991e+00,
        3.89642049e+00,  8.43320452e+00, -6.75501894e+00,  3.70449072e+00,
        3.15042495e+00,  1.47597296e+01,  1.13211973e+00,  3.30175997e+00,
        1.13896262e+00, -4.03391211e+00,  5.94138289e+00,  1.29168620e+00,
        6.15185784e+00,  5.06868186e+00,  4.57245319e+00,  3.23744236e+00,
        4.75642603e+00,  4.08277866e+00, -2.52500250e+00,  2.55170395e+00,
        8.81618071e+00, -1.16009652e+00,  6.44245742e+00, -5.44020896e+00,
        2.06325841e+00,  3.45651733e+00,  8.76298472e-01,  3.56080713e+00,
       -4.61232399e-01,  7.18159707e+00,  2.06017090e+00,  4.75512020e+00,
        5.36598874e+00, -5.51883302e+00,  6.79878998e+00, -3.10253972e+00,
        5.24281785e+00,  7.12546296e+00,  2.68447390e-01,  9.92718533e+00,
        4.09813061e+00,  5.16271290e+00,  3.06691146e+00,  1.47557273e+00,
       -9.32336447e-01, -8.09703634e-01,  4.21109137e+00,  7.92493974e+00,
        4.39706528e+00,  2.40446665e+00,  5.23866800e+00,  5.00900867e+00,
        4.06283806e-01,  4.92750475e+00,  1.03187010e+01,  4.76306006e+00,
        1.15458350e+00, -9.83839753e-01,  1.76948905e+00,  1.96727669e-01,
        6.26378256e+00,  8.68547779e+00, -7.80209429e-01,  4.95634890e+00,
        2.71862495e+00,  7.47620537e+00,  2.16324758e+00, -1.54388421e+00,
        7.63147217e+00, -4.05733715e+00,  6.06389724e+00,  7.68860524e+00,
        6.05932995e+00,  1.87625072e+00, -5.84984247e-01,  4.88638431e+00,
       -1.11683930e+00,  6.99548128e+00, -3.50886001e+00,  6.32865745e-01,
        7.12829179e+00,  4.42954672e+00,  6.82095007e+00,  4.35530793e-01,
        6.54821814e+00,  7.14280289e+00,  5.03784312e+00,  1.95734979e+00,
        7.23160862e+00,  2.78093237e+00,  5.79280606e+00,  3.40603092e+00,
       -1.15510330e+00,  2.50631663e+00, -3.42734769e-02,  3.53083906e+00,
        2.35592142e+00,  4.43156316e+00,  1.01799036e+00,  4.11575236e+00,
        5.63581065e+00,  4.87289172e+00,  2.75749157e+00,  4.14390247e+00,
        4.59520026e+00,  2.96519108e+00, -1.72859202e+00,  7.21505606e+00,
        3.09319942e+00,  4.55824739e+00,  6.28469631e+00,  2.26465726e-01,
        7.66212227e+00, -2.75748073e+00,  8.43925863e+00,  3.52207051e+00,
        2.07484845e+00, -3.14917998e-01, -2.34116630e+00,  2.86352857e+00,
        4.72422425e+00,  4.26597661e+00,  3.13940539e+00,  3.51418485e+00,
        4.51164656e+00,  1.61372069e+00, -1.95095074e+00,  3.25171841e+00,
        1.56778874e+00,  1.06464238e+00,  3.49921974e+00,  4.63677364e+00,
        3.12621830e+00,  3.03088673e+00,  4.56444727e+00,  2.58790934e+00,
        3.14991266e+00,  1.28537771e+00,  1.63730404e-01,  8.59389145e-01,
        1.77096288e+00,  6.26636336e+00,  3.51276593e+00,  6.82051720e+00,
        1.48519703e+00,  7.49239064e+00,  2.29406402e+00, -7.36030894e-01,
       -7.83622341e-01,  5.88056534e+00,  5.13963022e+00,  6.44383641e+00,
        5.25264321e+00,  5.89905585e+00, -1.96902263e+00,  7.18476306e-01,
        5.51395185e+00,  5.65125749e+00,  7.11568052e+00,  1.24456078e+00,
        6.11202511e+00,  1.74877744e+00,  1.94793229e+00,  1.34425315e+00,
        7.89919411e+00,  6.64458336e+00,  4.59838976e+00, -2.15514423e+00,
        6.98616327e+00, -2.60628459e+00, -1.91941046e-01, -3.20725896e-01,
        1.37672418e+00, -9.72442952e-01,  7.80420208e+00,  9.04541852e+00,
        4.17433081e+00,  6.75650017e+00,  1.08728369e+01,  4.46506879e+00,
        6.67451953e-01,  1.75104787e+00,  5.18870295e+00,  8.94874408e-01,
        1.10831413e+00, -6.40119975e+00,  4.71236623e-01,  1.06805967e+01,
       -1.92209704e+00,  3.55441858e+00, -6.96498264e-01,  5.67962031e+00,
       -1.52617632e+00, -3.10169791e+00, -2.10851392e+00,  1.33809368e+00,
        1.43174674e+00,  1.35019402e+00,  2.05755387e+00,  9.20768655e+00,
        6.44073333e+00,  6.94386675e+00,  1.10136575e+00,  2.58775576e+00,
        4.39827786e-01,  1.14635189e+01, -3.50309376e+00,  3.70397284e+00,
        5.02871254e-01,  3.35411630e+00,  2.20833200e+00,  7.22341072e+00,
        4.34242000e+00,  4.44030503e+00, -6.30445361e-01,  5.28891969e+00,
        9.61376246e+00, -7.35423657e+00, -4.19187436e+00,  3.48884814e+00,
       -1.50795418e+00,  2.80144932e-01,  9.04643661e+00,  1.31502246e+00,
        7.45852597e+00,  7.25845282e+00, -2.65881645e+00,  8.52060043e+00,
        3.22559246e+00,  1.94198334e+00, -1.20228999e+00,  3.02076170e+00,
        6.89273763e+00,  5.05163545e+00,  3.35804036e+00,  3.08623594e+00,
        4.96279618e+00, -7.85117646e-02, -6.84477690e+00, -2.45832051e+00,
        1.63861311e+00,  9.62397088e+00,  5.22133882e+00, -5.74535345e-01,
        4.88087881e+00,  1.07063415e+01,  1.93983065e+00,  7.31650873e-01,
        8.20371549e-01, -5.69549693e+00,  1.32523127e+00, -3.01919764e-01,
        4.84097783e-01,  2.87214438e+00, -1.97697231e+00,  4.53699454e+00,
        6.41583208e+00,  2.39703187e-01, -4.83178260e-01,  6.48338108e+00,
        3.47177683e+00,  1.06712629e+01,  4.04940238e+00,  8.31482167e-01,
       -7.17609286e-01,  4.56835966e+00,  8.18348469e+00,  5.68787965e+00,
       -2.46120820e+00,  2.64829840e+00,  5.62329078e+00,  5.97557542e+00,
        4.89208241e+00,  2.74943371e+00,  3.70772437e+00,  4.06621698e+00,
        5.92130788e+00, -6.62002517e-01,  1.52141989e+00,  4.10566224e+00,
        1.47354382e+00,  8.53206030e-01, -1.02273597e+00,  1.50735951e+00,
        5.11125047e+00,  7.97149167e+00, -4.24337146e-02,  2.54534059e-01,
        7.01806435e-01,  8.76256183e+00,  4.94661322e+00,  6.18613555e+00,
        5.21767222e+00,  5.29038145e+00, -1.49358948e-01, -3.08571940e-01,
        5.86583032e+00, -2.97132986e-01,  8.81265575e-01,  4.01096637e+00,
        7.12461433e+00,  6.22318003e+00,  5.81643704e+00,  2.29783468e+00,
        1.96682653e+00, -8.50307836e-01,  6.63712948e+00,  5.37468512e+00,
        3.48110846e+00,  1.99346266e+00,  1.05744412e+01,  7.73945764e-01,
        1.18655491e+00, -7.50984874e-01,  3.17114330e+00,  2.15410913e+00,
        9.43737072e+00, -1.31706885e+00, -2.15687313e+00,  3.14324563e+00,
       -1.83669447e+00, -4.29718947e+00, -1.04641278e+00,  3.37057743e+00,
        5.87459073e-01,  5.03497501e+00,  4.78947982e+00,  3.53623615e+00,
        2.89947165e+00,  6.08110482e+00,  5.38249628e+00, -5.29224605e-01,
        5.56922805e+00,  5.25897358e+00,  6.33528723e+00, -5.47836280e+00,
        3.49298043e-01,  1.29866708e+00,  5.34089703e+00,  5.07373717e+00,
        4.47067292e+00,  4.58541476e+00, -1.27818663e+00,  4.61549235e+00,
        1.75152850e-01,  7.03386113e+00,  4.41909593e+00,  2.63432169e+00,
       -1.75120545e+00, -4.90939560e+00,  2.15723082e+00,  4.59775746e+00,
        2.40745201e+00,  3.35382524e+00,  1.20623045e+00,  5.97623763e+00,
        2.97547736e+00,  6.36073635e+00,  2.74886628e+00,  5.63461978e+00,
       -6.19979133e+00,  2.88450724e+00,  5.91115862e-01,  1.74055150e+00,
        8.25348947e+00, -2.47234025e+00,  9.92935517e+00,  1.93806090e+00,
       -3.23549436e+00, -1.12011611e-01,  1.86232945e+00,  8.71498079e+00,
       -4.24321351e+00,  1.16897532e+01, -6.91256342e-01, -4.43793617e-01,
        3.61323571e+00,  4.18037951e+00, -1.63392032e+00, -3.99751366e+00,
       -5.56253501e+00,  2.28122571e+00,  3.72455627e+00,  2.24173814e+00,
        9.15849426e-01,  5.69974684e+00,  5.80703006e+00,  4.13485010e+00,
       -7.84464648e+00,  6.17579758e+00,  2.41167524e+00,  6.31602272e+00,
        2.14683999e+00,  1.07829874e+00,  9.69613333e-01, -4.14516587e+00,
        9.02082877e+00,  4.20463842e+00, -3.20824291e+00, -4.70453679e+00,
        4.49869624e+00,  9.33542969e-01,  1.16076621e+00, -3.34470557e-01,
        8.12754355e-01,  9.56804804e+00,  3.69293749e+00,  4.34579247e+00,
        4.49610940e+00,  6.39597640e+00,  5.79585107e+00,  2.04416087e+00,
        2.71335798e+00, -1.07871304e+00,  4.17604260e+00,  6.09801740e+00,
        1.05127056e+01, -7.78666711e-01,  2.86235059e+00, -2.30997108e-02,
        2.24066510e+00,  5.17167693e+00,  6.55874415e+00,  2.92958358e+00,
        5.22069143e+00, -1.11928867e+00,  8.73609594e+00,  4.59997541e+00,
       -1.26536649e+00,  1.01298996e+01,  2.83186637e+00,  1.61675803e+00,
        2.56111503e+00, -4.07005691e+00,  1.12271292e+00,  9.68781423e-03,
        2.22879237e+00,  6.87066948e+00,  4.31921334e+00, -1.69928781e+00,
        3.94560065e+00,  5.85506395e+00, -5.11308289e-03,  4.13791758e+00,
        6.29204871e+00,  6.06981329e+00,  1.93811017e-01, -1.39086270e+00,
        4.34669250e+00,  5.24259102e+00,  5.77972724e+00, -1.35892570e+00,
        3.07865183e+00,  6.78291160e-01,  5.33971241e+00,  8.71585598e-01,
        8.83765720e+00,  9.24726396e+00,  3.26917875e+00,  9.56078608e-01,
        7.54847729e-01,  4.20577993e+00,  5.43861993e-01,  1.46850035e+00,
        5.79109371e+00,  4.90624659e+00,  4.14932893e-01, -1.40786390e+00,
        5.90410030e+00,  1.56683979e+00,  1.43679395e+01,  7.18236277e+00,
        3.13294570e+00,  3.40129169e+00,  2.64695397e+00,  9.95985243e-01,
        1.56661078e+00,  1.41054288e+00, -1.85916034e+00,  1.67382379e+00,
       -6.49697273e+00,  8.71089508e+00,  1.60020162e+00,  1.50954991e+00,
        1.85709039e+00,  1.72956285e+00,  1.45171075e+00,  1.23765097e+01,
        5.29967457e+00,  9.87382723e-01, -3.02479086e+00,  5.98740121e+00,
        2.54716304e+00, -1.47487902e+00,  5.73112563e-01,  9.30847514e+00,
        3.28676654e+00,  1.08842763e+00,  5.13167020e+00, -5.23080478e+00,
        3.19189888e+00, -2.30205377e+00, -4.05492022e+00,  2.00496115e+00,
       -8.58601803e-02,  2.78624107e+00, -7.46564688e-02,  6.47313277e+00,
        3.72180188e+00,  6.53115584e+00, -2.60042414e+00,  4.66507346e+00,
        7.04317705e+00,  1.51122309e+00,  2.13843927e+00,  1.26948931e+00,
        1.35769981e+00,  8.45243472e+00,  1.01719358e+01,  2.79488868e+00,
       -7.06666321e-01, -1.76575052e+00,  4.01095364e+00,  9.59007373e+00,
       -2.05906274e+00,  6.12615821e+00,  3.68632583e+00,  3.74518566e+00,
        5.01658567e+00, -7.78746461e-01,  5.24364039e+00,  1.02148229e+01,
        2.94758635e+00,  5.26824310e-01,  2.03129608e+00,  4.99546961e+00,
       -3.07098638e-01, -1.14640168e+00,  7.92423592e+00, -2.02587544e+00,
        1.35015567e+01,  1.68901089e+00, -1.75695791e+00,  5.13619225e+00,
        8.21043894e-01,  2.53324253e-01, -3.64527062e-01,  1.42120625e+00,
        4.99767004e+00,  2.71779240e+00,  3.18589808e+00,  6.27370022e+00,
        1.52124653e+00,  6.60083021e+00, -9.45393828e-01,  5.94714849e+00,
        6.21512019e+00,  2.78711063e+00,  4.88830053e+00,  1.20516690e+00,
       -3.74522702e+00,  5.25733157e+00,  6.53429412e+00, -3.41725353e+00,
        3.87687232e+00,  2.48360883e+00,  5.27367080e+00,  1.17883640e+00,
        2.20317579e+00,  3.07869729e+00,  4.75157907e+00,  3.55565140e+00,
        4.44887821e+00, -2.84117078e+00, -1.78503891e+00,  6.47366793e+00,
        3.96570215e+00,  6.58746541e+00,  5.08496683e+00, -3.32486857e-01,
        5.35089409e+00,  4.61296955e+00,  5.02677125e+00, -4.46470934e+00,
        5.90129808e+00,  4.29338173e+00,  1.70297787e+00, -1.68395797e+00,
       -5.21023442e-01,  3.52639173e+00,  1.10569063e+01,  7.67426180e+00,
       -1.41348560e+00, -6.76291632e-01,  3.01764300e+00,  6.67879113e-01,
       -2.01071744e+00, -5.27700785e-01,  5.63666281e+00,  5.67792842e+00,
        1.00722556e+01,  7.56717036e-01,  6.42635446e+00,  1.88785477e+00,
        4.61187003e+00,  4.91203927e+00,  2.50910984e+00,  2.77720314e+00,
       -6.63077415e+00,  4.71526854e+00,  3.91379394e-01,  2.19123235e+00,
        2.90698839e+00,  5.59295578e+00, -9.88702947e-01,  4.61519458e+00,
        1.67040095e+00,  5.37943505e-01,  1.25577481e+00, -2.25306329e+00,
        7.12746459e+00,  5.84074346e+00,  1.73886375e+00, -2.05130542e+00,
        2.11177874e+00,  1.86616242e+00,  1.14870941e+00, -5.71451752e-01,
       -1.92660970e+00,  2.48898691e+00,  2.48713854e+00, -3.57841129e+00,
        4.75619259e+00,  7.28813357e+00,  5.53934802e+00,  7.98095643e+00,
        7.29411651e+00,  2.28842156e+00,  2.36573093e+00,  3.20071805e+00,
        1.49440826e+00, -2.73302327e+00,  9.15556180e+00,  8.12949683e-01,
        6.55014200e+00,  3.73941577e+00,  3.63534902e+00,  4.85964944e+00,
       -3.48750434e+00,  4.69777485e+00,  3.88869671e-01,  5.10104000e+00,
        1.06903719e+01,  1.03107059e+00,  1.11051027e+01, -1.16728964e-01,
       -9.06390670e-01,  3.90660348e+00,  3.52299694e+00,  5.07677214e+00,
       -1.90871273e+00,  3.33472802e+00,  7.93827956e+00,  6.40268263e+00,
        3.09689486e+00,  7.89907952e+00,  6.92904425e+00,  7.00946412e+00,
       -1.59637663e-01,  5.55797359e+00,  6.48686004e+00, -2.73560236e-02,
        1.31820280e-01, -3.12059676e+00,  2.47925131e+00, -1.53494477e+00,
        2.58757584e+00,  1.29680810e+00,  4.03889215e+00,  1.74232955e+00,
        6.25869743e+00,  1.29177537e+00,  5.09668711e-01,  5.81273163e-01,
        3.62885979e+00,  2.75023398e+00,  4.16689488e+00,  7.27818993e+00,
       -3.49982986e+00,  5.57742982e+00,  4.89319116e+00,  8.24586052e+00,
       -7.15126597e+00,  4.15490234e-02, -1.88370384e+00,  1.00867454e+01,
        2.73928464e+00,  1.53216506e+00,  9.01859691e+00,  1.12699194e+00,
        8.21742746e+00, -3.64273718e+00,  3.85472196e+00,  6.02730013e-01,
       -9.52606099e-01,  6.99467134e+00,  3.95400290e+00,  6.61335312e+00,
        9.80688676e+00,  5.20690337e+00,  1.29770685e+00,  3.45926433e+00,
        1.01015618e+01,  4.29895119e+00,  3.77661802e+00,  8.39307599e+00,
        2.50850306e+00,  5.34905420e+00,  3.68407608e+00,  2.12053238e-01,
        4.75863181e+00,  4.52012620e+00,  6.26043958e+00,  1.00152635e+01,
       -1.19620458e+00,  5.43033938e+00,  5.98271669e+00, -2.69931090e+00,
        1.87557654e+00,  9.64400738e-01,  6.15733824e+00,  7.36126660e+00,
        2.86075513e-01, -2.38989833e+00,  2.73961887e+00,  2.26774307e+00]), array([ 6.64320374e-01,  6.84521778e+00,  8.68069932e+00,  1.01488743e+00,
       -4.51773888e-01,  9.00663204e-01, -7.86860632e-01,  8.63467805e+00,
        4.15857868e+00,  4.83713652e+00, -3.07951044e+00,  5.03777778e+00,
        4.97283953e+00,  4.38016056e-01,  2.75148097e+00, -2.53283026e+00,
        4.47795900e+00,  7.98011113e+00,  5.77586974e+00,  3.82088383e+00,
        2.93525350e+00,  3.31784136e-01, -1.03546683e+00, -1.42094669e+00,
        6.39240948e+00,  3.90527358e+00, -6.78790852e-01,  2.95334528e+00,
        4.07496800e+00,  2.16048134e+00,  3.85447142e+00,  5.68361658e+00,
        4.43670403e+00, -2.37586503e-01,  1.68678861e+00,  4.36433717e-01,
        4.57039205e+00,  3.48657399e+00,  4.04322487e+00,  7.20704976e-01,
       -2.47038510e+00,  9.89403502e-01,  5.58076526e+00,  5.07567892e+00,
       -3.30862793e+00,  8.14788266e+00,  2.26212162e+00,  1.67185633e+01,
        1.63567326e+00,  8.93854400e+00,  6.08624237e+00,  1.42391112e+00,
       -1.26764161e+00,  9.12388552e+00,  6.71220503e+00,  6.28877187e+00,
        3.38805208e+00,  1.85541946e+00, -1.85261043e+00,  1.07990920e+01,
        3.76701224e+00,  6.58693979e+00,  8.02944362e+00,  4.39071191e+00,
        4.40322274e+00,  8.74456344e+00, -5.70368389e+00,  4.53889398e+00,
        3.31646813e+00,  1.51192879e+01,  2.09139934e+00,  3.94361329e+00,
        2.13984449e+00, -2.72430079e+00,  6.56173817e+00,  1.77273063e+00,
        6.54246293e+00,  5.75361559e+00,  5.30523280e+00,  4.10370381e+00,
        5.23783599e+00,  4.21078932e+00, -1.45436894e+00,  3.62124900e+00,
        9.37303922e+00,  2.51787291e-01,  7.34336184e+00, -4.83463938e+00,
        2.72883712e+00,  4.23147801e+00,  1.07374979e+00,  4.60441608e+00,
        6.80060751e-01,  7.50850738e+00,  3.11355924e+00,  4.95107906e+00,
        5.84253915e+00, -4.96852408e+00,  7.48471087e+00, -2.65980539e+00,
        6.16602828e+00,  7.42649797e+00,  1.15488404e+00,  1.05218699e+01,
        5.11462338e+00,  5.56011975e+00,  3.70315375e+00,  1.81060069e+00,
        1.90794465e-01, -1.00864199e-01,  3.97447562e+00,  8.94822177e+00,
        5.62896148e+00,  3.36935636e+00,  5.46435702e+00,  5.28653061e+00,
        9.61547774e-01,  5.49692502e+00,  1.05771513e+01,  5.31658038e+00,
        1.68092546e+00, -2.42679427e-01,  2.13394683e+00,  6.44832261e-03,
        7.09087004e+00,  9.43666213e+00,  1.17433641e-01,  5.10022185e+00,
        3.36638765e+00,  7.56773834e+00,  3.45436441e+00, -3.23958070e-01,
        8.34335795e+00, -3.33249678e+00,  6.76235634e+00,  8.03913278e+00,
        6.58096781e+00,  2.79728169e+00,  2.26919544e-01,  5.74657190e+00,
       -3.82623633e-01,  7.37020452e+00, -2.42572830e+00,  1.98946437e+00,
        7.90192036e+00,  5.15982059e+00,  7.68123500e+00,  1.45959627e+00,
        7.34410197e+00,  7.04916797e+00,  5.37941467e+00,  2.30679118e+00,
        7.96450287e+00,  3.07779774e+00,  5.90250811e+00,  4.37350751e+00,
       -2.85450704e-01,  3.04143512e+00,  1.02195551e+00,  3.91910817e+00,
        3.17526258e+00,  5.03837664e+00,  1.48348843e+00,  4.67544922e+00,
        5.72246573e+00,  4.77007088e+00,  3.31792737e+00,  4.68779966e+00,
        4.96861729e+00,  4.07665222e+00, -8.81345779e-01,  8.28605722e+00,
        3.43559456e+00,  5.23336625e+00,  7.16520474e+00,  1.01228896e+00,
        7.91559820e+00, -1.60809989e+00,  8.84344376e+00,  4.30727501e+00,
        3.04256463e+00,  2.59360810e-01, -1.59405306e+00,  3.72166249e+00,
        5.67828503e+00,  5.17399681e+00,  4.46273298e+00,  3.85128962e+00,
        5.19437083e+00,  2.74903671e+00, -1.20088248e+00,  3.82913607e+00,
        2.42884045e+00,  1.44997471e+00,  4.15650296e+00,  5.54155008e+00,
        3.90421885e+00,  3.53038268e+00,  5.43511498e+00,  2.94056798e+00,
        4.24268325e+00,  2.28273725e+00,  7.25383599e-01,  1.45830421e+00,
        2.60657411e+00,  6.88665086e+00,  4.40129344e+00,  7.36098189e+00,
        2.09632859e+00,  8.04102998e+00,  3.31991276e+00, -9.53816726e-02,
       -1.21800059e-01,  6.48573158e+00,  5.71737404e+00,  7.52313652e+00,
        6.66553044e+00,  7.11541745e+00, -9.77537446e-01,  1.14843975e+00,
        6.13902867e+00,  6.53798040e+00,  8.27118944e+00,  2.37159708e+00,
        6.53526178e+00,  2.28410532e+00,  3.11887084e+00,  2.02714334e+00,
        8.20942208e+00,  7.13698386e+00,  5.25912295e+00, -1.31214131e+00,
        7.75500300e+00, -2.62364099e+00,  8.12665350e-01,  7.35660230e-01,
        2.10230129e+00, -5.19116528e-02,  8.65897834e+00,  9.55233616e+00,
        4.81314637e+00,  7.52316008e+00,  1.13845754e+01,  5.81306141e+00,
        1.55990123e+00,  2.29294068e+00,  5.97063086e+00,  1.30904929e+00,
        1.69793730e+00, -4.84722964e+00,  1.41432568e+00,  1.14128900e+01,
       -1.47817216e+00,  4.12376002e+00,  1.41408978e-01,  5.86564604e+00,
        6.55493929e-02, -2.81486047e+00, -1.23856804e+00,  2.12503098e+00,
        1.87867489e+00,  2.40164459e+00,  2.95248403e+00,  1.04723914e+01,
        6.79553236e+00,  6.98777550e+00,  1.49021512e+00,  3.03910911e+00,
        9.74479801e-01,  1.26185880e+01, -2.42737464e+00,  4.30438797e+00,
        1.26405685e+00,  4.18564344e+00,  2.62702841e+00,  8.41037292e+00,
        5.79101755e+00,  5.45770594e+00,  1.67078854e-01,  5.92567023e+00,
        1.00634384e+01, -6.47553835e+00, -3.42314980e+00,  4.21176642e+00,
       -7.94005639e-01,  8.09156870e-01,  9.61571905e+00,  2.32248417e+00,
        8.60153595e+00,  8.33265817e+00, -1.89104900e+00,  9.34021542e+00,
        3.88556588e+00,  2.66489695e+00, -2.90353854e-01,  3.85801382e+00,
        7.72955979e+00,  5.47443477e+00,  3.48313690e+00,  4.15462972e+00,
        5.85409669e+00, -2.60790994e-01, -6.66115202e+00, -8.52142336e-01,
        2.86417126e+00,  9.72942250e+00,  5.97418397e+00, -5.02863235e-01,
        5.76748286e+00,  1.14667744e+01,  2.29110424e+00,  7.99667673e-01,
        1.35638178e+00, -4.90022683e+00,  2.02079752e+00,  1.04113402e-01,
        5.26335030e-01,  3.48294340e+00, -1.54051577e+00,  5.05121630e+00,
        6.87271298e+00,  1.03547645e+00,  4.39483279e-01,  7.19859967e+00,
        4.05222206e+00,  1.17915828e+01,  4.72934772e+00,  1.61849001e+00,
       -1.89554249e-01,  4.80120794e+00,  8.68053685e+00,  6.15425497e+00,
       -1.92808646e+00,  2.97777590e+00,  6.36624642e+00,  6.48112719e+00,
        5.08162126e+00,  3.56977340e+00,  4.28134138e+00,  4.03920803e+00,
        6.27007742e+00,  1.15199518e-01,  2.17090431e+00,  4.78149269e+00,
        2.10762840e+00,  1.27031731e+00, -3.78513954e-01,  2.12228822e+00,
        6.49290033e+00,  8.74814632e+00,  2.25787703e-01,  1.24254589e+00,
        1.29988116e+00,  1.00813676e+01,  5.39102812e+00,  6.32438225e+00,
        6.63692884e+00,  6.38049511e+00,  1.30386209e+00,  8.52303068e-01,
        6.13354021e+00, -1.16620278e-01,  2.18630233e+00,  4.43542760e+00,
        7.44913551e+00,  6.99187216e+00,  6.15372171e+00,  3.02841940e+00,
        2.68123331e+00, -4.66876759e-01,  7.69529855e+00,  6.00698542e+00,
        3.74154530e+00,  2.91134226e+00,  1.12615164e+01,  1.39057239e+00,
        1.12725569e+00, -2.05200280e-01,  4.09054458e+00,  2.80359232e+00,
        1.03884853e+01, -6.08835163e-01, -1.57188172e+00,  4.42432567e+00,
       -1.02938678e+00, -3.39710106e+00, -7.65417832e-02,  4.38355263e+00,
        1.69085826e+00,  5.96259146e+00,  5.58071691e+00,  4.16552144e+00,
        3.27735068e+00,  7.26503039e+00,  6.18431721e+00, -4.82889137e-02,
        6.05765636e+00,  6.34386107e+00,  7.61771783e+00, -5.32079462e+00,
        1.33944713e+00,  2.32967576e+00,  6.62313437e+00,  6.56223788e+00,
        4.59440900e+00,  5.42397773e+00, -1.93209229e-01,  5.64796985e+00,
        9.14812381e-01,  7.75564124e+00,  4.86827611e+00,  3.13102514e+00,
       -1.22978623e+00, -4.42296562e+00,  3.30824450e+00,  5.51666127e+00,
        3.22725018e+00,  4.16868666e+00,  2.22822375e+00,  7.13510004e+00,
        3.65605367e+00,  6.95416764e+00,  3.89566693e+00,  6.10201441e+00,
       -5.63734599e+00,  3.90530317e+00,  1.06400231e+00,  2.84808523e+00,
        8.69122617e+00, -1.67128997e+00,  1.04080607e+01,  3.03714512e+00,
       -2.15008605e+00,  7.20197305e-01,  2.48598416e+00,  8.59438340e+00,
       -2.94078072e+00,  1.13656578e+01,  3.85683370e-01,  2.29258028e-01,
        4.43513393e+00,  4.37041845e+00, -5.34829142e-01, -3.42216136e+00,
       -4.59802306e+00,  2.92270033e+00,  5.33098131e+00,  3.00534392e+00,
        1.71981540e+00,  6.60759673e+00,  6.52152362e+00,  5.47948254e+00,
       -7.74853593e+00,  6.76858148e+00,  3.14698259e+00,  6.89593528e+00,
        2.70690424e+00,  2.01268362e+00,  1.49638283e+00, -4.08764403e+00,
        8.89863495e+00,  4.88736768e+00, -2.46992314e+00, -3.62626405e+00,
        5.19723450e+00,  2.05089316e+00,  2.13751607e+00,  5.00955196e-01,
        1.58902292e+00,  1.02766047e+01,  4.51562544e+00,  4.81521939e+00,
        5.11089645e+00,  7.69614552e+00,  6.02267091e+00,  2.14581872e+00,
        4.24570669e+00,  1.82630988e-01,  5.29084591e+00,  7.00123233e+00,
        1.08523732e+01, -1.75800294e-01,  3.17311624e+00,  4.77455892e-01,
        2.74092909e+00,  5.68420161e+00,  7.56809708e+00,  3.48257871e+00,
        6.13960834e+00, -2.99441192e-01,  8.70399492e+00,  5.53394619e+00,
       -8.44063218e-01,  1.02364378e+01,  2.55430145e+00,  2.10030646e+00,
        3.42823695e+00, -2.86577494e+00,  2.34048345e+00,  1.06945700e+00,
        3.23250698e+00,  7.76901897e+00,  4.78210457e+00, -1.86767434e+00,
        4.68543290e+00,  6.22248299e+00,  3.64840022e-01,  4.77924723e+00,
        6.94879530e+00,  6.88554742e+00,  8.73992595e-01, -9.69200500e-01,
        5.36522557e+00,  5.85354534e+00,  6.02312308e+00, -6.61626966e-01,
        3.76531768e+00,  1.77256260e+00,  6.47348045e+00,  1.64679769e+00,
        9.57543897e+00,  9.56229311e+00,  4.19937444e+00,  1.32347950e+00,
        1.86421407e+00,  4.94458684e+00,  7.32306631e-01,  1.84691125e+00,
        6.22805161e+00,  5.85234618e+00,  1.48321246e+00, -3.45075262e-01,
        6.71656200e+00,  2.17215571e+00,  1.41103816e+01,  7.56489585e+00,
        3.36886203e+00,  3.29264890e+00,  3.30039628e+00,  1.01525329e+00,
        2.32268963e+00,  2.35929652e+00, -8.91021966e-01,  1.95940326e+00,
       -5.66908793e+00,  9.55873167e+00,  1.98183279e+00,  2.22761687e+00,
        2.62747900e+00,  1.58483526e+00,  1.70895441e+00,  1.24734854e+01,
        6.18395370e+00,  1.27653708e+00, -1.86357074e+00,  6.10549240e+00,
        3.04730789e+00, -6.05632645e-01,  1.57658940e+00,  9.63540992e+00,
        4.03126013e+00,  1.70904401e+00,  6.03812202e+00, -4.56476974e+00,
        4.57008158e+00, -1.43205916e+00, -3.29054488e+00,  2.43329033e+00,
        7.40301955e-01,  3.35374157e+00,  7.01872000e-01,  6.95204797e+00,
        4.12818372e+00,  6.80738477e+00, -1.32641589e+00,  5.42663094e+00,
        7.43616960e+00,  2.45874441e+00,  2.81266346e+00,  2.40113354e+00,
        1.94204556e+00,  9.61216029e+00,  1.08990692e+01,  3.09689050e+00,
        3.12337623e-01, -1.01189800e+00,  4.07074679e+00,  1.10337376e+01,
       -1.81467696e+00,  6.65425604e+00,  4.32670083e+00,  4.51776086e+00,
        6.10060005e+00, -2.59104214e-01,  5.44507346e+00,  1.12180858e+01,
        3.60768159e+00,  1.88938569e+00,  3.09961036e+00,  5.76341573e+00,
        1.63874685e-01,  4.32405726e-01,  8.49753174e+00, -1.04052568e+00,
        1.36164016e+01,  2.87417673e+00, -1.01907972e+00,  5.82509950e+00,
        1.63195601e+00,  1.08967122e+00,  9.00867158e-01,  2.39112048e+00,
        5.60975710e+00,  4.08132234e+00,  3.95228293e+00,  6.91413879e+00,
        2.55078847e+00,  7.77182195e+00, -1.15937331e+00,  6.73975864e+00,
        6.41595466e+00,  4.44599222e+00,  5.48140772e+00,  2.03995868e+00,
       -2.89924132e+00,  5.60764313e+00,  6.44694543e+00, -2.49992230e+00,
        4.53361747e+00,  2.80828250e+00,  5.58493947e+00,  1.52571225e+00,
        2.59441613e+00,  3.41382332e+00,  6.10982198e+00,  4.76804280e+00,
        4.90092906e+00, -1.97352472e+00, -2.03169533e+00,  7.01465556e+00,
        4.27648567e+00,  7.44602712e+00,  5.50807521e+00,  3.68803228e-01,
        5.83913203e+00,  5.28075529e+00,  5.71656724e+00, -3.82448615e+00,
        6.69695696e+00,  4.81978795e+00,  2.63065727e+00, -1.44200779e+00,
        3.13893745e-01,  3.68372046e+00,  1.20561821e+01,  8.23794254e+00,
       -3.34623462e-02, -2.99224074e-03,  3.40896624e+00,  1.18625900e+00,
       -1.70454468e+00, -3.01149672e-01,  6.76526859e+00,  6.15274554e+00,
        1.11843453e+01,  1.83639861e+00,  7.34503969e+00,  2.62102451e+00,
        5.06128139e+00,  5.19343556e+00,  2.85014650e+00,  3.46175629e+00,
       -5.89720174e+00,  6.02056258e+00,  2.37702526e-01,  3.05538745e+00,
        3.11005391e+00,  6.20260635e+00, -4.94698977e-01,  5.31493827e+00,
        1.66800464e+00,  6.17174286e-01,  2.36621252e+00, -1.04132146e+00,
        7.58419871e+00,  6.44339957e+00,  2.64390383e+00, -1.63547661e+00,
        2.28398194e+00,  2.75956050e+00,  2.31991538e+00,  4.16409973e-01,
       -7.52084774e-01,  3.19194949e+00,  2.76567891e+00, -2.46090859e+00,
        5.56115528e+00,  7.80593408e+00,  6.28040090e+00,  9.11051772e+00,
        7.86890917e+00,  2.64551175e+00,  2.77070392e+00,  3.48034955e+00,
        1.15769120e+00, -1.80931789e+00,  9.45618598e+00,  2.06552807e+00,
        7.05010036e+00,  3.76702484e+00,  4.35122988e+00,  5.12204363e+00,
       -2.61753142e+00,  5.59714956e+00,  1.82261631e+00,  6.19472969e+00,
        1.14702942e+01,  1.63924116e+00,  1.18227899e+01,  7.33294618e-01,
       -1.19784782e-02,  4.67947765e+00,  4.77311214e+00,  5.25336160e+00,
       -1.08626470e+00,  4.50493622e+00,  8.40401139e+00,  7.41540032e+00,
        3.56397301e+00,  8.57421158e+00,  7.40334112e+00,  7.79616821e+00,
        6.75689620e-01,  5.88801624e+00,  7.32414874e+00,  7.66903058e-01,
        9.11197207e-01, -2.06901856e+00,  2.94370304e+00, -7.77402009e-02,
        3.30106646e+00,  2.11950866e+00,  4.62592056e+00,  2.56792361e+00,
        6.89545668e+00,  2.29777847e+00,  1.39469135e+00,  1.77126200e+00,
        3.91088888e+00,  3.30189607e+00,  5.23656818e+00,  7.80089121e+00,
       -2.53878737e+00,  6.88167269e+00,  5.63952681e+00,  8.17788424e+00,
       -6.04053405e+00,  7.31648069e-01, -1.08585983e+00,  1.10364634e+01,
        3.51900536e+00,  2.04995716e+00,  1.00131841e+01,  1.94687582e+00,
        8.73978042e+00, -2.08570220e+00,  3.65182644e+00,  1.20429918e+00,
       -5.18733896e-01,  7.19118933e+00,  4.51633422e+00,  7.17849473e+00,
        1.03702627e+01,  5.99763095e+00,  2.17848027e+00,  4.11142519e+00,
        1.08725579e+01,  4.79026456e+00,  4.75824987e+00,  8.81535829e+00,
        3.10578676e+00,  6.54778615e+00,  4.86564254e+00,  1.23145379e+00,
        5.86184414e+00,  5.39413089e+00,  6.34094453e+00,  1.06094268e+01,
       -4.23741230e-01,  5.98308854e+00,  6.76063558e+00, -1.85104820e+00,
        2.58406341e+00,  1.64701030e+00,  6.45983140e+00,  8.19111182e+00,
        7.68465984e-01, -1.61521104e+00,  3.22272987e+00,  3.23484520e+00]), array([ 1.56622587e+00,  7.86579191e+00,  9.04660234e+00,  1.07590229e+00,
        9.20782992e-01,  1.85512530e+00,  5.57092671e-01,  9.41387378e+00,
        4.44254406e+00,  5.93245319e+00, -2.21462278e+00,  6.33332661e+00,
        5.72788499e+00,  4.79637147e-01,  3.46896987e+00, -1.82595756e+00,
        5.31217422e+00,  8.97200240e+00,  6.72868215e+00,  5.00521622e+00,
        3.85501878e+00,  8.01555313e-01,  6.24655993e-02, -1.72627997e-01,
        6.68015728e+00,  4.60791566e+00, -3.89772718e-01,  3.53554058e+00,
        5.05284204e+00,  2.33437182e+00,  4.79400175e+00,  5.96193637e+00,
        5.05051393e+00,  1.01627667e+00,  2.17694883e+00,  1.61153763e+00,
        5.50908626e+00,  4.02854288e+00,  4.56612332e+00,  1.45427254e+00,
       -1.57990611e+00,  1.88136052e+00,  6.00202158e+00,  5.73603101e+00,
       -2.14375776e+00,  8.69772983e+00,  2.69835338e+00,  1.70406813e+01,
        2.43435358e+00,  9.55925412e+00,  6.87631756e+00,  2.44548636e+00,
       -2.91631687e-01,  9.70154508e+00,  7.54338147e+00,  6.18442163e+00,
        4.05175217e+00,  2.71762438e+00, -8.22745518e-01,  1.19042482e+01,
        4.36578497e+00,  7.00665368e+00,  9.72218520e+00,  5.12159062e+00,
        5.01795235e+00,  9.15963742e+00, -4.50058555e+00,  5.47921166e+00,
        3.61334894e+00,  1.55510924e+01,  3.17755808e+00,  4.69058531e+00,
        3.23020027e+00, -1.27462347e+00,  7.27563959e+00,  2.34285507e+00,
        7.07998220e+00,  6.58110570e+00,  6.13365487e+00,  5.09283087e+00,
        5.84042382e+00,  4.43349138e+00, -2.90532911e-01,  4.78623808e+00,
        1.00580901e+01,  1.75007313e+00,  8.37479467e+00, -4.06892873e+00,
        3.49002471e+00,  5.15558551e+00,  1.39247936e+00,  5.76330992e+00,
        1.95614029e+00,  7.94034749e+00,  4.25419864e+00,  5.29374792e+00,
        6.39424857e+00, -4.29649299e+00,  8.28474536e+00, -2.12506534e+00,
        7.20685028e+00,  7.84371887e+00,  2.13883308e+00,  1.12257518e+01,
        6.22920750e+00,  6.11765889e+00,  4.49164397e+00,  2.27300684e+00,
        1.43939929e+00,  7.04652740e-01,  3.90956624e+00,  1.00940399e+01,
        6.94022271e+00,  4.45771777e+00,  5.82871610e+00,  5.72473006e+00,
        1.66587464e+00,  6.18705474e+00,  1.09262129e+01,  5.95999582e+00,
        2.36304661e+00,  6.15102263e-01,  2.61521643e+00, -8.88460489e-03,
        8.04088468e+00,  1.02736075e+01,  1.15498233e+00,  5.29606517e+00,
        4.12423207e+00,  7.76800698e+00,  4.83480007e+00,  9.85544974e-01,
        9.20201407e+00, -2.43734436e+00,  7.55875334e+00,  8.52109474e+00,
        7.22066875e+00,  3.85677074e+00,  1.18546459e+00,  6.71086395e+00,
        4.65412543e-01,  7.83502705e+00, -1.20771911e+00,  3.47729539e+00,
        8.77270349e+00,  6.01546349e+00,  8.63404181e+00,  2.59234768e+00,
        8.24057929e+00,  7.06693199e+00,  5.88638471e+00,  2.81764222e+00,
        8.81663040e+00,  3.52039044e+00,  6.12123809e+00,  5.43732688e+00,
        6.73286147e-01,  3.71967239e+00,  2.22307645e+00,  4.40167182e+00,
        4.10845580e+00,  5.75019897e+00,  2.08485963e+00,  5.34625016e+00,
        5.94938308e+00,  4.81001093e+00,  4.00135438e+00,  5.34663230e+00,
        5.44336242e+00,  5.29135925e+00,  1.00492330e-01,  9.46781066e+00,
        3.89090534e+00,  6.00043420e+00,  8.15992018e+00,  1.91630759e+00,
        8.30240071e+00, -3.61639624e-01,  9.32545205e+00,  5.20388836e+00,
        4.12480151e+00,  9.32747319e-01, -7.34908385e-01,  4.68961197e+00,
        6.70404960e+00,  6.19352331e+00,  5.85095337e+00,  4.30872572e+00,
        6.00006562e+00,  3.96301305e+00, -3.23963323e-01,  4.51503562e+00,
        3.41835926e+00,  1.95140471e+00,  4.89639477e+00,  6.54712846e+00,
        4.79746145e+00,  4.14504444e+00,  6.41301167e+00,  3.39128391e+00,
        5.44411347e+00,  3.38660216e+00,  1.41368823e+00,  2.15607258e+00,
        3.55617323e+00,  7.61947075e+00,  5.37434819e+00,  8.03256088e+00,
        2.85401698e+00,  8.70532749e+00,  4.46212502e+00,  6.48224987e-01,
        6.70014803e-01,  7.19603023e+00,  6.41501781e+00,  8.65576126e+00,
        8.11656723e+00,  8.40373124e+00,  1.15063807e-01,  1.70588398e+00,
        6.89429070e+00,  7.53622896e+00,  9.51344185e+00,  3.63422255e+00,
        7.07033984e+00,  2.98663719e+00,  4.41314539e+00,  2.84398442e+00,
        8.62084917e+00,  7.78849264e+00,  6.06049352e+00, -3.66770240e-01,
        8.63751033e+00, -2.51220964e+00,  1.95853683e+00,  1.92140503e+00,
        2.95068048e+00,  9.97542729e-01,  9.60710377e+00,  1.01272579e+01,
        5.60883064e+00,  8.37008739e+00,  1.19654167e+01,  7.25063653e+00,
        2.55315270e+00,  2.96382133e+00,  6.89126807e+00,  1.87317781e+00,
        2.42985134e+00, -3.18937115e+00,  2.46471285e+00,  1.22136404e+01,
       -9.23061224e-01,  4.79385015e+00,  1.10639280e+00,  6.19480714e+00,
        1.75589310e+00, -2.39775937e+00, -2.60142509e-01,  3.03479318e+00,
        2.48558382e+00,  3.54388154e+00,  3.96618590e+00,  1.18054902e+01,
        7.26747834e+00,  7.17740934e+00,  2.01269718e+00,  3.58769077e+00,
        1.59392838e+00,  1.37973312e+01, -1.23531264e+00,  4.98972390e+00,
        2.13702612e+00,  5.13053248e+00,  3.15404898e+00,  9.69971278e+00,
        7.33960012e+00,  6.58936102e+00,  1.11982403e+00,  6.68764772e+00,
        1.06230936e+01, -5.48501386e+00, -2.49350475e+00,  5.06166562e+00,
        6.41678602e-02,  1.49107263e+00,  1.02860081e+01,  3.46687867e+00,
        9.86934990e+00,  9.50220272e+00, -1.00486441e+00,  1.02131399e+01,
        4.66370091e+00,  3.51052487e+00,  7.39565171e-01,  4.78168212e+00,
        8.64970186e+00,  6.04243600e+00,  3.73262058e+00,  5.31678490e+00,
        6.84228708e+00, -2.70837089e-01, -6.33173249e+00,  8.30475453e-01,
        4.19000342e+00,  9.94883366e+00,  6.83276922e+00, -2.74921944e-01,
        6.71727739e+00,  1.23597850e+01,  2.77615679e+00,  9.80965773e-01,
        2.03586247e+00, -3.96772334e+00,  2.81502993e+00,  6.49195999e-01,
        7.38219997e-01,  4.23909568e+00, -9.68471703e-01,  5.68449773e+00,
        7.44615736e+00,  1.95206568e+00,  1.48746212e+00,  8.03233689e+00,
        4.75066699e+00,  1.29492807e+01,  5.56798742e+00,  2.53381290e+00,
        4.82718990e-01,  5.17028819e+00,  9.29411669e+00,  6.73229545e+00,
       -1.24784523e+00,  3.40921992e+00,  7.19578217e+00,  7.09850328e+00,
        5.39523262e+00,  4.51585125e+00,  4.95918024e+00,  4.17099886e+00,
        6.77467195e+00,  1.02028246e+00,  2.89326809e+00,  5.58936887e+00,
        2.86970695e+00,  1.81698516e+00,  3.89238100e-01,  2.85326360e+00,
        7.93180500e+00,  9.61049697e+00,  5.97023424e-01,  2.37475465e+00,
        2.02552068e+00,  1.14884575e+01,  5.92600270e+00,  6.63097620e+00,
        8.14968997e+00,  7.53588100e+00,  2.83782873e+00,  2.16263401e+00,
        6.50955292e+00,  1.86904771e-01,  3.61390133e+00,  4.98077614e+00,
        7.88093543e+00,  7.84451914e+00,  6.60359052e+00,  3.88666439e+00,
        3.52503599e+00,  2.66939619e-02,  8.85590052e+00,  6.75603053e+00,
        4.12670848e+00,  3.96164517e+00,  1.20330210e+01,  2.10524132e+00,
        1.17314485e+00,  4.80707475e-01,  5.10225589e+00,  3.57597353e+00,
        1.13822291e+01,  2.20743284e-01, -8.08165596e-01,  5.79941991e+00,
       -1.10777322e-01, -2.37537775e+00,  1.00388440e+00,  5.53834581e+00,
        2.93826945e+00,  6.96971886e+00,  6.45905113e+00,  4.88226987e+00,
        3.78398645e+00,  8.56563798e+00,  7.09998699e+00,  5.60581896e-01,
        6.66973363e+00,  7.53779775e+00,  9.02381474e+00, -5.02625853e+00,
        2.39983228e+00,  3.47367378e+00,  8.02076042e+00,  8.14762341e+00,
        4.86202238e+00,  6.33356874e+00,  9.70625232e-01,  6.76833718e+00,
        1.81543910e+00,  8.56031295e+00,  5.42699433e+00,  3.78764993e+00,
       -5.81325034e-01, -3.78120859e+00,  4.56394399e+00,  6.53872594e+00,
        4.19644106e+00,  5.11367964e+00,  3.35375773e+00,  8.38096563e+00,
        4.44611256e+00,  7.68575489e+00,  5.12749064e+00,  6.67121377e+00,
       -4.96101569e+00,  5.05459139e+00,  1.66142784e+00,  4.08146162e+00,
        9.25559356e+00, -7.60690392e-01,  1.09577113e+01,  4.27655834e+00,
       -9.81890029e-01,  1.69941090e+00,  3.20880968e+00,  8.62673521e+00,
       -1.50259740e+00,  1.11718408e+01,  1.55064765e+00,  1.00624636e+00,
        5.33294957e+00,  4.67509562e+00,  6.71435482e-01, -2.70948822e+00,
       -3.50231383e+00,  3.66839262e+00,  6.98531975e+00,  3.82843485e+00,
        2.61828513e+00,  7.60805042e+00,  7.31930719e+00,  6.90383927e+00,
       -7.46399419e+00,  7.46924507e+00,  3.99012821e+00,  7.55507216e+00,
        3.39839909e+00,  3.05925826e+00,  2.14939137e+00, -3.86359800e+00,
        8.89153879e+00,  5.64718292e+00, -1.59639878e+00, -2.41231068e+00,
        6.03204162e+00,  3.26762671e+00,  3.22440153e+00,  1.43288824e+00,
        2.48214387e+00,  1.10610084e+01,  5.45847589e+00,  5.42836984e+00,
        5.84826815e+00,  9.10147715e+00,  6.33803474e+00,  2.37662746e+00,
        5.89372968e+00,  1.54854658e+00,  6.51218997e+00,  8.02174467e+00,
        1.12892646e+01,  5.40847927e-01,  3.58474317e+00,  1.12375686e+00,
        3.36619658e+00,  6.37627880e+00,  8.68296437e+00,  4.11478111e+00,
        7.20072710e+00,  6.72486192e-01,  8.77262215e+00,  6.62880453e+00,
       -3.03626404e-01,  1.04716803e+01,  2.42600107e+00,  2.67342552e+00,
        4.41767665e+00, -1.55440469e+00,  3.66297473e+00,  2.23821506e+00,
        4.39211568e+00,  8.71654051e+00,  5.34517336e+00, -1.91573088e+00,
        5.53909600e+00,  6.73909557e+00,  8.77405689e-01,  5.53483589e+00,
        7.67531318e+00,  7.78508154e+00,  1.69205267e+00, -4.02091979e-01,
        6.50493699e+00,  6.59239802e+00,  6.35852033e+00,  1.90045509e-01,
        4.54975999e+00,  2.96819583e+00,  7.70398074e+00,  2.52430917e+00,
        1.04111307e+01,  1.00137064e+01,  5.25179863e+00,  1.83053201e+00,
        3.11004970e+00,  5.80417267e+00,  1.03735066e+00,  2.34219748e+00,
        6.80647482e+00,  6.88180459e+00,  2.65074892e+00,  8.12373062e-01,
        7.61482922e+00,  2.89828536e+00,  1.39801084e+01,  8.07493136e+00,
        3.72799821e+00,  3.29560535e+00,  4.04022673e+00,  1.21573846e+00,
        3.16602320e+00,  3.43901992e+00,  1.54056177e-01,  2.37173234e+00,
       -4.73484137e+00,  1.05329527e+01,  2.49065083e+00,  3.05720096e+00,
        3.55470337e+00,  1.59700487e+00,  2.09626552e+00,  1.26848188e+01,
        7.22955990e+00,  1.70113553e+00, -5.82013186e-01,  6.29921775e+00,
        3.65221369e+00,  4.16295688e-01,  2.69612505e+00,  1.00694980e+01,
        4.88122545e+00,  2.47114541e+00,  7.01128415e+00, -3.79183498e+00,
        6.04742813e+00, -3.95754255e-01, -2.40465026e+00,  2.97937737e+00,
        1.68279211e+00,  4.04756436e+00,  1.57648870e+00,  7.55771098e+00,
        4.65629937e+00,  7.18292870e+00,  4.87252267e-02,  6.29423714e+00,
        7.91572892e+00,  3.48367357e+00,  3.59927594e+00,  3.68735775e+00,
        2.63443826e+00,  1.08652717e+01,  1.17484684e+01,  3.55036762e+00,
        1.45434683e+00, -1.19629745e-01,  4.26375827e+00,  1.25463115e+01,
       -1.41735360e+00,  7.27775041e+00,  5.08702701e+00,  5.40713708e+00,
        7.28859214e+00,  3.85427526e-01,  5.78729598e+00,  1.23055135e+01,
        4.40998765e+00,  3.38389363e+00,  4.27337493e+00,  6.64241624e+00,
        7.87728321e-01,  2.15963831e+00,  9.19902711e+00,  4.47576191e-02,
        1.38709985e+01,  4.18208941e+00, -1.34605214e-01,  6.62540788e+00,
        2.55383795e+00,  2.06556233e+00,  2.29169714e+00,  3.47512724e+00,
        6.34200426e+00,  5.53885983e+00,  4.84052532e+00,  7.61656507e+00,
        3.69194811e+00,  9.04160598e+00, -1.21773956e+00,  7.63934081e+00,
        6.74174863e+00,  6.15547937e+00,  6.21834657e+00,  2.98374263e+00,
       -1.89892483e+00,  6.06543233e+00,  6.51023570e+00, -1.50321486e+00,
        5.28218452e+00,  3.25731292e+00,  6.02164451e+00,  2.00441963e+00,
        3.13598660e+00,  3.84774390e+00,  7.56489359e+00,  6.01869258e+00,
        5.47031655e+00, -9.75264080e-01, -2.10392615e+00,  7.65745705e+00,
        4.66406581e+00,  8.37397808e+00,  6.05713401e+00,  1.24491121e+00,
        6.43780896e+00,  6.07012878e+00,  6.48745866e+00, -3.09450215e+00,
        7.62869950e+00,  5.47916392e+00,  3.67884790e+00, -1.05318474e+00,
        1.23868617e+00,  3.98786746e+00,  1.31203134e+01,  8.90487722e+00,
        1.45268514e+00,  7.81367539e-01,  3.90602263e+00,  1.80184610e+00,
       -1.26242998e+00,  7.27170665e-02,  7.99952343e+00,  6.70130822e+00,
        1.24008156e+01,  3.03861842e+00,  8.35465178e+00,  3.42656200e+00,
        5.66440539e+00,  5.58729063e+00,  3.33868746e+00,  4.28209905e+00,
       -5.03457298e+00,  7.40245162e+00,  2.09199349e-01,  4.05001123e+00,
        3.45529199e+00,  6.91484998e+00,  1.02267734e-01,  6.10572222e+00,
        1.79997225e+00,  8.37846063e-01,  3.56914891e+00,  3.06621974e-01,
        8.11508558e+00,  7.17248957e+00,  3.69047747e+00, -1.06753935e+00,
        2.56600401e+00,  3.74677319e+00,  3.61137319e+00,  1.53079825e+00,
        5.39339719e-01,  3.98039963e+00,  3.17151115e+00, -1.25912609e+00,
        6.46264116e+00,  8.44525461e+00,  7.11863167e+00,  1.03129439e+01,
        8.57498362e+00,  3.12591560e+00,  3.32699182e+00,  3.87709052e+00,
        9.64647580e-01, -8.12660076e-01,  9.87888246e+00,  3.42489986e+00,
        7.64644113e+00,  3.94895735e+00,  5.15015620e+00,  5.51783986e+00,
       -1.61334894e+00,  6.64075271e+00,  3.36472500e+00,  7.39488060e+00,
        1.23652137e+01,  2.35368610e+00,  1.26152965e+01,  1.68349458e+00,
        1.03277163e+00,  5.56711735e+00,  6.12378360e+00,  5.58650678e+00,
       -1.27615476e-01,  5.76174546e+00,  8.98345180e+00,  8.53241454e+00,
        4.16862961e+00,  9.34004730e+00,  8.01339753e+00,  8.68001093e+00,
        1.62213276e+00,  6.33759902e+00,  8.28746140e+00,  1.71274838e+00,
        1.75657550e+00, -9.09042156e-01,  3.53322856e+00,  1.50099729e+00,
        4.10537229e+00,  3.07006925e+00,  5.37050291e+00,  3.53897981e+00,
        7.65010733e+00,  3.40343247e+00,  2.35501544e+00,  3.06717638e+00,
        4.32355937e+00,  4.02354542e+00,  6.42393390e+00,  8.43253900e+00,
       -1.41496786e+00,  8.26274099e+00,  6.47586275e+00,  8.23982267e+00,
       -4.77806844e+00,  1.54301440e+00, -1.71076736e-01,  1.20553703e+01,
        4.40348991e+00,  2.67782661e+00,  1.11068384e+01,  2.87004874e+00,
        9.40750047e+00, -4.55879699e-01,  3.58644589e+00,  1.94353247e+00,
        3.17047945e-02,  7.50009244e+00,  5.20143949e+00,  7.86445097e+00,
        1.10705335e+01,  6.88143207e+00,  3.21615480e+00,  4.87859146e+00,
        1.17458697e+01,  5.40274368e+00,  5.84624988e+00,  9.33020226e+00,
        3.83603430e+00,  7.84836662e+00,  6.12102728e+00,  2.35279315e+00,
        7.04507578e+00,  6.39017308e+00,  6.60189730e+00,  1.12875323e+01,
        4.54807869e-01,  6.65942649e+00,  7.64333477e+00, -8.50691344e-01,
        3.45432558e+00,  2.43752938e+00,  6.89780438e+00,  9.09074183e+00,
        1.37005233e+00, -7.10003030e-01,  3.82916590e+00,  4.32806988e+00]), array([ 2.36044235e+00,  8.84033878e+00,  9.32357866e+00,  9.65625643e-01,
        2.17391547e+00,  2.78376928e+00,  1.73402718e+00,  1.01070270e+01,
        4.57776276e+00,  6.94110614e+00, -1.42086016e+00,  7.51124471e+00,
        6.38699985e+00,  3.85326760e-01,  4.12054716e+00, -1.20671230e+00,
        6.09600073e+00,  9.85584013e+00,  7.61980117e+00,  6.08282927e+00,
        4.75086261e+00,  1.19665776e+00,  1.09009260e+00,  9.96971679e-01,
        6.87719374e+00,  5.21617224e+00, -1.54607145e-01,  4.07141073e+00,
        5.90839691e+00,  2.39392803e+00,  5.62124926e+00,  6.17769239e+00,
        5.62054241e+00,  2.25770449e+00,  2.53031037e+00,  2.70168618e+00,
        6.41035813e+00,  4.45560560e+00,  5.01631915e+00,  2.06554303e+00,
       -8.03568704e-01,  2.67756591e+00,  6.33338232e+00,  6.26408759e+00,
       -1.01020498e+00,  9.21815638e+00,  3.01729022e+00,  1.73048938e+01,
        3.18556874e+00,  1.00942143e+01,  7.55480969e+00,  3.42878904e+00,
        5.77561837e-01,  1.02007638e+01,  8.27010381e+00,  5.96386976e+00,
        4.63135355e+00,  3.54602075e+00,  1.29701976e-01,  1.29189610e+01,
        4.91243398e+00,  7.26923528e+00,  1.13901354e+01,  5.79295059e+00,
        5.54808915e+00,  9.50176682e+00, -3.40287257e+00,  6.34333315e+00,
        3.82231926e+00,  1.59546369e+01,  4.16701018e+00,  5.34957732e+00,
        4.30707742e+00,  7.91298179e-02,  7.93753093e+00,  2.84921766e+00,
        7.49182644e+00,  7.28955695e+00,  6.89379092e+00,  5.98375137e+00,
        6.33974925e+00,  4.62258325e+00,  8.61275007e-01,  5.90066391e+00,
        1.06359367e+01,  3.23809628e+00,  9.27935695e+00, -3.40209111e+00,
        4.19191607e+00,  5.95916038e+00,  1.65200318e+00,  6.84167505e+00,
        3.12345902e+00,  8.28569375e+00,  5.39444140e+00,  5.48384622e+00,
        6.92137202e+00, -3.67938501e+00,  8.99712625e+00, -1.61934928e+00,
        8.15861962e+00,  8.15888865e+00,  3.06972812e+00,  1.18635549e+01,
        7.28349424e+00,  6.55590915e+00,  5.16203925e+00,  2.63380711e+00,
        2.59896452e+00,  1.46532374e+00,  3.69677059e+00,  1.11383420e+01,
        8.21097934e+00,  5.44763986e+00,  6.09031971e+00,  6.04596200e+00,
        2.26104978e+00,  6.78698354e+00,  1.12139249e+01,  6.55338636e+00,
        2.92177352e+00,  1.38572171e+00,  3.00804789e+00, -1.71106107e-01,
        8.91858585e+00,  1.10441121e+01,  2.08909319e+00,  5.49689012e+00,
        4.82653451e+00,  7.88908714e+00,  6.17455198e+00,  2.26948425e+00,
        9.94078718e+00, -1.65775361e+00,  8.28729811e+00,  8.90138079e+00,
        7.75295367e+00,  4.80691003e+00,  2.02795254e+00,  7.60988463e+00,
        1.25723686e+00,  8.23647532e+00, -1.04682526e-01,  4.85998385e+00,
        9.56438846e+00,  6.75943467e+00,  9.53103122e+00,  3.66098517e+00,
        9.07238676e+00,  7.01962113e+00,  6.25970447e+00,  3.19289184e+00,
        9.57277504e+00,  3.83483450e+00,  6.27159313e+00,  6.44635770e+00,
        1.58932387e+00,  4.29608676e+00,  3.29838489e+00,  4.82691745e+00,
        4.97781706e+00,  6.39640155e+00,  2.57041481e+00,  5.94523581e+00,
        6.05342646e+00,  4.71715763e+00,  4.60747024e+00,  5.91663642e+00,
        5.81501084e+00,  6.44920393e+00,  9.95478561e-01,  1.05819572e+01,
        4.26666647e+00,  6.69664938e+00,  9.08748949e+00,  2.73163865e+00,
        8.62082717e+00,  8.44724480e-01,  9.76981259e+00,  6.02596158e+00,
        5.13929523e+00,  1.56735847e+00,  6.14288235e-02,  5.57141320e+00,
        7.69592577e+00,  7.17127474e+00,  7.22127743e+00,  4.65817136e+00,
        6.73141614e+00,  5.14849444e+00,  4.65788471e-01,  5.12187029e+00,
        4.32577233e+00,  2.37339173e+00,  5.58879442e+00,  7.48967561e+00,
        5.60184783e+00,  4.66327391e+00,  7.32222377e+00,  3.78806612e+00,
        6.56747879e+00,  4.41699184e+00,  2.02488388e+00,  2.80209812e+00,
        4.41958505e+00,  8.25960157e+00,  6.28693264e+00,  8.58054274e+00,
        3.49710164e+00,  9.29728206e+00,  5.50496738e+00,  1.31453939e+00,
        1.37115280e+00,  7.83897671e+00,  7.03712904e+00,  9.79038139e+00,
        9.57046433e+00,  9.65046391e+00,  1.16017253e+00,  2.18349551e+00,
        7.57649186e+00,  8.44610237e+00,  1.07083501e+01,  4.79433126e+00,
        7.53640319e+00,  3.53878451e+00,  5.64347050e+00,  3.55767488e+00,
        8.96454297e+00,  8.31023928e+00,  6.74709305e+00,  5.07834824e-01,
        9.42416241e+00, -2.48974774e+00,  3.00248670e+00,  3.02925210e+00,
        3.69911552e+00,  1.95216509e+00,  1.05094630e+01,  1.06815181e+01,
        6.27362854e+00,  9.18369235e+00,  1.24894966e+01,  8.65777750e+00,
        3.48451415e+00,  3.55412868e+00,  7.70988520e+00,  2.31819059e+00,
        3.07747509e+00, -1.56978710e+00,  3.43898443e+00,  1.29940089e+01,
       -4.45452095e-01,  5.40162857e+00,  2.01116019e+00,  6.38527337e+00,
        3.41130023e+00, -2.05634055e+00,  6.52235400e-01,  3.83831254e+00,
        2.96107032e+00,  4.63781889e+00,  4.92555943e+00,  1.31284830e+01,
        7.66422561e+00,  7.25138869e+00,  2.44716100e+00,  4.08009801e+00,
        2.18104414e+00,  1.50075971e+01, -9.93348865e-02,  5.62856971e+00,
        2.94247589e+00,  6.01151761e+00,  3.63580008e+00,  1.09135947e+01,
        8.83880963e+00,  7.66089153e+00,  1.95166692e+00,  7.35465892e+00,
        1.11041223e+01, -4.55307191e+00, -1.69912452e+00,  5.82462138e+00,
        8.07588345e-01,  2.07176977e+00,  1.08642815e+01,  4.49472777e+00,
        1.10777424e+01,  1.06231067e+01, -2.00002895e-01,  1.10875073e+01,
        5.37865804e+00,  4.27355559e+00,  1.69666948e+00,  5.66666600e+00,
        9.53855134e+00,  6.49583868e+00,  3.87839300e+00,  6.42434062e+00,
        7.76278454e+00, -4.54404694e-01, -6.08326454e+00,  2.48750614e+00,
        5.46759501e+00,  1.01057097e+01,  7.61232005e+00, -1.61999448e-01,
        7.67052780e+00,  1.31200500e+01,  3.17262435e+00,  1.08221235e+00,
        2.58575787e+00, -3.13114715e+00,  3.53677516e+00,  1.08222155e+00,
        8.30744169e-01,  4.89383777e+00, -4.99489358e-01,  6.24102026e+00,
        7.93050859e+00,  2.80010090e+00,  2.45964959e+00,  8.77466435e+00,
        5.36347458e+00,  1.41014542e+01,  6.28503721e+00,  3.35040501e+00,
        1.03094948e+00,  5.44462164e+00,  9.83179535e+00,  7.25096354e+00,
       -6.58505168e-01,  3.78377273e+00,  7.98087059e+00,  7.63588602e+00,
        5.60544699e+00,  5.36646767e+00,  5.57165785e+00,  4.16627501e+00,
        7.13779917e+00,  1.82746164e+00,  3.56638788e+00,  6.31440380e+00,
        3.54250922e+00,  2.26479280e+00,  1.07059282e+00,  3.50184505e+00,
        9.37955008e+00,  1.04224072e+01,  9.08758472e-01,  3.39504356e+00,
        2.65996586e+00,  1.28404904e+01,  6.39547783e+00,  6.78782112e+00,
        9.61631852e+00,  8.66858706e+00,  4.36038092e+00,  3.36819154e+00,
        6.83001646e+00,  3.80497875e-01,  4.95407413e+00,  5.43781306e+00,
        8.24498480e+00,  8.63267988e+00,  6.98041558e+00,  4.64845887e+00,
        4.25949186e+00,  4.43809985e-01,  9.93468634e+00,  7.41485748e+00,
        4.41453221e+00,  4.91833541e+00,  1.27516115e+01,  2.77915448e+00,
        1.16380858e+00,  1.03311453e+00,  6.06646976e+00,  4.27124465e+00,
        1.23753921e+01,  9.82563035e-01, -2.09629016e-01,  7.12152062e+00,
        7.38112848e-01, -1.42164095e+00,  2.04927598e+00,  6.59945381e+00,
        4.09971653e+00,  7.94859057e+00,  7.27261796e+00,  5.56593249e+00,
        4.20760368e+00,  9.79459942e+00,  7.94772500e+00,  1.07353786e+00,
        7.20825912e+00,  8.65346536e+00,  1.03234499e+01, -4.83930123e+00,
        3.45557034e+00,  4.56061879e+00,  9.35675237e+00,  9.69150458e+00,
        5.02036955e+00,  7.22947989e+00,  2.10961362e+00,  7.86629123e+00,
        2.57874383e+00,  9.30344625e+00,  5.91457084e+00,  4.30565577e+00,
       -1.25379819e-02, -3.26714686e+00,  5.75293512e+00,  7.49897052e+00,
        5.04567496e+00,  5.95537037e+00,  4.42609841e+00,  9.58990380e+00,
        5.16756388e+00,  8.30438664e+00,  6.32745731e+00,  7.18049273e+00,
       -4.35794023e+00,  6.11054721e+00,  2.16174389e+00,  5.22690108e+00,
        9.70753942e+00,  1.09695363e-01,  1.14604987e+01,  5.39444921e+00,
        1.52503127e-01,  2.55394096e+00,  3.89196723e+00,  8.51703418e+00,
       -1.57068802e-01,  1.08585314e+01,  2.68193077e+00,  1.73052552e+00,
        6.21514222e+00,  4.91053092e+00,  1.80092997e+00, -2.11879135e+00,
       -2.48040933e+00,  4.34671414e+00,  8.65235087e+00,  4.63471741e+00,
        3.47131852e+00,  8.54212090e+00,  8.09574227e+00,  8.29851440e+00,
       -7.32790957e+00,  8.09032829e+00,  4.74136497e+00,  8.17616793e+00,
        3.97337420e+00,  4.03454616e+00,  2.73371359e+00, -3.74581774e+00,
        8.80279311e+00,  6.37995661e+00, -8.00288430e-01, -1.29630225e+00,
        6.75285954e+00,  4.42499044e+00,  4.23673320e+00,  2.30638583e+00,
        3.28713325e+00,  1.18124518e+01,  6.31328106e+00,  5.91944459e+00,
        6.50122031e+00,  1.04545253e+01,  6.56741248e+00,  2.49045199e+00,
        7.46805865e+00,  2.84610671e+00,  7.66637680e+00,  8.96607163e+00,
        1.16514507e+01,  1.16976006e+00,  3.93144041e+00,  1.66270268e+00,
        3.88479464e+00,  6.91220340e+00,  9.71058630e+00,  4.72342491e+00,
        8.14613378e+00,  1.52728416e+00,  8.77322981e+00,  7.59590978e+00,
        1.64966972e-01,  1.06202445e+01,  2.18145476e+00,  3.18662346e+00,
        5.32481637e+00, -2.93780354e-01,  4.94969365e+00,  3.31666213e+00,
        5.41263082e+00,  9.63835725e+00,  5.84154099e+00, -2.05363496e+00,
        6.31734666e+00,  7.13106432e+00,  1.26207228e+00,  6.20513039e+00,
        8.37648993e+00,  8.65152339e+00,  2.42121815e+00,  5.80717443e-02,
        7.53412544e+00,  7.21897636e+00,  6.64480075e+00,  9.33986655e-01,
        5.29033380e+00,  4.10540987e+00,  8.87468582e+00,  3.34403632e+00,
        1.11946008e+01,  1.03709493e+01,  6.24355394e+00,  2.22988909e+00,
        4.27322371e+00,  6.58510149e+00,  1.26380749e+00,  2.75425720e+00,
        7.25206716e+00,  7.87366994e+00,  3.76520075e+00,  1.94390548e+00,
        8.46477838e+00,  3.53683140e+00,  1.37316821e+01,  8.47666452e+00,
        4.00174980e+00,  3.22557484e+00,  4.74617568e+00,  1.26802906e+00,
        3.97328038e+00,  4.41675229e+00,  1.18607567e+00,  2.68443485e+00,
       -3.84662961e+00,  1.13928866e+01,  2.90074588e+00,  3.80583825e+00,
        4.35763345e+00,  1.47994139e+00,  2.39238953e+00,  1.28006474e+01,
        8.11079913e+00,  2.00816622e+00,  6.11356440e-01,  6.46397274e+00,
        4.19474116e+00,  1.32268580e+00,  3.76180697e+00,  1.04295649e+01,
        5.64303990e+00,  3.12653512e+00,  7.95736107e+00, -3.08953379e+00,
        7.48467151e+00,  4.87241496e-01, -1.60916942e+00,  3.45298681e+00,
        2.55663913e+00,  4.66272815e+00,  2.40854929e+00,  8.07703276e+00,
        5.11091538e+00,  7.49944101e+00,  1.36967502e+00,  7.09786009e+00,
        8.36124103e+00,  4.47399665e+00,  4.30388718e+00,  4.84559082e+00,
        3.25151969e+00,  1.20624511e+01,  1.25010756e+01,  3.87681575e+00,
        2.50573574e+00,  6.86789027e-01,  4.35573259e+00,  1.40381440e+01,
       -1.14509830e+00,  7.83844839e+00,  5.76018671e+00,  6.19961766e+00,
        8.41319780e+00,  9.68568562e-01,  6.02327136e+00,  1.33471236e+01,
        5.09808852e+00,  4.80143604e+00,  5.39700083e+00,  7.43455302e+00,
        1.30117319e+00,  3.76487348e+00,  9.81589992e+00,  1.06436205e+00,
        1.39896975e+01,  5.40173738e+00,  6.28787861e-01,  7.35588843e+00,
        3.40975049e+00,  2.94440517e+00,  3.58340918e+00,  4.50163831e+00,
        6.97644303e+00,  6.95614302e+00,  5.63373307e+00,  8.30682084e+00,
        4.75005402e+00,  1.02455263e+01, -1.41622922e+00,  8.48737867e+00,
        6.97465210e+00,  7.86536541e+00,  6.84408185e+00,  3.86989158e+00,
       -1.00300056e+00,  6.46878746e+00,  6.44027669e+00, -5.29593458e-01,
        5.97009935e+00,  3.62108070e+00,  6.35255583e+00,  2.35330028e+00,
        3.57217404e+00,  4.21403486e+00,  8.96477748e+00,  7.28863537e+00,
        5.94126471e+00, -7.34352468e-02, -2.30163279e+00,  8.23318646e+00,
        5.04490545e+00,  9.27514217e+00,  6.50388863e+00,  1.99045453e+00,
        6.99337022e+00,  6.78568337e+00,  7.21277557e+00, -2.39553339e+00,
        8.45470017e+00,  6.03786211e+00,  4.65929048e+00, -7.69185826e-01,
        2.12228630e+00,  4.18003589e+00,  1.41450742e+01,  9.49345633e+00,
        2.87777723e+00,  1.50288230e+00,  4.33535825e+00,  2.35311981e+00,
       -9.19691502e-01,  3.34652738e-01,  9.16288906e+00,  7.21622053e+00,
        1.35527302e+01,  4.15201440e+00,  9.31109916e+00,  4.19206800e+00,
        6.13449051e+00,  5.91043798e+00,  3.68348347e+00,  4.99495861e+00,
       -4.24430796e+00,  8.73136591e+00,  9.80863672e-02,  4.96640212e+00,
        3.68852508e+00,  7.55769487e+00,  6.46227116e-01,  6.83578311e+00,
        1.82984794e+00,  9.15964001e-01,  4.70833837e+00,  1.55978959e+00,
        8.60442080e+00,  7.81711825e+00,  4.62199145e+00, -6.21995324e-01,
        2.77683706e+00,  4.69487300e+00,  4.82362162e+00,  2.56700705e+00,
        1.76956270e+00,  4.74367136e+00,  3.49504519e+00, -8.31104821e-02,
        7.28615498e+00,  8.98221684e+00,  7.89519637e+00,  1.14889281e+01,
        9.16371235e+00,  3.51261079e+00,  3.77306837e+00,  4.21967658e+00,
        6.43903237e-01,  1.58178611e-01,  1.02234897e+01,  4.72199054e+00,
        8.18010079e+00,  4.00098490e+00,  5.89546566e+00,  5.81245853e+00,
       -7.11265552e-01,  7.56784726e+00,  4.83673735e+00,  8.52712557e+00,
        1.31594047e+01,  3.03109387e+00,  1.33850449e+01,  2.57480369e+00,
        1.93973778e+00,  6.38186955e+00,  7.42572387e+00,  5.79368949e+00,
        7.22192518e-01,  6.98294668e+00,  9.46757780e+00,  9.58696675e+00,
        4.67313328e+00,  1.00707849e+01,  8.50941849e+00,  9.48248493e+00,
        2.49572977e+00,  6.69536203e+00,  9.15319570e+00,  2.54325367e+00,
        2.57341774e+00,  1.91998377e-01,  4.03112298e+00,  3.01603978e+00,
        4.86648469e+00,  3.94690318e+00,  5.98703607e+00,  4.37531231e+00,
        8.30207766e+00,  4.47757196e+00,  3.27151412e+00,  4.28672857e+00,
        4.63008991e+00,  4.58043515e+00,  7.53652172e+00,  8.98662156e+00,
       -3.96973171e-01,  9.61619919e+00,  7.27032431e+00,  8.16621206e+00,
       -3.62165594e+00,  2.27389009e+00,  6.99226432e-01,  1.30362101e+01,
        5.22911312e+00,  3.22193933e+00,  1.21346684e+01,  3.72758646e+00,
        9.95224231e+00,  1.15611229e+00,  3.41123069e+00,  2.57424391e+00,
        4.87068638e-01,  7.74194397e+00,  5.79636223e+00,  8.48122134e+00,
        1.16534625e+01,  7.68999511e+00,  4.11907255e+00,  5.59241762e+00,
        1.25587939e+01,  5.92831726e+00,  6.86853660e+00,  9.79101589e+00,
        4.48823319e+00,  9.07561664e+00,  7.34715604e+00,  3.42655522e+00,
        8.19599765e+00,  7.30225123e+00,  6.70224657e+00,  1.19233122e+01,
        1.28602543e+00,  7.23742565e+00,  8.44741945e+00,  4.49123486e-02,
        4.18331451e+00,  3.19014041e+00,  7.22650224e+00,  9.94750726e+00,
        1.89833538e+00,  1.04992291e-01,  4.33624675e+00,  5.32837804e+00]), array([ 3.18202116e+00,  9.81286603e+00,  9.63610393e+00,  9.23388600e-01,
        3.45166580e+00,  3.69690648e+00,  2.97866792e+00,  1.08451398e+01,
        4.77791218e+00,  7.98220778e+00, -6.38957150e-01,  8.73421074e+00,
        7.07948340e+00,  3.26343275e-01,  4.77208140e+00, -5.82581816e-01,
        6.87644533e+00,  1.07876602e+01,  8.52828739e+00,  7.19329276e+00,
        5.62422881e+00,  1.58854801e+00,  2.11836335e+00,  2.17541125e+00,
        7.10401215e+00,  5.85417613e+00,  6.36472982e-02,  4.60145682e+00,
        6.81327097e+00,  2.48607948e+00,  6.49369752e+00,  6.40186341e+00,
        6.18724823e+00,  3.46854049e+00,  2.93310136e+00,  3.80964651e+00,
        7.30549245e+00,  4.92356997e+00,  5.48171676e+00,  2.70848906e+00,
       -1.75493704e-02,  3.49787328e+00,  6.69934897e+00,  6.85024234e+00,
        9.37113938e-02,  9.74363871e+00,  3.36236265e+00,  1.76224512e+01,
        3.91950948e+00,  1.06639283e+01,  8.28695158e+00,  4.38815745e+00,
        1.46872602e+00,  1.07414274e+01,  9.03620524e+00,  5.78504303e+00,
        5.22611192e+00,  4.35212722e+00,  1.08385974e+00,  1.39843001e+01,
        5.45404354e+00,  7.61322670e+00,  1.30614810e+01,  6.46629624e+00,
        6.10736113e+00,  9.87346674e+00, -2.30151166e+00,  7.23213313e+00,
        4.04540871e+00,  1.63764042e+01,  5.18535216e+00,  6.04266734e+00,
        5.34716182e+00,  1.44349697e+00,  8.60941617e+00,  3.36590046e+00,
        7.95910251e+00,  8.04927507e+00,  7.67723294e+00,  6.91205768e+00,
        6.88246604e+00,  4.79119024e+00,  1.96345347e+00,  7.01830788e+00,
        1.12694501e+01,  4.68599833e+00,  1.02561599e+01, -2.74441709e+00,
        4.90010995e+00,  6.80853317e+00,  1.89509603e+00,  7.94606956e+00,
        4.32556902e+00,  8.67079103e+00,  6.48861312e+00,  5.75145338e+00,
        7.43679681e+00, -3.09699380e+00,  9.74844720e+00, -1.15360883e+00,
        9.14727984e+00,  8.52339360e+00,  3.99694976e+00,  1.25280903e+01,
        8.35333559e+00,  7.03305215e+00,  5.87135080e+00,  3.02219660e+00,
        3.77638642e+00,  2.20925439e+00,  3.53650533e+00,  1.22383227e+01,
        9.49020555e+00,  6.47368559e+00,  6.38362571e+00,  6.40158920e+00,
        2.87934143e+00,  7.41842513e+00,  1.15308991e+01,  7.15270817e+00,
        3.51649744e+00,  2.17262572e+00,  3.42168885e+00, -2.94123134e-01,
        9.81454836e+00,  1.18529334e+01,  3.04600760e+00,  5.66303916e+00,
        5.52489549e+00,  8.03836653e+00,  7.51203359e+00,  3.52426716e+00,
        1.07367469e+01, -8.70368564e-01,  9.04114993e+00,  9.32436106e+00,
        8.33870085e+00,  5.79437119e+00,  2.90225915e+00,  8.52673959e+00,
        2.03420346e+00,  8.66175673e+00,  1.03052751e+00,  6.28109105e+00,
        1.03972999e+01,  7.55517890e+00,  1.04476779e+01,  4.73336125e+00,
        9.92716658e+00,  6.98133612e+00,  6.68301085e+00,  3.61396745e+00,
        1.03754499e+01,  4.19760807e+00,  6.43430350e+00,  7.46370645e+00,
        2.49142069e+00,  4.89678838e+00,  4.42091319e+00,  5.25801809e+00,
        5.85075071e+00,  7.05618405e+00,  3.09392202e+00,  6.55951032e+00,
        6.20876820e+00,  4.68031922e+00,  5.22435664e+00,  6.51744591e+00,
        6.23909260e+00,  7.61416173e+00,  1.89572957e+00,  1.17215165e+01,
        4.65950497e+00,  7.42017594e+00,  1.00333817e+01,  3.56781327e+00,
        8.94505782e+00,  2.02881858e+00,  1.02222459e+01,  6.86691761e+00,
        6.16197673e+00,  2.17741028e+00,  8.47538479e-01,  6.48407599e+00,
        8.69133201e+00,  8.13716899e+00,  8.58203780e+00,  5.05134630e+00,
        7.47666665e+00,  6.32157826e+00,  1.26366471e+00,  5.75080690e+00,
        5.24608326e+00,  2.80551056e+00,  6.28618340e+00,  8.44935351e+00,
        6.43675537e+00,  5.21653856e+00,  8.25034575e+00,  4.18212035e+00,
        7.71736694e+00,  5.46409851e+00,  2.63751639e+00,  3.44071620e+00,
        5.30835312e+00,  8.94257607e+00,  7.21962830e+00,  9.19399004e+00,
        4.17395368e+00,  9.91173581e+00,  6.58918643e+00,  1.99389200e+00,
        2.08455710e+00,  8.50120435e+00,  7.67659785e+00,  1.09073821e+01,
        1.10146654e+01,  1.09148040e+01,  2.18887973e+00,  2.66495870e+00,
        8.26940357e+00,  9.39620670e+00,  1.19214143e+01,  5.98681606e+00,
        8.01837615e+00,  4.15051030e+00,  6.87515381e+00,  4.30054096e+00,
        9.33227836e+00,  8.88749758e+00,  7.47999961e+00,  1.38739605e+00,
        1.02599954e+01, -2.46884385e+00,  4.06974503e+00,  4.14214757e+00,
        4.48007144e+00,  2.92637988e+00,  1.14231987e+01,  1.12343738e+01,
        6.99120483e+00,  9.99900673e+00,  1.30542444e+01,  1.00588015e+01,
        4.42076608e+00,  4.15233975e+00,  8.56558290e+00,  2.79595308e+00,
        3.72835496e+00,  1.64648082e-02,  4.42943515e+00,  1.37794824e+01,
        3.54129071e-02,  6.01904119e+00,  2.90030408e+00,  6.64318612e+00,
        5.04661774e+00, -1.72904180e+00,  1.56173872e+00,  4.68148915e+00,
        3.47847360e+00,  5.73166212e+00,  5.87594716e+00,  1.44478974e+01,
        8.08054253e+00,  7.36926455e+00,  2.89121564e+00,  4.57368322e+00,
        2.74636203e+00,  1.62004044e+01,  1.01757922e+00,  6.27001223e+00,
        3.75071919e+00,  6.89930096e+00,  4.09987640e+00,  1.21669938e+01,
        1.03467264e+01,  8.73988731e+00,  2.81538326e+00,  8.05742586e+00,
        1.16220178e+01, -3.64793532e+00, -8.71154296e-01,  6.61004382e+00,
        1.57914667e+00,  2.66457166e+00,  1.14980803e+01,  5.56766535e+00,
        1.22968052e+01,  1.17582759e+01,  6.09774414e-01,  1.19476055e+01,
        6.09472887e+00,  5.05261302e+00,  2.65570428e+00,  6.54610305e+00,
        1.04264925e+01,  6.99141642e+00,  4.05838319e+00,  7.54169682e+00,
        8.70815581e+00, -5.70209471e-01, -5.86340239e+00,  4.12446941e+00,
        6.74259572e+00,  1.02766397e+01,  8.42284656e+00, -3.19766558e-02,
        8.59274917e+00,  1.39676808e+01,  3.58107199e+00,  1.19125740e+00,
        3.18403629e+00, -2.29279685e+00,  4.27519561e+00,  1.54324078e+00,
        9.40133342e-01,  5.57307560e+00, -1.42438472e-02,  6.81426173e+00,
        8.45030799e+00,  3.64672407e+00,  3.43494536e+00,  9.55689383e+00,
        6.00065070e+00,  1.52646678e+01,  7.04430538e+00,  4.19442936e+00,
        1.61706263e+00,  5.74189177e+00,  1.03965176e+01,  7.77491864e+00,
       -7.21241647e-02,  4.15643798e+00,  8.77241013e+00,  8.20117909e+00,
        5.85467170e+00,  6.24817435e+00,  6.19551156e+00,  4.21129070e+00,
        7.56681245e+00,  2.65723295e+00,  4.24612947e+00,  7.05601878e+00,
        4.23310556e+00,  2.73535519e+00,  1.76244286e+00,  4.16747824e+00,
        1.08001551e+01,  1.12543320e+01,  1.21265811e+00,  4.44848576e+00,
        3.31190836e+00,  1.42242449e+01,  6.88590423e+00,  7.01065506e+00,
        1.10939057e+01,  9.79977378e+00,  5.85035932e+00,  4.59698749e+00,
        7.15186657e+00,  6.06120579e-01,  6.31906641e+00,  5.92013545e+00,
        8.62779352e+00,  9.45154124e+00,  7.37515260e+00,  5.43906149e+00,
        5.03414202e+00,  8.65925943e-01,  1.10565097e+01,  8.10933040e+00,
        4.73162372e+00,  5.89955281e+00,  1.34996277e+01,  3.43462806e+00,
        1.14065996e+00,  1.63560827e+00,  7.03242845e+00,  4.97647829e+00,
        1.33662586e+01,  1.73658098e+00,  4.47404627e-01,  8.45417747e+00,
        1.58644271e+00, -4.81646335e-01,  3.06240865e+00,  7.68487774e+00,
        5.26960932e+00,  8.92140096e+00,  8.11176977e+00,  6.23670420e+00,
        4.64309652e+00,  1.10480920e+01,  8.81142865e+00,  1.60399280e+00,
        7.76019309e+00,  9.80136350e+00,  1.16818612e+01, -4.64491890e+00,
        4.47357159e+00,  5.64404118e+00,  1.07066365e+01,  1.12400602e+01,
        5.21107866e+00,  8.10655497e+00,  3.22377600e+00,  8.94754116e+00,
        3.38943129e+00,  1.00764901e+01,  6.41717481e+00,  4.87697579e+00,
        5.54423156e-01, -2.72948344e+00,  6.95673121e+00,  8.47384419e+00,
        5.93759660e+00,  6.83550822e+00,  5.49572017e+00,  1.08029126e+01,
        5.90008730e+00,  8.97287710e+00,  7.51829058e+00,  7.70089997e+00,
       -3.76792810e+00,  7.19650896e+00,  2.68565343e+00,  6.39601790e+00,
        1.02185450e+01,  9.47934604e-01,  1.19896676e+01,  6.56350102e+00,
        1.26386772e+00,  3.45060480e+00,  4.55800535e+00,  8.47776694e+00,
        1.19737780e+00,  1.06104600e+01,  3.79408609e+00,  2.44287449e+00,
        7.07498075e+00,  5.15262655e+00,  2.94333412e+00, -1.49706361e+00,
       -1.47417814e+00,  5.03535425e+00,  1.02920857e+01,  5.42445752e+00,
        4.31523964e+00,  9.50426422e+00,  8.85655832e+00,  9.69074711e+00,
       -7.17724024e+00,  8.74259304e+00,  5.52791267e+00,  8.80113230e+00,
        4.59364443e+00,  5.01987284e+00,  3.31274709e+00, -3.63565100e+00,
        8.74314660e+00,  7.10167631e+00, -1.43802222e-02, -1.69636219e-01,
        7.52171935e+00,  5.58867770e+00,  5.26433897e+00,  3.18013006e+00,
        4.11462684e+00,  1.25747215e+01,  7.19712980e+00,  6.45987988e+00,
        7.17796439e+00,  1.18204370e+01,  6.84005132e+00,  2.64582847e+00,
        9.06429389e+00,  4.15260418e+00,  8.83995874e+00,  9.93618544e+00,
        1.20546370e+01,  1.81610800e+00,  4.28560409e+00,  2.22291227e+00,
        4.44153278e+00,  7.51609565e+00,  1.07844422e+01,  5.31124925e+00,
        9.14260622e+00,  2.41065730e+00,  8.79685699e+00,  8.61484179e+00,
        6.28115611e-01,  1.08013268e+01,  1.96453375e+00,  3.70679473e+00,
        6.25122674e+00,  9.47192170e-01,  6.21689248e+00,  4.42519864e+00,
        6.49379242e+00,  1.05728024e+01,  6.35332358e+00, -2.18676407e+00,
        7.11471107e+00,  7.57506279e+00,  1.68968511e+00,  6.90400780e+00,
        9.07429564e+00,  9.51616684e+00,  3.15936585e+00,  5.34581782e-01,
        8.61922644e+00,  7.89745185e+00,  6.93419284e+00,  1.69341044e+00,
        6.02298495e+00,  5.24590962e+00,  1.00659097e+01,  4.16279004e+00,
        1.19951856e+01,  1.07642390e+01,  7.23476229e+00,  2.65538788e+00,
        5.44606667e+00,  7.38541788e+00,  1.49556719e+00,  3.18099460e+00,
        7.76306429e+00,  8.86694459e+00,  4.87751798e+00,  3.04245529e+00,
        9.32719404e+00,  4.19527532e+00,  1.35568566e+01,  8.92911948e+00,
        4.29190962e+00,  3.16224473e+00,  5.43848074e+00,  1.36201838e+00,
        4.76689755e+00,  5.42728167e+00,  2.17912307e+00,  3.02299449e+00,
       -2.99351461e+00,  1.23198626e+01,  3.33640332e+00,  4.57367793e+00,
        5.20161530e+00,  1.39831948e+00,  2.70283086e+00,  1.29721188e+01,
        9.08311626e+00,  2.35312615e+00,  1.81919084e+00,  6.61898122e+00,
        4.74121963e+00,  2.25524612e+00,  4.81664514e+00,  1.08210214e+01,
        6.44005861e+00,  3.80927007e+00,  8.90320087e+00, -2.39535900e+00,
        8.91745738e+00,  1.42600768e+00, -8.04882224e-01,  3.93163606e+00,
        3.43107653e+00,  5.28839922e+00,  3.22349913e+00,  8.62376095e+00,
        5.57392704e+00,  7.82781930e+00,  2.68265615e+00,  7.91518397e+00,
        8.80231817e+00,  5.45656347e+00,  5.02955346e+00,  6.05244050e+00,
        3.88190401e+00,  1.32868116e+01,  1.33074111e+01,  4.24737290e+00,
        3.57742133e+00,  1.49417200e+00,  4.47535347e+00,  1.55402704e+01,
       -8.45574502e-01,  8.41882188e+00,  6.45950658e+00,  7.03177758e+00,
        9.55663833e+00,  1.53467553e+00,  6.29316253e+00,  1.44135079e+01,
        5.82649918e+00,  6.22743668e+00,  6.51647277e+00,  8.26245628e+00,
        1.83403478e+00,  5.41428259e+00,  1.04626520e+01,  2.08692761e+00,
        1.41954813e+01,  6.64783917e+00,  1.42519620e+00,  8.10369454e+00,
        4.26872650e+00,  3.84174198e+00,  4.90666791e+00,  5.52412762e+00,
        7.65129493e+00,  8.37048335e+00,  6.46030240e+00,  8.98402065e+00,
        5.83306303e+00,  1.14790448e+01, -1.57537004e+00,  9.33953311e+00,
        7.23890277e+00,  9.55730008e+00,  7.51068843e+00,  4.75283481e+00,
       -9.99229202e-02,  6.87208337e+00,  6.42723133e+00,  4.09304263e-01,
        6.67269054e+00,  3.99972713e+00,  6.72665428e+00,  2.75603806e+00,
        4.02993955e+00,  4.59260787e+00,  1.03812555e+01,  8.52477152e+00,
        6.45150880e+00,  8.42988340e-01, -2.48823666e+00,  8.83062778e+00,
        5.38883565e+00,  1.01777493e+01,  6.99066293e+00,  2.76692000e+00,
        7.53728139e+00,  7.51545810e+00,  7.94648193e+00, -1.73474269e+00,
        9.32521140e+00,  6.63003261e+00,  5.64316601e+00, -4.74673301e-01,
        2.99129215e+00,  4.40356359e+00,  1.52007499e+01,  1.01182668e+01,
        4.30377730e+00,  2.21848138e+00,  4.77373610e+00,  2.90954104e+00,
       -5.66291469e-01,  6.17264978e-01,  1.03541970e+01,  7.73048707e+00,
        1.47386931e+01,  5.28880264e+00,  1.02848925e+01,  4.95683748e+00,
        6.66038252e+00,  6.24601361e+00,  4.09163095e+00,  5.74445611e+00,
       -3.47559685e+00,  1.00849618e+01, -1.25306175e-02,  5.89230927e+00,
        3.95450717e+00,  8.22260453e+00,  1.17557389e+00,  7.58353955e+00,
        1.88070165e+00,  1.05113130e+00,  5.86299154e+00,  2.82828036e+00,
        9.10489581e+00,  8.48703127e+00,  5.59452907e+00, -1.49549983e-01,
        2.99311142e+00,  5.63127859e+00,  6.05261739e+00,  3.60864449e+00,
        2.99119972e+00,  5.48485588e+00,  3.82824850e+00,  1.06011049e+00,
        8.14390257e+00,  9.56881346e+00,  8.69008277e+00,  1.26709924e+01,
        9.81299509e+00,  3.92338332e+00,  4.24581410e+00,  4.55017794e+00,
        3.61431777e-01,  1.10261468e+00,  1.05948262e+01,  6.02557539e+00,
        8.73362216e+00,  4.09804267e+00,  6.65294177e+00,  6.13939813e+00,
        2.07593617e-01,  8.54406718e+00,  6.32341019e+00,  9.68189264e+00,
        1.40174317e+01,  3.68228760e+00,  1.41598868e+01,  3.46558635e+00,
        2.89917498e+00,  7.21286071e+00,  8.73088804e+00,  6.04593741e+00,
        1.59850780e+00,  8.19993176e+00,  9.99948176e+00,  1.06622189e+01,
        5.20407472e+00,  1.08014642e+01,  9.05794895e+00,  1.03283803e+01,
        3.37705268e+00,  7.08598554e+00,  1.00625347e+01,  3.40345304e+00,
        3.37673764e+00,  1.28207826e+00,  4.55170732e+00,  4.52683303e+00,
        5.62174144e+00,  4.82706182e+00,  6.65205805e+00,  5.27010330e+00,
        9.00452489e+00,  5.52860141e+00,  4.18755121e+00,  5.52656936e+00,
        4.97246181e+00,  5.21328671e+00,  8.66979145e+00,  9.57143857e+00,
        6.27015088e-01,  1.09701548e+01,  8.06471369e+00,  8.16819578e+00,
       -2.46130011e+00,  3.01379561e+00,  1.53935688e+00,  1.40410032e+01,
        6.05871909e+00,  3.78676291e+00,  1.31965526e+01,  4.59299286e+00,
        1.05576267e+01,  2.73814788e+00,  3.26706275e+00,  3.23472933e+00,
        9.63591628e-01,  7.99721997e+00,  6.41889032e+00,  9.11214668e+00,
        1.23006428e+01,  8.53291340e+00,  5.07361546e+00,  6.29939594e+00,
        1.33987729e+01,  6.47910851e+00,  7.90620220e+00,  1.02689625e+01,
        5.14623683e+00,  1.03354388e+01,  8.57054978e+00,  4.48986525e+00,
        9.34603170e+00,  8.24095016e+00,  6.87280582e+00,  1.25751675e+01,
        2.09759218e+00,  7.85502780e+00,  9.28494585e+00,  9.52172517e-01,
        4.96767956e+00,  3.91720823e+00,  7.59883704e+00,  1.08240449e+01,
        2.42761711e+00,  9.28344131e-01,  4.87594764e+00,  6.35725415e+00]), array([ 4.07842176, 10.87439696, 10.00454792,  0.93219519,  4.84831971,
        4.64410023,  4.31899983, 11.63122326,  5.03154484,  9.08962609,
        0.21581868, 10.06163471,  7.83677959,  0.32869016,  5.49631057,
        0.09952564,  7.72885511, 11.80664443,  9.49443347,  8.40289802,
        6.56004985,  2.04521805,  3.21510752,  3.42218165,  7.38213919,
        6.55191615,  0.32472595,  5.17678894,  7.79655655,  2.62676358,
        7.43240862,  6.67215726,  6.80175433,  4.73255091,  3.39671988,
        4.98621919,  8.26145124,  5.44997467,  5.99464571,  3.4344584 ,
        0.87383652,  4.38099948,  7.10343157,  7.50307519,  1.25441622,
       10.29562557,  3.79198937, 17.95572291,  4.73011322, 11.30084287,
        9.07308351,  5.4335182 ,  2.43492193, 11.31820213,  9.8858301 ,
        5.6540981 ,  5.89176989,  5.22702672,  2.1070215 , 15.12579293,
        6.05715377,  8.01157102, 14.81288493,  7.20916778,  6.7091019 ,
       10.28930079, -1.10577163,  8.17678677,  4.32959406, 16.83932053,
        6.27516582,  6.77527207,  6.46847058,  2.90377484,  9.33331813,
        3.90991607,  8.4927935 ,  8.88210301,  8.50558232,  7.90449251,
        7.47285057,  5.00956734,  3.15126343,  8.2019472 , 11.96464942,
        6.22338639, 11.29147455, -1.98807522,  5.65487698,  7.74027217,
        2.20535487,  9.12281733,  5.60535608,  9.09078196,  7.67322371,
        6.05759228,  7.99324845, -2.4398445 , 10.55766034, -0.63682099,
       10.20342954,  8.92640635,  4.98294938, 13.26019781,  9.48582081,
        7.59923363,  6.66446515,  3.46000384,  5.03174536,  3.01007901,
        3.4396507 , 13.40973506, 10.827176  ,  7.56669024,  6.74240446,
        6.8448262 ,  3.57798204,  8.10948962, 11.88243912,  7.79689826,
        4.19051726,  3.01426068,  3.88072516, -0.35148209, 10.79611107,
       12.69921031,  4.08384166,  5.84826393,  6.29338212,  8.22633655,
        8.92060564,  4.85527956, 11.61493247,  0.02308734,  9.84411226,
        9.81000267,  8.96734335,  6.86005591,  3.85525846,  9.50711184,
        2.88447481,  9.11924658,  2.23367009,  7.78547405, 11.27343471,
        8.40573641, 11.42056499,  5.87671001, 10.84078742,  6.98981511,
        7.19032072,  4.10868262, 11.23908902,  4.61652411,  6.64279053,
        8.54297506,  3.44583918,  5.57656254,  5.62068555,  5.72827774,
        6.79798761,  7.77207226,  3.67196641,  7.23213968,  6.41304689,
        4.68183363,  5.91091905,  7.16899565,  6.67917028,  8.85332589,
        2.87897658, 12.94155146,  5.09959091,  8.17963566, 11.05799269,
        4.46259639,  9.3562418 ,  3.28546754, 10.71103992,  7.77102377,
        7.26133746,  2.84866161,  1.69853846,  7.45055886,  9.73016716,
        9.19530608,  9.99813792,  5.48156161,  8.29957401,  7.55412481,
        2.13000119,  6.42857367,  6.24836138,  3.28852594,  7.02176538,
        9.47062219,  7.32898721,  5.81258878,  9.24386401,  4.6210102 ,
        8.93308151,  6.57226994,  3.32227957,  4.13266798,  6.25490444,
        9.67480763,  8.19088055,  9.85836245,  4.92652164, 10.59411214,
        7.73134584,  2.71298819,  2.86685373,  9.22002081,  8.38590407,
       12.07411484, 12.49673744, 12.22676322,  3.28636006,  3.21422468,
        9.05051785, 10.40496744, 13.19834346,  7.26423217,  8.55982159,
        4.83874471,  8.20507745,  5.11176045,  9.74378876,  9.54923042,
        8.28515782,  2.31541734, 11.14981667, -2.40280418,  5.22499186,
        5.34536443,  5.3172697 ,  3.97276528, 12.40273873, 11.8261058 ,
        7.79101713, 10.86679218, 13.63491294, 11.54327053,  5.41457058,
        4.82461953,  9.50469415,  3.34409197,  4.47023692,  1.69483056,
        5.47750246, 14.61358556,  0.56007375,  6.68678418,  3.88236129,
        6.94556114,  6.77573056, -1.33571333,  2.53278561,  5.5781503 ,
        4.07303286,  6.88462481,  6.91670136, 15.83844554,  8.55752999,
        7.54934076,  3.40490834,  5.11235177,  3.35691139, 17.4306989 ,
        2.21945696,  6.95213229,  4.62367333,  7.86214941,  4.63144496,
       13.48677718, 11.94186376,  9.90506114,  3.76590588,  8.82522698,
       12.19441267, -2.67663653,  0.03615369,  7.46959298,  2.4228171 ,
        3.34809807, 12.16679599,  6.71339409, 13.62492193, 12.96619532,
        1.48009612, 12.85123675,  6.88771855,  5.90119453,  3.68712781,
        7.48075957, 11.37509897,  7.55893822,  4.27754473,  8.72023504,
        9.70604831, -0.64400489, -5.56679237,  5.83000248,  8.09602703,
       10.50889558,  9.28604466,  0.16806312,  9.57201963, 14.8728253 ,
        4.05872095,  1.33644054,  3.83944048, -1.38053687,  5.05486853,
        2.06274386,  1.13563203,  6.33765158,  0.53027755,  7.45256734,
        9.02282056,  4.57092283,  4.49200784, 10.40105781,  6.6956708 ,
       16.45543485,  7.89643726,  5.10473984,  2.26347884,  6.10656319,
       11.02693329,  8.36610638,  0.60141792,  4.57665209,  9.61513378,
        8.82020808,  6.14660704,  7.19813954,  6.87268446,  4.31617334,
        8.06164796,  3.55128624,  4.94644227,  7.88122956,  4.99247933,
        3.26232956,  2.5163414 ,  4.88943214, 12.28909885, 12.13545921,
        1.55869887,  5.58666775,  4.02859623, 15.67531659,  7.40747749,
        7.30470426, 12.65197022, 10.97844038,  7.42336319,  5.92806546,
        7.53298687,  0.86194217,  7.76679387,  6.45816077,  9.06258134,
       10.30449402,  7.82441097,  6.29660505,  5.86776818,  1.3304476 ,
       12.23539375,  8.86024757,  5.09746119,  6.96210102, 14.29336074,
        4.15087726,  1.15706092,  2.28609126,  8.05820173,  5.75350555,
       14.38911927,  2.56501362,  1.18350204,  9.85628204,  2.49595961,
        0.53563003,  4.16733809,  8.86947662,  6.54719103,  9.95244253,
        8.98835467,  6.96241141,  5.14668993, 12.38974939,  9.74927615,
        2.19116454,  8.38645767, 11.01763455, 13.11595194, -4.40533364,
        5.55074442,  6.81098292, 12.15249787, 12.87933206,  5.46578562,
        9.03729709,  4.39553204, 10.10607221,  4.2820392 , 10.88374795,
        6.9732923 ,  5.52295623,  1.18874187, -2.12447361,  8.22981005,
        9.51495871,  6.91287406,  7.78485948,  6.63789377, 12.08668527,
        6.69352355,  9.71132675,  8.77679222,  8.27407995, -3.12827637,
        8.36264626,  3.26158227,  7.64695436, 10.78078735,  1.86580749,
       12.54260721,  7.81005987,  2.42957773,  4.42125954,  5.28868328,
        8.48828385,  2.64355675, 10.39364367,  4.97074436,  3.21591377,
        7.99237868,  5.44852205,  4.14518605, -0.82555073, -0.38079245,
        5.77632478, 11.99518412,  6.24412831,  5.21745616, 10.51515516,
        9.68030655, 11.15248069, -6.94305001,  9.44624393,  6.35684734,
        9.46724889,  5.26584846,  6.07376657,  3.96938581, -3.43888608,
        8.72448305,  7.87047717,  0.85730272,  1.03721055,  8.35826554,
        6.81710168,  6.35658842,  4.10495774,  4.99959606, 13.38481204,
        8.14794227,  7.06527628,  7.92221105, 13.27646293,  7.11995191,
        2.83509862, 10.75282427,  5.52678527, 10.08628477, 10.98321678,
       12.49466201,  2.50863008,  4.67944759,  2.85788507,  5.0465952 ,
        8.21295444, 11.91410464,  5.94624943, 10.22163873,  3.37930772,
        8.85361915,  9.73376072,  1.15059264, 11.04743194,  1.79969506,
        4.25828829,  7.25202922,  2.2672972 ,  7.57725423,  5.58636802,
        7.65893215, 11.52537915,  6.90891019, -2.29113385,  7.97708546,
        8.08842066,  2.16832336,  7.65832177,  9.81159064, 10.43923316,
        3.98062488,  1.0817161 ,  9.76295248,  8.63108155,  7.26357459,
        2.54423122,  6.81853034,  6.45365329, 11.3232911 ,  5.04083176,
       12.8607924 , 11.23344625,  8.31903354,  3.14367524,  6.71869235,
        8.25848665,  1.77282295,  3.65717336,  8.32846627,  9.9174394 ,
        6.05692518,  4.21944302, 10.23931698,  4.91274328, 13.41513602,
        9.43416187,  4.63636632,  3.13539328,  6.18335055,  1.53707739,
        5.61467202,  6.5111733 ,  3.23145556,  3.41022205, -2.07333343,
       13.30968769,  3.82494062,  5.39569567,  6.13415814,  1.37292208,
        3.07177277, 13.18391553, 10.12816353,  2.74516544,  3.09710695,
        6.8019379 ,  5.34038046,  3.2762607 ,  5.96005512, 11.26218427,
        7.28016079,  4.56619962,  9.88937887, -1.65520076, 10.43965611,
        2.44372126,  0.05593988,  4.47111314,  4.37722133,  5.98773957,
        4.10199573,  9.24048099,  6.10392412,  8.20112445,  4.06759296,
        8.79640924,  9.29292777,  6.48629527,  5.80919737,  7.3525369 ,
        4.56135043, 14.57977076, 14.18157702,  4.68325426,  4.71936077,
        2.38776943,  4.64738549, 17.11241745, -0.48449692,  9.04317841,
        7.22043104,  7.91805606, 10.77196002,  2.17966784,  6.62820171,
       15.53997079,  6.62792789,  7.75866664,  7.71585917,  9.14500714,
        2.44829938,  7.16387108, 11.18733035,  3.16285692, 14.44962478,
        7.9734839 ,  2.29286828,  8.91694778,  5.19431971,  4.82347137,
        6.30543704,  6.62960565,  8.38076727,  9.86579471,  7.34873375,
        9.69886333,  6.97858741, 12.77974943, -1.69337678, 10.26854022,
        7.55676076, 11.30789955,  8.25494618,  5.7069379 ,  0.89890997,
        7.33619558,  6.46577359,  1.40017034,  7.41724292,  4.436418  ,
        7.14786764,  3.19365845,  4.5695545 ,  5.00692815, 11.87379541,
        9.80291173,  7.00626267,  1.82903169, -2.59807148,  9.47880999,
        5.78256916, 11.12487811,  7.53115214,  3.64823712,  8.15902467,
        8.32095958,  8.72039742, -1.02293981, 10.27388165,  7.28944067,
        6.71056444, -0.11188937,  3.91449311,  4.69324376, 16.29464348,
       10.78957892,  5.80840925,  2.99713993,  5.2593516 ,  3.50490743,
       -0.15449448,  0.96434288, 11.61630339,  8.27735506, 16.00285161,
        6.50006729, 11.31600174,  5.75130697,  7.256999  ,  6.63488972,
        4.54796937,  6.56338914, -2.63014256, 11.48578113, -0.07930807,
        6.90670298,  4.28074261,  8.93878941,  1.75778739,  8.37427446,
        1.98021715,  1.2163253 ,  7.06949543,  4.18699292,  9.63377599,
        9.23103552,  6.64477952,  0.39062191,  3.25198616,  6.63355733,
        7.3632658 ,  4.7339389 ,  4.29967855,  6.28514055,  4.22442813,
        2.26636681,  9.04310139, 10.2082415 ,  9.53831858, 13.91283266,
       10.51968209,  4.38525309,  4.79884727,  4.95086139,  0.11123929,
        2.08883224, 11.03308035,  7.40637327,  9.33221467,  4.25483408,
        7.44668255,  6.5262045 ,  1.19632846,  9.60393598,  7.88892398,
       10.90912402, 14.93227314,  4.40874761, 14.99067229,  4.41303737,
        3.9286857 ,  8.11305083, 10.11742447,  6.37018955,  2.54284042,
        9.48544732, 10.57743204, 11.8098314 ,  5.80598639, 11.59657591,
        9.669148  , 11.21606882,  4.319759  ,  7.52659734, 11.04373643,
        4.34999011,  4.20867203,  2.44338745,  5.13100548,  6.13849652,
        6.43077322,  5.79302418,  7.40061908,  6.23114872,  9.75695758,
        6.66230472,  5.13783843,  6.82973843,  5.36631725,  5.91760367,
        9.88460075, 10.20970926,  1.76158793, 12.391394  ,  8.91633619,
        8.19313104, -1.20569326,  3.8195473 ,  2.46703902, 15.08849437,
        6.95257834,  4.3953971 , 14.32326594,  5.51496623, 11.2356845 ,
        4.38642475,  3.16650808,  3.96148751,  1.47933114,  8.30810544,
        7.10266653,  9.82018761, 13.01570492,  9.41446686,  6.11188097,
        7.08611127, 14.30646318,  7.08945749,  9.01281824, 10.79261268,
        5.88842553, 11.66071255,  9.84974807,  5.62640076, 10.55719581,
        9.2548453 ,  7.1220303 , 13.27635001,  2.97914591,  8.53036898,
       10.17573671,  1.95299571,  5.83313985,  4.72347567,  8.03072078,
       11.73373652,  3.01890332,  1.82339293,  5.46703218,  7.46086484]), array([ 4.89776438e+00,  1.18451195e+01,  1.03097963e+01,  8.84626234e-01,
        6.10442062e+00,  5.59527578e+00,  5.52032778e+00,  1.23487412e+01,
        5.21614417e+00,  1.01143250e+01,  1.03208185e+00,  1.12431568e+01,
        8.51999655e+00,  2.85691997e-01,  6.16498975e+00,  7.53203402e-01,
        8.52271201e+00,  1.27007019e+01,  1.04007790e+01,  9.48704649e+00,
        7.46428941e+00,  2.46948760e+00,  4.26081710e+00,  4.60985920e+00,
        7.61366126e+00,  7.18811933e+00,  5.97615764e-01,  5.73877510e+00,
        8.67393950e+00,  2.73400747e+00,  8.28517774e+00,  6.91913899e+00,
        7.39406123e+00,  5.98191480e+00,  3.79316408e+00,  6.09480191e+00,
        9.17270311e+00,  5.91325702e+00,  6.47572109e+00,  4.07337135e+00,
        1.66768875e+00,  5.20445142e+00,  7.47341891e+00,  8.06412453e+00,
        2.40361716e+00,  1.08408089e+01,  4.13980847e+00,  1.82495819e+01,
        5.49253563e+00,  1.18542180e+01,  9.78195276e+00,  6.41867313e+00,
        3.32996928e+00,  1.18477249e+01,  1.06275162e+01,  5.48169238e+00,
        6.49350192e+00,  6.06556105e+00,  3.08097337e+00,  1.61463098e+01,
        6.62322482e+00,  8.32011905e+00,  1.64637820e+01,  7.89542115e+00,
        7.27306295e+00,  1.06601587e+01,  1.07493786e-02,  9.06180551e+00,
        4.57166359e+00,  1.72551390e+01,  7.28406285e+00,  7.46849897e+00,
        7.54164274e+00,  4.26617383e+00,  1.00135506e+01,  4.45545004e+00,
        8.93653586e+00,  9.61436670e+00,  9.29034305e+00,  8.81754878e+00,
        8.00730239e+00,  5.22434321e+00,  4.30010606e+00,  9.32461248e+00,
        1.25665776e+01,  7.69909633e+00,  1.22226731e+01, -1.29967292e+00,
        6.38267121e+00,  8.56429203e+00,  2.49110763e+00,  1.02125388e+01,
        6.79080975e+00,  9.47296463e+00,  8.80099215e+00,  6.30237792e+00,
        8.54052611e+00, -1.79945509e+00,  1.12915790e+01, -1.04173284e-01,
        1.11706539e+01,  9.28075965e+00,  5.93141184e+00,  1.39086409e+01,
        1.05510750e+01,  8.05921804e+00,  7.35693100e+00,  3.86098540e+00,
        6.20585187e+00,  3.79154586e+00,  3.27768627e+00,  1.44658040e+01,
        1.21027092e+01,  8.57685393e+00,  7.03510552e+00,  7.19009636e+00,
        4.19912980e+00,  8.73484482e+00,  1.21992344e+01,  8.41373902e+00,
        4.77843406e+00,  3.81553005e+00,  4.31176204e+00, -4.60310509e-01,
        1.16782506e+01,  1.34921984e+01,  5.03799158e+00,  6.07831763e+00,
        7.01015746e+00,  8.38465140e+00,  1.02609345e+01,  6.13965152e+00,
        1.23704193e+01,  8.21128988e-01,  1.05942671e+01,  1.02174917e+01,
        9.53557528e+00,  7.82929950e+00,  4.72273681e+00,  1.04195589e+01,
        3.69241827e+00,  9.55303013e+00,  3.36483107e+00,  9.17822082e+00,
        1.20892650e+01,  9.17976227e+00,  1.23298659e+01,  6.95756253e+00,
        1.16871169e+01,  6.97666185e+00,  7.59177684e+00,  4.52031553e+00,
        1.20159886e+01,  4.97323000e+00,  6.82654657e+00,  9.56368746e+00,
        4.38185391e+00,  6.17586415e+00,  6.71900362e+00,  6.18521451e+00,
        7.67934934e+00,  8.43976472e+00,  4.19692111e+00,  7.85415255e+00,
        6.56163017e+00,  4.64431978e+00,  6.53789930e+00,  7.76927566e+00,
        7.10158601e+00,  1.00160710e+01,  3.79139336e+00,  1.40561296e+01,
        5.50968861e+00,  8.90590079e+00,  1.19909147e+01,  5.30511761e+00,
        9.68575679e+00,  4.49959400e+00,  1.11781810e+01,  8.61151725e+00,
        8.28547715e+00,  3.50259124e+00,  2.51723695e+00,  8.35686434e+00,
        1.07358681e+01,  1.01688294e+01,  1.13692022e+01,  5.87559400e+00,
        9.04365032e+00,  8.74578178e+00,  2.94541834e+00,  7.06481215e+00,
        7.16865506e+00,  3.74481677e+00,  7.73961902e+00,  1.04264665e+01,
        8.15801320e+00,  6.36819945e+00,  1.01666256e+01,  5.04795677e+00,
        1.00697159e+01,  7.62069361e+00,  3.95614345e+00,  4.80250686e+00,
        7.14273148e+00,  1.03430154e+01,  9.12768883e+00,  1.04411919e+01,
        5.59661284e+00,  1.12014531e+01,  8.79762359e+00,  3.41567670e+00,
        3.59440984e+00,  9.88301990e+00,  9.02543902e+00,  1.32079246e+01,
        1.39504735e+01,  1.34814458e+01,  4.34425705e+00,  3.71856449e+00,
        9.74045158e+00,  1.13341153e+01,  1.43951030e+01,  8.43629091e+00,
        9.04786419e+00,  5.42637470e+00,  9.43162443e+00,  5.85207612e+00,
        1.01158466e+01,  1.00937002e+01,  8.99594465e+00,  3.21939282e+00,
        1.19598782e+01, -2.33052775e+00,  6.28312848e+00,  6.46040097e+00,
        6.09609960e+00,  4.94914988e+00,  1.33100617e+01,  1.23959227e+01,
        8.48007012e+00,  1.16910607e+01,  1.41902228e+01,  1.29398514e+01,
        6.36541200e+00,  5.43605842e+00,  1.03371760e+01,  3.82339351e+00,
        5.13241632e+00,  3.31062307e+00,  6.47370963e+00,  1.53995910e+01,
        1.07701081e+00,  7.31944365e+00,  4.79343581e+00,  7.18423883e+00,
        8.41974829e+00, -9.60982591e-01,  3.46734482e+00,  6.41364339e+00,
        4.58141819e+00,  7.99093604e+00,  7.87812063e+00,  1.71477912e+01,
        8.97787706e+00,  7.65979673e+00,  3.86736225e+00,  5.63364262e+00,
        3.96864461e+00,  1.86320280e+01,  3.36342615e+00,  7.61586804e+00,
        5.44914565e+00,  8.75348933e+00,  5.13099579e+00,  1.47069285e+01,
        1.34314730e+01,  1.09769593e+01,  4.62059148e+00,  9.51482842e+00,
        1.26972735e+01, -1.72036754e+00,  8.64253591e-01,  8.25003503e+00,
        3.19647771e+00,  3.94913601e+00,  1.27769115e+01,  7.76344464e+00,
        1.48181255e+01,  1.40866088e+01,  2.31326101e+00,  1.37296268e+01,
        7.61510998e+00,  6.68449315e+00,  4.66148209e+00,  8.37942195e+00,
        1.22692925e+01,  8.04012491e+00,  4.46979900e+00,  9.83840826e+00,
        1.06446388e+01, -7.57960241e-01, -5.28251868e+00,  7.48529505e+00,
        9.37437998e+00,  1.06869267e+01,  1.00881514e+01,  3.21968416e-01,
        1.05259958e+01,  1.56589997e+01,  4.48317848e+00,  1.48422421e+00,
        4.42966753e+00, -5.15264061e-01,  5.80803043e+00,  2.53513492e+00,
        1.26244377e+00,  7.01079590e+00,  1.03769115e+00,  8.03059481e+00,
        9.53555662e+00,  5.43336685e+00,  5.47705574e+00,  1.11638626e+01,
        7.33513078e+00,  1.76125555e+01,  8.63056489e+00,  5.94670424e+00,
        2.85132583e+00,  6.41004332e+00,  1.15818300e+01,  8.90104264e+00,
        1.21340302e+00,  4.98116852e+00,  1.04155574e+01,  9.38321699e+00,
        6.39888747e+00,  8.06983298e+00,  7.50917552e+00,  4.35794777e+00,
        8.46135424e+00,  4.38637337e+00,  5.65537208e+00,  8.61886207e+00,
        5.68936204e+00,  3.74601560e+00,  3.22669836e+00,  5.56624937e+00,
        1.37229058e+01,  1.29616533e+01,  1.90737489e+00,  6.62451178e+00,
        4.69076143e+00,  1.70247860e+01,  7.91134936e+00,  7.50086598e+00,
        1.41107067e+01,  1.21178331e+01,  8.93480523e+00,  7.13975926e+00,
        7.87546889e+00,  1.11044533e+00,  9.11396714e+00,  6.94538255e+00,
        9.45209003e+00,  1.11186472e+01,  8.22801886e+00,  7.08228586e+00,
        6.63302042e+00,  1.78707269e+00,  1.33287013e+01,  9.54431148e+00,
        5.42381566e+00,  7.93302790e+00,  1.50268541e+01,  4.84278203e+00,
        1.18898504e+00,  2.88524128e+00,  9.03448517e+00,  6.46786199e+00,
        1.53884767e+01,  3.34566682e+00,  1.82323062e+00,  1.11814281e+01,
        3.36873891e+00,  1.50714082e+00,  5.21217222e+00,  9.93397450e+00,
        7.70827801e+00,  1.09376099e+01,  9.82777125e+00,  7.66157478e+00,
        5.59602087e+00,  1.36160830e+01,  1.06068599e+01,  2.73970636e+00,
        8.94105471e+00,  1.21432684e+01,  1.44240268e+01, -4.16422265e+00,
        6.61143641e+00,  7.90208801e+00,  1.34794735e+01,  1.44088815e+01,
        5.65987987e+00,  9.94029143e+00,  5.54481781e+00,  1.11995227e+01,
        5.07395901e+00,  1.16520511e+01,  7.48736032e+00,  6.07431728e+00,
        1.78566033e+00, -1.56760144e+00,  9.42822891e+00,  1.04860334e+01,
        7.78242772e+00,  8.64834244e+00,  7.71854052e+00,  1.32934445e+01,
        7.43544354e+00,  1.03538834e+01,  9.97865299e+00,  8.80603278e+00,
       -2.48649573e+00,  9.43053411e+00,  3.79864477e+00,  8.80226271e+00,
        1.12651134e+01,  2.74647891e+00,  1.30726898e+01,  8.94695746e+00,
        3.57983505e+00,  5.30382290e+00,  5.98657854e+00,  8.42697729e+00,
        3.99917626e+00,  1.01318607e+01,  6.11075007e+00,  3.96126268e+00,
        8.88177840e+00,  5.71454975e+00,  5.29571426e+00, -1.88243872e-01,
        6.56240022e-01,  6.47999271e+00,  1.36473554e+01,  7.07233735e+00,
        6.08725694e+00,  1.14675498e+01,  1.04622181e+01,  1.25428805e+01,
       -6.75669255e+00,  1.00921799e+01,  7.14136807e+00,  1.01085758e+01,
        5.87863157e+00,  7.06466621e+00,  4.57184643e+00, -3.28492883e+00,
        8.67438265e+00,  8.61916252e+00,  1.67108463e+00,  2.17375771e+00,
        9.10454533e+00,  7.98619777e+00,  7.38613353e+00,  5.00206455e+00,
        5.83164214e+00,  1.41466532e+01,  9.02165421e+00,  7.58879795e+00,
        8.59564322e+00,  1.46194842e+01,  7.40123711e+00,  3.00246952e+00,
        1.23211159e+01,  6.83661669e+00,  1.12468348e+01,  1.19354818e+01,
        1.28862866e+01,  3.17411310e+00,  5.06134040e+00,  3.42622911e+00,
        5.60330477e+00,  8.77503993e+00,  1.29588908e+01,  6.57362901e+00,
        1.11819308e+01,  4.25695747e+00,  8.89207662e+00,  1.07113120e+01,
        1.65020885e+00,  1.12202539e+01,  1.60618820e+00,  4.80768473e+00,
        8.17413859e+00,  3.53573268e+00,  8.85635699e+00,  6.69056456e+00,
        8.70078943e+00,  1.24686660e+01,  7.43487003e+00, -2.37043738e+00,
        8.77343166e+00,  8.51151663e+00,  2.59931895e+00,  8.35445377e+00,
        1.05296658e+01,  1.13136662e+01,  4.72826615e+00,  1.57585002e+00,
        1.08155296e+01,  9.28879410e+00,  7.57929585e+00,  3.30866126e+00,
        7.57307944e+00,  7.60198652e+00,  1.24999567e+01,  5.88013742e+00,
        1.36517846e+01,  1.16093641e+01,  9.31109649e+00,  3.57881536e+00,
        7.88390658e+00,  9.05460264e+00,  2.03963670e+00,  4.10465465e+00,
        8.81233463e+00,  1.09179157e+01,  7.18212995e+00,  5.35302881e+00,
        1.11045973e+01,  5.57958973e+00,  1.32129981e+01,  9.86893031e+00,
        4.94444030e+00,  3.11017122e+00,  6.90659459e+00,  1.63195654e+00,
        6.43850598e+00,  7.50855506e+00,  4.27308707e+00,  3.76360630e+00,
       -1.16404406e+00,  1.41899631e+01,  4.27216402e+00,  6.17143463e+00,
        6.95756559e+00,  1.30695826e+00,  3.40321368e+00,  1.33342226e+01,
        1.10396843e+01,  3.09820816e+00,  4.30994260e+00,  6.99879869e+00,
        5.90909255e+00,  4.20335069e+00,  7.02829865e+00,  1.16475589e+01,
        8.07299244e+00,  5.24781199e+00,  1.08494678e+01, -9.16031417e-01,
        1.18668090e+01,  3.36071574e+00,  8.85079726e-01,  4.97142621e+00,
        5.26788509e+00,  6.62218735e+00,  4.94950679e+00,  9.77968878e+00,
        6.58124109e+00,  8.54571557e+00,  5.39737163e+00,  9.61492418e+00,
        9.75651021e+00,  7.49272518e+00,  6.54125728e+00,  8.52460395e+00,
        5.20893486e+00,  1.57770585e+01,  1.49489296e+01,  5.04765258e+00,
        5.79045584e+00,  3.21162699e+00,  4.77990434e+00,  1.85899626e+01,
       -1.66641113e-01,  9.62939607e+00,  7.91770139e+00,  8.73771387e+00,
        1.19020459e+01,  2.78089075e+00,  6.89658306e+00,  1.65838016e+01,
        7.34163578e+00,  9.17063678e+00,  8.84223058e+00,  9.96056190e+00,
        2.98976436e+00,  8.77381928e+00,  1.18170569e+01,  4.20605342e+00,
        1.46066095e+01,  9.20280418e+00,  3.08813137e+00,  9.66362670e+00,
        6.06789425e+00,  5.71932143e+00,  7.61190479e+00,  7.66149503e+00,
        9.04365954e+00,  1.12774475e+01,  8.16610391e+00,  1.04042256e+01,
        8.05538993e+00,  1.39884638e+01, -1.82767827e+00,  1.11211828e+01,
        7.82304033e+00,  1.30078207e+01,  8.90256963e+00,  6.60612564e+00,
        1.81289632e+00,  7.75995115e+00,  6.44340335e+00,  2.39137507e+00,
        8.13145015e+00,  4.83209951e+00,  7.51698441e+00,  3.59531217e+00,
        5.03097928e+00,  5.41004868e+00,  1.32712323e+01,  1.10726076e+01,
        7.51348662e+00,  2.75707632e+00, -2.74868372e+00,  1.00774683e+01,
        6.18024224e+00,  1.20373469e+01,  8.01082503e+00,  4.41223573e+00,
        8.72272889e+00,  9.05009575e+00,  9.46760483e+00, -2.98381334e-01,
        1.11157946e+01,  7.87401409e+00,  7.69879464e+00,  2.09993297e-01,
        4.81680140e+00,  4.92132264e+00,  1.73287672e+01,  1.14036503e+01,
        7.23782309e+00,  3.74118004e+00,  5.71969706e+00,  4.09053448e+00,
        2.28483146e-01,  1.26631634e+00,  1.27858078e+01,  8.81772154e+00,
        1.71515949e+01,  7.62827726e+00,  1.22831757e+01,  6.54483867e+00,
        7.75948138e+00,  6.98679910e+00,  4.94143809e+00,  7.30170985e+00,
       -1.81546884e+00,  1.28251482e+01, -1.42524871e-01,  7.83155538e+00,
        4.55236659e+00,  9.60467828e+00,  2.32989483e+00,  9.12864521e+00,
        2.05617860e+00,  1.35733860e+00,  8.22669202e+00,  5.45065105e+00,
        1.01507762e+01,  9.89199537e+00,  7.59729380e+00,  8.75614981e-01,
        3.50130956e+00,  7.59118650e+00,  8.58313775e+00,  5.78171501e+00,
        5.53475647e+00,  7.06032263e+00,  4.57787153e+00,  3.45258053e+00,
        9.89342857e+00,  1.07744306e+01,  1.03331821e+01,  1.50873160e+01,
        1.11379782e+01,  4.80838487e+00,  5.27147792e+00,  5.31325744e+00,
       -1.44899166e-01,  3.08137082e+00,  1.13970722e+01,  8.70830277e+00,
        9.89089497e+00,  4.35141738e+00,  8.21847794e+00,  6.85380403e+00,
        2.12644898e+00,  1.05465404e+01,  9.36420704e+00,  1.20473288e+01,
        1.57453519e+01,  5.09692881e+00,  1.57631877e+01,  5.32515223e+00,
        4.86809350e+00,  8.94302370e+00,  1.14164219e+01,  6.61174405e+00,
        3.42198377e+00,  1.07079358e+01,  1.10923156e+01,  1.28690921e+01,
        6.33699043e+00,  1.23334559e+01,  1.01938458e+01,  1.20437165e+01,
        5.21547920e+00,  7.91762682e+00,  1.19249499e+01,  5.20169624e+00,
        5.05269388e+00,  3.55894887e+00,  5.65956673e+00,  7.64767328e+00,
        7.20975201e+00,  6.68019990e+00,  8.04124978e+00,  7.09907173e+00,
        1.04386097e+01,  7.73580503e+00,  6.08022398e+00,  8.06452544e+00,
        5.71159324e+00,  6.51389585e+00,  1.10021953e+01,  1.07872481e+01,
        2.78933845e+00,  1.37401330e+01,  9.72372518e+00,  8.17771674e+00,
       -3.12574255e-02,  4.57451645e+00,  3.34453335e+00,  1.60784087e+01,
        7.79368760e+00,  4.97505554e+00,  1.53571448e+01,  6.39393495e+00,
        1.18044775e+01,  5.99815109e+00,  3.04217002e+00,  4.62310782e+00,
        1.97892406e+00,  8.57600171e+00,  7.72352866e+00,  1.04483981e+01,
        1.36210326e+01,  1.02501915e+01,  7.03842622e+00,  7.80886818e+00,
        1.51255499e+01,  7.64179093e+00,  1.00454870e+01,  1.12755086e+01,
        6.55504597e+00,  1.28960863e+01,  1.10806808e+01,  6.70811413e+00,
        1.17113999e+01,  1.01795826e+01,  7.26174763e+00,  1.39253533e+01,
        3.82541432e+00,  9.13610384e+00,  1.10007468e+01,  2.86646772e+00,
        6.59057160e+00,  5.48417240e+00,  8.39216889e+00,  1.26098468e+01,
        3.57459161e+00,  2.66340357e+00,  6.00902765e+00,  8.47696497e+00])]
l55INFO:numexpr.utils:Note: NumExpr detected 16 cores but "NUMEXPR_MAX_THREADS" not set, so enforcing safe limit of 8.
INFO:numexpr.utils:NumExpr defaulting to 8 threads.
WARNING:root:[array([-1.66501844e+00,  4.07230412e+00,  7.89388947e+00,  1.29079894e+00,
       -4.12819157e+00, -1.75203708e+00, -4.36242188e+00,  6.56307698e+00,
        3.71126731e+00,  1.85144356e+00, -5.31594810e+00,  1.53722728e+00,
        3.03772790e+00,  7.56457572e-01,  9.26129253e-01, -4.29595038e+00,
        2.26590381e+00,  5.35266456e+00,  3.17933796e+00,  6.47666988e-01,
        4.24518557e-01, -7.23345678e-01, -4.00781704e+00, -4.84344649e+00,
        5.85302232e+00,  2.12677677e+00, -1.23448238e+00,  1.47242296e+00,
        1.51423301e+00,  2.01676244e+00,  1.38045267e+00,  5.13767619e+00,
        2.85149143e+00, -3.78300313e+00,  6.21651722e-01, -2.76535369e+00,
        2.00356722e+00,  2.22361393e+00,  2.77031784e+00, -1.06221369e+00,
       -4.68513807e+00, -1.34543776e+00,  4.61262351e+00,  3.47333568e+00,
       -6.53560305e+00,  6.68352591e+00,  1.37937684e+00,  1.59132994e+01,
       -4.45168691e-01,  7.38477670e+00,  4.03499711e+00, -1.33312891e+00,
       -3.81326990e+00,  7.63855481e+00,  4.57516229e+00,  6.97470269e+00,
        1.74053912e+00, -4.50322726e-01, -4.60253022e+00,  7.76865994e+00,
        2.26509954e+00,  5.71917462e+00,  3.14836636e+00,  2.50187779e+00,
        2.85046985e+00,  7.76842682e+00, -8.88688187e+00,  2.00077224e+00,
        2.78172807e+00,  1.39995080e+01, -8.29665690e-01,  1.98641524e+00,
       -8.67893729e-01, -6.68957107e+00,  4.67299846e+00,  3.23432225e-01,
        5.30045877e+00,  3.63126285e+00,  3.07796163e+00,  1.45694774e+00,
        3.74675702e+00,  3.81923594e+00, -4.65972579e+00,  3.89258170e-01,
        7.63293782e+00, -3.98509838e+00,  4.56863890e+00, -6.68073733e+00,
        7.16503787e-01,  1.83975084e+00,  4.64893770e-01,  1.42898669e+00,
       -2.79115685e+00,  6.48691668e+00, -5.23885160e-02,  4.29681098e+00,
        4.40658805e+00, -6.61622699e+00,  5.37527553e+00, -3.97003131e+00,
        3.34417491e+00,  6.47353594e+00, -1.51676856e+00,  8.68262311e+00,
        2.03299054e+00,  4.29536973e+00,  1.73055046e+00,  7.71521458e-01,
       -3.21419920e+00, -2.22976446e+00,  4.61510552e+00,  5.80796284e+00,
        1.91067441e+00,  4.27797362e-01,  4.73349492e+00,  4.38452736e+00,
       -7.52119368e-01,  3.74246810e+00,  9.76307637e+00,  3.63688736e+00,
        4.47091711e-02, -2.48879337e+00,  1.01364836e+00,  5.21751623e-01,
        4.55559957e+00,  7.14325356e+00, -2.61868731e+00,  4.68981639e+00,
        1.39771919e+00,  7.25495959e+00, -4.39423176e-01, -3.98479670e+00,
        6.12669897e+00, -5.55360946e+00,  4.63146062e+00,  6.92583815e+00,
        4.96407744e+00, -2.05983399e-02, -2.25764709e+00,  3.12917386e+00,
       -2.59909516e+00,  6.21837105e+00, -5.71040762e+00, -2.13340957e+00,
        5.53785288e+00,  2.91453922e+00,  5.06434754e+00, -1.63697093e+00,
        4.91626805e+00,  7.29823961e+00,  4.27769937e+00,  1.19562182e+00,
        5.70681631e+00,  2.13257247e+00,  5.54378929e+00,  1.44481811e+00,
       -2.89367833e+00,  1.38505495e+00, -2.20354384e+00,  2.73924980e+00,
        6.86136377e-01,  3.18719239e+00,  4.44952371e-02,  2.96299914e+00,
        5.40460089e+00,  5.02381454e+00,  1.60077687e+00,  3.01715367e+00,
        3.81561164e+00,  7.10652853e-01, -3.45494278e+00,  5.01849178e+00,
        2.38066506e+00,  3.18180575e+00,  4.47464013e+00, -1.37477659e+00,
        7.10137433e+00, -5.05841042e+00,  7.60928124e+00,  1.91563698e+00,
        1.05402564e-01, -1.46538860e+00, -3.84489115e+00,  1.11095904e+00,
        2.80327205e+00,  2.41542490e+00,  4.86527662e-01,  2.80038687e+00,
        3.10157183e+00, -6.63484412e-01, -3.47583233e+00,  2.06664062e+00,
       -1.95244745e-01,  2.71807763e-01,  2.17333914e+00,  2.79290115e+00,
        1.53071416e+00,  1.99654586e+00,  2.78486954e+00,  1.87059411e+00,
        9.24794474e-01, -7.37364428e-01, -9.87018018e-01, -3.48160710e-01,
        6.58885445e-02,  4.97736059e+00,  1.71608193e+00,  5.67330106e+00,
        2.09914185e-01,  6.34561550e+00,  1.98622166e-01, -2.02914750e+00,
       -2.13757464e+00,  4.63323308e+00,  3.94049194e+00,  4.28115005e+00,
        2.43006782e+00,  3.44197511e+00, -3.95819443e+00, -1.69663561e-01,
        4.21237547e+00,  3.82825909e+00,  4.76688628e+00, -1.06260488e+00,
        5.22691137e+00,  6.06129863e-01, -4.35568339e-01, -6.57269627e-02,
        7.24139481e+00,  5.57782546e+00,  3.21373178e+00, -3.84939232e+00,
        5.39299122e+00, -2.58048246e+00, -2.24922302e+00, -2.47015865e+00,
       -1.12528785e-01, -2.84826481e+00,  6.05640247e+00,  8.01476332e+00,
        2.82295977e+00,  5.20095319e+00,  9.81681521e+00,  1.74027880e+00,
       -1.13526189e+00,  6.31721721e-01,  3.56074962e+00,  1.67607901e-02,
       -1.13177515e-01, -9.50783840e+00, -1.43965007e+00,  9.18807778e+00,
       -2.81796032e+00,  2.39238358e+00, -2.39823871e+00,  5.24260815e+00,
       -4.72501605e+00, -3.68613685e+00, -3.85984722e+00, -2.76240663e-01,
        4.77002633e-01, -7.67725398e-01,  2.35546262e-01,  6.64831724e+00,
        5.68813813e+00,  6.79208861e+00,  2.89449515e-01,  1.67116475e+00,
       -6.24139858e-01,  9.15075820e+00, -5.66666627e+00,  2.49097950e+00,
       -1.04160511e+00,  1.65596056e+00,  1.35517421e+00,  4.79580032e+00,
        1.40504619e+00,  2.36274979e+00, -2.27981695e+00,  3.96288736e+00,
        8.66015872e+00, -9.10239583e+00, -5.77500628e+00,  1.99679345e+00,
       -2.97745016e+00, -8.25261938e-01,  7.85592250e+00, -7.54723139e-01,
        5.10928306e+00,  5.06805807e+00, -4.21052250e+00,  6.87375660e+00,
        1.87175436e+00,  4.59540427e-01, -3.04892620e+00,  1.33311835e+00,
        5.19365869e+00,  4.14299316e+00,  3.07152985e+00,  9.24065267e-01,
        3.14606763e+00,  2.27394880e-01, -7.21569124e+00, -5.66792865e+00,
       -8.37424911e-01,  9.36648188e+00,  3.67567145e+00, -7.57903930e-01,
        3.10825119e+00,  9.09652320e+00,  1.20019563e+00,  5.82340912e-01,
       -3.01948580e-01, -7.30431019e+00, -8.36254147e-02, -1.15103935e+00,
        3.47324697e-01,  1.59540748e+00, -2.87687825e+00,  3.46876965e+00,
        5.45461987e+00, -1.37892740e+00, -2.35919419e+00,  4.99867380e+00,
        2.27287004e+00,  8.41620701e+00,  2.61641022e+00, -7.82499517e-01,
       -1.81691320e+00,  4.05452283e+00,  7.13683134e+00,  4.71951389e+00,
       -3.55835901e+00,  1.97468620e+00,  4.11422389e+00,  4.92249893e+00,
        4.46950685e+00,  1.06256966e+00,  2.53380849e+00,  4.05737185e+00,
        5.14688275e+00, -2.24973175e+00,  2.24461953e-01,  2.70416530e+00,
        1.67921175e-01, -1.47334007e-02, -2.33558856e+00,  2.48559608e-01,
        2.34266351e+00,  6.38413980e+00, -5.82647469e-01, -1.77483173e+00,
       -5.28151607e-01,  6.07489149e+00,  4.03634800e+00,  5.82680726e+00,
        2.34039505e+00,  3.09847871e+00, -3.05891790e+00, -2.68619172e+00,
        5.30060508e+00, -6.81304840e-01, -1.77320591e+00,  3.12261825e+00,
        6.43760505e+00,  4.65699287e+00,  5.10478899e+00,  7.92713166e-01,
        4.91990757e-01, -1.62753524e+00,  4.47056095e+00,  4.06314228e+00,
        2.92198442e+00,  1.09276266e-01,  9.15765220e+00, -4.66236528e-01,
        1.30234392e+00, -1.88560995e+00,  1.31179367e+00,  8.20128891e-01,
        7.52698700e+00, -2.75279436e+00, -3.39373587e+00,  5.51599736e-01,
       -3.46503944e+00, -6.10847389e+00, -2.99843068e+00,  1.28343671e+00,
       -1.67064371e+00,  3.16289080e+00,  3.18170566e+00,  2.26700642e+00,
        2.10628790e+00,  3.65686914e+00,  3.73500156e+00, -1.51890252e+00,
        4.54697015e+00,  3.04099046e+00,  3.69978560e+00, -5.80276354e+00,
       -1.61983972e+00, -7.92306717e-01,  2.72400065e+00,  2.05627482e+00,
        4.17010544e+00,  2.90288243e+00, -3.44141629e+00,  2.52982054e+00,
       -1.36738798e+00,  5.56035200e+00,  3.48930186e+00,  1.57273302e+00,
       -2.81374928e+00, -5.91484726e+00, -1.76809154e-01,  2.72442542e+00,
        7.04370167e-01,  1.67141507e+00, -8.59952105e-01,  3.62732526e+00,
        1.58486214e+00,  5.10665461e+00,  4.39542480e-01,  4.66993002e+00,
       -7.31833437e+00,  7.91227778e-01, -3.85145111e-01, -5.20589214e-01,
        7.31283059e+00, -4.07824981e+00,  8.94487893e+00, -3.22189731e-01,
       -5.39582895e+00, -1.82961277e+00,  6.03146723e-01,  8.87850457e+00,
       -6.88037625e+00,  1.22698739e+01, -2.84773205e+00, -1.79888135e+00,
        1.96507257e+00,  3.77227426e+00, -3.85136120e+00, -5.17469464e+00,
       -7.50548272e+00,  9.75634852e-01,  5.13871777e-01,  7.25952529e-01,
       -7.02133710e-01,  3.84935331e+00,  4.36144931e+00,  1.42397063e+00,
       -8.07344626e+00,  4.94812160e+00,  9.08845296e-01,  5.13891955e+00,
        9.80235969e-01, -8.19239705e-01, -1.11939774e-01, -4.28955682e+00,
        9.22073124e+00,  2.83200669e+00, -4.70703950e+00, -6.88830754e+00,
        3.04076930e+00, -1.32300483e+00, -8.22161635e-01, -2.01481712e+00,
       -7.70678345e-01,  8.12106856e+00,  2.00227512e+00,  3.34511874e+00,
        3.22136323e+00,  3.74643234e+00,  5.31833222e+00,  1.80475518e+00,
       -4.00645165e-01, -3.62273989e+00,  1.90580925e+00,  4.23919229e+00,
        9.78570988e+00, -2.00371486e+00,  2.22458914e+00, -1.06703080e+00,
        1.20017994e+00,  4.05297545e+00,  4.48815015e+00,  1.82357313e+00,
        3.31112306e+00, -2.80916781e+00,  8.76633038e+00,  2.64929614e+00,
       -2.12155211e+00,  9.85464761e+00,  3.34363941e+00,  6.42666528e-01,
        7.85287146e-01, -6.48450804e+00, -1.33542511e+00, -2.13889165e+00,
        1.47324223e-01,  5.06814281e+00,  3.36842543e+00, -1.36755179e+00,
        2.42750080e+00,  5.05059408e+00, -7.87963726e-01,  2.81559795e+00,
        4.96798972e+00,  4.41598203e+00, -1.20528770e+00, -2.26971784e+00,
        2.25262614e+00,  3.96364874e+00,  5.27461710e+00, -2.79972175e+00,
        1.68723995e+00, -1.53155689e+00,  3.03364849e+00, -6.95224467e-01,
        7.31794096e+00,  8.54863573e+00,  1.36775850e+00,  1.80459936e-01,
       -1.51097141e+00,  2.68404386e+00,  1.50564815e-01,  6.86766584e-01,
        4.84916152e+00,  2.99319109e+00, -1.73904121e+00, -3.53502460e+00,
        4.25318321e+00,  3.23388674e-01,  1.48048923e+01,  6.35786389e+00,
        2.62812369e+00,  3.60035308e+00,  1.33298527e+00,  8.90820521e-01,
        4.88096921e-02, -5.34567462e-01, -3.78054602e+00,  1.06959192e+00,
       -8.14022159e+00,  6.94009359e+00,  8.02267810e-01,  4.53864495e-02,
        2.50825219e-01,  1.97046672e+00,  9.05476015e-01,  1.21178282e+01,
        3.43851802e+00,  3.69946026e-01, -5.37199614e+00,  5.74806703e+00,
        1.52660476e+00, -3.26307274e+00, -1.46041961e+00,  8.60652139e+00,
        1.76400115e+00, -1.99838672e-01,  3.30949183e+00, -6.55787536e+00,
        4.03774442e-01, -4.10418506e+00, -5.59783298e+00,  1.12203634e+00,
       -1.76198923e+00,  1.61295749e+00, -1.63468030e+00,  5.46196063e+00,
        2.87377107e+00,  5.95044363e+00, -5.15892000e+00,  3.10706402e+00,
        6.23720004e+00, -3.86962637e-01,  7.59539807e-01, -1.06331469e+00,
        1.67322645e-01,  6.08411888e+00,  8.64499877e+00,  2.13305309e+00,
       -2.77811829e+00, -3.30535125e+00,  3.84918059e+00,  6.66527852e+00,
       -2.58538613e+00,  5.03997091e+00,  2.36410889e+00,  2.15554752e+00,
        2.80738617e+00, -1.83653675e+00,  4.78547427e+00,  8.16271431e+00,
        1.57010259e+00, -2.24551830e+00, -1.32191761e-01,  3.41553277e+00,
       -1.29487508e+00, -4.36754487e+00,  6.71617172e+00, -4.00559546e+00,
        1.31792076e+01, -7.26970633e-01, -3.27645732e+00,  3.71867696e+00,
       -8.24328661e-01, -1.46400621e+00, -2.93803690e+00, -5.47629057e-01,
        3.72490747e+00, -3.59172240e-02,  1.60852089e+00,  4.98987341e+00,
       -5.72373111e-01,  4.21205564e+00, -5.55427430e-01,  4.32336302e+00,
        5.76610763e+00, -5.29840226e-01,  3.63794536e+00, -4.87081961e-01,
       -5.47587487e+00,  4.52848754e+00,  6.64266992e+00, -5.23327247e+00,
        2.54250827e+00,  1.80157283e+00,  4.60248122e+00,  4.43554639e-01,
        1.36877286e+00,  2.39148634e+00,  1.99556568e+00,  1.14816316e+00,
        3.50294466e+00, -4.60396968e+00, -1.33335964e+00,  5.35548090e+00,
        3.34949334e+00,  4.85463686e+00,  4.18916441e+00, -1.80199292e+00,
        4.34388052e+00,  3.23354960e+00,  3.63034508e+00, -5.72459280e+00,
        4.24345710e+00,  3.18853688e+00, -1.87551633e-01, -2.19913613e+00,
       -2.19215745e+00,  3.15955582e+00,  9.02184416e+00,  6.50220022e+00,
       -4.19513389e+00, -2.03715281e+00,  2.21322511e+00, -3.78001754e-01,
       -2.64685211e+00, -1.01820945e+00,  3.33238397e+00,  4.71966083e+00,
        7.78547705e+00, -1.44251315e+00,  4.55489971e+00,  4.22684652e-01,
        3.64251155e+00,  4.31745372e+00,  1.76835018e+00,  1.35611325e+00,
       -8.10158516e+00,  2.07834226e+00,  6.83733855e-01,  4.19089633e-01,
        2.45295460e+00,  4.33874924e+00, -1.97957747e+00,  3.19146161e+00,
        1.64276949e+00,  3.37478093e-01, -9.85107289e-01, -4.71585163e+00,
        6.19795399e+00,  4.58285316e+00, -1.28106665e-01, -2.92278593e+00,
        1.75038157e+00,  6.54971868e-02, -1.23356507e+00, -2.57995396e+00,
       -4.29744809e+00,  1.07802166e+00,  1.89718603e+00, -5.80131889e+00,
        3.11266316e+00,  6.19476029e+00,  4.02476848e+00,  5.69340621e+00,
        6.07690046e+00,  1.54053268e+00,  1.50136099e+00,  2.61744491e+00,
        2.13179262e+00, -4.56158167e+00,  8.49796490e+00, -1.72100311e+00,
        5.51852074e+00,  3.62556400e+00,  2.18905945e+00,  4.28523832e+00,
       -5.25564318e+00,  2.82844972e+00, -2.51171910e+00,  2.86958992e+00,
        9.05807631e+00, -1.96994877e-01,  9.63622346e+00, -1.82962249e+00,
       -2.75105247e+00,  2.32194462e+00,  9.89501355e-01,  4.65626765e+00,
       -3.58983030e+00,  9.74081714e-01,  6.95336604e+00,  4.33185614e+00,
        2.11414916e+00,  6.51738594e+00,  5.91435616e+00,  5.39263340e+00,
       -1.85188369e+00,  4.85405037e+00,  4.75007206e+00, -1.66931804e+00,
       -1.41349075e+00, -5.23303259e+00,  1.51324870e+00, -4.48130423e+00,
        1.14810500e+00, -3.85578564e-01,  2.79284038e+00,  2.93575714e-02,
        4.93129412e+00, -7.35664086e-01, -1.25902411e+00, -1.82784669e+00,
        3.02030248e+00,  1.56593472e+00,  1.97983902e+00,  6.18738412e+00,
       -5.46891176e+00,  2.94437107e+00,  3.37883669e+00,  8.31956716e+00,
       -9.40158266e+00, -1.36569159e+00, -3.49064053e+00,  8.15346313e+00,
        1.15419371e+00,  4.72519140e-01,  6.97609354e+00, -5.33271244e-01,
        7.09312645e+00, -6.74461107e+00,  4.21966681e+00, -6.43315323e-01,
       -1.83887332e+00,  6.56387056e+00,  2.78603472e+00,  5.43452753e+00,
        8.59936939e+00,  3.59284534e+00, -5.31427597e-01,  2.12413899e+00,
        8.50543545e+00,  3.27459541e+00,  1.77729076e+00,  7.51486152e+00,
        1.27253856e+00,  2.90599947e+00,  1.30773206e+00, -1.84277812e+00,
        2.53196679e+00,  2.72229956e+00,  6.00819109e+00,  8.79084813e+00,
       -2.74907077e+00,  4.27356889e+00,  4.38398517e+00, -4.43757770e+00,
        3.87814571e-01, -4.14815415e-01,  5.49382452e+00,  5.67967335e+00,
       -7.00061250e-01, -3.96545681e+00,  1.73425727e+00,  2.86810491e-01]), array([-8.59567683e-01,  4.99972319e+00,  8.17271405e+00,  1.24973406e+00,
       -2.86530119e+00, -8.73575878e-01, -3.11448493e+00,  7.27031234e+00,
        3.90217986e+00,  2.86645080e+00, -4.55568177e+00,  2.73855912e+00,
        3.70494080e+00,  6.87165744e-01,  1.54516200e+00, -3.68795929e+00,
        3.00746263e+00,  6.25652417e+00,  4.05331558e+00,  1.73512292e+00,
        1.25520000e+00, -3.58070670e-01, -3.00236220e+00, -3.68382491e+00,
        6.05023244e+00,  2.74105070e+00, -1.04539796e+00,  1.96711440e+00,
        2.40234479e+00,  2.09230875e+00,  2.23504234e+00,  5.32551456e+00,
        3.37973166e+00, -2.61034951e+00,  1.01529403e+00, -1.67749853e+00,
        2.85806957e+00,  2.67388914e+00,  3.20603931e+00, -4.33302406e-01,
       -3.91343139e+00, -5.43573838e-01,  4.95268683e+00,  4.04418768e+00,
       -5.46079529e+00,  7.16367140e+00,  1.70469578e+00,  1.61819622e+01,
        2.52210111e-01,  7.91925361e+00,  4.74680685e+00, -4.12882919e-01,
       -2.93529159e+00,  8.14594710e+00,  5.31366319e+00,  6.77231127e+00,
        2.30730645e+00,  3.16349304e-01, -3.66834068e+00,  8.79897169e+00,
        2.76957295e+00,  6.05359959e+00,  4.77178520e+00,  3.13897568e+00,
        3.38442812e+00,  8.10358523e+00, -7.79428988e+00,  2.86142522e+00,
        2.97740350e+00,  1.43625775e+01,  1.68757582e-01,  2.65710039e+00,
        1.25684225e-01, -5.33992672e+00,  5.30576696e+00,  8.14361948e-01,
        5.74762923e+00,  4.37071299e+00,  3.83075658e+00,  2.36340690e+00,
        4.26771828e+00,  3.94404761e+00, -3.59951190e+00,  1.47215377e+00,
        8.23825630e+00, -2.58078458e+00,  5.52862689e+00, -6.03826906e+00,
        1.39443271e+00,  2.67068406e+00,  6.74390741e-01,  2.50523899e+00,
       -1.60310867e+00,  6.84283856e+00,  9.88829408e-01,  4.55778368e+00,
        4.87638328e+00, -6.05903037e+00,  6.09649788e+00, -3.53786496e+00,
        4.30503644e+00,  6.81303985e+00, -6.19942753e-01,  9.30413204e+00,
        3.06905974e+00,  4.74861320e+00,  2.42044135e+00,  1.14153941e+00,
       -2.05627084e+00, -1.51764464e+00,  4.44206551e+00,  6.87988652e+00,
        3.15131407e+00,  1.43328670e+00,  5.00048001e+00,  4.71546732e+00,
       -1.51939870e-01,  4.34655469e+00,  1.00384142e+01,  4.19896442e+00,
        6.24596528e-01, -1.72011430e+00,  1.40519974e+00,  3.91365610e-01,
        5.41411505e+00,  7.91605464e+00, -1.67851183e+00,  4.80372701e+00,
        2.06018773e+00,  7.37084476e+00,  8.61072480e-01, -2.76726687e+00,
        6.89769756e+00, -4.77893790e+00,  5.35159967e+00,  7.31955302e+00,
        5.52831028e+00,  9.48554074e-01, -1.39656480e+00,  4.01182443e+00,
       -1.85233256e+00,  6.60831186e+00, -4.58175555e+00, -7.28954150e-01,
        6.34011132e+00,  3.69158223e+00,  5.94216653e+00, -5.93066585e-01,
        5.73465281e+00,  7.22077165e+00,  4.68215693e+00,  1.60447806e+00,
        6.48104831e+00,  2.48200186e+00,  5.67130246e+00,  2.42762113e+00,
       -2.02218213e+00,  1.96245993e+00, -1.09081137e+00,  3.13724590e+00,
        1.52635141e+00,  3.81353801e+00,  5.54429588e-01,  3.54564928e+00,
        5.54099493e+00,  4.97289617e+00,  2.18802964e+00,  3.59252410e+00,
        4.22230478e+00,  1.84115284e+00, -2.57561885e+00,  6.11958667e+00,
        2.74641714e+00,  3.87655597e+00,  5.38272134e+00, -5.58500696e-01,
        7.38226504e+00, -3.90514547e+00,  8.01596240e+00,  2.72692591e+00,
        1.09725276e+00, -8.90923833e-01, -3.08390757e+00,  2.00012679e+00,
        3.75851013e+00,  3.33685888e+00,  1.80439680e+00,  3.17599190e+00,
        3.81308801e+00,  4.70741056e-01, -2.69674836e+00,  2.66888921e+00,
        6.98109419e-01,  6.79407858e-01,  2.83597599e+00,  3.71853015e+00,
        2.34171050e+00,  2.52928083e+00,  3.68006345e+00,  2.23090017e+00,
        2.04755697e+00,  2.84221583e-01, -4.00662079e-01,  2.58367474e-01,
        9.32084858e-01,  5.63352841e+00,  2.61889404e+00,  6.26795325e+00,
        8.69662899e-01,  6.92224199e+00,  1.26431325e+00, -1.36961645e+00,
       -1.44403509e+00,  5.26036502e+00,  4.54637093e+00,  5.34417452e+00,
        3.82493421e+00,  4.66728979e+00, -2.95933569e+00,  2.85614494e-01,
        4.86790964e+00,  4.75090356e+00,  5.93826426e+00,  1.10311081e-01,
        5.67275392e+00,  1.21081505e+00,  7.62023122e-01,  6.58143831e-01,
        7.57182763e+00,  6.13329256e+00,  3.92577791e+00, -2.98998419e+00,
        6.20187724e+00, -2.57674118e+00, -1.20059875e+00, -1.38314014e+00,
        6.50368822e-01, -1.89174624e+00,  6.92539489e+00,  8.51588827e+00,
        3.52363754e+00,  5.97083975e+00,  1.03415468e+01,  3.09628090e+00,
       -2.27091973e-01,  1.20203200e+00,  4.38973078e+00,  4.79589713e-01,
        5.09588394e-01, -7.94880182e+00, -4.72459221e-01,  9.91889303e+00,
       -2.35656642e+00,  2.97731522e+00, -1.54112333e+00,  5.48740656e+00,
       -3.12510646e+00, -3.38108270e+00, -2.97380433e+00,  5.51518398e-01,
        9.81582142e-01,  2.93359662e-01,  1.14872551e+00,  7.91107294e+00,
        6.06925867e+00,  6.88478772e+00,  7.08807068e-01,  2.13207109e+00,
       -9.52950106e-02,  1.02754231e+01, -4.57676805e+00,  3.09645852e+00,
       -2.61104877e-01,  2.50953552e+00,  1.78037781e+00,  6.01567668e+00,
        2.87376038e+00,  3.40397445e+00, -1.42903641e+00,  4.63871871e+00,
        9.14059711e+00, -8.21599965e+00, -4.94944820e+00,  2.75449374e+00,
       -2.21762526e+00, -2.54437441e-01,  8.46054990e+00,  3.04079634e-01,
        6.28315303e+00,  6.16007540e+00, -3.41904881e+00,  7.67682019e+00,
        2.55257460e+00,  1.21247879e+00, -2.11402181e+00,  2.17409383e+00,
        6.03445527e+00,  4.61602249e+00,  3.23165261e+00,  2.00782482e+00,
        4.05960688e+00,  1.16229346e-01, -7.01304013e+00, -4.06409954e+00,
        4.02294380e-01,  9.49256463e+00,  4.45682463e+00, -6.43340946e-01,
        3.97642531e+00,  9.92246713e+00,  1.58280163e+00,  6.68340005e-01,
        2.87157257e-01, -6.47724438e+00,  6.30526915e-01, -7.03650769e-01,
        4.38548059e-01,  2.25009654e+00, -2.40554931e+00,  4.01009879e+00,
        5.94509259e+00, -5.61088462e-01, -1.40949895e+00,  5.75193926e+00,
        2.88372860e+00,  9.52501222e+00,  3.35475021e+00,  4.26807562e-02,
       -1.23992195e+00,  4.32375805e+00,  7.66390924e+00,  5.20406828e+00,
       -2.99256635e+00,  2.31391784e+00,  4.86545653e+00,  5.45639567e+00,
        4.69629413e+00,  1.92150086e+00,  3.12546601e+00,  4.08778278e+00,
        5.56083869e+00, -1.43663150e+00,  8.75413447e-01,  3.41432130e+00,
        8.34840609e-01,  4.36853637e-01, -1.66362919e+00,  8.90117642e-01,
        3.70771621e+00,  7.17460042e+00, -3.06942477e-01, -7.37225377e-01,
        1.02257321e-01,  7.41710543e+00,  4.49551606e+00,  6.03502392e+00,
        3.77738362e+00,  4.18525259e+00, -1.61252256e+00, -1.47641853e+00,
        5.58194764e+00, -4.66784922e-01, -4.30759711e-01,  3.57829703e+00,
        6.78310114e+00,  5.44339024e+00,  5.46540906e+00,  1.56130633e+00,
        1.25013629e+00, -1.22682397e+00,  5.56246427e+00,  4.73035105e+00,
        3.21626686e+00,  1.06675636e+00,  9.86129707e+00,  1.52912479e-01,
        1.24688623e+00, -1.28742904e+00,  2.24143223e+00,  1.49661707e+00,
        8.46235819e+00, -2.02544986e+00, -2.73372050e+00,  1.84978859e+00,
       -2.63966473e+00, -5.19034500e+00, -2.02374991e+00,  2.34093236e+00,
       -5.27840645e-01,  4.09108195e+00,  3.99017134e+00,  2.89601208e+00,
        2.51312484e+00,  4.87413272e+00,  4.56277919e+00, -1.00607878e+00,
        5.06304406e+00,  4.15834936e+00,  5.03444668e+00, -5.61496186e+00,
       -6.46694375e-01,  2.57428852e-01,  4.03496191e+00,  3.56182802e+00,
        4.33737087e+00,  3.73184434e+00, -2.36295724e+00,  3.56293913e+00,
       -5.65343538e-01,  6.29863606e+00,  3.95987109e+00,  2.13224932e+00,
       -2.26897074e+00, -5.38030794e+00,  9.97592688e-01,  3.66431687e+00,
        1.57925054e+00,  2.53012046e+00,  1.76513082e-01,  4.79613812e+00,
        2.28658757e+00,  5.75121573e+00,  1.58973455e+00,  5.15330643e+00,
       -6.74321098e+00,  1.85268184e+00,  1.20521436e-01,  6.24173445e-01,
        7.79906911e+00, -3.27375223e+00,  9.43109889e+00,  8.33036730e-01,
       -4.31411630e+00, -9.43459469e-01,  1.23040914e+00,  8.82063214e+00,
       -5.54076062e+00,  1.19938495e+01, -1.77049359e+00, -1.11719336e+00,
        2.77816101e+00,  3.98095008e+00, -2.72855420e+00, -4.55619997e+00,
       -6.51867782e+00,  1.63520186e+00,  2.10059411e+00,  1.47510150e+00,
        1.07848547e-01,  4.77881857e+00,  5.07281675e+00,  2.77346408e+00,
       -7.91936116e+00,  5.56929217e+00,  1.67545829e+00,  5.72139175e+00,
        1.58629300e+00,  1.38830764e-01,  4.36128944e-01, -4.19481194e+00,
        9.12493862e+00,  3.51053035e+00, -3.94365277e+00, -5.77345902e+00,
        3.78950777e+00, -1.88642221e-01,  1.79819474e-01, -1.16804420e+00,
        3.60195755e-02,  8.83414275e+00,  2.85991911e+00,  3.86753226e+00,
        3.86865944e+00,  5.06997797e+00,  5.56728120e+00,  1.94688818e+00,
        1.16577321e+00, -2.33971963e+00,  3.04653333e+00,  5.17487893e+00,
        1.01510568e+01, -1.37505401e+00,  2.54852792e+00, -5.24270739e-01,
        1.73984387e+00,  4.64409030e+00,  5.53382653e+00,  2.36842585e+00,
        4.28571196e+00, -1.93884723e+00,  8.75161620e+00,  3.64841969e+00,
       -1.68292751e+00,  9.99695560e+00,  3.10780839e+00,  1.13486859e+00,
        1.68449209e+00, -5.26994377e+00, -1.08745782e-01, -1.04739209e+00,
        1.21822566e+00,  5.96027889e+00,  3.84845059e+00, -1.51714163e+00,
        3.19437980e+00,  5.47407346e+00, -3.68653447e-01,  3.48769875e+00,
        5.62004737e+00,  5.23546415e+00, -4.90976212e-01, -1.80852378e+00,
        3.31947493e+00,  4.62186142e+00,  5.52439370e+00, -2.05728541e+00,
        2.38115059e+00, -4.20766569e-01,  4.18912896e+00,  9.31431681e-02,
        8.07385590e+00,  8.90601156e+00,  2.32168083e+00,  5.88373399e-01,
       -3.65281155e-01,  3.45334342e+00,  3.58250225e-01,  1.08973277e+00,
        5.34471619e+00,  3.94510271e+00, -6.57762510e-01, -2.47481703e+00,
        5.07657623e+00,  9.58812240e-01,  1.45978241e+01,  6.78542154e+00,
        2.89142362e+00,  3.50713528e+00,  1.98551162e+00,  9.75313973e-01,
        8.05094652e-01,  4.56923635e-01, -2.82669316e+00,  1.38878708e+00,
       -7.31126305e+00,  7.84226136e+00,  1.21818728e+00,  7.89464434e-01,
        1.07891062e+00,  1.87545283e+00,  1.19274386e+00,  1.22535249e+01,
        4.40493538e+00,  7.02247860e-01, -4.17955442e+00,  5.85825617e+00,
        2.04144586e+00, -2.34378590e+00, -4.40045579e-01,  8.95974002e+00,
        2.53860578e+00,  4.64232593e-01,  4.21274961e+00, -5.87981567e+00,
        1.79558698e+00, -3.16459769e+00, -4.80647844e+00,  1.57140696e+00,
       -9.14844003e-01,  2.20880775e+00, -8.53992878e-01,  5.97600117e+00,
        3.30431989e+00,  6.24054686e+00, -3.87208465e+00,  3.88963386e+00,
        6.63148017e+00,  5.59752590e-01,  1.46069156e+00,  1.30481433e-01,
        7.72627923e-01,  7.26678540e+00,  9.41782799e+00,  2.48858015e+00,
       -1.72509334e+00, -2.52001932e+00,  3.94494791e+00,  8.11435775e+00,
       -2.29412167e+00,  5.58502362e+00,  3.03696992e+00,  2.96578906e+00,
        3.91559302e+00, -1.30128940e+00,  5.03004331e+00,  9.18234134e+00,
        2.27976708e+00, -8.47784205e-01,  9.51112483e-01,  4.21654863e+00,
       -7.79221690e-01, -2.72859627e+00,  7.32684321e+00, -3.00502745e+00,
        1.33587692e+01,  4.95618902e-01, -2.48926730e+00,  4.43228351e+00,
        5.90345762e-03, -5.87628794e-01, -1.63106443e+00,  4.40945491e-01,
        4.37553417e+00,  1.33936103e+00,  2.41225670e+00,  5.61754502e+00,
        4.87612077e-01,  5.40985159e+00, -7.18838282e-01,  5.13334649e+00,
        6.00124898e+00,  1.11510107e+00,  4.28110180e+00,  3.63458549e-01,
       -4.58733029e+00,  4.89194955e+00,  6.61139116e+00, -4.32739598e+00,
        3.21324728e+00,  2.15409811e+00,  4.95419277e+00,  8.39123114e-01,
        1.80374117e+00,  2.74102274e+00,  3.37526448e+00,  2.33096631e+00,
        3.99075029e+00, -3.70188963e+00, -1.53283707e+00,  5.91746086e+00,
        3.64240192e+00,  5.71163399e+00,  4.65227629e+00, -1.03901685e+00,
        4.84247332e+00,  3.92950174e+00,  4.32633722e+00, -5.09393577e+00,
        5.08817737e+00,  3.75616124e+00,  7.64859287e-01, -1.92058464e+00,
       -1.35555713e+00,  3.36166705e+00,  1.00307654e+01,  7.09395546e+00,
       -2.79544208e+00, -1.34913870e+00,  2.62123847e+00,  1.52198470e-01,
       -2.30887126e+00, -7.50585606e-01,  4.49018944e+00,  5.19183078e+00,
        8.92840106e+00, -3.27420185e-01,  5.48972513e+00,  1.15434764e+00,
        4.15239932e+00,  4.61945652e+00,  2.16965085e+00,  2.08569755e+00,
       -7.35064856e+00,  3.39854168e+00,  5.49263081e-01,  1.31501148e+00,
        2.69949108e+00,  4.97040314e+00, -1.47962894e+00,  3.90634863e+00,
        1.67377879e+00,  4.69844863e-01,  1.42945082e-01, -3.46460934e+00,
        6.65716588e+00,  5.22035620e+00,  8.28065844e-01, -2.45959485e+00,
        1.93840447e+00,  9.63929392e-01, -3.04203817e-02, -1.56305943e+00,
       -3.10341478e+00,  1.77626281e+00,  2.20243949e+00, -4.69083333e+00,
        3.94326057e+00,  6.75504177e+00,  4.78438380e+00,  6.82665362e+00,
        6.70399369e+00,  1.92919636e+00,  1.95283033e+00,  2.90934212e+00,
        1.83849379e+00, -3.64880884e+00,  8.82988613e+00, -4.46931450e-01,
        6.03578903e+00,  3.70673513e+00,  2.91398345e+00,  4.58690820e+00,
       -4.34849029e+00,  3.78354561e+00, -1.05102562e+00,  3.99033166e+00,
        9.88488329e+00,  4.14206585e-01,  1.03553769e+01, -9.66745999e-01,
       -1.79614212e+00,  3.12126608e+00,  2.25646583e+00,  4.88832297e+00,
       -2.72539793e+00,  2.15068865e+00,  7.45663751e+00,  5.36920048e+00,
        2.62132320e+00,  7.19936786e+00,  6.43901731e+00,  6.20900551e+00,
       -9.94912810e-01,  5.21728025e+00,  5.63138653e+00, -8.24569674e-01,
       -6.43863035e-01, -4.16774611e+00,  2.01015784e+00, -2.99877044e+00,
        1.86658316e+00,  4.64740437e-01,  3.43988412e+00,  9.15101998e-01,
        5.60994992e+00,  2.73934119e-01, -3.72949792e-01, -6.11129039e-01,
        3.34201934e+00,  2.19547290e+00,  3.08109909e+00,  6.73828588e+00,
       -4.46105929e+00,  4.25301032e+00,  4.13232551e+00,  8.30581132e+00,
       -8.24908906e+00, -6.49382664e-01, -2.68498530e+00,  9.11164671e+00,
        1.95031510e+00,  1.01506450e+00,  7.99831438e+00,  3.04357369e-01,
        7.67422695e+00, -5.19621612e+00,  4.05471279e+00,  8.44209079e-04,
       -1.37725589e+00,  6.78072830e+00,  3.38234963e+00,  6.02666600e+00,
        9.21911730e+00,  4.40747784e+00,  4.12399892e-01,  2.79208626e+00,
        9.30113891e+00,  3.79761767e+00,  2.78222517e+00,  7.95081542e+00,
        1.89952489e+00,  4.13456579e+00,  2.49022221e+00, -8.12997169e-01,
        3.63934565e+00,  3.63136098e+00,  6.16598715e+00,  9.39499505e+00,
       -1.96964389e+00,  4.86576561e+00,  5.19092344e+00, -3.54593100e+00,
        1.16225240e+00,  2.72364589e-01,  5.84168445e+00,  6.51591197e+00,
       -1.97246797e-01, -3.15970116e+00,  2.25340997e+00,  1.29251736e+00]), array([-9.73060359e-02,  5.93470266e+00,  8.43659527e+00,  1.12883135e+00,
       -1.65542718e+00,  1.23121429e-02, -1.95236916e+00,  7.96112766e+00,
        4.03194396e+00,  3.85721993e+00, -3.82112316e+00,  3.89700133e+00,
        4.34430061e+00,  5.60819104e-01,  2.15281038e+00, -3.11537124e+00,
        3.74984680e+00,  7.12965475e+00,  4.92127573e+00,  2.78509864e+00,
        2.10008254e+00, -1.28620377e-02, -2.02042956e+00, -2.55486395e+00,
        6.22765362e+00,  3.32667329e+00, -8.64792681e-01,  2.46262584e+00,
        3.24331412e+00,  2.12606683e+00,  3.04810535e+00,  5.51036969e+00,
        3.91293063e+00, -1.42428268e+00,  1.35042529e+00, -6.20675400e-01,
        3.72056323e+00,  3.08245321e+00,  3.62784526e+00,  1.44677888e-01,
       -3.19241401e+00,  2.22704052e-01,  5.27036129e+00,  4.56448693e+00,
       -4.38926297e+00,  7.66349969e+00,  1.98705135e+00,  1.64672682e+01,
        9.47997728e-01,  8.44031946e+00,  5.42156318e+00,  5.10497444e-01,
       -2.10371770e+00,  8.64327390e+00,  6.02244501e+00,  6.53578768e+00,
        2.85220326e+00,  1.08974671e+00, -2.76320196e+00,  9.81334633e+00,
        3.27342548e+00,  6.32472696e+00,  6.41352136e+00,  3.77134991e+00,
        3.89642049e+00,  8.43320452e+00, -6.75501894e+00,  3.70449072e+00,
        3.15042495e+00,  1.47597296e+01,  1.13211973e+00,  3.30175997e+00,
        1.13896262e+00, -4.03391211e+00,  5.94138289e+00,  1.29168620e+00,
        6.15185784e+00,  5.06868186e+00,  4.57245319e+00,  3.23744236e+00,
        4.75642603e+00,  4.08277866e+00, -2.52500250e+00,  2.55170395e+00,
        8.81618071e+00, -1.16009652e+00,  6.44245742e+00, -5.44020896e+00,
        2.06325841e+00,  3.45651733e+00,  8.76298472e-01,  3.56080713e+00,
       -4.61232399e-01,  7.18159707e+00,  2.06017090e+00,  4.75512020e+00,
        5.36598874e+00, -5.51883302e+00,  6.79878998e+00, -3.10253972e+00,
        5.24281785e+00,  7.12546296e+00,  2.68447390e-01,  9.92718533e+00,
        4.09813061e+00,  5.16271290e+00,  3.06691146e+00,  1.47557273e+00,
       -9.32336447e-01, -8.09703634e-01,  4.21109137e+00,  7.92493974e+00,
        4.39706528e+00,  2.40446665e+00,  5.23866800e+00,  5.00900867e+00,
        4.06283806e-01,  4.92750475e+00,  1.03187010e+01,  4.76306006e+00,
        1.15458350e+00, -9.83839753e-01,  1.76948905e+00,  1.96727669e-01,
        6.26378256e+00,  8.68547779e+00, -7.80209429e-01,  4.95634890e+00,
        2.71862495e+00,  7.47620537e+00,  2.16324758e+00, -1.54388421e+00,
        7.63147217e+00, -4.05733715e+00,  6.06389724e+00,  7.68860524e+00,
        6.05932995e+00,  1.87625072e+00, -5.84984247e-01,  4.88638431e+00,
       -1.11683930e+00,  6.99548128e+00, -3.50886001e+00,  6.32865745e-01,
        7.12829179e+00,  4.42954672e+00,  6.82095007e+00,  4.35530793e-01,
        6.54821814e+00,  7.14280289e+00,  5.03784312e+00,  1.95734979e+00,
        7.23160862e+00,  2.78093237e+00,  5.79280606e+00,  3.40603092e+00,
       -1.15510330e+00,  2.50631663e+00, -3.42734769e-02,  3.53083906e+00,
        2.35592142e+00,  4.43156316e+00,  1.01799036e+00,  4.11575236e+00,
        5.63581065e+00,  4.87289172e+00,  2.75749157e+00,  4.14390247e+00,
        4.59520026e+00,  2.96519108e+00, -1.72859202e+00,  7.21505606e+00,
        3.09319942e+00,  4.55824739e+00,  6.28469631e+00,  2.26465726e-01,
        7.66212227e+00, -2.75748073e+00,  8.43925863e+00,  3.52207051e+00,
        2.07484845e+00, -3.14917998e-01, -2.34116630e+00,  2.86352857e+00,
        4.72422425e+00,  4.26597661e+00,  3.13940539e+00,  3.51418485e+00,
        4.51164656e+00,  1.61372069e+00, -1.95095074e+00,  3.25171841e+00,
        1.56778874e+00,  1.06464238e+00,  3.49921974e+00,  4.63677364e+00,
        3.12621830e+00,  3.03088673e+00,  4.56444727e+00,  2.58790934e+00,
        3.14991266e+00,  1.28537771e+00,  1.63730404e-01,  8.59389145e-01,
        1.77096288e+00,  6.26636336e+00,  3.51276593e+00,  6.82051720e+00,
        1.48519703e+00,  7.49239064e+00,  2.29406402e+00, -7.36030894e-01,
       -7.83622341e-01,  5.88056534e+00,  5.13963022e+00,  6.44383641e+00,
        5.25264321e+00,  5.89905585e+00, -1.96902263e+00,  7.18476306e-01,
        5.51395185e+00,  5.65125749e+00,  7.11568052e+00,  1.24456078e+00,
        6.11202511e+00,  1.74877744e+00,  1.94793229e+00,  1.34425315e+00,
        7.89919411e+00,  6.64458336e+00,  4.59838976e+00, -2.15514423e+00,
        6.98616327e+00, -2.60628459e+00, -1.91941046e-01, -3.20725896e-01,
        1.37672418e+00, -9.72442952e-01,  7.80420208e+00,  9.04541852e+00,
        4.17433081e+00,  6.75650017e+00,  1.08728369e+01,  4.46506879e+00,
        6.67451953e-01,  1.75104787e+00,  5.18870295e+00,  8.94874408e-01,
        1.10831413e+00, -6.40119975e+00,  4.71236623e-01,  1.06805967e+01,
       -1.92209704e+00,  3.55441858e+00, -6.96498264e-01,  5.67962031e+00,
       -1.52617632e+00, -3.10169791e+00, -2.10851392e+00,  1.33809368e+00,
        1.43174674e+00,  1.35019402e+00,  2.05755387e+00,  9.20768655e+00,
        6.44073333e+00,  6.94386675e+00,  1.10136575e+00,  2.58775576e+00,
        4.39827786e-01,  1.14635189e+01, -3.50309376e+00,  3.70397284e+00,
        5.02871254e-01,  3.35411630e+00,  2.20833200e+00,  7.22341072e+00,
        4.34242000e+00,  4.44030503e+00, -6.30445361e-01,  5.28891969e+00,
        9.61376246e+00, -7.35423657e+00, -4.19187436e+00,  3.48884814e+00,
       -1.50795418e+00,  2.80144932e-01,  9.04643661e+00,  1.31502246e+00,
        7.45852597e+00,  7.25845282e+00, -2.65881645e+00,  8.52060043e+00,
        3.22559246e+00,  1.94198334e+00, -1.20228999e+00,  3.02076170e+00,
        6.89273763e+00,  5.05163545e+00,  3.35804036e+00,  3.08623594e+00,
        4.96279618e+00, -7.85117646e-02, -6.84477690e+00, -2.45832051e+00,
        1.63861311e+00,  9.62397088e+00,  5.22133882e+00, -5.74535345e-01,
        4.88087881e+00,  1.07063415e+01,  1.93983065e+00,  7.31650873e-01,
        8.20371549e-01, -5.69549693e+00,  1.32523127e+00, -3.01919764e-01,
        4.84097783e-01,  2.87214438e+00, -1.97697231e+00,  4.53699454e+00,
        6.41583208e+00,  2.39703187e-01, -4.83178260e-01,  6.48338108e+00,
        3.47177683e+00,  1.06712629e+01,  4.04940238e+00,  8.31482167e-01,
       -7.17609286e-01,  4.56835966e+00,  8.18348469e+00,  5.68787965e+00,
       -2.46120820e+00,  2.64829840e+00,  5.62329078e+00,  5.97557542e+00,
        4.89208241e+00,  2.74943371e+00,  3.70772437e+00,  4.06621698e+00,
        5.92130788e+00, -6.62002517e-01,  1.52141989e+00,  4.10566224e+00,
        1.47354382e+00,  8.53206030e-01, -1.02273597e+00,  1.50735951e+00,
        5.11125047e+00,  7.97149167e+00, -4.24337146e-02,  2.54534059e-01,
        7.01806435e-01,  8.76256183e+00,  4.94661322e+00,  6.18613555e+00,
        5.21767222e+00,  5.29038145e+00, -1.49358948e-01, -3.08571940e-01,
        5.86583032e+00, -2.97132986e-01,  8.81265575e-01,  4.01096637e+00,
        7.12461433e+00,  6.22318003e+00,  5.81643704e+00,  2.29783468e+00,
        1.96682653e+00, -8.50307836e-01,  6.63712948e+00,  5.37468512e+00,
        3.48110846e+00,  1.99346266e+00,  1.05744412e+01,  7.73945764e-01,
        1.18655491e+00, -7.50984874e-01,  3.17114330e+00,  2.15410913e+00,
        9.43737072e+00, -1.31706885e+00, -2.15687313e+00,  3.14324563e+00,
       -1.83669447e+00, -4.29718947e+00, -1.04641278e+00,  3.37057743e+00,
        5.87459073e-01,  5.03497501e+00,  4.78947982e+00,  3.53623615e+00,
        2.89947165e+00,  6.08110482e+00,  5.38249628e+00, -5.29224605e-01,
        5.56922805e+00,  5.25897358e+00,  6.33528723e+00, -5.47836280e+00,
        3.49298043e-01,  1.29866708e+00,  5.34089703e+00,  5.07373717e+00,
        4.47067292e+00,  4.58541476e+00, -1.27818663e+00,  4.61549235e+00,
        1.75152850e-01,  7.03386113e+00,  4.41909593e+00,  2.63432169e+00,
       -1.75120545e+00, -4.90939560e+00,  2.15723082e+00,  4.59775746e+00,
        2.40745201e+00,  3.35382524e+00,  1.20623045e+00,  5.97623763e+00,
        2.97547736e+00,  6.36073635e+00,  2.74886628e+00,  5.63461978e+00,
       -6.19979133e+00,  2.88450724e+00,  5.91115862e-01,  1.74055150e+00,
        8.25348947e+00, -2.47234025e+00,  9.92935517e+00,  1.93806090e+00,
       -3.23549436e+00, -1.12011611e-01,  1.86232945e+00,  8.71498079e+00,
       -4.24321351e+00,  1.16897532e+01, -6.91256342e-01, -4.43793617e-01,
        3.61323571e+00,  4.18037951e+00, -1.63392032e+00, -3.99751366e+00,
       -5.56253501e+00,  2.28122571e+00,  3.72455627e+00,  2.24173814e+00,
        9.15849426e-01,  5.69974684e+00,  5.80703006e+00,  4.13485010e+00,
       -7.84464648e+00,  6.17579758e+00,  2.41167524e+00,  6.31602272e+00,
        2.14683999e+00,  1.07829874e+00,  9.69613333e-01, -4.14516587e+00,
        9.02082877e+00,  4.20463842e+00, -3.20824291e+00, -4.70453679e+00,
        4.49869624e+00,  9.33542969e-01,  1.16076621e+00, -3.34470557e-01,
        8.12754355e-01,  9.56804804e+00,  3.69293749e+00,  4.34579247e+00,
        4.49610940e+00,  6.39597640e+00,  5.79585107e+00,  2.04416087e+00,
        2.71335798e+00, -1.07871304e+00,  4.17604260e+00,  6.09801740e+00,
        1.05127056e+01, -7.78666711e-01,  2.86235059e+00, -2.30997108e-02,
        2.24066510e+00,  5.17167693e+00,  6.55874415e+00,  2.92958358e+00,
        5.22069143e+00, -1.11928867e+00,  8.73609594e+00,  4.59997541e+00,
       -1.26536649e+00,  1.01298996e+01,  2.83186637e+00,  1.61675803e+00,
        2.56111503e+00, -4.07005691e+00,  1.12271292e+00,  9.68781423e-03,
        2.22879237e+00,  6.87066948e+00,  4.31921334e+00, -1.69928781e+00,
        3.94560065e+00,  5.85506395e+00, -5.11308289e-03,  4.13791758e+00,
        6.29204871e+00,  6.06981329e+00,  1.93811017e-01, -1.39086270e+00,
        4.34669250e+00,  5.24259102e+00,  5.77972724e+00, -1.35892570e+00,
        3.07865183e+00,  6.78291160e-01,  5.33971241e+00,  8.71585598e-01,
        8.83765720e+00,  9.24726396e+00,  3.26917875e+00,  9.56078608e-01,
        7.54847729e-01,  4.20577993e+00,  5.43861993e-01,  1.46850035e+00,
        5.79109371e+00,  4.90624659e+00,  4.14932893e-01, -1.40786390e+00,
        5.90410030e+00,  1.56683979e+00,  1.43679395e+01,  7.18236277e+00,
        3.13294570e+00,  3.40129169e+00,  2.64695397e+00,  9.95985243e-01,
        1.56661078e+00,  1.41054288e+00, -1.85916034e+00,  1.67382379e+00,
       -6.49697273e+00,  8.71089508e+00,  1.60020162e+00,  1.50954991e+00,
        1.85709039e+00,  1.72956285e+00,  1.45171075e+00,  1.23765097e+01,
        5.29967457e+00,  9.87382723e-01, -3.02479086e+00,  5.98740121e+00,
        2.54716304e+00, -1.47487902e+00,  5.73112563e-01,  9.30847514e+00,
        3.28676654e+00,  1.08842763e+00,  5.13167020e+00, -5.23080478e+00,
        3.19189888e+00, -2.30205377e+00, -4.05492022e+00,  2.00496115e+00,
       -8.58601803e-02,  2.78624107e+00, -7.46564688e-02,  6.47313277e+00,
        3.72180188e+00,  6.53115584e+00, -2.60042414e+00,  4.66507346e+00,
        7.04317705e+00,  1.51122309e+00,  2.13843927e+00,  1.26948931e+00,
        1.35769981e+00,  8.45243472e+00,  1.01719358e+01,  2.79488868e+00,
       -7.06666321e-01, -1.76575052e+00,  4.01095364e+00,  9.59007373e+00,
       -2.05906274e+00,  6.12615821e+00,  3.68632583e+00,  3.74518566e+00,
        5.01658567e+00, -7.78746461e-01,  5.24364039e+00,  1.02148229e+01,
        2.94758635e+00,  5.26824310e-01,  2.03129608e+00,  4.99546961e+00,
       -3.07098638e-01, -1.14640168e+00,  7.92423592e+00, -2.02587544e+00,
        1.35015567e+01,  1.68901089e+00, -1.75695791e+00,  5.13619225e+00,
        8.21043894e-01,  2.53324253e-01, -3.64527062e-01,  1.42120625e+00,
        4.99767004e+00,  2.71779240e+00,  3.18589808e+00,  6.27370022e+00,
        1.52124653e+00,  6.60083021e+00, -9.45393828e-01,  5.94714849e+00,
        6.21512019e+00,  2.78711063e+00,  4.88830053e+00,  1.20516690e+00,
       -3.74522702e+00,  5.25733157e+00,  6.53429412e+00, -3.41725353e+00,
        3.87687232e+00,  2.48360883e+00,  5.27367080e+00,  1.17883640e+00,
        2.20317579e+00,  3.07869729e+00,  4.75157907e+00,  3.55565140e+00,
        4.44887821e+00, -2.84117078e+00, -1.78503891e+00,  6.47366793e+00,
        3.96570215e+00,  6.58746541e+00,  5.08496683e+00, -3.32486857e-01,
        5.35089409e+00,  4.61296955e+00,  5.02677125e+00, -4.46470934e+00,
        5.90129808e+00,  4.29338173e+00,  1.70297787e+00, -1.68395797e+00,
       -5.21023442e-01,  3.52639173e+00,  1.10569063e+01,  7.67426180e+00,
       -1.41348560e+00, -6.76291632e-01,  3.01764300e+00,  6.67879113e-01,
       -2.01071744e+00, -5.27700785e-01,  5.63666281e+00,  5.67792842e+00,
        1.00722556e+01,  7.56717036e-01,  6.42635446e+00,  1.88785477e+00,
        4.61187003e+00,  4.91203927e+00,  2.50910984e+00,  2.77720314e+00,
       -6.63077415e+00,  4.71526854e+00,  3.91379394e-01,  2.19123235e+00,
        2.90698839e+00,  5.59295578e+00, -9.88702947e-01,  4.61519458e+00,
        1.67040095e+00,  5.37943505e-01,  1.25577481e+00, -2.25306329e+00,
        7.12746459e+00,  5.84074346e+00,  1.73886375e+00, -2.05130542e+00,
        2.11177874e+00,  1.86616242e+00,  1.14870941e+00, -5.71451752e-01,
       -1.92660970e+00,  2.48898691e+00,  2.48713854e+00, -3.57841129e+00,
        4.75619259e+00,  7.28813357e+00,  5.53934802e+00,  7.98095643e+00,
        7.29411651e+00,  2.28842156e+00,  2.36573093e+00,  3.20071805e+00,
        1.49440826e+00, -2.73302327e+00,  9.15556180e+00,  8.12949683e-01,
        6.55014200e+00,  3.73941577e+00,  3.63534902e+00,  4.85964944e+00,
       -3.48750434e+00,  4.69777485e+00,  3.88869671e-01,  5.10104000e+00,
        1.06903719e+01,  1.03107059e+00,  1.11051027e+01, -1.16728964e-01,
       -9.06390670e-01,  3.90660348e+00,  3.52299694e+00,  5.07677214e+00,
       -1.90871273e+00,  3.33472802e+00,  7.93827956e+00,  6.40268263e+00,
        3.09689486e+00,  7.89907952e+00,  6.92904425e+00,  7.00946412e+00,
       -1.59637663e-01,  5.55797359e+00,  6.48686004e+00, -2.73560236e-02,
        1.31820280e-01, -3.12059676e+00,  2.47925131e+00, -1.53494477e+00,
        2.58757584e+00,  1.29680810e+00,  4.03889215e+00,  1.74232955e+00,
        6.25869743e+00,  1.29177537e+00,  5.09668711e-01,  5.81273163e-01,
        3.62885979e+00,  2.75023398e+00,  4.16689488e+00,  7.27818993e+00,
       -3.49982986e+00,  5.57742982e+00,  4.89319116e+00,  8.24586052e+00,
       -7.15126597e+00,  4.15490234e-02, -1.88370384e+00,  1.00867454e+01,
        2.73928464e+00,  1.53216506e+00,  9.01859691e+00,  1.12699194e+00,
        8.21742746e+00, -3.64273718e+00,  3.85472196e+00,  6.02730013e-01,
       -9.52606099e-01,  6.99467134e+00,  3.95400290e+00,  6.61335312e+00,
        9.80688676e+00,  5.20690337e+00,  1.29770685e+00,  3.45926433e+00,
        1.01015618e+01,  4.29895119e+00,  3.77661802e+00,  8.39307599e+00,
        2.50850306e+00,  5.34905420e+00,  3.68407608e+00,  2.12053238e-01,
        4.75863181e+00,  4.52012620e+00,  6.26043958e+00,  1.00152635e+01,
       -1.19620458e+00,  5.43033938e+00,  5.98271669e+00, -2.69931090e+00,
        1.87557654e+00,  9.64400738e-01,  6.15733824e+00,  7.36126660e+00,
        2.86075513e-01, -2.38989833e+00,  2.73961887e+00,  2.26774307e+00]), array([ 6.64320374e-01,  6.84521778e+00,  8.68069932e+00,  1.01488743e+00,
       -4.51773888e-01,  9.00663204e-01, -7.86860632e-01,  8.63467805e+00,
        4.15857868e+00,  4.83713652e+00, -3.07951044e+00,  5.03777778e+00,
        4.97283953e+00,  4.38016056e-01,  2.75148097e+00, -2.53283026e+00,
        4.47795900e+00,  7.98011113e+00,  5.77586974e+00,  3.82088383e+00,
        2.93525350e+00,  3.31784136e-01, -1.03546683e+00, -1.42094669e+00,
        6.39240948e+00,  3.90527358e+00, -6.78790852e-01,  2.95334528e+00,
        4.07496800e+00,  2.16048134e+00,  3.85447142e+00,  5.68361658e+00,
        4.43670403e+00, -2.37586503e-01,  1.68678861e+00,  4.36433717e-01,
        4.57039205e+00,  3.48657399e+00,  4.04322487e+00,  7.20704976e-01,
       -2.47038510e+00,  9.89403502e-01,  5.58076526e+00,  5.07567892e+00,
       -3.30862793e+00,  8.14788266e+00,  2.26212162e+00,  1.67185633e+01,
        1.63567326e+00,  8.93854400e+00,  6.08624237e+00,  1.42391112e+00,
       -1.26764161e+00,  9.12388552e+00,  6.71220503e+00,  6.28877187e+00,
        3.38805208e+00,  1.85541946e+00, -1.85261043e+00,  1.07990920e+01,
        3.76701224e+00,  6.58693979e+00,  8.02944362e+00,  4.39071191e+00,
        4.40322274e+00,  8.74456344e+00, -5.70368389e+00,  4.53889398e+00,
        3.31646813e+00,  1.51192879e+01,  2.09139934e+00,  3.94361329e+00,
        2.13984449e+00, -2.72430079e+00,  6.56173817e+00,  1.77273063e+00,
        6.54246293e+00,  5.75361559e+00,  5.30523280e+00,  4.10370381e+00,
        5.23783599e+00,  4.21078932e+00, -1.45436894e+00,  3.62124900e+00,
        9.37303922e+00,  2.51787291e-01,  7.34336184e+00, -4.83463938e+00,
        2.72883712e+00,  4.23147801e+00,  1.07374979e+00,  4.60441608e+00,
        6.80060751e-01,  7.50850738e+00,  3.11355924e+00,  4.95107906e+00,
        5.84253915e+00, -4.96852408e+00,  7.48471087e+00, -2.65980539e+00,
        6.16602828e+00,  7.42649797e+00,  1.15488404e+00,  1.05218699e+01,
        5.11462338e+00,  5.56011975e+00,  3.70315375e+00,  1.81060069e+00,
        1.90794465e-01, -1.00864199e-01,  3.97447562e+00,  8.94822177e+00,
        5.62896148e+00,  3.36935636e+00,  5.46435702e+00,  5.28653061e+00,
        9.61547774e-01,  5.49692502e+00,  1.05771513e+01,  5.31658038e+00,
        1.68092546e+00, -2.42679427e-01,  2.13394683e+00,  6.44832261e-03,
        7.09087004e+00,  9.43666213e+00,  1.17433641e-01,  5.10022185e+00,
        3.36638765e+00,  7.56773834e+00,  3.45436441e+00, -3.23958070e-01,
        8.34335795e+00, -3.33249678e+00,  6.76235634e+00,  8.03913278e+00,
        6.58096781e+00,  2.79728169e+00,  2.26919544e-01,  5.74657190e+00,
       -3.82623633e-01,  7.37020452e+00, -2.42572830e+00,  1.98946437e+00,
        7.90192036e+00,  5.15982059e+00,  7.68123500e+00,  1.45959627e+00,
        7.34410197e+00,  7.04916797e+00,  5.37941467e+00,  2.30679118e+00,
        7.96450287e+00,  3.07779774e+00,  5.90250811e+00,  4.37350751e+00,
       -2.85450704e-01,  3.04143512e+00,  1.02195551e+00,  3.91910817e+00,
        3.17526258e+00,  5.03837664e+00,  1.48348843e+00,  4.67544922e+00,
        5.72246573e+00,  4.77007088e+00,  3.31792737e+00,  4.68779966e+00,
        4.96861729e+00,  4.07665222e+00, -8.81345779e-01,  8.28605722e+00,
        3.43559456e+00,  5.23336625e+00,  7.16520474e+00,  1.01228896e+00,
        7.91559820e+00, -1.60809989e+00,  8.84344376e+00,  4.30727501e+00,
        3.04256463e+00,  2.59360810e-01, -1.59405306e+00,  3.72166249e+00,
        5.67828503e+00,  5.17399681e+00,  4.46273298e+00,  3.85128962e+00,
        5.19437083e+00,  2.74903671e+00, -1.20088248e+00,  3.82913607e+00,
        2.42884045e+00,  1.44997471e+00,  4.15650296e+00,  5.54155008e+00,
        3.90421885e+00,  3.53038268e+00,  5.43511498e+00,  2.94056798e+00,
        4.24268325e+00,  2.28273725e+00,  7.25383599e-01,  1.45830421e+00,
        2.60657411e+00,  6.88665086e+00,  4.40129344e+00,  7.36098189e+00,
        2.09632859e+00,  8.04102998e+00,  3.31991276e+00, -9.53816726e-02,
       -1.21800059e-01,  6.48573158e+00,  5.71737404e+00,  7.52313652e+00,
        6.66553044e+00,  7.11541745e+00, -9.77537446e-01,  1.14843975e+00,
        6.13902867e+00,  6.53798040e+00,  8.27118944e+00,  2.37159708e+00,
        6.53526178e+00,  2.28410532e+00,  3.11887084e+00,  2.02714334e+00,
        8.20942208e+00,  7.13698386e+00,  5.25912295e+00, -1.31214131e+00,
        7.75500300e+00, -2.62364099e+00,  8.12665350e-01,  7.35660230e-01,
        2.10230129e+00, -5.19116528e-02,  8.65897834e+00,  9.55233616e+00,
        4.81314637e+00,  7.52316008e+00,  1.13845754e+01,  5.81306141e+00,
        1.55990123e+00,  2.29294068e+00,  5.97063086e+00,  1.30904929e+00,
        1.69793730e+00, -4.84722964e+00,  1.41432568e+00,  1.14128900e+01,
       -1.47817216e+00,  4.12376002e+00,  1.41408978e-01,  5.86564604e+00,
        6.55493929e-02, -2.81486047e+00, -1.23856804e+00,  2.12503098e+00,
        1.87867489e+00,  2.40164459e+00,  2.95248403e+00,  1.04723914e+01,
        6.79553236e+00,  6.98777550e+00,  1.49021512e+00,  3.03910911e+00,
        9.74479801e-01,  1.26185880e+01, -2.42737464e+00,  4.30438797e+00,
        1.26405685e+00,  4.18564344e+00,  2.62702841e+00,  8.41037292e+00,
        5.79101755e+00,  5.45770594e+00,  1.67078854e-01,  5.92567023e+00,
        1.00634384e+01, -6.47553835e+00, -3.42314980e+00,  4.21176642e+00,
       -7.94005639e-01,  8.09156870e-01,  9.61571905e+00,  2.32248417e+00,
        8.60153595e+00,  8.33265817e+00, -1.89104900e+00,  9.34021542e+00,
        3.88556588e+00,  2.66489695e+00, -2.90353854e-01,  3.85801382e+00,
        7.72955979e+00,  5.47443477e+00,  3.48313690e+00,  4.15462972e+00,
        5.85409669e+00, -2.60790994e-01, -6.66115202e+00, -8.52142336e-01,
        2.86417126e+00,  9.72942250e+00,  5.97418397e+00, -5.02863235e-01,
        5.76748286e+00,  1.14667744e+01,  2.29110424e+00,  7.99667673e-01,
        1.35638178e+00, -4.90022683e+00,  2.02079752e+00,  1.04113402e-01,
        5.26335030e-01,  3.48294340e+00, -1.54051577e+00,  5.05121630e+00,
        6.87271298e+00,  1.03547645e+00,  4.39483279e-01,  7.19859967e+00,
        4.05222206e+00,  1.17915828e+01,  4.72934772e+00,  1.61849001e+00,
       -1.89554249e-01,  4.80120794e+00,  8.68053685e+00,  6.15425497e+00,
       -1.92808646e+00,  2.97777590e+00,  6.36624642e+00,  6.48112719e+00,
        5.08162126e+00,  3.56977340e+00,  4.28134138e+00,  4.03920803e+00,
        6.27007742e+00,  1.15199518e-01,  2.17090431e+00,  4.78149269e+00,
        2.10762840e+00,  1.27031731e+00, -3.78513954e-01,  2.12228822e+00,
        6.49290033e+00,  8.74814632e+00,  2.25787703e-01,  1.24254589e+00,
        1.29988116e+00,  1.00813676e+01,  5.39102812e+00,  6.32438225e+00,
        6.63692884e+00,  6.38049511e+00,  1.30386209e+00,  8.52303068e-01,
        6.13354021e+00, -1.16620278e-01,  2.18630233e+00,  4.43542760e+00,
        7.44913551e+00,  6.99187216e+00,  6.15372171e+00,  3.02841940e+00,
        2.68123331e+00, -4.66876759e-01,  7.69529855e+00,  6.00698542e+00,
        3.74154530e+00,  2.91134226e+00,  1.12615164e+01,  1.39057239e+00,
        1.12725569e+00, -2.05200280e-01,  4.09054458e+00,  2.80359232e+00,
        1.03884853e+01, -6.08835163e-01, -1.57188172e+00,  4.42432567e+00,
       -1.02938678e+00, -3.39710106e+00, -7.65417832e-02,  4.38355263e+00,
        1.69085826e+00,  5.96259146e+00,  5.58071691e+00,  4.16552144e+00,
        3.27735068e+00,  7.26503039e+00,  6.18431721e+00, -4.82889137e-02,
        6.05765636e+00,  6.34386107e+00,  7.61771783e+00, -5.32079462e+00,
        1.33944713e+00,  2.32967576e+00,  6.62313437e+00,  6.56223788e+00,
        4.59440900e+00,  5.42397773e+00, -1.93209229e-01,  5.64796985e+00,
        9.14812381e-01,  7.75564124e+00,  4.86827611e+00,  3.13102514e+00,
       -1.22978623e+00, -4.42296562e+00,  3.30824450e+00,  5.51666127e+00,
        3.22725018e+00,  4.16868666e+00,  2.22822375e+00,  7.13510004e+00,
        3.65605367e+00,  6.95416764e+00,  3.89566693e+00,  6.10201441e+00,
       -5.63734599e+00,  3.90530317e+00,  1.06400231e+00,  2.84808523e+00,
        8.69122617e+00, -1.67128997e+00,  1.04080607e+01,  3.03714512e+00,
       -2.15008605e+00,  7.20197305e-01,  2.48598416e+00,  8.59438340e+00,
       -2.94078072e+00,  1.13656578e+01,  3.85683370e-01,  2.29258028e-01,
        4.43513393e+00,  4.37041845e+00, -5.34829142e-01, -3.42216136e+00,
       -4.59802306e+00,  2.92270033e+00,  5.33098131e+00,  3.00534392e+00,
        1.71981540e+00,  6.60759673e+00,  6.52152362e+00,  5.47948254e+00,
       -7.74853593e+00,  6.76858148e+00,  3.14698259e+00,  6.89593528e+00,
        2.70690424e+00,  2.01268362e+00,  1.49638283e+00, -4.08764403e+00,
        8.89863495e+00,  4.88736768e+00, -2.46992314e+00, -3.62626405e+00,
        5.19723450e+00,  2.05089316e+00,  2.13751607e+00,  5.00955196e-01,
        1.58902292e+00,  1.02766047e+01,  4.51562544e+00,  4.81521939e+00,
        5.11089645e+00,  7.69614552e+00,  6.02267091e+00,  2.14581872e+00,
        4.24570669e+00,  1.82630988e-01,  5.29084591e+00,  7.00123233e+00,
        1.08523732e+01, -1.75800294e-01,  3.17311624e+00,  4.77455892e-01,
        2.74092909e+00,  5.68420161e+00,  7.56809708e+00,  3.48257871e+00,
        6.13960834e+00, -2.99441192e-01,  8.70399492e+00,  5.53394619e+00,
       -8.44063218e-01,  1.02364378e+01,  2.55430145e+00,  2.10030646e+00,
        3.42823695e+00, -2.86577494e+00,  2.34048345e+00,  1.06945700e+00,
        3.23250698e+00,  7.76901897e+00,  4.78210457e+00, -1.86767434e+00,
        4.68543290e+00,  6.22248299e+00,  3.64840022e-01,  4.77924723e+00,
        6.94879530e+00,  6.88554742e+00,  8.73992595e-01, -9.69200500e-01,
        5.36522557e+00,  5.85354534e+00,  6.02312308e+00, -6.61626966e-01,
        3.76531768e+00,  1.77256260e+00,  6.47348045e+00,  1.64679769e+00,
        9.57543897e+00,  9.56229311e+00,  4.19937444e+00,  1.32347950e+00,
        1.86421407e+00,  4.94458684e+00,  7.32306631e-01,  1.84691125e+00,
        6.22805161e+00,  5.85234618e+00,  1.48321246e+00, -3.45075262e-01,
        6.71656200e+00,  2.17215571e+00,  1.41103816e+01,  7.56489585e+00,
        3.36886203e+00,  3.29264890e+00,  3.30039628e+00,  1.01525329e+00,
        2.32268963e+00,  2.35929652e+00, -8.91021966e-01,  1.95940326e+00,
       -5.66908793e+00,  9.55873167e+00,  1.98183279e+00,  2.22761687e+00,
        2.62747900e+00,  1.58483526e+00,  1.70895441e+00,  1.24734854e+01,
        6.18395370e+00,  1.27653708e+00, -1.86357074e+00,  6.10549240e+00,
        3.04730789e+00, -6.05632645e-01,  1.57658940e+00,  9.63540992e+00,
        4.03126013e+00,  1.70904401e+00,  6.03812202e+00, -4.56476974e+00,
        4.57008158e+00, -1.43205916e+00, -3.29054488e+00,  2.43329033e+00,
        7.40301955e-01,  3.35374157e+00,  7.01872000e-01,  6.95204797e+00,
        4.12818372e+00,  6.80738477e+00, -1.32641589e+00,  5.42663094e+00,
        7.43616960e+00,  2.45874441e+00,  2.81266346e+00,  2.40113354e+00,
        1.94204556e+00,  9.61216029e+00,  1.08990692e+01,  3.09689050e+00,
        3.12337623e-01, -1.01189800e+00,  4.07074679e+00,  1.10337376e+01,
       -1.81467696e+00,  6.65425604e+00,  4.32670083e+00,  4.51776086e+00,
        6.10060005e+00, -2.59104214e-01,  5.44507346e+00,  1.12180858e+01,
        3.60768159e+00,  1.88938569e+00,  3.09961036e+00,  5.76341573e+00,
        1.63874685e-01,  4.32405726e-01,  8.49753174e+00, -1.04052568e+00,
        1.36164016e+01,  2.87417673e+00, -1.01907972e+00,  5.82509950e+00,
        1.63195601e+00,  1.08967122e+00,  9.00867158e-01,  2.39112048e+00,
        5.60975710e+00,  4.08132234e+00,  3.95228293e+00,  6.91413879e+00,
        2.55078847e+00,  7.77182195e+00, -1.15937331e+00,  6.73975864e+00,
        6.41595466e+00,  4.44599222e+00,  5.48140772e+00,  2.03995868e+00,
       -2.89924132e+00,  5.60764313e+00,  6.44694543e+00, -2.49992230e+00,
        4.53361747e+00,  2.80828250e+00,  5.58493947e+00,  1.52571225e+00,
        2.59441613e+00,  3.41382332e+00,  6.10982198e+00,  4.76804280e+00,
        4.90092906e+00, -1.97352472e+00, -2.03169533e+00,  7.01465556e+00,
        4.27648567e+00,  7.44602712e+00,  5.50807521e+00,  3.68803228e-01,
        5.83913203e+00,  5.28075529e+00,  5.71656724e+00, -3.82448615e+00,
        6.69695696e+00,  4.81978795e+00,  2.63065727e+00, -1.44200779e+00,
        3.13893745e-01,  3.68372046e+00,  1.20561821e+01,  8.23794254e+00,
       -3.34623462e-02, -2.99224074e-03,  3.40896624e+00,  1.18625900e+00,
       -1.70454468e+00, -3.01149672e-01,  6.76526859e+00,  6.15274554e+00,
        1.11843453e+01,  1.83639861e+00,  7.34503969e+00,  2.62102451e+00,
        5.06128139e+00,  5.19343556e+00,  2.85014650e+00,  3.46175629e+00,
       -5.89720174e+00,  6.02056258e+00,  2.37702526e-01,  3.05538745e+00,
        3.11005391e+00,  6.20260635e+00, -4.94698977e-01,  5.31493827e+00,
        1.66800464e+00,  6.17174286e-01,  2.36621252e+00, -1.04132146e+00,
        7.58419871e+00,  6.44339957e+00,  2.64390383e+00, -1.63547661e+00,
        2.28398194e+00,  2.75956050e+00,  2.31991538e+00,  4.16409973e-01,
       -7.52084774e-01,  3.19194949e+00,  2.76567891e+00, -2.46090859e+00,
        5.56115528e+00,  7.80593408e+00,  6.28040090e+00,  9.11051772e+00,
        7.86890917e+00,  2.64551175e+00,  2.77070392e+00,  3.48034955e+00,
        1.15769120e+00, -1.80931789e+00,  9.45618598e+00,  2.06552807e+00,
        7.05010036e+00,  3.76702484e+00,  4.35122988e+00,  5.12204363e+00,
       -2.61753142e+00,  5.59714956e+00,  1.82261631e+00,  6.19472969e+00,
        1.14702942e+01,  1.63924116e+00,  1.18227899e+01,  7.33294618e-01,
       -1.19784782e-02,  4.67947765e+00,  4.77311214e+00,  5.25336160e+00,
       -1.08626470e+00,  4.50493622e+00,  8.40401139e+00,  7.41540032e+00,
        3.56397301e+00,  8.57421158e+00,  7.40334112e+00,  7.79616821e+00,
        6.75689620e-01,  5.88801624e+00,  7.32414874e+00,  7.66903058e-01,
        9.11197207e-01, -2.06901856e+00,  2.94370304e+00, -7.77402009e-02,
        3.30106646e+00,  2.11950866e+00,  4.62592056e+00,  2.56792361e+00,
        6.89545668e+00,  2.29777847e+00,  1.39469135e+00,  1.77126200e+00,
        3.91088888e+00,  3.30189607e+00,  5.23656818e+00,  7.80089121e+00,
       -2.53878737e+00,  6.88167269e+00,  5.63952681e+00,  8.17788424e+00,
       -6.04053405e+00,  7.31648069e-01, -1.08585983e+00,  1.10364634e+01,
        3.51900536e+00,  2.04995716e+00,  1.00131841e+01,  1.94687582e+00,
        8.73978042e+00, -2.08570220e+00,  3.65182644e+00,  1.20429918e+00,
       -5.18733896e-01,  7.19118933e+00,  4.51633422e+00,  7.17849473e+00,
        1.03702627e+01,  5.99763095e+00,  2.17848027e+00,  4.11142519e+00,
        1.08725579e+01,  4.79026456e+00,  4.75824987e+00,  8.81535829e+00,
        3.10578676e+00,  6.54778615e+00,  4.86564254e+00,  1.23145379e+00,
        5.86184414e+00,  5.39413089e+00,  6.34094453e+00,  1.06094268e+01,
       -4.23741230e-01,  5.98308854e+00,  6.76063558e+00, -1.85104820e+00,
        2.58406341e+00,  1.64701030e+00,  6.45983140e+00,  8.19111182e+00,
        7.68465984e-01, -1.61521104e+00,  3.22272987e+00,  3.23484520e+00]), array([ 1.56622587e+00,  7.86579191e+00,  9.04660234e+00,  1.07590229e+00,
        9.20782992e-01,  1.85512530e+00,  5.57092671e-01,  9.41387378e+00,
        4.44254406e+00,  5.93245319e+00, -2.21462278e+00,  6.33332661e+00,
        5.72788499e+00,  4.79637147e-01,  3.46896987e+00, -1.82595756e+00,
        5.31217422e+00,  8.97200240e+00,  6.72868215e+00,  5.00521622e+00,
        3.85501878e+00,  8.01555313e-01,  6.24655993e-02, -1.72627997e-01,
        6.68015728e+00,  4.60791566e+00, -3.89772718e-01,  3.53554058e+00,
        5.05284204e+00,  2.33437182e+00,  4.79400175e+00,  5.96193637e+00,
        5.05051393e+00,  1.01627667e+00,  2.17694883e+00,  1.61153763e+00,
        5.50908626e+00,  4.02854288e+00,  4.56612332e+00,  1.45427254e+00,
       -1.57990611e+00,  1.88136052e+00,  6.00202158e+00,  5.73603101e+00,
       -2.14375776e+00,  8.69772983e+00,  2.69835338e+00,  1.70406813e+01,
        2.43435358e+00,  9.55925412e+00,  6.87631756e+00,  2.44548636e+00,
       -2.91631687e-01,  9.70154508e+00,  7.54338147e+00,  6.18442163e+00,
        4.05175217e+00,  2.71762438e+00, -8.22745518e-01,  1.19042482e+01,
        4.36578497e+00,  7.00665368e+00,  9.72218520e+00,  5.12159062e+00,
        5.01795235e+00,  9.15963742e+00, -4.50058555e+00,  5.47921166e+00,
        3.61334894e+00,  1.55510924e+01,  3.17755808e+00,  4.69058531e+00,
        3.23020027e+00, -1.27462347e+00,  7.27563959e+00,  2.34285507e+00,
        7.07998220e+00,  6.58110570e+00,  6.13365487e+00,  5.09283087e+00,
        5.84042382e+00,  4.43349138e+00, -2.90532911e-01,  4.78623808e+00,
        1.00580901e+01,  1.75007313e+00,  8.37479467e+00, -4.06892873e+00,
        3.49002471e+00,  5.15558551e+00,  1.39247936e+00,  5.76330992e+00,
        1.95614029e+00,  7.94034749e+00,  4.25419864e+00,  5.29374792e+00,
        6.39424857e+00, -4.29649299e+00,  8.28474536e+00, -2.12506534e+00,
        7.20685028e+00,  7.84371887e+00,  2.13883308e+00,  1.12257518e+01,
        6.22920750e+00,  6.11765889e+00,  4.49164397e+00,  2.27300684e+00,
        1.43939929e+00,  7.04652740e-01,  3.90956624e+00,  1.00940399e+01,
        6.94022271e+00,  4.45771777e+00,  5.82871610e+00,  5.72473006e+00,
        1.66587464e+00,  6.18705474e+00,  1.09262129e+01,  5.95999582e+00,
        2.36304661e+00,  6.15102263e-01,  2.61521643e+00, -8.88460489e-03,
        8.04088468e+00,  1.02736075e+01,  1.15498233e+00,  5.29606517e+00,
        4.12423207e+00,  7.76800698e+00,  4.83480007e+00,  9.85544974e-01,
        9.20201407e+00, -2.43734436e+00,  7.55875334e+00,  8.52109474e+00,
        7.22066875e+00,  3.85677074e+00,  1.18546459e+00,  6.71086395e+00,
        4.65412543e-01,  7.83502705e+00, -1.20771911e+00,  3.47729539e+00,
        8.77270349e+00,  6.01546349e+00,  8.63404181e+00,  2.59234768e+00,
        8.24057929e+00,  7.06693199e+00,  5.88638471e+00,  2.81764222e+00,
        8.81663040e+00,  3.52039044e+00,  6.12123809e+00,  5.43732688e+00,
        6.73286147e-01,  3.71967239e+00,  2.22307645e+00,  4.40167182e+00,
        4.10845580e+00,  5.75019897e+00,  2.08485963e+00,  5.34625016e+00,
        5.94938308e+00,  4.81001093e+00,  4.00135438e+00,  5.34663230e+00,
        5.44336242e+00,  5.29135925e+00,  1.00492330e-01,  9.46781066e+00,
        3.89090534e+00,  6.00043420e+00,  8.15992018e+00,  1.91630759e+00,
        8.30240071e+00, -3.61639624e-01,  9.32545205e+00,  5.20388836e+00,
        4.12480151e+00,  9.32747319e-01, -7.34908385e-01,  4.68961197e+00,
        6.70404960e+00,  6.19352331e+00,  5.85095337e+00,  4.30872572e+00,
        6.00006562e+00,  3.96301305e+00, -3.23963323e-01,  4.51503562e+00,
        3.41835926e+00,  1.95140471e+00,  4.89639477e+00,  6.54712846e+00,
        4.79746145e+00,  4.14504444e+00,  6.41301167e+00,  3.39128391e+00,
        5.44411347e+00,  3.38660216e+00,  1.41368823e+00,  2.15607258e+00,
        3.55617323e+00,  7.61947075e+00,  5.37434819e+00,  8.03256088e+00,
        2.85401698e+00,  8.70532749e+00,  4.46212502e+00,  6.48224987e-01,
        6.70014803e-01,  7.19603023e+00,  6.41501781e+00,  8.65576126e+00,
        8.11656723e+00,  8.40373124e+00,  1.15063807e-01,  1.70588398e+00,
        6.89429070e+00,  7.53622896e+00,  9.51344185e+00,  3.63422255e+00,
        7.07033984e+00,  2.98663719e+00,  4.41314539e+00,  2.84398442e+00,
        8.62084917e+00,  7.78849264e+00,  6.06049352e+00, -3.66770240e-01,
        8.63751033e+00, -2.51220964e+00,  1.95853683e+00,  1.92140503e+00,
        2.95068048e+00,  9.97542729e-01,  9.60710377e+00,  1.01272579e+01,
        5.60883064e+00,  8.37008739e+00,  1.19654167e+01,  7.25063653e+00,
        2.55315270e+00,  2.96382133e+00,  6.89126807e+00,  1.87317781e+00,
        2.42985134e+00, -3.18937115e+00,  2.46471285e+00,  1.22136404e+01,
       -9.23061224e-01,  4.79385015e+00,  1.10639280e+00,  6.19480714e+00,
        1.75589310e+00, -2.39775937e+00, -2.60142509e-01,  3.03479318e+00,
        2.48558382e+00,  3.54388154e+00,  3.96618590e+00,  1.18054902e+01,
        7.26747834e+00,  7.17740934e+00,  2.01269718e+00,  3.58769077e+00,
        1.59392838e+00,  1.37973312e+01, -1.23531264e+00,  4.98972390e+00,
        2.13702612e+00,  5.13053248e+00,  3.15404898e+00,  9.69971278e+00,
        7.33960012e+00,  6.58936102e+00,  1.11982403e+00,  6.68764772e+00,
        1.06230936e+01, -5.48501386e+00, -2.49350475e+00,  5.06166562e+00,
        6.41678602e-02,  1.49107263e+00,  1.02860081e+01,  3.46687867e+00,
        9.86934990e+00,  9.50220272e+00, -1.00486441e+00,  1.02131399e+01,
        4.66370091e+00,  3.51052487e+00,  7.39565171e-01,  4.78168212e+00,
        8.64970186e+00,  6.04243600e+00,  3.73262058e+00,  5.31678490e+00,
        6.84228708e+00, -2.70837089e-01, -6.33173249e+00,  8.30475453e-01,
        4.19000342e+00,  9.94883366e+00,  6.83276922e+00, -2.74921944e-01,
        6.71727739e+00,  1.23597850e+01,  2.77615679e+00,  9.80965773e-01,
        2.03586247e+00, -3.96772334e+00,  2.81502993e+00,  6.49195999e-01,
        7.38219997e-01,  4.23909568e+00, -9.68471703e-01,  5.68449773e+00,
        7.44615736e+00,  1.95206568e+00,  1.48746212e+00,  8.03233689e+00,
        4.75066699e+00,  1.29492807e+01,  5.56798742e+00,  2.53381290e+00,
        4.82718990e-01,  5.17028819e+00,  9.29411669e+00,  6.73229545e+00,
       -1.24784523e+00,  3.40921992e+00,  7.19578217e+00,  7.09850328e+00,
        5.39523262e+00,  4.51585125e+00,  4.95918024e+00,  4.17099886e+00,
        6.77467195e+00,  1.02028246e+00,  2.89326809e+00,  5.58936887e+00,
        2.86970695e+00,  1.81698516e+00,  3.89238100e-01,  2.85326360e+00,
        7.93180500e+00,  9.61049697e+00,  5.97023424e-01,  2.37475465e+00,
        2.02552068e+00,  1.14884575e+01,  5.92600270e+00,  6.63097620e+00,
        8.14968997e+00,  7.53588100e+00,  2.83782873e+00,  2.16263401e+00,
        6.50955292e+00,  1.86904771e-01,  3.61390133e+00,  4.98077614e+00,
        7.88093543e+00,  7.84451914e+00,  6.60359052e+00,  3.88666439e+00,
        3.52503599e+00,  2.66939619e-02,  8.85590052e+00,  6.75603053e+00,
        4.12670848e+00,  3.96164517e+00,  1.20330210e+01,  2.10524132e+00,
        1.17314485e+00,  4.80707475e-01,  5.10225589e+00,  3.57597353e+00,
        1.13822291e+01,  2.20743284e-01, -8.08165596e-01,  5.79941991e+00,
       -1.10777322e-01, -2.37537775e+00,  1.00388440e+00,  5.53834581e+00,
        2.93826945e+00,  6.96971886e+00,  6.45905113e+00,  4.88226987e+00,
        3.78398645e+00,  8.56563798e+00,  7.09998699e+00,  5.60581896e-01,
        6.66973363e+00,  7.53779775e+00,  9.02381474e+00, -5.02625853e+00,
        2.39983228e+00,  3.47367378e+00,  8.02076042e+00,  8.14762341e+00,
        4.86202238e+00,  6.33356874e+00,  9.70625232e-01,  6.76833718e+00,
        1.81543910e+00,  8.56031295e+00,  5.42699433e+00,  3.78764993e+00,
       -5.81325034e-01, -3.78120859e+00,  4.56394399e+00,  6.53872594e+00,
        4.19644106e+00,  5.11367964e+00,  3.35375773e+00,  8.38096563e+00,
        4.44611256e+00,  7.68575489e+00,  5.12749064e+00,  6.67121377e+00,
       -4.96101569e+00,  5.05459139e+00,  1.66142784e+00,  4.08146162e+00,
        9.25559356e+00, -7.60690392e-01,  1.09577113e+01,  4.27655834e+00,
       -9.81890029e-01,  1.69941090e+00,  3.20880968e+00,  8.62673521e+00,
       -1.50259740e+00,  1.11718408e+01,  1.55064765e+00,  1.00624636e+00,
        5.33294957e+00,  4.67509562e+00,  6.71435482e-01, -2.70948822e+00,
       -3.50231383e+00,  3.66839262e+00,  6.98531975e+00,  3.82843485e+00,
        2.61828513e+00,  7.60805042e+00,  7.31930719e+00,  6.90383927e+00,
       -7.46399419e+00,  7.46924507e+00,  3.99012821e+00,  7.55507216e+00,
        3.39839909e+00,  3.05925826e+00,  2.14939137e+00, -3.86359800e+00,
        8.89153879e+00,  5.64718292e+00, -1.59639878e+00, -2.41231068e+00,
        6.03204162e+00,  3.26762671e+00,  3.22440153e+00,  1.43288824e+00,
        2.48214387e+00,  1.10610084e+01,  5.45847589e+00,  5.42836984e+00,
        5.84826815e+00,  9.10147715e+00,  6.33803474e+00,  2.37662746e+00,
        5.89372968e+00,  1.54854658e+00,  6.51218997e+00,  8.02174467e+00,
        1.12892646e+01,  5.40847927e-01,  3.58474317e+00,  1.12375686e+00,
        3.36619658e+00,  6.37627880e+00,  8.68296437e+00,  4.11478111e+00,
        7.20072710e+00,  6.72486192e-01,  8.77262215e+00,  6.62880453e+00,
       -3.03626404e-01,  1.04716803e+01,  2.42600107e+00,  2.67342552e+00,
        4.41767665e+00, -1.55440469e+00,  3.66297473e+00,  2.23821506e+00,
        4.39211568e+00,  8.71654051e+00,  5.34517336e+00, -1.91573088e+00,
        5.53909600e+00,  6.73909557e+00,  8.77405689e-01,  5.53483589e+00,
        7.67531318e+00,  7.78508154e+00,  1.69205267e+00, -4.02091979e-01,
        6.50493699e+00,  6.59239802e+00,  6.35852033e+00,  1.90045509e-01,
        4.54975999e+00,  2.96819583e+00,  7.70398074e+00,  2.52430917e+00,
        1.04111307e+01,  1.00137064e+01,  5.25179863e+00,  1.83053201e+00,
        3.11004970e+00,  5.80417267e+00,  1.03735066e+00,  2.34219748e+00,
        6.80647482e+00,  6.88180459e+00,  2.65074892e+00,  8.12373062e-01,
        7.61482922e+00,  2.89828536e+00,  1.39801084e+01,  8.07493136e+00,
        3.72799821e+00,  3.29560535e+00,  4.04022673e+00,  1.21573846e+00,
        3.16602320e+00,  3.43901992e+00,  1.54056177e-01,  2.37173234e+00,
       -4.73484137e+00,  1.05329527e+01,  2.49065083e+00,  3.05720096e+00,
        3.55470337e+00,  1.59700487e+00,  2.09626552e+00,  1.26848188e+01,
        7.22955990e+00,  1.70113553e+00, -5.82013186e-01,  6.29921775e+00,
        3.65221369e+00,  4.16295688e-01,  2.69612505e+00,  1.00694980e+01,
        4.88122545e+00,  2.47114541e+00,  7.01128415e+00, -3.79183498e+00,
        6.04742813e+00, -3.95754255e-01, -2.40465026e+00,  2.97937737e+00,
        1.68279211e+00,  4.04756436e+00,  1.57648870e+00,  7.55771098e+00,
        4.65629937e+00,  7.18292870e+00,  4.87252267e-02,  6.29423714e+00,
        7.91572892e+00,  3.48367357e+00,  3.59927594e+00,  3.68735775e+00,
        2.63443826e+00,  1.08652717e+01,  1.17484684e+01,  3.55036762e+00,
        1.45434683e+00, -1.19629745e-01,  4.26375827e+00,  1.25463115e+01,
       -1.41735360e+00,  7.27775041e+00,  5.08702701e+00,  5.40713708e+00,
        7.28859214e+00,  3.85427526e-01,  5.78729598e+00,  1.23055135e+01,
        4.40998765e+00,  3.38389363e+00,  4.27337493e+00,  6.64241624e+00,
        7.87728321e-01,  2.15963831e+00,  9.19902711e+00,  4.47576191e-02,
        1.38709985e+01,  4.18208941e+00, -1.34605214e-01,  6.62540788e+00,
        2.55383795e+00,  2.06556233e+00,  2.29169714e+00,  3.47512724e+00,
        6.34200426e+00,  5.53885983e+00,  4.84052532e+00,  7.61656507e+00,
        3.69194811e+00,  9.04160598e+00, -1.21773956e+00,  7.63934081e+00,
        6.74174863e+00,  6.15547937e+00,  6.21834657e+00,  2.98374263e+00,
       -1.89892483e+00,  6.06543233e+00,  6.51023570e+00, -1.50321486e+00,
        5.28218452e+00,  3.25731292e+00,  6.02164451e+00,  2.00441963e+00,
        3.13598660e+00,  3.84774390e+00,  7.56489359e+00,  6.01869258e+00,
        5.47031655e+00, -9.75264080e-01, -2.10392615e+00,  7.65745705e+00,
        4.66406581e+00,  8.37397808e+00,  6.05713401e+00,  1.24491121e+00,
        6.43780896e+00,  6.07012878e+00,  6.48745866e+00, -3.09450215e+00,
        7.62869950e+00,  5.47916392e+00,  3.67884790e+00, -1.05318474e+00,
        1.23868617e+00,  3.98786746e+00,  1.31203134e+01,  8.90487722e+00,
        1.45268514e+00,  7.81367539e-01,  3.90602263e+00,  1.80184610e+00,
       -1.26242998e+00,  7.27170665e-02,  7.99952343e+00,  6.70130822e+00,
        1.24008156e+01,  3.03861842e+00,  8.35465178e+00,  3.42656200e+00,
        5.66440539e+00,  5.58729063e+00,  3.33868746e+00,  4.28209905e+00,
       -5.03457298e+00,  7.40245162e+00,  2.09199349e-01,  4.05001123e+00,
        3.45529199e+00,  6.91484998e+00,  1.02267734e-01,  6.10572222e+00,
        1.79997225e+00,  8.37846063e-01,  3.56914891e+00,  3.06621974e-01,
        8.11508558e+00,  7.17248957e+00,  3.69047747e+00, -1.06753935e+00,
        2.56600401e+00,  3.74677319e+00,  3.61137319e+00,  1.53079825e+00,
        5.39339719e-01,  3.98039963e+00,  3.17151115e+00, -1.25912609e+00,
        6.46264116e+00,  8.44525461e+00,  7.11863167e+00,  1.03129439e+01,
        8.57498362e+00,  3.12591560e+00,  3.32699182e+00,  3.87709052e+00,
        9.64647580e-01, -8.12660076e-01,  9.87888246e+00,  3.42489986e+00,
        7.64644113e+00,  3.94895735e+00,  5.15015620e+00,  5.51783986e+00,
       -1.61334894e+00,  6.64075271e+00,  3.36472500e+00,  7.39488060e+00,
        1.23652137e+01,  2.35368610e+00,  1.26152965e+01,  1.68349458e+00,
        1.03277163e+00,  5.56711735e+00,  6.12378360e+00,  5.58650678e+00,
       -1.27615476e-01,  5.76174546e+00,  8.98345180e+00,  8.53241454e+00,
        4.16862961e+00,  9.34004730e+00,  8.01339753e+00,  8.68001093e+00,
        1.62213276e+00,  6.33759902e+00,  8.28746140e+00,  1.71274838e+00,
        1.75657550e+00, -9.09042156e-01,  3.53322856e+00,  1.50099729e+00,
        4.10537229e+00,  3.07006925e+00,  5.37050291e+00,  3.53897981e+00,
        7.65010733e+00,  3.40343247e+00,  2.35501544e+00,  3.06717638e+00,
        4.32355937e+00,  4.02354542e+00,  6.42393390e+00,  8.43253900e+00,
       -1.41496786e+00,  8.26274099e+00,  6.47586275e+00,  8.23982267e+00,
       -4.77806844e+00,  1.54301440e+00, -1.71076736e-01,  1.20553703e+01,
        4.40348991e+00,  2.67782661e+00,  1.11068384e+01,  2.87004874e+00,
        9.40750047e+00, -4.55879699e-01,  3.58644589e+00,  1.94353247e+00,
        3.17047945e-02,  7.50009244e+00,  5.20143949e+00,  7.86445097e+00,
        1.10705335e+01,  6.88143207e+00,  3.21615480e+00,  4.87859146e+00,
        1.17458697e+01,  5.40274368e+00,  5.84624988e+00,  9.33020226e+00,
        3.83603430e+00,  7.84836662e+00,  6.12102728e+00,  2.35279315e+00,
        7.04507578e+00,  6.39017308e+00,  6.60189730e+00,  1.12875323e+01,
        4.54807869e-01,  6.65942649e+00,  7.64333477e+00, -8.50691344e-01,
        3.45432558e+00,  2.43752938e+00,  6.89780438e+00,  9.09074183e+00,
        1.37005233e+00, -7.10003030e-01,  3.82916590e+00,  4.32806988e+00]), array([ 2.36044235e+00,  8.84033878e+00,  9.32357866e+00,  9.65625643e-01,
        2.17391547e+00,  2.78376928e+00,  1.73402718e+00,  1.01070270e+01,
        4.57776276e+00,  6.94110614e+00, -1.42086016e+00,  7.51124471e+00,
        6.38699985e+00,  3.85326760e-01,  4.12054716e+00, -1.20671230e+00,
        6.09600073e+00,  9.85584013e+00,  7.61980117e+00,  6.08282927e+00,
        4.75086261e+00,  1.19665776e+00,  1.09009260e+00,  9.96971679e-01,
        6.87719374e+00,  5.21617224e+00, -1.54607145e-01,  4.07141073e+00,
        5.90839691e+00,  2.39392803e+00,  5.62124926e+00,  6.17769239e+00,
        5.62054241e+00,  2.25770449e+00,  2.53031037e+00,  2.70168618e+00,
        6.41035813e+00,  4.45560560e+00,  5.01631915e+00,  2.06554303e+00,
       -8.03568704e-01,  2.67756591e+00,  6.33338232e+00,  6.26408759e+00,
       -1.01020498e+00,  9.21815638e+00,  3.01729022e+00,  1.73048938e+01,
        3.18556874e+00,  1.00942143e+01,  7.55480969e+00,  3.42878904e+00,
        5.77561837e-01,  1.02007638e+01,  8.27010381e+00,  5.96386976e+00,
        4.63135355e+00,  3.54602075e+00,  1.29701976e-01,  1.29189610e+01,
        4.91243398e+00,  7.26923528e+00,  1.13901354e+01,  5.79295059e+00,
        5.54808915e+00,  9.50176682e+00, -3.40287257e+00,  6.34333315e+00,
        3.82231926e+00,  1.59546369e+01,  4.16701018e+00,  5.34957732e+00,
        4.30707742e+00,  7.91298179e-02,  7.93753093e+00,  2.84921766e+00,
        7.49182644e+00,  7.28955695e+00,  6.89379092e+00,  5.98375137e+00,
        6.33974925e+00,  4.62258325e+00,  8.61275007e-01,  5.90066391e+00,
        1.06359367e+01,  3.23809628e+00,  9.27935695e+00, -3.40209111e+00,
        4.19191607e+00,  5.95916038e+00,  1.65200318e+00,  6.84167505e+00,
        3.12345902e+00,  8.28569375e+00,  5.39444140e+00,  5.48384622e+00,
        6.92137202e+00, -3.67938501e+00,  8.99712625e+00, -1.61934928e+00,
        8.15861962e+00,  8.15888865e+00,  3.06972812e+00,  1.18635549e+01,
        7.28349424e+00,  6.55590915e+00,  5.16203925e+00,  2.63380711e+00,
        2.59896452e+00,  1.46532374e+00,  3.69677059e+00,  1.11383420e+01,
        8.21097934e+00,  5.44763986e+00,  6.09031971e+00,  6.04596200e+00,
        2.26104978e+00,  6.78698354e+00,  1.12139249e+01,  6.55338636e+00,
        2.92177352e+00,  1.38572171e+00,  3.00804789e+00, -1.71106107e-01,
        8.91858585e+00,  1.10441121e+01,  2.08909319e+00,  5.49689012e+00,
        4.82653451e+00,  7.88908714e+00,  6.17455198e+00,  2.26948425e+00,
        9.94078718e+00, -1.65775361e+00,  8.28729811e+00,  8.90138079e+00,
        7.75295367e+00,  4.80691003e+00,  2.02795254e+00,  7.60988463e+00,
        1.25723686e+00,  8.23647532e+00, -1.04682526e-01,  4.85998385e+00,
        9.56438846e+00,  6.75943467e+00,  9.53103122e+00,  3.66098517e+00,
        9.07238676e+00,  7.01962113e+00,  6.25970447e+00,  3.19289184e+00,
        9.57277504e+00,  3.83483450e+00,  6.27159313e+00,  6.44635770e+00,
        1.58932387e+00,  4.29608676e+00,  3.29838489e+00,  4.82691745e+00,
        4.97781706e+00,  6.39640155e+00,  2.57041481e+00,  5.94523581e+00,
        6.05342646e+00,  4.71715763e+00,  4.60747024e+00,  5.91663642e+00,
        5.81501084e+00,  6.44920393e+00,  9.95478561e-01,  1.05819572e+01,
        4.26666647e+00,  6.69664938e+00,  9.08748949e+00,  2.73163865e+00,
        8.62082717e+00,  8.44724480e-01,  9.76981259e+00,  6.02596158e+00,
        5.13929523e+00,  1.56735847e+00,  6.14288235e-02,  5.57141320e+00,
        7.69592577e+00,  7.17127474e+00,  7.22127743e+00,  4.65817136e+00,
        6.73141614e+00,  5.14849444e+00,  4.65788471e-01,  5.12187029e+00,
        4.32577233e+00,  2.37339173e+00,  5.58879442e+00,  7.48967561e+00,
        5.60184783e+00,  4.66327391e+00,  7.32222377e+00,  3.78806612e+00,
        6.56747879e+00,  4.41699184e+00,  2.02488388e+00,  2.80209812e+00,
        4.41958505e+00,  8.25960157e+00,  6.28693264e+00,  8.58054274e+00,
        3.49710164e+00,  9.29728206e+00,  5.50496738e+00,  1.31453939e+00,
        1.37115280e+00,  7.83897671e+00,  7.03712904e+00,  9.79038139e+00,
        9.57046433e+00,  9.65046391e+00,  1.16017253e+00,  2.18349551e+00,
        7.57649186e+00,  8.44610237e+00,  1.07083501e+01,  4.79433126e+00,
        7.53640319e+00,  3.53878451e+00,  5.64347050e+00,  3.55767488e+00,
        8.96454297e+00,  8.31023928e+00,  6.74709305e+00,  5.07834824e-01,
        9.42416241e+00, -2.48974774e+00,  3.00248670e+00,  3.02925210e+00,
        3.69911552e+00,  1.95216509e+00,  1.05094630e+01,  1.06815181e+01,
        6.27362854e+00,  9.18369235e+00,  1.24894966e+01,  8.65777750e+00,
        3.48451415e+00,  3.55412868e+00,  7.70988520e+00,  2.31819059e+00,
        3.07747509e+00, -1.56978710e+00,  3.43898443e+00,  1.29940089e+01,
       -4.45452095e-01,  5.40162857e+00,  2.01116019e+00,  6.38527337e+00,
        3.41130023e+00, -2.05634055e+00,  6.52235400e-01,  3.83831254e+00,
        2.96107032e+00,  4.63781889e+00,  4.92555943e+00,  1.31284830e+01,
        7.66422561e+00,  7.25138869e+00,  2.44716100e+00,  4.08009801e+00,
        2.18104414e+00,  1.50075971e+01, -9.93348865e-02,  5.62856971e+00,
        2.94247589e+00,  6.01151761e+00,  3.63580008e+00,  1.09135947e+01,
        8.83880963e+00,  7.66089153e+00,  1.95166692e+00,  7.35465892e+00,
        1.11041223e+01, -4.55307191e+00, -1.69912452e+00,  5.82462138e+00,
        8.07588345e-01,  2.07176977e+00,  1.08642815e+01,  4.49472777e+00,
        1.10777424e+01,  1.06231067e+01, -2.00002895e-01,  1.10875073e+01,
        5.37865804e+00,  4.27355559e+00,  1.69666948e+00,  5.66666600e+00,
        9.53855134e+00,  6.49583868e+00,  3.87839300e+00,  6.42434062e+00,
        7.76278454e+00, -4.54404694e-01, -6.08326454e+00,  2.48750614e+00,
        5.46759501e+00,  1.01057097e+01,  7.61232005e+00, -1.61999448e-01,
        7.67052780e+00,  1.31200500e+01,  3.17262435e+00,  1.08221235e+00,
        2.58575787e+00, -3.13114715e+00,  3.53677516e+00,  1.08222155e+00,
        8.30744169e-01,  4.89383777e+00, -4.99489358e-01,  6.24102026e+00,
        7.93050859e+00,  2.80010090e+00,  2.45964959e+00,  8.77466435e+00,
        5.36347458e+00,  1.41014542e+01,  6.28503721e+00,  3.35040501e+00,
        1.03094948e+00,  5.44462164e+00,  9.83179535e+00,  7.25096354e+00,
       -6.58505168e-01,  3.78377273e+00,  7.98087059e+00,  7.63588602e+00,
        5.60544699e+00,  5.36646767e+00,  5.57165785e+00,  4.16627501e+00,
        7.13779917e+00,  1.82746164e+00,  3.56638788e+00,  6.31440380e+00,
        3.54250922e+00,  2.26479280e+00,  1.07059282e+00,  3.50184505e+00,
        9.37955008e+00,  1.04224072e+01,  9.08758472e-01,  3.39504356e+00,
        2.65996586e+00,  1.28404904e+01,  6.39547783e+00,  6.78782112e+00,
        9.61631852e+00,  8.66858706e+00,  4.36038092e+00,  3.36819154e+00,
        6.83001646e+00,  3.80497875e-01,  4.95407413e+00,  5.43781306e+00,
        8.24498480e+00,  8.63267988e+00,  6.98041558e+00,  4.64845887e+00,
        4.25949186e+00,  4.43809985e-01,  9.93468634e+00,  7.41485748e+00,
        4.41453221e+00,  4.91833541e+00,  1.27516115e+01,  2.77915448e+00,
        1.16380858e+00,  1.03311453e+00,  6.06646976e+00,  4.27124465e+00,
        1.23753921e+01,  9.82563035e-01, -2.09629016e-01,  7.12152062e+00,
        7.38112848e-01, -1.42164095e+00,  2.04927598e+00,  6.59945381e+00,
        4.09971653e+00,  7.94859057e+00,  7.27261796e+00,  5.56593249e+00,
        4.20760368e+00,  9.79459942e+00,  7.94772500e+00,  1.07353786e+00,
        7.20825912e+00,  8.65346536e+00,  1.03234499e+01, -4.83930123e+00,
        3.45557034e+00,  4.56061879e+00,  9.35675237e+00,  9.69150458e+00,
        5.02036955e+00,  7.22947989e+00,  2.10961362e+00,  7.86629123e+00,
        2.57874383e+00,  9.30344625e+00,  5.91457084e+00,  4.30565577e+00,
       -1.25379819e-02, -3.26714686e+00,  5.75293512e+00,  7.49897052e+00,
        5.04567496e+00,  5.95537037e+00,  4.42609841e+00,  9.58990380e+00,
        5.16756388e+00,  8.30438664e+00,  6.32745731e+00,  7.18049273e+00,
       -4.35794023e+00,  6.11054721e+00,  2.16174389e+00,  5.22690108e+00,
        9.70753942e+00,  1.09695363e-01,  1.14604987e+01,  5.39444921e+00,
        1.52503127e-01,  2.55394096e+00,  3.89196723e+00,  8.51703418e+00,
       -1.57068802e-01,  1.08585314e+01,  2.68193077e+00,  1.73052552e+00,
        6.21514222e+00,  4.91053092e+00,  1.80092997e+00, -2.11879135e+00,
       -2.48040933e+00,  4.34671414e+00,  8.65235087e+00,  4.63471741e+00,
        3.47131852e+00,  8.54212090e+00,  8.09574227e+00,  8.29851440e+00,
       -7.32790957e+00,  8.09032829e+00,  4.74136497e+00,  8.17616793e+00,
        3.97337420e+00,  4.03454616e+00,  2.73371359e+00, -3.74581774e+00,
        8.80279311e+00,  6.37995661e+00, -8.00288430e-01, -1.29630225e+00,
        6.75285954e+00,  4.42499044e+00,  4.23673320e+00,  2.30638583e+00,
        3.28713325e+00,  1.18124518e+01,  6.31328106e+00,  5.91944459e+00,
        6.50122031e+00,  1.04545253e+01,  6.56741248e+00,  2.49045199e+00,
        7.46805865e+00,  2.84610671e+00,  7.66637680e+00,  8.96607163e+00,
        1.16514507e+01,  1.16976006e+00,  3.93144041e+00,  1.66270268e+00,
        3.88479464e+00,  6.91220340e+00,  9.71058630e+00,  4.72342491e+00,
        8.14613378e+00,  1.52728416e+00,  8.77322981e+00,  7.59590978e+00,
        1.64966972e-01,  1.06202445e+01,  2.18145476e+00,  3.18662346e+00,
        5.32481637e+00, -2.93780354e-01,  4.94969365e+00,  3.31666213e+00,
        5.41263082e+00,  9.63835725e+00,  5.84154099e+00, -2.05363496e+00,
        6.31734666e+00,  7.13106432e+00,  1.26207228e+00,  6.20513039e+00,
        8.37648993e+00,  8.65152339e+00,  2.42121815e+00,  5.80717443e-02,
        7.53412544e+00,  7.21897636e+00,  6.64480075e+00,  9.33986655e-01,
        5.29033380e+00,  4.10540987e+00,  8.87468582e+00,  3.34403632e+00,
        1.11946008e+01,  1.03709493e+01,  6.24355394e+00,  2.22988909e+00,
        4.27322371e+00,  6.58510149e+00,  1.26380749e+00,  2.75425720e+00,
        7.25206716e+00,  7.87366994e+00,  3.76520075e+00,  1.94390548e+00,
        8.46477838e+00,  3.53683140e+00,  1.37316821e+01,  8.47666452e+00,
        4.00174980e+00,  3.22557484e+00,  4.74617568e+00,  1.26802906e+00,
        3.97328038e+00,  4.41675229e+00,  1.18607567e+00,  2.68443485e+00,
       -3.84662961e+00,  1.13928866e+01,  2.90074588e+00,  3.80583825e+00,
        4.35763345e+00,  1.47994139e+00,  2.39238953e+00,  1.28006474e+01,
        8.11079913e+00,  2.00816622e+00,  6.11356440e-01,  6.46397274e+00,
        4.19474116e+00,  1.32268580e+00,  3.76180697e+00,  1.04295649e+01,
        5.64303990e+00,  3.12653512e+00,  7.95736107e+00, -3.08953379e+00,
        7.48467151e+00,  4.87241496e-01, -1.60916942e+00,  3.45298681e+00,
        2.55663913e+00,  4.66272815e+00,  2.40854929e+00,  8.07703276e+00,
        5.11091538e+00,  7.49944101e+00,  1.36967502e+00,  7.09786009e+00,
        8.36124103e+00,  4.47399665e+00,  4.30388718e+00,  4.84559082e+00,
        3.25151969e+00,  1.20624511e+01,  1.25010756e+01,  3.87681575e+00,
        2.50573574e+00,  6.86789027e-01,  4.35573259e+00,  1.40381440e+01,
       -1.14509830e+00,  7.83844839e+00,  5.76018671e+00,  6.19961766e+00,
        8.41319780e+00,  9.68568562e-01,  6.02327136e+00,  1.33471236e+01,
        5.09808852e+00,  4.80143604e+00,  5.39700083e+00,  7.43455302e+00,
        1.30117319e+00,  3.76487348e+00,  9.81589992e+00,  1.06436205e+00,
        1.39896975e+01,  5.40173738e+00,  6.28787861e-01,  7.35588843e+00,
        3.40975049e+00,  2.94440517e+00,  3.58340918e+00,  4.50163831e+00,
        6.97644303e+00,  6.95614302e+00,  5.63373307e+00,  8.30682084e+00,
        4.75005402e+00,  1.02455263e+01, -1.41622922e+00,  8.48737867e+00,
        6.97465210e+00,  7.86536541e+00,  6.84408185e+00,  3.86989158e+00,
       -1.00300056e+00,  6.46878746e+00,  6.44027669e+00, -5.29593458e-01,
        5.97009935e+00,  3.62108070e+00,  6.35255583e+00,  2.35330028e+00,
        3.57217404e+00,  4.21403486e+00,  8.96477748e+00,  7.28863537e+00,
        5.94126471e+00, -7.34352468e-02, -2.30163279e+00,  8.23318646e+00,
        5.04490545e+00,  9.27514217e+00,  6.50388863e+00,  1.99045453e+00,
        6.99337022e+00,  6.78568337e+00,  7.21277557e+00, -2.39553339e+00,
        8.45470017e+00,  6.03786211e+00,  4.65929048e+00, -7.69185826e-01,
        2.12228630e+00,  4.18003589e+00,  1.41450742e+01,  9.49345633e+00,
        2.87777723e+00,  1.50288230e+00,  4.33535825e+00,  2.35311981e+00,
       -9.19691502e-01,  3.34652738e-01,  9.16288906e+00,  7.21622053e+00,
        1.35527302e+01,  4.15201440e+00,  9.31109916e+00,  4.19206800e+00,
        6.13449051e+00,  5.91043798e+00,  3.68348347e+00,  4.99495861e+00,
       -4.24430796e+00,  8.73136591e+00,  9.80863672e-02,  4.96640212e+00,
        3.68852508e+00,  7.55769487e+00,  6.46227116e-01,  6.83578311e+00,
        1.82984794e+00,  9.15964001e-01,  4.70833837e+00,  1.55978959e+00,
        8.60442080e+00,  7.81711825e+00,  4.62199145e+00, -6.21995324e-01,
        2.77683706e+00,  4.69487300e+00,  4.82362162e+00,  2.56700705e+00,
        1.76956270e+00,  4.74367136e+00,  3.49504519e+00, -8.31104821e-02,
        7.28615498e+00,  8.98221684e+00,  7.89519637e+00,  1.14889281e+01,
        9.16371235e+00,  3.51261079e+00,  3.77306837e+00,  4.21967658e+00,
        6.43903237e-01,  1.58178611e-01,  1.02234897e+01,  4.72199054e+00,
        8.18010079e+00,  4.00098490e+00,  5.89546566e+00,  5.81245853e+00,
       -7.11265552e-01,  7.56784726e+00,  4.83673735e+00,  8.52712557e+00,
        1.31594047e+01,  3.03109387e+00,  1.33850449e+01,  2.57480369e+00,
        1.93973778e+00,  6.38186955e+00,  7.42572387e+00,  5.79368949e+00,
        7.22192518e-01,  6.98294668e+00,  9.46757780e+00,  9.58696675e+00,
        4.67313328e+00,  1.00707849e+01,  8.50941849e+00,  9.48248493e+00,
        2.49572977e+00,  6.69536203e+00,  9.15319570e+00,  2.54325367e+00,
        2.57341774e+00,  1.91998377e-01,  4.03112298e+00,  3.01603978e+00,
        4.86648469e+00,  3.94690318e+00,  5.98703607e+00,  4.37531231e+00,
        8.30207766e+00,  4.47757196e+00,  3.27151412e+00,  4.28672857e+00,
        4.63008991e+00,  4.58043515e+00,  7.53652172e+00,  8.98662156e+00,
       -3.96973171e-01,  9.61619919e+00,  7.27032431e+00,  8.16621206e+00,
       -3.62165594e+00,  2.27389009e+00,  6.99226432e-01,  1.30362101e+01,
        5.22911312e+00,  3.22193933e+00,  1.21346684e+01,  3.72758646e+00,
        9.95224231e+00,  1.15611229e+00,  3.41123069e+00,  2.57424391e+00,
        4.87068638e-01,  7.74194397e+00,  5.79636223e+00,  8.48122134e+00,
        1.16534625e+01,  7.68999511e+00,  4.11907255e+00,  5.59241762e+00,
        1.25587939e+01,  5.92831726e+00,  6.86853660e+00,  9.79101589e+00,
        4.48823319e+00,  9.07561664e+00,  7.34715604e+00,  3.42655522e+00,
        8.19599765e+00,  7.30225123e+00,  6.70224657e+00,  1.19233122e+01,
        1.28602543e+00,  7.23742565e+00,  8.44741945e+00,  4.49123486e-02,
        4.18331451e+00,  3.19014041e+00,  7.22650224e+00,  9.94750726e+00,
        1.89833538e+00,  1.04992291e-01,  4.33624675e+00,  5.32837804e+00]), array([ 3.18202116e+00,  9.81286603e+00,  9.63610393e+00,  9.23388600e-01,
        3.45166580e+00,  3.69690648e+00,  2.97866792e+00,  1.08451398e+01,
        4.77791218e+00,  7.98220778e+00, -6.38957150e-01,  8.73421074e+00,
        7.07948340e+00,  3.26343275e-01,  4.77208140e+00, -5.82581816e-01,
        6.87644533e+00,  1.07876602e+01,  8.52828739e+00,  7.19329276e+00,
        5.62422881e+00,  1.58854801e+00,  2.11836335e+00,  2.17541125e+00,
        7.10401215e+00,  5.85417613e+00,  6.36472982e-02,  4.60145682e+00,
        6.81327097e+00,  2.48607948e+00,  6.49369752e+00,  6.40186341e+00,
        6.18724823e+00,  3.46854049e+00,  2.93310136e+00,  3.80964651e+00,
        7.30549245e+00,  4.92356997e+00,  5.48171676e+00,  2.70848906e+00,
       -1.75493704e-02,  3.49787328e+00,  6.69934897e+00,  6.85024234e+00,
        9.37113938e-02,  9.74363871e+00,  3.36236265e+00,  1.76224512e+01,
        3.91950948e+00,  1.06639283e+01,  8.28695158e+00,  4.38815745e+00,
        1.46872602e+00,  1.07414274e+01,  9.03620524e+00,  5.78504303e+00,
        5.22611192e+00,  4.35212722e+00,  1.08385974e+00,  1.39843001e+01,
        5.45404354e+00,  7.61322670e+00,  1.30614810e+01,  6.46629624e+00,
        6.10736113e+00,  9.87346674e+00, -2.30151166e+00,  7.23213313e+00,
        4.04540871e+00,  1.63764042e+01,  5.18535216e+00,  6.04266734e+00,
        5.34716182e+00,  1.44349697e+00,  8.60941617e+00,  3.36590046e+00,
        7.95910251e+00,  8.04927507e+00,  7.67723294e+00,  6.91205768e+00,
        6.88246604e+00,  4.79119024e+00,  1.96345347e+00,  7.01830788e+00,
        1.12694501e+01,  4.68599833e+00,  1.02561599e+01, -2.74441709e+00,
        4.90010995e+00,  6.80853317e+00,  1.89509603e+00,  7.94606956e+00,
        4.32556902e+00,  8.67079103e+00,  6.48861312e+00,  5.75145338e+00,
        7.43679681e+00, -3.09699380e+00,  9.74844720e+00, -1.15360883e+00,
        9.14727984e+00,  8.52339360e+00,  3.99694976e+00,  1.25280903e+01,
        8.35333559e+00,  7.03305215e+00,  5.87135080e+00,  3.02219660e+00,
        3.77638642e+00,  2.20925439e+00,  3.53650533e+00,  1.22383227e+01,
        9.49020555e+00,  6.47368559e+00,  6.38362571e+00,  6.40158920e+00,
        2.87934143e+00,  7.41842513e+00,  1.15308991e+01,  7.15270817e+00,
        3.51649744e+00,  2.17262572e+00,  3.42168885e+00, -2.94123134e-01,
        9.81454836e+00,  1.18529334e+01,  3.04600760e+00,  5.66303916e+00,
        5.52489549e+00,  8.03836653e+00,  7.51203359e+00,  3.52426716e+00,
        1.07367469e+01, -8.70368564e-01,  9.04114993e+00,  9.32436106e+00,
        8.33870085e+00,  5.79437119e+00,  2.90225915e+00,  8.52673959e+00,
        2.03420346e+00,  8.66175673e+00,  1.03052751e+00,  6.28109105e+00,
        1.03972999e+01,  7.55517890e+00,  1.04476779e+01,  4.73336125e+00,
        9.92716658e+00,  6.98133612e+00,  6.68301085e+00,  3.61396745e+00,
        1.03754499e+01,  4.19760807e+00,  6.43430350e+00,  7.46370645e+00,
        2.49142069e+00,  4.89678838e+00,  4.42091319e+00,  5.25801809e+00,
        5.85075071e+00,  7.05618405e+00,  3.09392202e+00,  6.55951032e+00,
        6.20876820e+00,  4.68031922e+00,  5.22435664e+00,  6.51744591e+00,
        6.23909260e+00,  7.61416173e+00,  1.89572957e+00,  1.17215165e+01,
        4.65950497e+00,  7.42017594e+00,  1.00333817e+01,  3.56781327e+00,
        8.94505782e+00,  2.02881858e+00,  1.02222459e+01,  6.86691761e+00,
        6.16197673e+00,  2.17741028e+00,  8.47538479e-01,  6.48407599e+00,
        8.69133201e+00,  8.13716899e+00,  8.58203780e+00,  5.05134630e+00,
        7.47666665e+00,  6.32157826e+00,  1.26366471e+00,  5.75080690e+00,
        5.24608326e+00,  2.80551056e+00,  6.28618340e+00,  8.44935351e+00,
        6.43675537e+00,  5.21653856e+00,  8.25034575e+00,  4.18212035e+00,
        7.71736694e+00,  5.46409851e+00,  2.63751639e+00,  3.44071620e+00,
        5.30835312e+00,  8.94257607e+00,  7.21962830e+00,  9.19399004e+00,
        4.17395368e+00,  9.91173581e+00,  6.58918643e+00,  1.99389200e+00,
        2.08455710e+00,  8.50120435e+00,  7.67659785e+00,  1.09073821e+01,
        1.10146654e+01,  1.09148040e+01,  2.18887973e+00,  2.66495870e+00,
        8.26940357e+00,  9.39620670e+00,  1.19214143e+01,  5.98681606e+00,
        8.01837615e+00,  4.15051030e+00,  6.87515381e+00,  4.30054096e+00,
        9.33227836e+00,  8.88749758e+00,  7.47999961e+00,  1.38739605e+00,
        1.02599954e+01, -2.46884385e+00,  4.06974503e+00,  4.14214757e+00,
        4.48007144e+00,  2.92637988e+00,  1.14231987e+01,  1.12343738e+01,
        6.99120483e+00,  9.99900673e+00,  1.30542444e+01,  1.00588015e+01,
        4.42076608e+00,  4.15233975e+00,  8.56558290e+00,  2.79595308e+00,
        3.72835496e+00,  1.64648082e-02,  4.42943515e+00,  1.37794824e+01,
        3.54129071e-02,  6.01904119e+00,  2.90030408e+00,  6.64318612e+00,
        5.04661774e+00, -1.72904180e+00,  1.56173872e+00,  4.68148915e+00,
        3.47847360e+00,  5.73166212e+00,  5.87594716e+00,  1.44478974e+01,
        8.08054253e+00,  7.36926455e+00,  2.89121564e+00,  4.57368322e+00,
        2.74636203e+00,  1.62004044e+01,  1.01757922e+00,  6.27001223e+00,
        3.75071919e+00,  6.89930096e+00,  4.09987640e+00,  1.21669938e+01,
        1.03467264e+01,  8.73988731e+00,  2.81538326e+00,  8.05742586e+00,
        1.16220178e+01, -3.64793532e+00, -8.71154296e-01,  6.61004382e+00,
        1.57914667e+00,  2.66457166e+00,  1.14980803e+01,  5.56766535e+00,
        1.22968052e+01,  1.17582759e+01,  6.09774414e-01,  1.19476055e+01,
        6.09472887e+00,  5.05261302e+00,  2.65570428e+00,  6.54610305e+00,
        1.04264925e+01,  6.99141642e+00,  4.05838319e+00,  7.54169682e+00,
        8.70815581e+00, -5.70209471e-01, -5.86340239e+00,  4.12446941e+00,
        6.74259572e+00,  1.02766397e+01,  8.42284656e+00, -3.19766558e-02,
        8.59274917e+00,  1.39676808e+01,  3.58107199e+00,  1.19125740e+00,
        3.18403629e+00, -2.29279685e+00,  4.27519561e+00,  1.54324078e+00,
        9.40133342e-01,  5.57307560e+00, -1.42438472e-02,  6.81426173e+00,
        8.45030799e+00,  3.64672407e+00,  3.43494536e+00,  9.55689383e+00,
        6.00065070e+00,  1.52646678e+01,  7.04430538e+00,  4.19442936e+00,
        1.61706263e+00,  5.74189177e+00,  1.03965176e+01,  7.77491864e+00,
       -7.21241647e-02,  4.15643798e+00,  8.77241013e+00,  8.20117909e+00,
        5.85467170e+00,  6.24817435e+00,  6.19551156e+00,  4.21129070e+00,
        7.56681245e+00,  2.65723295e+00,  4.24612947e+00,  7.05601878e+00,
        4.23310556e+00,  2.73535519e+00,  1.76244286e+00,  4.16747824e+00,
        1.08001551e+01,  1.12543320e+01,  1.21265811e+00,  4.44848576e+00,
        3.31190836e+00,  1.42242449e+01,  6.88590423e+00,  7.01065506e+00,
        1.10939057e+01,  9.79977378e+00,  5.85035932e+00,  4.59698749e+00,
        7.15186657e+00,  6.06120579e-01,  6.31906641e+00,  5.92013545e+00,
        8.62779352e+00,  9.45154124e+00,  7.37515260e+00,  5.43906149e+00,
        5.03414202e+00,  8.65925943e-01,  1.10565097e+01,  8.10933040e+00,
        4.73162372e+00,  5.89955281e+00,  1.34996277e+01,  3.43462806e+00,
        1.14065996e+00,  1.63560827e+00,  7.03242845e+00,  4.97647829e+00,
        1.33662586e+01,  1.73658098e+00,  4.47404627e-01,  8.45417747e+00,
        1.58644271e+00, -4.81646335e-01,  3.06240865e+00,  7.68487774e+00,
        5.26960932e+00,  8.92140096e+00,  8.11176977e+00,  6.23670420e+00,
        4.64309652e+00,  1.10480920e+01,  8.81142865e+00,  1.60399280e+00,
        7.76019309e+00,  9.80136350e+00,  1.16818612e+01, -4.64491890e+00,
        4.47357159e+00,  5.64404118e+00,  1.07066365e+01,  1.12400602e+01,
        5.21107866e+00,  8.10655497e+00,  3.22377600e+00,  8.94754116e+00,
        3.38943129e+00,  1.00764901e+01,  6.41717481e+00,  4.87697579e+00,
        5.54423156e-01, -2.72948344e+00,  6.95673121e+00,  8.47384419e+00,
        5.93759660e+00,  6.83550822e+00,  5.49572017e+00,  1.08029126e+01,
        5.90008730e+00,  8.97287710e+00,  7.51829058e+00,  7.70089997e+00,
       -3.76792810e+00,  7.19650896e+00,  2.68565343e+00,  6.39601790e+00,
        1.02185450e+01,  9.47934604e-01,  1.19896676e+01,  6.56350102e+00,
        1.26386772e+00,  3.45060480e+00,  4.55800535e+00,  8.47776694e+00,
        1.19737780e+00,  1.06104600e+01,  3.79408609e+00,  2.44287449e+00,
        7.07498075e+00,  5.15262655e+00,  2.94333412e+00, -1.49706361e+00,
       -1.47417814e+00,  5.03535425e+00,  1.02920857e+01,  5.42445752e+00,
        4.31523964e+00,  9.50426422e+00,  8.85655832e+00,  9.69074711e+00,
       -7.17724024e+00,  8.74259304e+00,  5.52791267e+00,  8.80113230e+00,
        4.59364443e+00,  5.01987284e+00,  3.31274709e+00, -3.63565100e+00,
        8.74314660e+00,  7.10167631e+00, -1.43802222e-02, -1.69636219e-01,
        7.52171935e+00,  5.58867770e+00,  5.26433897e+00,  3.18013006e+00,
        4.11462684e+00,  1.25747215e+01,  7.19712980e+00,  6.45987988e+00,
        7.17796439e+00,  1.18204370e+01,  6.84005132e+00,  2.64582847e+00,
        9.06429389e+00,  4.15260418e+00,  8.83995874e+00,  9.93618544e+00,
        1.20546370e+01,  1.81610800e+00,  4.28560409e+00,  2.22291227e+00,
        4.44153278e+00,  7.51609565e+00,  1.07844422e+01,  5.31124925e+00,
        9.14260622e+00,  2.41065730e+00,  8.79685699e+00,  8.61484179e+00,
        6.28115611e-01,  1.08013268e+01,  1.96453375e+00,  3.70679473e+00,
        6.25122674e+00,  9.47192170e-01,  6.21689248e+00,  4.42519864e+00,
        6.49379242e+00,  1.05728024e+01,  6.35332358e+00, -2.18676407e+00,
        7.11471107e+00,  7.57506279e+00,  1.68968511e+00,  6.90400780e+00,
        9.07429564e+00,  9.51616684e+00,  3.15936585e+00,  5.34581782e-01,
        8.61922644e+00,  7.89745185e+00,  6.93419284e+00,  1.69341044e+00,
        6.02298495e+00,  5.24590962e+00,  1.00659097e+01,  4.16279004e+00,
        1.19951856e+01,  1.07642390e+01,  7.23476229e+00,  2.65538788e+00,
        5.44606667e+00,  7.38541788e+00,  1.49556719e+00,  3.18099460e+00,
        7.76306429e+00,  8.86694459e+00,  4.87751798e+00,  3.04245529e+00,
        9.32719404e+00,  4.19527532e+00,  1.35568566e+01,  8.92911948e+00,
        4.29190962e+00,  3.16224473e+00,  5.43848074e+00,  1.36201838e+00,
        4.76689755e+00,  5.42728167e+00,  2.17912307e+00,  3.02299449e+00,
       -2.99351461e+00,  1.23198626e+01,  3.33640332e+00,  4.57367793e+00,
        5.20161530e+00,  1.39831948e+00,  2.70283086e+00,  1.29721188e+01,
        9.08311626e+00,  2.35312615e+00,  1.81919084e+00,  6.61898122e+00,
        4.74121963e+00,  2.25524612e+00,  4.81664514e+00,  1.08210214e+01,
        6.44005861e+00,  3.80927007e+00,  8.90320087e+00, -2.39535900e+00,
        8.91745738e+00,  1.42600768e+00, -8.04882224e-01,  3.93163606e+00,
        3.43107653e+00,  5.28839922e+00,  3.22349913e+00,  8.62376095e+00,
        5.57392704e+00,  7.82781930e+00,  2.68265615e+00,  7.91518397e+00,
        8.80231817e+00,  5.45656347e+00,  5.02955346e+00,  6.05244050e+00,
        3.88190401e+00,  1.32868116e+01,  1.33074111e+01,  4.24737290e+00,
        3.57742133e+00,  1.49417200e+00,  4.47535347e+00,  1.55402704e+01,
       -8.45574502e-01,  8.41882188e+00,  6.45950658e+00,  7.03177758e+00,
        9.55663833e+00,  1.53467553e+00,  6.29316253e+00,  1.44135079e+01,
        5.82649918e+00,  6.22743668e+00,  6.51647277e+00,  8.26245628e+00,
        1.83403478e+00,  5.41428259e+00,  1.04626520e+01,  2.08692761e+00,
        1.41954813e+01,  6.64783917e+00,  1.42519620e+00,  8.10369454e+00,
        4.26872650e+00,  3.84174198e+00,  4.90666791e+00,  5.52412762e+00,
        7.65129493e+00,  8.37048335e+00,  6.46030240e+00,  8.98402065e+00,
        5.83306303e+00,  1.14790448e+01, -1.57537004e+00,  9.33953311e+00,
        7.23890277e+00,  9.55730008e+00,  7.51068843e+00,  4.75283481e+00,
       -9.99229202e-02,  6.87208337e+00,  6.42723133e+00,  4.09304263e-01,
        6.67269054e+00,  3.99972713e+00,  6.72665428e+00,  2.75603806e+00,
        4.02993955e+00,  4.59260787e+00,  1.03812555e+01,  8.52477152e+00,
        6.45150880e+00,  8.42988340e-01, -2.48823666e+00,  8.83062778e+00,
        5.38883565e+00,  1.01777493e+01,  6.99066293e+00,  2.76692000e+00,
        7.53728139e+00,  7.51545810e+00,  7.94648193e+00, -1.73474269e+00,
        9.32521140e+00,  6.63003261e+00,  5.64316601e+00, -4.74673301e-01,
        2.99129215e+00,  4.40356359e+00,  1.52007499e+01,  1.01182668e+01,
        4.30377730e+00,  2.21848138e+00,  4.77373610e+00,  2.90954104e+00,
       -5.66291469e-01,  6.17264978e-01,  1.03541970e+01,  7.73048707e+00,
        1.47386931e+01,  5.28880264e+00,  1.02848925e+01,  4.95683748e+00,
        6.66038252e+00,  6.24601361e+00,  4.09163095e+00,  5.74445611e+00,
       -3.47559685e+00,  1.00849618e+01, -1.25306175e-02,  5.89230927e+00,
        3.95450717e+00,  8.22260453e+00,  1.17557389e+00,  7.58353955e+00,
        1.88070165e+00,  1.05113130e+00,  5.86299154e+00,  2.82828036e+00,
        9.10489581e+00,  8.48703127e+00,  5.59452907e+00, -1.49549983e-01,
        2.99311142e+00,  5.63127859e+00,  6.05261739e+00,  3.60864449e+00,
        2.99119972e+00,  5.48485588e+00,  3.82824850e+00,  1.06011049e+00,
        8.14390257e+00,  9.56881346e+00,  8.69008277e+00,  1.26709924e+01,
        9.81299509e+00,  3.92338332e+00,  4.24581410e+00,  4.55017794e+00,
        3.61431777e-01,  1.10261468e+00,  1.05948262e+01,  6.02557539e+00,
        8.73362216e+00,  4.09804267e+00,  6.65294177e+00,  6.13939813e+00,
        2.07593617e-01,  8.54406718e+00,  6.32341019e+00,  9.68189264e+00,
        1.40174317e+01,  3.68228760e+00,  1.41598868e+01,  3.46558635e+00,
        2.89917498e+00,  7.21286071e+00,  8.73088804e+00,  6.04593741e+00,
        1.59850780e+00,  8.19993176e+00,  9.99948176e+00,  1.06622189e+01,
        5.20407472e+00,  1.08014642e+01,  9.05794895e+00,  1.03283803e+01,
        3.37705268e+00,  7.08598554e+00,  1.00625347e+01,  3.40345304e+00,
        3.37673764e+00,  1.28207826e+00,  4.55170732e+00,  4.52683303e+00,
        5.62174144e+00,  4.82706182e+00,  6.65205805e+00,  5.27010330e+00,
        9.00452489e+00,  5.52860141e+00,  4.18755121e+00,  5.52656936e+00,
        4.97246181e+00,  5.21328671e+00,  8.66979145e+00,  9.57143857e+00,
        6.27015088e-01,  1.09701548e+01,  8.06471369e+00,  8.16819578e+00,
       -2.46130011e+00,  3.01379561e+00,  1.53935688e+00,  1.40410032e+01,
        6.05871909e+00,  3.78676291e+00,  1.31965526e+01,  4.59299286e+00,
        1.05576267e+01,  2.73814788e+00,  3.26706275e+00,  3.23472933e+00,
        9.63591628e-01,  7.99721997e+00,  6.41889032e+00,  9.11214668e+00,
        1.23006428e+01,  8.53291340e+00,  5.07361546e+00,  6.29939594e+00,
        1.33987729e+01,  6.47910851e+00,  7.90620220e+00,  1.02689625e+01,
        5.14623683e+00,  1.03354388e+01,  8.57054978e+00,  4.48986525e+00,
        9.34603170e+00,  8.24095016e+00,  6.87280582e+00,  1.25751675e+01,
        2.09759218e+00,  7.85502780e+00,  9.28494585e+00,  9.52172517e-01,
        4.96767956e+00,  3.91720823e+00,  7.59883704e+00,  1.08240449e+01,
        2.42761711e+00,  9.28344131e-01,  4.87594764e+00,  6.35725415e+00]), array([ 4.07842176, 10.87439696, 10.00454792,  0.93219519,  4.84831971,
        4.64410023,  4.31899983, 11.63122326,  5.03154484,  9.08962609,
        0.21581868, 10.06163471,  7.83677959,  0.32869016,  5.49631057,
        0.09952564,  7.72885511, 11.80664443,  9.49443347,  8.40289802,
        6.56004985,  2.04521805,  3.21510752,  3.42218165,  7.38213919,
        6.55191615,  0.32472595,  5.17678894,  7.79655655,  2.62676358,
        7.43240862,  6.67215726,  6.80175433,  4.73255091,  3.39671988,
        4.98621919,  8.26145124,  5.44997467,  5.99464571,  3.4344584 ,
        0.87383652,  4.38099948,  7.10343157,  7.50307519,  1.25441622,
       10.29562557,  3.79198937, 17.95572291,  4.73011322, 11.30084287,
        9.07308351,  5.4335182 ,  2.43492193, 11.31820213,  9.8858301 ,
        5.6540981 ,  5.89176989,  5.22702672,  2.1070215 , 15.12579293,
        6.05715377,  8.01157102, 14.81288493,  7.20916778,  6.7091019 ,
       10.28930079, -1.10577163,  8.17678677,  4.32959406, 16.83932053,
        6.27516582,  6.77527207,  6.46847058,  2.90377484,  9.33331813,
        3.90991607,  8.4927935 ,  8.88210301,  8.50558232,  7.90449251,
        7.47285057,  5.00956734,  3.15126343,  8.2019472 , 11.96464942,
        6.22338639, 11.29147455, -1.98807522,  5.65487698,  7.74027217,
        2.20535487,  9.12281733,  5.60535608,  9.09078196,  7.67322371,
        6.05759228,  7.99324845, -2.4398445 , 10.55766034, -0.63682099,
       10.20342954,  8.92640635,  4.98294938, 13.26019781,  9.48582081,
        7.59923363,  6.66446515,  3.46000384,  5.03174536,  3.01007901,
        3.4396507 , 13.40973506, 10.827176  ,  7.56669024,  6.74240446,
        6.8448262 ,  3.57798204,  8.10948962, 11.88243912,  7.79689826,
        4.19051726,  3.01426068,  3.88072516, -0.35148209, 10.79611107,
       12.69921031,  4.08384166,  5.84826393,  6.29338212,  8.22633655,
        8.92060564,  4.85527956, 11.61493247,  0.02308734,  9.84411226,
        9.81000267,  8.96734335,  6.86005591,  3.85525846,  9.50711184,
        2.88447481,  9.11924658,  2.23367009,  7.78547405, 11.27343471,
        8.40573641, 11.42056499,  5.87671001, 10.84078742,  6.98981511,
        7.19032072,  4.10868262, 11.23908902,  4.61652411,  6.64279053,
        8.54297506,  3.44583918,  5.57656254,  5.62068555,  5.72827774,
        6.79798761,  7.77207226,  3.67196641,  7.23213968,  6.41304689,
        4.68183363,  5.91091905,  7.16899565,  6.67917028,  8.85332589,
        2.87897658, 12.94155146,  5.09959091,  8.17963566, 11.05799269,
        4.46259639,  9.3562418 ,  3.28546754, 10.71103992,  7.77102377,
        7.26133746,  2.84866161,  1.69853846,  7.45055886,  9.73016716,
        9.19530608,  9.99813792,  5.48156161,  8.29957401,  7.55412481,
        2.13000119,  6.42857367,  6.24836138,  3.28852594,  7.02176538,
        9.47062219,  7.32898721,  5.81258878,  9.24386401,  4.6210102 ,
        8.93308151,  6.57226994,  3.32227957,  4.13266798,  6.25490444,
        9.67480763,  8.19088055,  9.85836245,  4.92652164, 10.59411214,
        7.73134584,  2.71298819,  2.86685373,  9.22002081,  8.38590407,
       12.07411484, 12.49673744, 12.22676322,  3.28636006,  3.21422468,
        9.05051785, 10.40496744, 13.19834346,  7.26423217,  8.55982159,
        4.83874471,  8.20507745,  5.11176045,  9.74378876,  9.54923042,
        8.28515782,  2.31541734, 11.14981667, -2.40280418,  5.22499186,
        5.34536443,  5.3172697 ,  3.97276528, 12.40273873, 11.8261058 ,
        7.79101713, 10.86679218, 13.63491294, 11.54327053,  5.41457058,
        4.82461953,  9.50469415,  3.34409197,  4.47023692,  1.69483056,
        5.47750246, 14.61358556,  0.56007375,  6.68678418,  3.88236129,
        6.94556114,  6.77573056, -1.33571333,  2.53278561,  5.5781503 ,
        4.07303286,  6.88462481,  6.91670136, 15.83844554,  8.55752999,
        7.54934076,  3.40490834,  5.11235177,  3.35691139, 17.4306989 ,
        2.21945696,  6.95213229,  4.62367333,  7.86214941,  4.63144496,
       13.48677718, 11.94186376,  9.90506114,  3.76590588,  8.82522698,
       12.19441267, -2.67663653,  0.03615369,  7.46959298,  2.4228171 ,
        3.34809807, 12.16679599,  6.71339409, 13.62492193, 12.96619532,
        1.48009612, 12.85123675,  6.88771855,  5.90119453,  3.68712781,
        7.48075957, 11.37509897,  7.55893822,  4.27754473,  8.72023504,
        9.70604831, -0.64400489, -5.56679237,  5.83000248,  8.09602703,
       10.50889558,  9.28604466,  0.16806312,  9.57201963, 14.8728253 ,
        4.05872095,  1.33644054,  3.83944048, -1.38053687,  5.05486853,
        2.06274386,  1.13563203,  6.33765158,  0.53027755,  7.45256734,
        9.02282056,  4.57092283,  4.49200784, 10.40105781,  6.6956708 ,
       16.45543485,  7.89643726,  5.10473984,  2.26347884,  6.10656319,
       11.02693329,  8.36610638,  0.60141792,  4.57665209,  9.61513378,
        8.82020808,  6.14660704,  7.19813954,  6.87268446,  4.31617334,
        8.06164796,  3.55128624,  4.94644227,  7.88122956,  4.99247933,
        3.26232956,  2.5163414 ,  4.88943214, 12.28909885, 12.13545921,
        1.55869887,  5.58666775,  4.02859623, 15.67531659,  7.40747749,
        7.30470426, 12.65197022, 10.97844038,  7.42336319,  5.92806546,
        7.53298687,  0.86194217,  7.76679387,  6.45816077,  9.06258134,
       10.30449402,  7.82441097,  6.29660505,  5.86776818,  1.3304476 ,
       12.23539375,  8.86024757,  5.09746119,  6.96210102, 14.29336074,
        4.15087726,  1.15706092,  2.28609126,  8.05820173,  5.75350555,
       14.38911927,  2.56501362,  1.18350204,  9.85628204,  2.49595961,
        0.53563003,  4.16733809,  8.86947662,  6.54719103,  9.95244253,
        8.98835467,  6.96241141,  5.14668993, 12.38974939,  9.74927615,
        2.19116454,  8.38645767, 11.01763455, 13.11595194, -4.40533364,
        5.55074442,  6.81098292, 12.15249787, 12.87933206,  5.46578562,
        9.03729709,  4.39553204, 10.10607221,  4.2820392 , 10.88374795,
        6.9732923 ,  5.52295623,  1.18874187, -2.12447361,  8.22981005,
        9.51495871,  6.91287406,  7.78485948,  6.63789377, 12.08668527,
        6.69352355,  9.71132675,  8.77679222,  8.27407995, -3.12827637,
        8.36264626,  3.26158227,  7.64695436, 10.78078735,  1.86580749,
       12.54260721,  7.81005987,  2.42957773,  4.42125954,  5.28868328,
        8.48828385,  2.64355675, 10.39364367,  4.97074436,  3.21591377,
        7.99237868,  5.44852205,  4.14518605, -0.82555073, -0.38079245,
        5.77632478, 11.99518412,  6.24412831,  5.21745616, 10.51515516,
        9.68030655, 11.15248069, -6.94305001,  9.44624393,  6.35684734,
        9.46724889,  5.26584846,  6.07376657,  3.96938581, -3.43888608,
        8.72448305,  7.87047717,  0.85730272,  1.03721055,  8.35826554,
        6.81710168,  6.35658842,  4.10495774,  4.99959606, 13.38481204,
        8.14794227,  7.06527628,  7.92221105, 13.27646293,  7.11995191,
        2.83509862, 10.75282427,  5.52678527, 10.08628477, 10.98321678,
       12.49466201,  2.50863008,  4.67944759,  2.85788507,  5.0465952 ,
        8.21295444, 11.91410464,  5.94624943, 10.22163873,  3.37930772,
        8.85361915,  9.73376072,  1.15059264, 11.04743194,  1.79969506,
        4.25828829,  7.25202922,  2.2672972 ,  7.57725423,  5.58636802,
        7.65893215, 11.52537915,  6.90891019, -2.29113385,  7.97708546,
        8.08842066,  2.16832336,  7.65832177,  9.81159064, 10.43923316,
        3.98062488,  1.0817161 ,  9.76295248,  8.63108155,  7.26357459,
        2.54423122,  6.81853034,  6.45365329, 11.3232911 ,  5.04083176,
       12.8607924 , 11.23344625,  8.31903354,  3.14367524,  6.71869235,
        8.25848665,  1.77282295,  3.65717336,  8.32846627,  9.9174394 ,
        6.05692518,  4.21944302, 10.23931698,  4.91274328, 13.41513602,
        9.43416187,  4.63636632,  3.13539328,  6.18335055,  1.53707739,
        5.61467202,  6.5111733 ,  3.23145556,  3.41022205, -2.07333343,
       13.30968769,  3.82494062,  5.39569567,  6.13415814,  1.37292208,
        3.07177277, 13.18391553, 10.12816353,  2.74516544,  3.09710695,
        6.8019379 ,  5.34038046,  3.2762607 ,  5.96005512, 11.26218427,
        7.28016079,  4.56619962,  9.88937887, -1.65520076, 10.43965611,
        2.44372126,  0.05593988,  4.47111314,  4.37722133,  5.98773957,
        4.10199573,  9.24048099,  6.10392412,  8.20112445,  4.06759296,
        8.79640924,  9.29292777,  6.48629527,  5.80919737,  7.3525369 ,
        4.56135043, 14.57977076, 14.18157702,  4.68325426,  4.71936077,
        2.38776943,  4.64738549, 17.11241745, -0.48449692,  9.04317841,
        7.22043104,  7.91805606, 10.77196002,  2.17966784,  6.62820171,
       15.53997079,  6.62792789,  7.75866664,  7.71585917,  9.14500714,
        2.44829938,  7.16387108, 11.18733035,  3.16285692, 14.44962478,
        7.9734839 ,  2.29286828,  8.91694778,  5.19431971,  4.82347137,
        6.30543704,  6.62960565,  8.38076727,  9.86579471,  7.34873375,
        9.69886333,  6.97858741, 12.77974943, -1.69337678, 10.26854022,
        7.55676076, 11.30789955,  8.25494618,  5.7069379 ,  0.89890997,
        7.33619558,  6.46577359,  1.40017034,  7.41724292,  4.436418  ,
        7.14786764,  3.19365845,  4.5695545 ,  5.00692815, 11.87379541,
        9.80291173,  7.00626267,  1.82903169, -2.59807148,  9.47880999,
        5.78256916, 11.12487811,  7.53115214,  3.64823712,  8.15902467,
        8.32095958,  8.72039742, -1.02293981, 10.27388165,  7.28944067,
        6.71056444, -0.11188937,  3.91449311,  4.69324376, 16.29464348,
       10.78957892,  5.80840925,  2.99713993,  5.2593516 ,  3.50490743,
       -0.15449448,  0.96434288, 11.61630339,  8.27735506, 16.00285161,
        6.50006729, 11.31600174,  5.75130697,  7.256999  ,  6.63488972,
        4.54796937,  6.56338914, -2.63014256, 11.48578113, -0.07930807,
        6.90670298,  4.28074261,  8.93878941,  1.75778739,  8.37427446,
        1.98021715,  1.2163253 ,  7.06949543,  4.18699292,  9.63377599,
        9.23103552,  6.64477952,  0.39062191,  3.25198616,  6.63355733,
        7.3632658 ,  4.7339389 ,  4.29967855,  6.28514055,  4.22442813,
        2.26636681,  9.04310139, 10.2082415 ,  9.53831858, 13.91283266,
       10.51968209,  4.38525309,  4.79884727,  4.95086139,  0.11123929,
        2.08883224, 11.03308035,  7.40637327,  9.33221467,  4.25483408,
        7.44668255,  6.5262045 ,  1.19632846,  9.60393598,  7.88892398,
       10.90912402, 14.93227314,  4.40874761, 14.99067229,  4.41303737,
        3.9286857 ,  8.11305083, 10.11742447,  6.37018955,  2.54284042,
        9.48544732, 10.57743204, 11.8098314 ,  5.80598639, 11.59657591,
        9.669148  , 11.21606882,  4.319759  ,  7.52659734, 11.04373643,
        4.34999011,  4.20867203,  2.44338745,  5.13100548,  6.13849652,
        6.43077322,  5.79302418,  7.40061908,  6.23114872,  9.75695758,
        6.66230472,  5.13783843,  6.82973843,  5.36631725,  5.91760367,
        9.88460075, 10.20970926,  1.76158793, 12.391394  ,  8.91633619,
        8.19313104, -1.20569326,  3.8195473 ,  2.46703902, 15.08849437,
        6.95257834,  4.3953971 , 14.32326594,  5.51496623, 11.2356845 ,
        4.38642475,  3.16650808,  3.96148751,  1.47933114,  8.30810544,
        7.10266653,  9.82018761, 13.01570492,  9.41446686,  6.11188097,
        7.08611127, 14.30646318,  7.08945749,  9.01281824, 10.79261268,
        5.88842553, 11.66071255,  9.84974807,  5.62640076, 10.55719581,
        9.2548453 ,  7.1220303 , 13.27635001,  2.97914591,  8.53036898,
       10.17573671,  1.95299571,  5.83313985,  4.72347567,  8.03072078,
       11.73373652,  3.01890332,  1.82339293,  5.46703218,  7.46086484]), array([ 4.89776438e+00,  1.18451195e+01,  1.03097963e+01,  8.84626234e-01,
        6.10442062e+00,  5.59527578e+00,  5.52032778e+00,  1.23487412e+01,
        5.21614417e+00,  1.01143250e+01,  1.03208185e+00,  1.12431568e+01,
        8.51999655e+00,  2.85691997e-01,  6.16498975e+00,  7.53203402e-01,
        8.52271201e+00,  1.27007019e+01,  1.04007790e+01,  9.48704649e+00,
        7.46428941e+00,  2.46948760e+00,  4.26081710e+00,  4.60985920e+00,
        7.61366126e+00,  7.18811933e+00,  5.97615764e-01,  5.73877510e+00,
        8.67393950e+00,  2.73400747e+00,  8.28517774e+00,  6.91913899e+00,
        7.39406123e+00,  5.98191480e+00,  3.79316408e+00,  6.09480191e+00,
        9.17270311e+00,  5.91325702e+00,  6.47572109e+00,  4.07337135e+00,
        1.66768875e+00,  5.20445142e+00,  7.47341891e+00,  8.06412453e+00,
        2.40361716e+00,  1.08408089e+01,  4.13980847e+00,  1.82495819e+01,
        5.49253563e+00,  1.18542180e+01,  9.78195276e+00,  6.41867313e+00,
        3.32996928e+00,  1.18477249e+01,  1.06275162e+01,  5.48169238e+00,
        6.49350192e+00,  6.06556105e+00,  3.08097337e+00,  1.61463098e+01,
        6.62322482e+00,  8.32011905e+00,  1.64637820e+01,  7.89542115e+00,
        7.27306295e+00,  1.06601587e+01,  1.07493786e-02,  9.06180551e+00,
        4.57166359e+00,  1.72551390e+01,  7.28406285e+00,  7.46849897e+00,
        7.54164274e+00,  4.26617383e+00,  1.00135506e+01,  4.45545004e+00,
        8.93653586e+00,  9.61436670e+00,  9.29034305e+00,  8.81754878e+00,
        8.00730239e+00,  5.22434321e+00,  4.30010606e+00,  9.32461248e+00,
        1.25665776e+01,  7.69909633e+00,  1.22226731e+01, -1.29967292e+00,
        6.38267121e+00,  8.56429203e+00,  2.49110763e+00,  1.02125388e+01,
        6.79080975e+00,  9.47296463e+00,  8.80099215e+00,  6.30237792e+00,
        8.54052611e+00, -1.79945509e+00,  1.12915790e+01, -1.04173284e-01,
        1.11706539e+01,  9.28075965e+00,  5.93141184e+00,  1.39086409e+01,
        1.05510750e+01,  8.05921804e+00,  7.35693100e+00,  3.86098540e+00,
        6.20585187e+00,  3.79154586e+00,  3.27768627e+00,  1.44658040e+01,
        1.21027092e+01,  8.57685393e+00,  7.03510552e+00,  7.19009636e+00,
        4.19912980e+00,  8.73484482e+00,  1.21992344e+01,  8.41373902e+00,
        4.77843406e+00,  3.81553005e+00,  4.31176204e+00, -4.60310509e-01,
        1.16782506e+01,  1.34921984e+01,  5.03799158e+00,  6.07831763e+00,
        7.01015746e+00,  8.38465140e+00,  1.02609345e+01,  6.13965152e+00,
        1.23704193e+01,  8.21128988e-01,  1.05942671e+01,  1.02174917e+01,
        9.53557528e+00,  7.82929950e+00,  4.72273681e+00,  1.04195589e+01,
        3.69241827e+00,  9.55303013e+00,  3.36483107e+00,  9.17822082e+00,
        1.20892650e+01,  9.17976227e+00,  1.23298659e+01,  6.95756253e+00,
        1.16871169e+01,  6.97666185e+00,  7.59177684e+00,  4.52031553e+00,
        1.20159886e+01,  4.97323000e+00,  6.82654657e+00,  9.56368746e+00,
        4.38185391e+00,  6.17586415e+00,  6.71900362e+00,  6.18521451e+00,
        7.67934934e+00,  8.43976472e+00,  4.19692111e+00,  7.85415255e+00,
        6.56163017e+00,  4.64431978e+00,  6.53789930e+00,  7.76927566e+00,
        7.10158601e+00,  1.00160710e+01,  3.79139336e+00,  1.40561296e+01,
        5.50968861e+00,  8.90590079e+00,  1.19909147e+01,  5.30511761e+00,
        9.68575679e+00,  4.49959400e+00,  1.11781810e+01,  8.61151725e+00,
        8.28547715e+00,  3.50259124e+00,  2.51723695e+00,  8.35686434e+00,
        1.07358681e+01,  1.01688294e+01,  1.13692022e+01,  5.87559400e+00,
        9.04365032e+00,  8.74578178e+00,  2.94541834e+00,  7.06481215e+00,
        7.16865506e+00,  3.74481677e+00,  7.73961902e+00,  1.04264665e+01,
        8.15801320e+00,  6.36819945e+00,  1.01666256e+01,  5.04795677e+00,
        1.00697159e+01,  7.62069361e+00,  3.95614345e+00,  4.80250686e+00,
        7.14273148e+00,  1.03430154e+01,  9.12768883e+00,  1.04411919e+01,
        5.59661284e+00,  1.12014531e+01,  8.79762359e+00,  3.41567670e+00,
        3.59440984e+00,  9.88301990e+00,  9.02543902e+00,  1.32079246e+01,
        1.39504735e+01,  1.34814458e+01,  4.34425705e+00,  3.71856449e+00,
        9.74045158e+00,  1.13341153e+01,  1.43951030e+01,  8.43629091e+00,
        9.04786419e+00,  5.42637470e+00,  9.43162443e+00,  5.85207612e+00,
        1.01158466e+01,  1.00937002e+01,  8.99594465e+00,  3.21939282e+00,
        1.19598782e+01, -2.33052775e+00,  6.28312848e+00,  6.46040097e+00,
        6.09609960e+00,  4.94914988e+00,  1.33100617e+01,  1.23959227e+01,
        8.48007012e+00,  1.16910607e+01,  1.41902228e+01,  1.29398514e+01,
        6.36541200e+00,  5.43605842e+00,  1.03371760e+01,  3.82339351e+00,
        5.13241632e+00,  3.31062307e+00,  6.47370963e+00,  1.53995910e+01,
        1.07701081e+00,  7.31944365e+00,  4.79343581e+00,  7.18423883e+00,
        8.41974829e+00, -9.60982591e-01,  3.46734482e+00,  6.41364339e+00,
        4.58141819e+00,  7.99093604e+00,  7.87812063e+00,  1.71477912e+01,
        8.97787706e+00,  7.65979673e+00,  3.86736225e+00,  5.63364262e+00,
        3.96864461e+00,  1.86320280e+01,  3.36342615e+00,  7.61586804e+00,
        5.44914565e+00,  8.75348933e+00,  5.13099579e+00,  1.47069285e+01,
        1.34314730e+01,  1.09769593e+01,  4.62059148e+00,  9.51482842e+00,
        1.26972735e+01, -1.72036754e+00,  8.64253591e-01,  8.25003503e+00,
        3.19647771e+00,  3.94913601e+00,  1.27769115e+01,  7.76344464e+00,
        1.48181255e+01,  1.40866088e+01,  2.31326101e+00,  1.37296268e+01,
        7.61510998e+00,  6.68449315e+00,  4.66148209e+00,  8.37942195e+00,
        1.22692925e+01,  8.04012491e+00,  4.46979900e+00,  9.83840826e+00,
        1.06446388e+01, -7.57960241e-01, -5.28251868e+00,  7.48529505e+00,
        9.37437998e+00,  1.06869267e+01,  1.00881514e+01,  3.21968416e-01,
        1.05259958e+01,  1.56589997e+01,  4.48317848e+00,  1.48422421e+00,
        4.42966753e+00, -5.15264061e-01,  5.80803043e+00,  2.53513492e+00,
        1.26244377e+00,  7.01079590e+00,  1.03769115e+00,  8.03059481e+00,
        9.53555662e+00,  5.43336685e+00,  5.47705574e+00,  1.11638626e+01,
        7.33513078e+00,  1.76125555e+01,  8.63056489e+00,  5.94670424e+00,
        2.85132583e+00,  6.41004332e+00,  1.15818300e+01,  8.90104264e+00,
        1.21340302e+00,  4.98116852e+00,  1.04155574e+01,  9.38321699e+00,
        6.39888747e+00,  8.06983298e+00,  7.50917552e+00,  4.35794777e+00,
        8.46135424e+00,  4.38637337e+00,  5.65537208e+00,  8.61886207e+00,
        5.68936204e+00,  3.74601560e+00,  3.22669836e+00,  5.56624937e+00,
        1.37229058e+01,  1.29616533e+01,  1.90737489e+00,  6.62451178e+00,
        4.69076143e+00,  1.70247860e+01,  7.91134936e+00,  7.50086598e+00,
        1.41107067e+01,  1.21178331e+01,  8.93480523e+00,  7.13975926e+00,
        7.87546889e+00,  1.11044533e+00,  9.11396714e+00,  6.94538255e+00,
        9.45209003e+00,  1.11186472e+01,  8.22801886e+00,  7.08228586e+00,
        6.63302042e+00,  1.78707269e+00,  1.33287013e+01,  9.54431148e+00,
        5.42381566e+00,  7.93302790e+00,  1.50268541e+01,  4.84278203e+00,
        1.18898504e+00,  2.88524128e+00,  9.03448517e+00,  6.46786199e+00,
        1.53884767e+01,  3.34566682e+00,  1.82323062e+00,  1.11814281e+01,
        3.36873891e+00,  1.50714082e+00,  5.21217222e+00,  9.93397450e+00,
        7.70827801e+00,  1.09376099e+01,  9.82777125e+00,  7.66157478e+00,
        5.59602087e+00,  1.36160830e+01,  1.06068599e+01,  2.73970636e+00,
        8.94105471e+00,  1.21432684e+01,  1.44240268e+01, -4.16422265e+00,
        6.61143641e+00,  7.90208801e+00,  1.34794735e+01,  1.44088815e+01,
        5.65987987e+00,  9.94029143e+00,  5.54481781e+00,  1.11995227e+01,
        5.07395901e+00,  1.16520511e+01,  7.48736032e+00,  6.07431728e+00,
        1.78566033e+00, -1.56760144e+00,  9.42822891e+00,  1.04860334e+01,
        7.78242772e+00,  8.64834244e+00,  7.71854052e+00,  1.32934445e+01,
        7.43544354e+00,  1.03538834e+01,  9.97865299e+00,  8.80603278e+00,
       -2.48649573e+00,  9.43053411e+00,  3.79864477e+00,  8.80226271e+00,
        1.12651134e+01,  2.74647891e+00,  1.30726898e+01,  8.94695746e+00,
        3.57983505e+00,  5.30382290e+00,  5.98657854e+00,  8.42697729e+00,
        3.99917626e+00,  1.01318607e+01,  6.11075007e+00,  3.96126268e+00,
        8.88177840e+00,  5.71454975e+00,  5.29571426e+00, -1.88243872e-01,
        6.56240022e-01,  6.47999271e+00,  1.36473554e+01,  7.07233735e+00,
        6.08725694e+00,  1.14675498e+01,  1.04622181e+01,  1.25428805e+01,
       -6.75669255e+00,  1.00921799e+01,  7.14136807e+00,  1.01085758e+01,
        5.87863157e+00,  7.06466621e+00,  4.57184643e+00, -3.28492883e+00,
        8.67438265e+00,  8.61916252e+00,  1.67108463e+00,  2.17375771e+00,
        9.10454533e+00,  7.98619777e+00,  7.38613353e+00,  5.00206455e+00,
        5.83164214e+00,  1.41466532e+01,  9.02165421e+00,  7.58879795e+00,
        8.59564322e+00,  1.46194842e+01,  7.40123711e+00,  3.00246952e+00,
        1.23211159e+01,  6.83661669e+00,  1.12468348e+01,  1.19354818e+01,
        1.28862866e+01,  3.17411310e+00,  5.06134040e+00,  3.42622911e+00,
        5.60330477e+00,  8.77503993e+00,  1.29588908e+01,  6.57362901e+00,
        1.11819308e+01,  4.25695747e+00,  8.89207662e+00,  1.07113120e+01,
        1.65020885e+00,  1.12202539e+01,  1.60618820e+00,  4.80768473e+00,
        8.17413859e+00,  3.53573268e+00,  8.85635699e+00,  6.69056456e+00,
        8.70078943e+00,  1.24686660e+01,  7.43487003e+00, -2.37043738e+00,
        8.77343166e+00,  8.51151663e+00,  2.59931895e+00,  8.35445377e+00,
        1.05296658e+01,  1.13136662e+01,  4.72826615e+00,  1.57585002e+00,
        1.08155296e+01,  9.28879410e+00,  7.57929585e+00,  3.30866126e+00,
        7.57307944e+00,  7.60198652e+00,  1.24999567e+01,  5.88013742e+00,
        1.36517846e+01,  1.16093641e+01,  9.31109649e+00,  3.57881536e+00,
        7.88390658e+00,  9.05460264e+00,  2.03963670e+00,  4.10465465e+00,
        8.81233463e+00,  1.09179157e+01,  7.18212995e+00,  5.35302881e+00,
        1.11045973e+01,  5.57958973e+00,  1.32129981e+01,  9.86893031e+00,
        4.94444030e+00,  3.11017122e+00,  6.90659459e+00,  1.63195654e+00,
        6.43850598e+00,  7.50855506e+00,  4.27308707e+00,  3.76360630e+00,
       -1.16404406e+00,  1.41899631e+01,  4.27216402e+00,  6.17143463e+00,
        6.95756559e+00,  1.30695826e+00,  3.40321368e+00,  1.33342226e+01,
        1.10396843e+01,  3.09820816e+00,  4.30994260e+00,  6.99879869e+00,
        5.90909255e+00,  4.20335069e+00,  7.02829865e+00,  1.16475589e+01,
        8.07299244e+00,  5.24781199e+00,  1.08494678e+01, -9.16031417e-01,
        1.18668090e+01,  3.36071574e+00,  8.85079726e-01,  4.97142621e+00,
        5.26788509e+00,  6.62218735e+00,  4.94950679e+00,  9.77968878e+00,
        6.58124109e+00,  8.54571557e+00,  5.39737163e+00,  9.61492418e+00,
        9.75651021e+00,  7.49272518e+00,  6.54125728e+00,  8.52460395e+00,
        5.20893486e+00,  1.57770585e+01,  1.49489296e+01,  5.04765258e+00,
        5.79045584e+00,  3.21162699e+00,  4.77990434e+00,  1.85899626e+01,
       -1.66641113e-01,  9.62939607e+00,  7.91770139e+00,  8.73771387e+00,
        1.19020459e+01,  2.78089075e+00,  6.89658306e+00,  1.65838016e+01,
        7.34163578e+00,  9.17063678e+00,  8.84223058e+00,  9.96056190e+00,
        2.98976436e+00,  8.77381928e+00,  1.18170569e+01,  4.20605342e+00,
        1.46066095e+01,  9.20280418e+00,  3.08813137e+00,  9.66362670e+00,
        6.06789425e+00,  5.71932143e+00,  7.61190479e+00,  7.66149503e+00,
        9.04365954e+00,  1.12774475e+01,  8.16610391e+00,  1.04042256e+01,
        8.05538993e+00,  1.39884638e+01, -1.82767827e+00,  1.11211828e+01,
        7.82304033e+00,  1.30078207e+01,  8.90256963e+00,  6.60612564e+00,
        1.81289632e+00,  7.75995115e+00,  6.44340335e+00,  2.39137507e+00,
        8.13145015e+00,  4.83209951e+00,  7.51698441e+00,  3.59531217e+00,
        5.03097928e+00,  5.41004868e+00,  1.32712323e+01,  1.10726076e+01,
        7.51348662e+00,  2.75707632e+00, -2.74868372e+00,  1.00774683e+01,
        6.18024224e+00,  1.20373469e+01,  8.01082503e+00,  4.41223573e+00,
        8.72272889e+00,  9.05009575e+00,  9.46760483e+00, -2.98381334e-01,
        1.11157946e+01,  7.87401409e+00,  7.69879464e+00,  2.09993297e-01,
        4.81680140e+00,  4.92132264e+00,  1.73287672e+01,  1.14036503e+01,
        7.23782309e+00,  3.74118004e+00,  5.71969706e+00,  4.09053448e+00,
        2.28483146e-01,  1.26631634e+00,  1.27858078e+01,  8.81772154e+00,
        1.71515949e+01,  7.62827726e+00,  1.22831757e+01,  6.54483867e+00,
        7.75948138e+00,  6.98679910e+00,  4.94143809e+00,  7.30170985e+00,
       -1.81546884e+00,  1.28251482e+01, -1.42524871e-01,  7.83155538e+00,
        4.55236659e+00,  9.60467828e+00,  2.32989483e+00,  9.12864521e+00,
        2.05617860e+00,  1.35733860e+00,  8.22669202e+00,  5.45065105e+00,
        1.01507762e+01,  9.89199537e+00,  7.59729380e+00,  8.75614981e-01,
        3.50130956e+00,  7.59118650e+00,  8.58313775e+00,  5.78171501e+00,
        5.53475647e+00,  7.06032263e+00,  4.57787153e+00,  3.45258053e+00,
        9.89342857e+00,  1.07744306e+01,  1.03331821e+01,  1.50873160e+01,
        1.11379782e+01,  4.80838487e+00,  5.27147792e+00,  5.31325744e+00,
       -1.44899166e-01,  3.08137082e+00,  1.13970722e+01,  8.70830277e+00,
        9.89089497e+00,  4.35141738e+00,  8.21847794e+00,  6.85380403e+00,
        2.12644898e+00,  1.05465404e+01,  9.36420704e+00,  1.20473288e+01,
        1.57453519e+01,  5.09692881e+00,  1.57631877e+01,  5.32515223e+00,
        4.86809350e+00,  8.94302370e+00,  1.14164219e+01,  6.61174405e+00,
        3.42198377e+00,  1.07079358e+01,  1.10923156e+01,  1.28690921e+01,
        6.33699043e+00,  1.23334559e+01,  1.01938458e+01,  1.20437165e+01,
        5.21547920e+00,  7.91762682e+00,  1.19249499e+01,  5.20169624e+00,
        5.05269388e+00,  3.55894887e+00,  5.65956673e+00,  7.64767328e+00,
        7.20975201e+00,  6.68019990e+00,  8.04124978e+00,  7.09907173e+00,
        1.04386097e+01,  7.73580503e+00,  6.08022398e+00,  8.06452544e+00,
        5.71159324e+00,  6.51389585e+00,  1.10021953e+01,  1.07872481e+01,
        2.78933845e+00,  1.37401330e+01,  9.72372518e+00,  8.17771674e+00,
       -3.12574255e-02,  4.57451645e+00,  3.34453335e+00,  1.60784087e+01,
        7.79368760e+00,  4.97505554e+00,  1.53571448e+01,  6.39393495e+00,
        1.18044775e+01,  5.99815109e+00,  3.04217002e+00,  4.62310782e+00,
        1.97892406e+00,  8.57600171e+00,  7.72352866e+00,  1.04483981e+01,
        1.36210326e+01,  1.02501915e+01,  7.03842622e+00,  7.80886818e+00,
        1.51255499e+01,  7.64179093e+00,  1.00454870e+01,  1.12755086e+01,
        6.55504597e+00,  1.28960863e+01,  1.10806808e+01,  6.70811413e+00,
        1.17113999e+01,  1.01795826e+01,  7.26174763e+00,  1.39253533e+01,
        3.82541432e+00,  9.13610384e+00,  1.10007468e+01,  2.86646772e+00,
        6.59057160e+00,  5.48417240e+00,  8.39216889e+00,  1.26098468e+01,
        3.57459161e+00,  2.66340357e+00,  6.00902765e+00,  8.47696497e+00])]
WARNING:root:[array([-1.66501844e+00,  4.07230412e+00,  7.89388947e+00,  1.29079894e+00,
       -4.12819157e+00, -1.75203708e+00, -4.36242188e+00,  6.56307698e+00,
        3.71126731e+00,  1.85144356e+00, -5.31594810e+00,  1.53722728e+00,
        3.03772790e+00,  7.56457572e-01,  9.26129253e-01, -4.29595038e+00,
        2.26590381e+00,  5.35266456e+00,  3.17933796e+00,  6.47666988e-01,
        4.24518557e-01, -7.23345678e-01, -4.00781704e+00, -4.84344649e+00,
        5.85302232e+00,  2.12677677e+00, -1.23448238e+00,  1.47242296e+00,
        1.51423301e+00,  2.01676244e+00,  1.38045267e+00,  5.13767619e+00,
        2.85149143e+00, -3.78300313e+00,  6.21651722e-01, -2.76535369e+00,
        2.00356722e+00,  2.22361393e+00,  2.77031784e+00, -1.06221369e+00,
       -4.68513807e+00, -1.34543776e+00,  4.61262351e+00,  3.47333568e+00,
       -6.53560305e+00,  6.68352591e+00,  1.37937684e+00,  1.59132994e+01,
       -4.45168691e-01,  7.38477670e+00,  4.03499711e+00, -1.33312891e+00,
       -3.81326990e+00,  7.63855481e+00,  4.57516229e+00,  6.97470269e+00,
        1.74053912e+00, -4.50322726e-01, -4.60253022e+00,  7.76865994e+00,
        2.26509954e+00,  5.71917462e+00,  3.14836636e+00,  2.50187779e+00,
        2.85046985e+00,  7.76842682e+00, -8.88688187e+00,  2.00077224e+00,
        2.78172807e+00,  1.39995080e+01, -8.29665690e-01,  1.98641524e+00,
       -8.67893729e-01, -6.68957107e+00,  4.67299846e+00,  3.23432225e-01,
        5.30045877e+00,  3.63126285e+00,  3.07796163e+00,  1.45694774e+00,
        3.74675702e+00,  3.81923594e+00, -4.65972579e+00,  3.89258170e-01,
        7.63293782e+00, -3.98509838e+00,  4.56863890e+00, -6.68073733e+00,
        7.16503787e-01,  1.83975084e+00,  4.64893770e-01,  1.42898669e+00,
       -2.79115685e+00,  6.48691668e+00, -5.23885160e-02,  4.29681098e+00,
        4.40658805e+00, -6.61622699e+00,  5.37527553e+00, -3.97003131e+00,
        3.34417491e+00,  6.47353594e+00, -1.51676856e+00,  8.68262311e+00,
        2.03299054e+00,  4.29536973e+00,  1.73055046e+00,  7.71521458e-01,
       -3.21419920e+00, -2.22976446e+00,  4.61510552e+00,  5.80796284e+00,
        1.91067441e+00,  4.27797362e-01,  4.73349492e+00,  4.38452736e+00,
       -7.52119368e-01,  3.74246810e+00,  9.76307637e+00,  3.63688736e+00,
        4.47091711e-02, -2.48879337e+00,  1.01364836e+00,  5.21751623e-01,
        4.55559957e+00,  7.14325356e+00, -2.61868731e+00,  4.68981639e+00,
        1.39771919e+00,  7.25495959e+00, -4.39423176e-01, -3.98479670e+00,
        6.12669897e+00, -5.55360946e+00,  4.63146062e+00,  6.92583815e+00,
        4.96407744e+00, -2.05983399e-02, -2.25764709e+00,  3.12917386e+00,
       -2.59909516e+00,  6.21837105e+00, -5.71040762e+00, -2.13340957e+00,
        5.53785288e+00,  2.91453922e+00,  5.06434754e+00, -1.63697093e+00,
        4.91626805e+00,  7.29823961e+00,  4.27769937e+00,  1.19562182e+00,
        5.70681631e+00,  2.13257247e+00,  5.54378929e+00,  1.44481811e+00,
       -2.89367833e+00,  1.38505495e+00, -2.20354384e+00,  2.73924980e+00,
        6.86136377e-01,  3.18719239e+00,  4.44952371e-02,  2.96299914e+00,
        5.40460089e+00,  5.02381454e+00,  1.60077687e+00,  3.01715367e+00,
        3.81561164e+00,  7.10652853e-01, -3.45494278e+00,  5.01849178e+00,
        2.38066506e+00,  3.18180575e+00,  4.47464013e+00, -1.37477659e+00,
        7.10137433e+00, -5.05841042e+00,  7.60928124e+00,  1.91563698e+00,
        1.05402564e-01, -1.46538860e+00, -3.84489115e+00,  1.11095904e+00,
        2.80327205e+00,  2.41542490e+00,  4.86527662e-01,  2.80038687e+00,
        3.10157183e+00, -6.63484412e-01, -3.47583233e+00,  2.06664062e+00,
       -1.95244745e-01,  2.71807763e-01,  2.17333914e+00,  2.79290115e+00,
        1.53071416e+00,  1.99654586e+00,  2.78486954e+00,  1.87059411e+00,
        9.24794474e-01, -7.37364428e-01, -9.87018018e-01, -3.48160710e-01,
        6.58885445e-02,  4.97736059e+00,  1.71608193e+00,  5.67330106e+00,
        2.09914185e-01,  6.34561550e+00,  1.98622166e-01, -2.02914750e+00,
       -2.13757464e+00,  4.63323308e+00,  3.94049194e+00,  4.28115005e+00,
        2.43006782e+00,  3.44197511e+00, -3.95819443e+00, -1.69663561e-01,
        4.21237547e+00,  3.82825909e+00,  4.76688628e+00, -1.06260488e+00,
        5.22691137e+00,  6.06129863e-01, -4.35568339e-01, -6.57269627e-02,
        7.24139481e+00,  5.57782546e+00,  3.21373178e+00, -3.84939232e+00,
        5.39299122e+00, -2.58048246e+00, -2.24922302e+00, -2.47015865e+00,
       -1.12528785e-01, -2.84826481e+00,  6.05640247e+00,  8.01476332e+00,
        2.82295977e+00,  5.20095319e+00,  9.81681521e+00,  1.74027880e+00,
       -1.13526189e+00,  6.31721721e-01,  3.56074962e+00,  1.67607901e-02,
       -1.13177515e-01, -9.50783840e+00, -1.43965007e+00,  9.18807778e+00,
       -2.81796032e+00,  2.39238358e+00, -2.39823871e+00,  5.24260815e+00,
       -4.72501605e+00, -3.68613685e+00, -3.85984722e+00, -2.76240663e-01,
        4.77002633e-01, -7.67725398e-01,  2.35546262e-01,  6.64831724e+00,
        5.68813813e+00,  6.79208861e+00,  2.89449515e-01,  1.67116475e+00,
       -6.24139858e-01,  9.15075820e+00, -5.66666627e+00,  2.49097950e+00,
       -1.04160511e+00,  1.65596056e+00,  1.35517421e+00,  4.79580032e+00,
        1.40504619e+00,  2.36274979e+00, -2.27981695e+00,  3.96288736e+00,
        8.66015872e+00, -9.10239583e+00, -5.77500628e+00,  1.99679345e+00,
       -2.97745016e+00, -8.25261938e-01,  7.85592250e+00, -7.54723139e-01,
        5.10928306e+00,  5.06805807e+00, -4.21052250e+00,  6.87375660e+00,
        1.87175436e+00,  4.59540427e-01, -3.04892620e+00,  1.33311835e+00,
        5.19365869e+00,  4.14299316e+00,  3.07152985e+00,  9.24065267e-01,
        3.14606763e+00,  2.27394880e-01, -7.21569124e+00, -5.66792865e+00,
       -8.37424911e-01,  9.36648188e+00,  3.67567145e+00, -7.57903930e-01,
        3.10825119e+00,  9.09652320e+00,  1.20019563e+00,  5.82340912e-01,
       -3.01948580e-01, -7.30431019e+00, -8.36254147e-02, -1.15103935e+00,
        3.47324697e-01,  1.59540748e+00, -2.87687825e+00,  3.46876965e+00,
        5.45461987e+00, -1.37892740e+00, -2.35919419e+00,  4.99867380e+00,
        2.27287004e+00,  8.41620701e+00,  2.61641022e+00, -7.82499517e-01,
       -1.81691320e+00,  4.05452283e+00,  7.13683134e+00,  4.71951389e+00,
       -3.55835901e+00,  1.97468620e+00,  4.11422389e+00,  4.92249893e+00,
        4.46950685e+00,  1.06256966e+00,  2.53380849e+00,  4.05737185e+00,
        5.14688275e+00, -2.24973175e+00,  2.24461953e-01,  2.70416530e+00,
        1.67921175e-01, -1.47334007e-02, -2.33558856e+00,  2.48559608e-01,
        2.34266351e+00,  6.38413980e+00, -5.82647469e-01, -1.77483173e+00,
       -5.28151607e-01,  6.07489149e+00,  4.03634800e+00,  5.82680726e+00,
        2.34039505e+00,  3.09847871e+00, -3.05891790e+00, -2.68619172e+00,
        5.30060508e+00, -6.81304840e-01, -1.77320591e+00,  3.12261825e+00,
        6.43760505e+00,  4.65699287e+00,  5.10478899e+00,  7.92713166e-01,
        4.91990757e-01, -1.62753524e+00,  4.47056095e+00,  4.06314228e+00,
        2.92198442e+00,  1.09276266e-01,  9.15765220e+00, -4.66236528e-01,
        1.30234392e+00, -1.88560995e+00,  1.31179367e+00,  8.20128891e-01,
        7.52698700e+00, -2.75279436e+00, -3.39373587e+00,  5.51599736e-01,
       -3.46503944e+00, -6.10847389e+00, -2.99843068e+00,  1.28343671e+00,
       -1.67064371e+00,  3.16289080e+00,  3.18170566e+00,  2.26700642e+00,
        2.10628790e+00,  3.65686914e+00,  3.73500156e+00, -1.51890252e+00,
        4.54697015e+00,  3.04099046e+00,  3.69978560e+00, -5.80276354e+00,
       -1.61983972e+00, -7.92306717e-01,  2.72400065e+00,  2.05627482e+00,
        4.17010544e+00,  2.90288243e+00, -3.44141629e+00,  2.52982054e+00,
       -1.36738798e+00,  5.56035200e+00,  3.48930186e+00,  1.57273302e+00,
       -2.81374928e+00, -5.91484726e+00, -1.76809154e-01,  2.72442542e+00,
        7.04370167e-01,  1.67141507e+00, -8.59952105e-01,  3.62732526e+00,
        1.58486214e+00,  5.10665461e+00,  4.39542480e-01,  4.66993002e+00,
       -7.31833437e+00,  7.91227778e-01, -3.85145111e-01, -5.20589214e-01,
        7.31283059e+00, -4.07824981e+00,  8.94487893e+00, -3.22189731e-01,
       -5.39582895e+00, -1.82961277e+00,  6.03146723e-01,  8.87850457e+00,
       -6.88037625e+00,  1.22698739e+01, -2.84773205e+00, -1.79888135e+00,
        1.96507257e+00,  3.77227426e+00, -3.85136120e+00, -5.17469464e+00,
       -7.50548272e+00,  9.75634852e-01,  5.13871777e-01,  7.25952529e-01,
       -7.02133710e-01,  3.84935331e+00,  4.36144931e+00,  1.42397063e+00,
       -8.07344626e+00,  4.94812160e+00,  9.08845296e-01,  5.13891955e+00,
        9.80235969e-01, -8.19239705e-01, -1.11939774e-01, -4.28955682e+00,
        9.22073124e+00,  2.83200669e+00, -4.70703950e+00, -6.88830754e+00,
        3.04076930e+00, -1.32300483e+00, -8.22161635e-01, -2.01481712e+00,
       -7.70678345e-01,  8.12106856e+00,  2.00227512e+00,  3.34511874e+00,
        3.22136323e+00,  3.74643234e+00,  5.31833222e+00,  1.80475518e+00,
       -4.00645165e-01, -3.62273989e+00,  1.90580925e+00,  4.23919229e+00,
        9.78570988e+00, -2.00371486e+00,  2.22458914e+00, -1.06703080e+00,
        1.20017994e+00,  4.05297545e+00,  4.48815015e+00,  1.82357313e+00,
        3.31112306e+00, -2.80916781e+00,  8.76633038e+00,  2.64929614e+00,
       -2.12155211e+00,  9.85464761e+00,  3.34363941e+00,  6.42666528e-01,
        7.85287146e-01, -6.48450804e+00, -1.33542511e+00, -2.13889165e+00,
        1.47324223e-01,  5.06814281e+00,  3.36842543e+00, -1.36755179e+00,
        2.42750080e+00,  5.05059408e+00, -7.87963726e-01,  2.81559795e+00,
        4.96798972e+00,  4.41598203e+00, -1.20528770e+00, -2.26971784e+00,
        2.25262614e+00,  3.96364874e+00,  5.27461710e+00, -2.79972175e+00,
        1.68723995e+00, -1.53155689e+00,  3.03364849e+00, -6.95224467e-01,
        7.31794096e+00,  8.54863573e+00,  1.36775850e+00,  1.80459936e-01,
       -1.51097141e+00,  2.68404386e+00,  1.50564815e-01,  6.86766584e-01,
        4.84916152e+00,  2.99319109e+00, -1.73904121e+00, -3.53502460e+00,
        4.25318321e+00,  3.23388674e-01,  1.48048923e+01,  6.35786389e+00,
        2.62812369e+00,  3.60035308e+00,  1.33298527e+00,  8.90820521e-01,
        4.88096921e-02, -5.34567462e-01, -3.78054602e+00,  1.06959192e+00,
       -8.14022159e+00,  6.94009359e+00,  8.02267810e-01,  4.53864495e-02,
        2.50825219e-01,  1.97046672e+00,  9.05476015e-01,  1.21178282e+01,
        3.43851802e+00,  3.69946026e-01, -5.37199614e+00,  5.74806703e+00,
        1.52660476e+00, -3.26307274e+00, -1.46041961e+00,  8.60652139e+00,
        1.76400115e+00, -1.99838672e-01,  3.30949183e+00, -6.55787536e+00,
        4.03774442e-01, -4.10418506e+00, -5.59783298e+00,  1.12203634e+00,
       -1.76198923e+00,  1.61295749e+00, -1.63468030e+00,  5.46196063e+00,
        2.87377107e+00,  5.95044363e+00, -5.15892000e+00,  3.10706402e+00,
        6.23720004e+00, -3.86962637e-01,  7.59539807e-01, -1.06331469e+00,
        1.67322645e-01,  6.08411888e+00,  8.64499877e+00,  2.13305309e+00,
       -2.77811829e+00, -3.30535125e+00,  3.84918059e+00,  6.66527852e+00,
       -2.58538613e+00,  5.03997091e+00,  2.36410889e+00,  2.15554752e+00,
        2.80738617e+00, -1.83653675e+00,  4.78547427e+00,  8.16271431e+00,
        1.57010259e+00, -2.24551830e+00, -1.32191761e-01,  3.41553277e+00,
       -1.29487508e+00, -4.36754487e+00,  6.71617172e+00, -4.00559546e+00,
        1.31792076e+01, -7.26970633e-01, -3.27645732e+00,  3.71867696e+00,
       -8.24328661e-01, -1.46400621e+00, -2.93803690e+00, -5.47629057e-01,
        3.72490747e+00, -3.59172240e-02,  1.60852089e+00,  4.98987341e+00,
       -5.72373111e-01,  4.21205564e+00, -5.55427430e-01,  4.32336302e+00,
        5.76610763e+00, -5.29840226e-01,  3.63794536e+00, -4.87081961e-01,
       -5.47587487e+00,  4.52848754e+00,  6.64266992e+00, -5.23327247e+00,
        2.54250827e+00,  1.80157283e+00,  4.60248122e+00,  4.43554639e-01,
        1.36877286e+00,  2.39148634e+00,  1.99556568e+00,  1.14816316e+00,
        3.50294466e+00, -4.60396968e+00, -1.33335964e+00,  5.35548090e+00,
        3.34949334e+00,  4.85463686e+00,  4.18916441e+00, -1.80199292e+00,
        4.34388052e+00,  3.23354960e+00,  3.63034508e+00, -5.72459280e+00,
        4.24345710e+00,  3.18853688e+00, -1.87551633e-01, -2.19913613e+00,
       -2.19215745e+00,  3.15955582e+00,  9.02184416e+00,  6.50220022e+00,
       -4.19513389e+00, -2.03715281e+00,  2.21322511e+00, -3.78001754e-01,
       -2.64685211e+00, -1.01820945e+00,  3.33238397e+00,  4.71966083e+00,
        7.78547705e+00, -1.44251315e+00,  4.55489971e+00,  4.22684652e-01,
        3.64251155e+00,  4.31745372e+00,  1.76835018e+00,  1.35611325e+00,
       -8.10158516e+00,  2.07834226e+00,  6.83733855e-01,  4.19089633e-01,
        2.45295460e+00,  4.33874924e+00, -1.97957747e+00,  3.19146161e+00,
        1.64276949e+00,  3.37478093e-01, -9.85107289e-01, -4.71585163e+00,
        6.19795399e+00,  4.58285316e+00, -1.28106665e-01, -2.92278593e+00,
        1.75038157e+00,  6.54971868e-02, -1.23356507e+00, -2.57995396e+00,
       -4.29744809e+00,  1.07802166e+00,  1.89718603e+00, -5.80131889e+00,
        3.11266316e+00,  6.19476029e+00,  4.02476848e+00,  5.69340621e+00,
        6.07690046e+00,  1.54053268e+00,  1.50136099e+00,  2.61744491e+00,
        2.13179262e+00, -4.56158167e+00,  8.49796490e+00, -1.72100311e+00,
        5.51852074e+00,  3.62556400e+00,  2.18905945e+00,  4.28523832e+00,
       -5.25564318e+00,  2.82844972e+00, -2.51171910e+00,  2.86958992e+00,
        9.05807631e+00, -1.96994877e-01,  9.63622346e+00, -1.82962249e+00,
       -2.75105247e+00,  2.32194462e+00,  9.89501355e-01,  4.65626765e+00,
       -3.58983030e+00,  9.74081714e-01,  6.95336604e+00,  4.33185614e+00,
        2.11414916e+00,  6.51738594e+00,  5.91435616e+00,  5.39263340e+00,
       -1.85188369e+00,  4.85405037e+00,  4.75007206e+00, -1.66931804e+00,
       -1.41349075e+00, -5.23303259e+00,  1.51324870e+00, -4.48130423e+00,
        1.14810500e+00, -3.85578564e-01,  2.79284038e+00,  2.93575714e-02,
        4.93129412e+00, -7.35664086e-01, -1.25902411e+00, -1.82784669e+00,
        3.02030248e+00,  1.56593472e+00,  1.97983902e+00,  6.18738412e+00,
       -5.46891176e+00,  2.94437107e+00,  3.37883669e+00,  8.31956716e+00,
       -9.40158266e+00, -1.36569159e+00, -3.49064053e+00,  8.15346313e+00,
        1.15419371e+00,  4.72519140e-01,  6.97609354e+00, -5.33271244e-01,
        7.09312645e+00, -6.74461107e+00,  4.21966681e+00, -6.43315323e-01,
       -1.83887332e+00,  6.56387056e+00,  2.78603472e+00,  5.43452753e+00,
        8.59936939e+00,  3.59284534e+00, -5.31427597e-01,  2.12413899e+00,
        8.50543545e+00,  3.27459541e+00,  1.77729076e+00,  7.51486152e+00,
        1.27253856e+00,  2.90599947e+00,  1.30773206e+00, -1.84277812e+00,
        2.53196679e+00,  2.72229956e+00,  6.00819109e+00,  8.79084813e+00,
       -2.74907077e+00,  4.27356889e+00,  4.38398517e+00, -4.43757770e+00,
        3.87814571e-01, -4.14815415e-01,  5.49382452e+00,  5.67967335e+00,
       -7.00061250e-01, -3.96545681e+00,  1.73425727e+00,  2.86810491e-01]), array([-8.59567683e-01,  4.99972319e+00,  8.17271405e+00,  1.24973406e+00,
       -2.86530119e+00, -8.73575878e-01, -3.11448493e+00,  7.27031234e+00,
        3.90217986e+00,  2.86645080e+00, -4.55568177e+00,  2.73855912e+00,
        3.70494080e+00,  6.87165744e-01,  1.54516200e+00, -3.68795929e+00,
        3.00746263e+00,  6.25652417e+00,  4.05331558e+00,  1.73512292e+00,
        1.25520000e+00, -3.58070670e-01, -3.00236220e+00, -3.68382491e+00,
        6.05023244e+00,  2.74105070e+00, -1.04539796e+00,  1.96711440e+00,
        2.40234479e+00,  2.09230875e+00,  2.23504234e+00,  5.32551456e+00,
        3.37973166e+00, -2.61034951e+00,  1.01529403e+00, -1.67749853e+00,
        2.85806957e+00,  2.67388914e+00,  3.20603931e+00, -4.33302406e-01,
       -3.91343139e+00, -5.43573838e-01,  4.95268683e+00,  4.04418768e+00,
       -5.46079529e+00,  7.16367140e+00,  1.70469578e+00,  1.61819622e+01,
        2.52210111e-01,  7.91925361e+00,  4.74680685e+00, -4.12882919e-01,
       -2.93529159e+00,  8.14594710e+00,  5.31366319e+00,  6.77231127e+00,
        2.30730645e+00,  3.16349304e-01, -3.66834068e+00,  8.79897169e+00,
        2.76957295e+00,  6.05359959e+00,  4.77178520e+00,  3.13897568e+00,
        3.38442812e+00,  8.10358523e+00, -7.79428988e+00,  2.86142522e+00,
        2.97740350e+00,  1.43625775e+01,  1.68757582e-01,  2.65710039e+00,
        1.25684225e-01, -5.33992672e+00,  5.30576696e+00,  8.14361948e-01,
        5.74762923e+00,  4.37071299e+00,  3.83075658e+00,  2.36340690e+00,
        4.26771828e+00,  3.94404761e+00, -3.59951190e+00,  1.47215377e+00,
        8.23825630e+00, -2.58078458e+00,  5.52862689e+00, -6.03826906e+00,
        1.39443271e+00,  2.67068406e+00,  6.74390741e-01,  2.50523899e+00,
       -1.60310867e+00,  6.84283856e+00,  9.88829408e-01,  4.55778368e+00,
        4.87638328e+00, -6.05903037e+00,  6.09649788e+00, -3.53786496e+00,
        4.30503644e+00,  6.81303985e+00, -6.19942753e-01,  9.30413204e+00,
        3.06905974e+00,  4.74861320e+00,  2.42044135e+00,  1.14153941e+00,
       -2.05627084e+00, -1.51764464e+00,  4.44206551e+00,  6.87988652e+00,
        3.15131407e+00,  1.43328670e+00,  5.00048001e+00,  4.71546732e+00,
       -1.51939870e-01,  4.34655469e+00,  1.00384142e+01,  4.19896442e+00,
        6.24596528e-01, -1.72011430e+00,  1.40519974e+00,  3.91365610e-01,
        5.41411505e+00,  7.91605464e+00, -1.67851183e+00,  4.80372701e+00,
        2.06018773e+00,  7.37084476e+00,  8.61072480e-01, -2.76726687e+00,
        6.89769756e+00, -4.77893790e+00,  5.35159967e+00,  7.31955302e+00,
        5.52831028e+00,  9.48554074e-01, -1.39656480e+00,  4.01182443e+00,
       -1.85233256e+00,  6.60831186e+00, -4.58175555e+00, -7.28954150e-01,
        6.34011132e+00,  3.69158223e+00,  5.94216653e+00, -5.93066585e-01,
        5.73465281e+00,  7.22077165e+00,  4.68215693e+00,  1.60447806e+00,
        6.48104831e+00,  2.48200186e+00,  5.67130246e+00,  2.42762113e+00,
       -2.02218213e+00,  1.96245993e+00, -1.09081137e+00,  3.13724590e+00,
        1.52635141e+00,  3.81353801e+00,  5.54429588e-01,  3.54564928e+00,
        5.54099493e+00,  4.97289617e+00,  2.18802964e+00,  3.59252410e+00,
        4.22230478e+00,  1.84115284e+00, -2.57561885e+00,  6.11958667e+00,
        2.74641714e+00,  3.87655597e+00,  5.38272134e+00, -5.58500696e-01,
        7.38226504e+00, -3.90514547e+00,  8.01596240e+00,  2.72692591e+00,
        1.09725276e+00, -8.90923833e-01, -3.08390757e+00,  2.00012679e+00,
        3.75851013e+00,  3.33685888e+00,  1.80439680e+00,  3.17599190e+00,
        3.81308801e+00,  4.70741056e-01, -2.69674836e+00,  2.66888921e+00,
        6.98109419e-01,  6.79407858e-01,  2.83597599e+00,  3.71853015e+00,
        2.34171050e+00,  2.52928083e+00,  3.68006345e+00,  2.23090017e+00,
        2.04755697e+00,  2.84221583e-01, -4.00662079e-01,  2.58367474e-01,
        9.32084858e-01,  5.63352841e+00,  2.61889404e+00,  6.26795325e+00,
        8.69662899e-01,  6.92224199e+00,  1.26431325e+00, -1.36961645e+00,
       -1.44403509e+00,  5.26036502e+00,  4.54637093e+00,  5.34417452e+00,
        3.82493421e+00,  4.66728979e+00, -2.95933569e+00,  2.85614494e-01,
        4.86790964e+00,  4.75090356e+00,  5.93826426e+00,  1.10311081e-01,
        5.67275392e+00,  1.21081505e+00,  7.62023122e-01,  6.58143831e-01,
        7.57182763e+00,  6.13329256e+00,  3.92577791e+00, -2.98998419e+00,
        6.20187724e+00, -2.57674118e+00, -1.20059875e+00, -1.38314014e+00,
        6.50368822e-01, -1.89174624e+00,  6.92539489e+00,  8.51588827e+00,
        3.52363754e+00,  5.97083975e+00,  1.03415468e+01,  3.09628090e+00,
       -2.27091973e-01,  1.20203200e+00,  4.38973078e+00,  4.79589713e-01,
        5.09588394e-01, -7.94880182e+00, -4.72459221e-01,  9.91889303e+00,
       -2.35656642e+00,  2.97731522e+00, -1.54112333e+00,  5.48740656e+00,
       -3.12510646e+00, -3.38108270e+00, -2.97380433e+00,  5.51518398e-01,
        9.81582142e-01,  2.93359662e-01,  1.14872551e+00,  7.91107294e+00,
        6.06925867e+00,  6.88478772e+00,  7.08807068e-01,  2.13207109e+00,
       -9.52950106e-02,  1.02754231e+01, -4.57676805e+00,  3.09645852e+00,
       -2.61104877e-01,  2.50953552e+00,  1.78037781e+00,  6.01567668e+00,
        2.87376038e+00,  3.40397445e+00, -1.42903641e+00,  4.63871871e+00,
        9.14059711e+00, -8.21599965e+00, -4.94944820e+00,  2.75449374e+00,
       -2.21762526e+00, -2.54437441e-01,  8.46054990e+00,  3.04079634e-01,
        6.28315303e+00,  6.16007540e+00, -3.41904881e+00,  7.67682019e+00,
        2.55257460e+00,  1.21247879e+00, -2.11402181e+00,  2.17409383e+00,
        6.03445527e+00,  4.61602249e+00,  3.23165261e+00,  2.00782482e+00,
        4.05960688e+00,  1.16229346e-01, -7.01304013e+00, -4.06409954e+00,
        4.02294380e-01,  9.49256463e+00,  4.45682463e+00, -6.43340946e-01,
        3.97642531e+00,  9.92246713e+00,  1.58280163e+00,  6.68340005e-01,
        2.87157257e-01, -6.47724438e+00,  6.30526915e-01, -7.03650769e-01,
        4.38548059e-01,  2.25009654e+00, -2.40554931e+00,  4.01009879e+00,
        5.94509259e+00, -5.61088462e-01, -1.40949895e+00,  5.75193926e+00,
        2.88372860e+00,  9.52501222e+00,  3.35475021e+00,  4.26807562e-02,
       -1.23992195e+00,  4.32375805e+00,  7.66390924e+00,  5.20406828e+00,
       -2.99256635e+00,  2.31391784e+00,  4.86545653e+00,  5.45639567e+00,
        4.69629413e+00,  1.92150086e+00,  3.12546601e+00,  4.08778278e+00,
        5.56083869e+00, -1.43663150e+00,  8.75413447e-01,  3.41432130e+00,
        8.34840609e-01,  4.36853637e-01, -1.66362919e+00,  8.90117642e-01,
        3.70771621e+00,  7.17460042e+00, -3.06942477e-01, -7.37225377e-01,
        1.02257321e-01,  7.41710543e+00,  4.49551606e+00,  6.03502392e+00,
        3.77738362e+00,  4.18525259e+00, -1.61252256e+00, -1.47641853e+00,
        5.58194764e+00, -4.66784922e-01, -4.30759711e-01,  3.57829703e+00,
        6.78310114e+00,  5.44339024e+00,  5.46540906e+00,  1.56130633e+00,
        1.25013629e+00, -1.22682397e+00,  5.56246427e+00,  4.73035105e+00,
        3.21626686e+00,  1.06675636e+00,  9.86129707e+00,  1.52912479e-01,
        1.24688623e+00, -1.28742904e+00,  2.24143223e+00,  1.49661707e+00,
        8.46235819e+00, -2.02544986e+00, -2.73372050e+00,  1.84978859e+00,
       -2.63966473e+00, -5.19034500e+00, -2.02374991e+00,  2.34093236e+00,
       -5.27840645e-01,  4.09108195e+00,  3.99017134e+00,  2.89601208e+00,
        2.51312484e+00,  4.87413272e+00,  4.56277919e+00, -1.00607878e+00,
        5.06304406e+00,  4.15834936e+00,  5.03444668e+00, -5.61496186e+00,
       -6.46694375e-01,  2.57428852e-01,  4.03496191e+00,  3.56182802e+00,
        4.33737087e+00,  3.73184434e+00, -2.36295724e+00,  3.56293913e+00,
       -5.65343538e-01,  6.29863606e+00,  3.95987109e+00,  2.13224932e+00,
       -2.26897074e+00, -5.38030794e+00,  9.97592688e-01,  3.66431687e+00,
        1.57925054e+00,  2.53012046e+00,  1.76513082e-01,  4.79613812e+00,
        2.28658757e+00,  5.75121573e+00,  1.58973455e+00,  5.15330643e+00,
       -6.74321098e+00,  1.85268184e+00,  1.20521436e-01,  6.24173445e-01,
        7.79906911e+00, -3.27375223e+00,  9.43109889e+00,  8.33036730e-01,
       -4.31411630e+00, -9.43459469e-01,  1.23040914e+00,  8.82063214e+00,
       -5.54076062e+00,  1.19938495e+01, -1.77049359e+00, -1.11719336e+00,
        2.77816101e+00,  3.98095008e+00, -2.72855420e+00, -4.55619997e+00,
       -6.51867782e+00,  1.63520186e+00,  2.10059411e+00,  1.47510150e+00,
        1.07848547e-01,  4.77881857e+00,  5.07281675e+00,  2.77346408e+00,
       -7.91936116e+00,  5.56929217e+00,  1.67545829e+00,  5.72139175e+00,
        1.58629300e+00,  1.38830764e-01,  4.36128944e-01, -4.19481194e+00,
        9.12493862e+00,  3.51053035e+00, -3.94365277e+00, -5.77345902e+00,
        3.78950777e+00, -1.88642221e-01,  1.79819474e-01, -1.16804420e+00,
        3.60195755e-02,  8.83414275e+00,  2.85991911e+00,  3.86753226e+00,
        3.86865944e+00,  5.06997797e+00,  5.56728120e+00,  1.94688818e+00,
        1.16577321e+00, -2.33971963e+00,  3.04653333e+00,  5.17487893e+00,
        1.01510568e+01, -1.37505401e+00,  2.54852792e+00, -5.24270739e-01,
        1.73984387e+00,  4.64409030e+00,  5.53382653e+00,  2.36842585e+00,
        4.28571196e+00, -1.93884723e+00,  8.75161620e+00,  3.64841969e+00,
       -1.68292751e+00,  9.99695560e+00,  3.10780839e+00,  1.13486859e+00,
        1.68449209e+00, -5.26994377e+00, -1.08745782e-01, -1.04739209e+00,
        1.21822566e+00,  5.96027889e+00,  3.84845059e+00, -1.51714163e+00,
        3.19437980e+00,  5.47407346e+00, -3.68653447e-01,  3.48769875e+00,
        5.62004737e+00,  5.23546415e+00, -4.90976212e-01, -1.80852378e+00,
        3.31947493e+00,  4.62186142e+00,  5.52439370e+00, -2.05728541e+00,
        2.38115059e+00, -4.20766569e-01,  4.18912896e+00,  9.31431681e-02,
        8.07385590e+00,  8.90601156e+00,  2.32168083e+00,  5.88373399e-01,
       -3.65281155e-01,  3.45334342e+00,  3.58250225e-01,  1.08973277e+00,
        5.34471619e+00,  3.94510271e+00, -6.57762510e-01, -2.47481703e+00,
        5.07657623e+00,  9.58812240e-01,  1.45978241e+01,  6.78542154e+00,
        2.89142362e+00,  3.50713528e+00,  1.98551162e+00,  9.75313973e-01,
        8.05094652e-01,  4.56923635e-01, -2.82669316e+00,  1.38878708e+00,
       -7.31126305e+00,  7.84226136e+00,  1.21818728e+00,  7.89464434e-01,
        1.07891062e+00,  1.87545283e+00,  1.19274386e+00,  1.22535249e+01,
        4.40493538e+00,  7.02247860e-01, -4.17955442e+00,  5.85825617e+00,
        2.04144586e+00, -2.34378590e+00, -4.40045579e-01,  8.95974002e+00,
        2.53860578e+00,  4.64232593e-01,  4.21274961e+00, -5.87981567e+00,
        1.79558698e+00, -3.16459769e+00, -4.80647844e+00,  1.57140696e+00,
       -9.14844003e-01,  2.20880775e+00, -8.53992878e-01,  5.97600117e+00,
        3.30431989e+00,  6.24054686e+00, -3.87208465e+00,  3.88963386e+00,
        6.63148017e+00,  5.59752590e-01,  1.46069156e+00,  1.30481433e-01,
        7.72627923e-01,  7.26678540e+00,  9.41782799e+00,  2.48858015e+00,
       -1.72509334e+00, -2.52001932e+00,  3.94494791e+00,  8.11435775e+00,
       -2.29412167e+00,  5.58502362e+00,  3.03696992e+00,  2.96578906e+00,
        3.91559302e+00, -1.30128940e+00,  5.03004331e+00,  9.18234134e+00,
        2.27976708e+00, -8.47784205e-01,  9.51112483e-01,  4.21654863e+00,
       -7.79221690e-01, -2.72859627e+00,  7.32684321e+00, -3.00502745e+00,
        1.33587692e+01,  4.95618902e-01, -2.48926730e+00,  4.43228351e+00,
        5.90345762e-03, -5.87628794e-01, -1.63106443e+00,  4.40945491e-01,
        4.37553417e+00,  1.33936103e+00,  2.41225670e+00,  5.61754502e+00,
        4.87612077e-01,  5.40985159e+00, -7.18838282e-01,  5.13334649e+00,
        6.00124898e+00,  1.11510107e+00,  4.28110180e+00,  3.63458549e-01,
       -4.58733029e+00,  4.89194955e+00,  6.61139116e+00, -4.32739598e+00,
        3.21324728e+00,  2.15409811e+00,  4.95419277e+00,  8.39123114e-01,
        1.80374117e+00,  2.74102274e+00,  3.37526448e+00,  2.33096631e+00,
        3.99075029e+00, -3.70188963e+00, -1.53283707e+00,  5.91746086e+00,
        3.64240192e+00,  5.71163399e+00,  4.65227629e+00, -1.03901685e+00,
        4.84247332e+00,  3.92950174e+00,  4.32633722e+00, -5.09393577e+00,
        5.08817737e+00,  3.75616124e+00,  7.64859287e-01, -1.92058464e+00,
       -1.35555713e+00,  3.36166705e+00,  1.00307654e+01,  7.09395546e+00,
       -2.79544208e+00, -1.34913870e+00,  2.62123847e+00,  1.52198470e-01,
       -2.30887126e+00, -7.50585606e-01,  4.49018944e+00,  5.19183078e+00,
        8.92840106e+00, -3.27420185e-01,  5.48972513e+00,  1.15434764e+00,
        4.15239932e+00,  4.61945652e+00,  2.16965085e+00,  2.08569755e+00,
       -7.35064856e+00,  3.39854168e+00,  5.49263081e-01,  1.31501148e+00,
        2.69949108e+00,  4.97040314e+00, -1.47962894e+00,  3.90634863e+00,
        1.67377879e+00,  4.69844863e-01,  1.42945082e-01, -3.46460934e+00,
        6.65716588e+00,  5.22035620e+00,  8.28065844e-01, -2.45959485e+00,
        1.93840447e+00,  9.63929392e-01, -3.04203817e-02, -1.56305943e+00,
       -3.10341478e+00,  1.77626281e+00,  2.20243949e+00, -4.69083333e+00,
        3.94326057e+00,  6.75504177e+00,  4.78438380e+00,  6.82665362e+00,
        6.70399369e+00,  1.92919636e+00,  1.95283033e+00,  2.90934212e+00,
        1.83849379e+00, -3.64880884e+00,  8.82988613e+00, -4.46931450e-01,
        6.03578903e+00,  3.70673513e+00,  2.91398345e+00,  4.58690820e+00,
       -4.34849029e+00,  3.78354561e+00, -1.05102562e+00,  3.99033166e+00,
        9.88488329e+00,  4.14206585e-01,  1.03553769e+01, -9.66745999e-01,
       -1.79614212e+00,  3.12126608e+00,  2.25646583e+00,  4.88832297e+00,
       -2.72539793e+00,  2.15068865e+00,  7.45663751e+00,  5.36920048e+00,
        2.62132320e+00,  7.19936786e+00,  6.43901731e+00,  6.20900551e+00,
       -9.94912810e-01,  5.21728025e+00,  5.63138653e+00, -8.24569674e-01,
       -6.43863035e-01, -4.16774611e+00,  2.01015784e+00, -2.99877044e+00,
        1.86658316e+00,  4.64740437e-01,  3.43988412e+00,  9.15101998e-01,
        5.60994992e+00,  2.73934119e-01, -3.72949792e-01, -6.11129039e-01,
        3.34201934e+00,  2.19547290e+00,  3.08109909e+00,  6.73828588e+00,
       -4.46105929e+00,  4.25301032e+00,  4.13232551e+00,  8.30581132e+00,
       -8.24908906e+00, -6.49382664e-01, -2.68498530e+00,  9.11164671e+00,
        1.95031510e+00,  1.01506450e+00,  7.99831438e+00,  3.04357369e-01,
        7.67422695e+00, -5.19621612e+00,  4.05471279e+00,  8.44209079e-04,
       -1.37725589e+00,  6.78072830e+00,  3.38234963e+00,  6.02666600e+00,
        9.21911730e+00,  4.40747784e+00,  4.12399892e-01,  2.79208626e+00,
        9.30113891e+00,  3.79761767e+00,  2.78222517e+00,  7.95081542e+00,
        1.89952489e+00,  4.13456579e+00,  2.49022221e+00, -8.12997169e-01,
        3.63934565e+00,  3.63136098e+00,  6.16598715e+00,  9.39499505e+00,
       -1.96964389e+00,  4.86576561e+00,  5.19092344e+00, -3.54593100e+00,
        1.16225240e+00,  2.72364589e-01,  5.84168445e+00,  6.51591197e+00,
       -1.97246797e-01, -3.15970116e+00,  2.25340997e+00,  1.29251736e+00]), array([-9.73060359e-02,  5.93470266e+00,  8.43659527e+00,  1.12883135e+00,
       -1.65542718e+00,  1.23121429e-02, -1.95236916e+00,  7.96112766e+00,
        4.03194396e+00,  3.85721993e+00, -3.82112316e+00,  3.89700133e+00,
        4.34430061e+00,  5.60819104e-01,  2.15281038e+00, -3.11537124e+00,
        3.74984680e+00,  7.12965475e+00,  4.92127573e+00,  2.78509864e+00,
        2.10008254e+00, -1.28620377e-02, -2.02042956e+00, -2.55486395e+00,
        6.22765362e+00,  3.32667329e+00, -8.64792681e-01,  2.46262584e+00,
        3.24331412e+00,  2.12606683e+00,  3.04810535e+00,  5.51036969e+00,
        3.91293063e+00, -1.42428268e+00,  1.35042529e+00, -6.20675400e-01,
        3.72056323e+00,  3.08245321e+00,  3.62784526e+00,  1.44677888e-01,
       -3.19241401e+00,  2.22704052e-01,  5.27036129e+00,  4.56448693e+00,
       -4.38926297e+00,  7.66349969e+00,  1.98705135e+00,  1.64672682e+01,
        9.47997728e-01,  8.44031946e+00,  5.42156318e+00,  5.10497444e-01,
       -2.10371770e+00,  8.64327390e+00,  6.02244501e+00,  6.53578768e+00,
        2.85220326e+00,  1.08974671e+00, -2.76320196e+00,  9.81334633e+00,
        3.27342548e+00,  6.32472696e+00,  6.41352136e+00,  3.77134991e+00,
        3.89642049e+00,  8.43320452e+00, -6.75501894e+00,  3.70449072e+00,
        3.15042495e+00,  1.47597296e+01,  1.13211973e+00,  3.30175997e+00,
        1.13896262e+00, -4.03391211e+00,  5.94138289e+00,  1.29168620e+00,
        6.15185784e+00,  5.06868186e+00,  4.57245319e+00,  3.23744236e+00,
        4.75642603e+00,  4.08277866e+00, -2.52500250e+00,  2.55170395e+00,
        8.81618071e+00, -1.16009652e+00,  6.44245742e+00, -5.44020896e+00,
        2.06325841e+00,  3.45651733e+00,  8.76298472e-01,  3.56080713e+00,
       -4.61232399e-01,  7.18159707e+00,  2.06017090e+00,  4.75512020e+00,
        5.36598874e+00, -5.51883302e+00,  6.79878998e+00, -3.10253972e+00,
        5.24281785e+00,  7.12546296e+00,  2.68447390e-01,  9.92718533e+00,
        4.09813061e+00,  5.16271290e+00,  3.06691146e+00,  1.47557273e+00,
       -9.32336447e-01, -8.09703634e-01,  4.21109137e+00,  7.92493974e+00,
        4.39706528e+00,  2.40446665e+00,  5.23866800e+00,  5.00900867e+00,
        4.06283806e-01,  4.92750475e+00,  1.03187010e+01,  4.76306006e+00,
        1.15458350e+00, -9.83839753e-01,  1.76948905e+00,  1.96727669e-01,
        6.26378256e+00,  8.68547779e+00, -7.80209429e-01,  4.95634890e+00,
        2.71862495e+00,  7.47620537e+00,  2.16324758e+00, -1.54388421e+00,
        7.63147217e+00, -4.05733715e+00,  6.06389724e+00,  7.68860524e+00,
        6.05932995e+00,  1.87625072e+00, -5.84984247e-01,  4.88638431e+00,
       -1.11683930e+00,  6.99548128e+00, -3.50886001e+00,  6.32865745e-01,
        7.12829179e+00,  4.42954672e+00,  6.82095007e+00,  4.35530793e-01,
        6.54821814e+00,  7.14280289e+00,  5.03784312e+00,  1.95734979e+00,
        7.23160862e+00,  2.78093237e+00,  5.79280606e+00,  3.40603092e+00,
       -1.15510330e+00,  2.50631663e+00, -3.42734769e-02,  3.53083906e+00,
        2.35592142e+00,  4.43156316e+00,  1.01799036e+00,  4.11575236e+00,
        5.63581065e+00,  4.87289172e+00,  2.75749157e+00,  4.14390247e+00,
        4.59520026e+00,  2.96519108e+00, -1.72859202e+00,  7.21505606e+00,
        3.09319942e+00,  4.55824739e+00,  6.28469631e+00,  2.26465726e-01,
        7.66212227e+00, -2.75748073e+00,  8.43925863e+00,  3.52207051e+00,
        2.07484845e+00, -3.14917998e-01, -2.34116630e+00,  2.86352857e+00,
        4.72422425e+00,  4.26597661e+00,  3.13940539e+00,  3.51418485e+00,
        4.51164656e+00,  1.61372069e+00, -1.95095074e+00,  3.25171841e+00,
        1.56778874e+00,  1.06464238e+00,  3.49921974e+00,  4.63677364e+00,
        3.12621830e+00,  3.03088673e+00,  4.56444727e+00,  2.58790934e+00,
        3.14991266e+00,  1.28537771e+00,  1.63730404e-01,  8.59389145e-01,
        1.77096288e+00,  6.26636336e+00,  3.51276593e+00,  6.82051720e+00,
        1.48519703e+00,  7.49239064e+00,  2.29406402e+00, -7.36030894e-01,
       -7.83622341e-01,  5.88056534e+00,  5.13963022e+00,  6.44383641e+00,
        5.25264321e+00,  5.89905585e+00, -1.96902263e+00,  7.18476306e-01,
        5.51395185e+00,  5.65125749e+00,  7.11568052e+00,  1.24456078e+00,
        6.11202511e+00,  1.74877744e+00,  1.94793229e+00,  1.34425315e+00,
        7.89919411e+00,  6.64458336e+00,  4.59838976e+00, -2.15514423e+00,
        6.98616327e+00, -2.60628459e+00, -1.91941046e-01, -3.20725896e-01,
        1.37672418e+00, -9.72442952e-01,  7.80420208e+00,  9.04541852e+00,
        4.17433081e+00,  6.75650017e+00,  1.08728369e+01,  4.46506879e+00,
        6.67451953e-01,  1.75104787e+00,  5.18870295e+00,  8.94874408e-01,
        1.10831413e+00, -6.40119975e+00,  4.71236623e-01,  1.06805967e+01,
       -1.92209704e+00,  3.55441858e+00, -6.96498264e-01,  5.67962031e+00,
       -1.52617632e+00, -3.10169791e+00, -2.10851392e+00,  1.33809368e+00,
        1.43174674e+00,  1.35019402e+00,  2.05755387e+00,  9.20768655e+00,
        6.44073333e+00,  6.94386675e+00,  1.10136575e+00,  2.58775576e+00,
        4.39827786e-01,  1.14635189e+01, -3.50309376e+00,  3.70397284e+00,
        5.02871254e-01,  3.35411630e+00,  2.20833200e+00,  7.22341072e+00,
        4.34242000e+00,  4.44030503e+00, -6.30445361e-01,  5.28891969e+00,
        9.61376246e+00, -7.35423657e+00, -4.19187436e+00,  3.48884814e+00,
       -1.50795418e+00,  2.80144932e-01,  9.04643661e+00,  1.31502246e+00,
        7.45852597e+00,  7.25845282e+00, -2.65881645e+00,  8.52060043e+00,
        3.22559246e+00,  1.94198334e+00, -1.20228999e+00,  3.02076170e+00,
        6.89273763e+00,  5.05163545e+00,  3.35804036e+00,  3.08623594e+00,
        4.96279618e+00, -7.85117646e-02, -6.84477690e+00, -2.45832051e+00,
        1.63861311e+00,  9.62397088e+00,  5.22133882e+00, -5.74535345e-01,
        4.88087881e+00,  1.07063415e+01,  1.93983065e+00,  7.31650873e-01,
        8.20371549e-01, -5.69549693e+00,  1.32523127e+00, -3.01919764e-01,
        4.84097783e-01,  2.87214438e+00, -1.97697231e+00,  4.53699454e+00,
        6.41583208e+00,  2.39703187e-01, -4.83178260e-01,  6.48338108e+00,
        3.47177683e+00,  1.06712629e+01,  4.04940238e+00,  8.31482167e-01,
       -7.17609286e-01,  4.56835966e+00,  8.18348469e+00,  5.68787965e+00,
       -2.46120820e+00,  2.64829840e+00,  5.62329078e+00,  5.97557542e+00,
        4.89208241e+00,  2.74943371e+00,  3.70772437e+00,  4.06621698e+00,
        5.92130788e+00, -6.62002517e-01,  1.52141989e+00,  4.10566224e+00,
        1.47354382e+00,  8.53206030e-01, -1.02273597e+00,  1.50735951e+00,
        5.11125047e+00,  7.97149167e+00, -4.24337146e-02,  2.54534059e-01,
        7.01806435e-01,  8.76256183e+00,  4.94661322e+00,  6.18613555e+00,
        5.21767222e+00,  5.29038145e+00, -1.49358948e-01, -3.08571940e-01,
        5.86583032e+00, -2.97132986e-01,  8.81265575e-01,  4.01096637e+00,
        7.12461433e+00,  6.22318003e+00,  5.81643704e+00,  2.29783468e+00,
        1.96682653e+00, -8.50307836e-01,  6.63712948e+00,  5.37468512e+00,
        3.48110846e+00,  1.99346266e+00,  1.05744412e+01,  7.73945764e-01,
        1.18655491e+00, -7.50984874e-01,  3.17114330e+00,  2.15410913e+00,
        9.43737072e+00, -1.31706885e+00, -2.15687313e+00,  3.14324563e+00,
       -1.83669447e+00, -4.29718947e+00, -1.04641278e+00,  3.37057743e+00,
        5.87459073e-01,  5.03497501e+00,  4.78947982e+00,  3.53623615e+00,
        2.89947165e+00,  6.08110482e+00,  5.38249628e+00, -5.29224605e-01,
        5.56922805e+00,  5.25897358e+00,  6.33528723e+00, -5.47836280e+00,
        3.49298043e-01,  1.29866708e+00,  5.34089703e+00,  5.07373717e+00,
        4.47067292e+00,  4.58541476e+00, -1.27818663e+00,  4.61549235e+00,
        1.75152850e-01,  7.03386113e+00,  4.41909593e+00,  2.63432169e+00,
       -1.75120545e+00, -4.90939560e+00,  2.15723082e+00,  4.59775746e+00,
        2.40745201e+00,  3.35382524e+00,  1.20623045e+00,  5.97623763e+00,
        2.97547736e+00,  6.36073635e+00,  2.74886628e+00,  5.63461978e+00,
       -6.19979133e+00,  2.88450724e+00,  5.91115862e-01,  1.74055150e+00,
        8.25348947e+00, -2.47234025e+00,  9.92935517e+00,  1.93806090e+00,
       -3.23549436e+00, -1.12011611e-01,  1.86232945e+00,  8.71498079e+00,
       -4.24321351e+00,  1.16897532e+01, -6.91256342e-01, -4.43793617e-01,
        3.61323571e+00,  4.18037951e+00, -1.63392032e+00, -3.99751366e+00,
       -5.56253501e+00,  2.28122571e+00,  3.72455627e+00,  2.24173814e+00,
        9.15849426e-01,  5.69974684e+00,  5.80703006e+00,  4.13485010e+00,
       -7.84464648e+00,  6.17579758e+00,  2.41167524e+00,  6.31602272e+00,
        2.14683999e+00,  1.07829874e+00,  9.69613333e-01, -4.14516587e+00,
        9.02082877e+00,  4.20463842e+00, -3.20824291e+00, -4.70453679e+00,
        4.49869624e+00,  9.33542969e-01,  1.16076621e+00, -3.34470557e-01,
        8.12754355e-01,  9.56804804e+00,  3.69293749e+00,  4.34579247e+00,
        4.49610940e+00,  6.39597640e+00,  5.79585107e+00,  2.04416087e+00,
        2.71335798e+00, -1.07871304e+00,  4.17604260e+00,  6.09801740e+00,
        1.05127056e+01, -7.78666711e-01,  2.86235059e+00, -2.30997108e-02,
        2.24066510e+00,  5.17167693e+00,  6.55874415e+00,  2.92958358e+00,
        5.22069143e+00, -1.11928867e+00,  8.73609594e+00,  4.59997541e+00,
       -1.26536649e+00,  1.01298996e+01,  2.83186637e+00,  1.61675803e+00,
        2.56111503e+00, -4.07005691e+00,  1.12271292e+00,  9.68781423e-03,
        2.22879237e+00,  6.87066948e+00,  4.31921334e+00, -1.69928781e+00,
        3.94560065e+00,  5.85506395e+00, -5.11308289e-03,  4.13791758e+00,
        6.29204871e+00,  6.06981329e+00,  1.93811017e-01, -1.39086270e+00,
        4.34669250e+00,  5.24259102e+00,  5.77972724e+00, -1.35892570e+00,
        3.07865183e+00,  6.78291160e-01,  5.33971241e+00,  8.71585598e-01,
        8.83765720e+00,  9.24726396e+00,  3.26917875e+00,  9.56078608e-01,
        7.54847729e-01,  4.20577993e+00,  5.43861993e-01,  1.46850035e+00,
        5.79109371e+00,  4.90624659e+00,  4.14932893e-01, -1.40786390e+00,
        5.90410030e+00,  1.56683979e+00,  1.43679395e+01,  7.18236277e+00,
        3.13294570e+00,  3.40129169e+00,  2.64695397e+00,  9.95985243e-01,
        1.56661078e+00,  1.41054288e+00, -1.85916034e+00,  1.67382379e+00,
       -6.49697273e+00,  8.71089508e+00,  1.60020162e+00,  1.50954991e+00,
        1.85709039e+00,  1.72956285e+00,  1.45171075e+00,  1.23765097e+01,
        5.29967457e+00,  9.87382723e-01, -3.02479086e+00,  5.98740121e+00,
        2.54716304e+00, -1.47487902e+00,  5.73112563e-01,  9.30847514e+00,
        3.28676654e+00,  1.08842763e+00,  5.13167020e+00, -5.23080478e+00,
        3.19189888e+00, -2.30205377e+00, -4.05492022e+00,  2.00496115e+00,
       -8.58601803e-02,  2.78624107e+00, -7.46564688e-02,  6.47313277e+00,
        3.72180188e+00,  6.53115584e+00, -2.60042414e+00,  4.66507346e+00,
        7.04317705e+00,  1.51122309e+00,  2.13843927e+00,  1.26948931e+00,
        1.35769981e+00,  8.45243472e+00,  1.01719358e+01,  2.79488868e+00,
       -7.06666321e-01, -1.76575052e+00,  4.01095364e+00,  9.59007373e+00,
       -2.05906274e+00,  6.12615821e+00,  3.68632583e+00,  3.74518566e+00,
        5.01658567e+00, -7.78746461e-01,  5.24364039e+00,  1.02148229e+01,
        2.94758635e+00,  5.26824310e-01,  2.03129608e+00,  4.99546961e+00,
       -3.07098638e-01, -1.14640168e+00,  7.92423592e+00, -2.02587544e+00,
        1.35015567e+01,  1.68901089e+00, -1.75695791e+00,  5.13619225e+00,
        8.21043894e-01,  2.53324253e-01, -3.64527062e-01,  1.42120625e+00,
        4.99767004e+00,  2.71779240e+00,  3.18589808e+00,  6.27370022e+00,
        1.52124653e+00,  6.60083021e+00, -9.45393828e-01,  5.94714849e+00,
        6.21512019e+00,  2.78711063e+00,  4.88830053e+00,  1.20516690e+00,
       -3.74522702e+00,  5.25733157e+00,  6.53429412e+00, -3.41725353e+00,
        3.87687232e+00,  2.48360883e+00,  5.27367080e+00,  1.17883640e+00,
        2.20317579e+00,  3.07869729e+00,  4.75157907e+00,  3.55565140e+00,
        4.44887821e+00, -2.84117078e+00, -1.78503891e+00,  6.47366793e+00,
        3.96570215e+00,  6.58746541e+00,  5.08496683e+00, -3.32486857e-01,
        5.35089409e+00,  4.61296955e+00,  5.02677125e+00, -4.46470934e+00,
        5.90129808e+00,  4.29338173e+00,  1.70297787e+00, -1.68395797e+00,
       -5.21023442e-01,  3.52639173e+00,  1.10569063e+01,  7.67426180e+00,
       -1.41348560e+00, -6.76291632e-01,  3.01764300e+00,  6.67879113e-01,
       -2.01071744e+00, -5.27700785e-01,  5.63666281e+00,  5.67792842e+00,
        1.00722556e+01,  7.56717036e-01,  6.42635446e+00,  1.88785477e+00,
        4.61187003e+00,  4.91203927e+00,  2.50910984e+00,  2.77720314e+00,
       -6.63077415e+00,  4.71526854e+00,  3.91379394e-01,  2.19123235e+00,
        2.90698839e+00,  5.59295578e+00, -9.88702947e-01,  4.61519458e+00,
        1.67040095e+00,  5.37943505e-01,  1.25577481e+00, -2.25306329e+00,
        7.12746459e+00,  5.84074346e+00,  1.73886375e+00, -2.05130542e+00,
        2.11177874e+00,  1.86616242e+00,  1.14870941e+00, -5.71451752e-01,
       -1.92660970e+00,  2.48898691e+00,  2.48713854e+00, -3.57841129e+00,
        4.75619259e+00,  7.28813357e+00,  5.53934802e+00,  7.98095643e+00,
        7.29411651e+00,  2.28842156e+00,  2.36573093e+00,  3.20071805e+00,
        1.49440826e+00, -2.73302327e+00,  9.15556180e+00,  8.12949683e-01,
        6.55014200e+00,  3.73941577e+00,  3.63534902e+00,  4.85964944e+00,
       -3.48750434e+00,  4.69777485e+00,  3.88869671e-01,  5.10104000e+00,
        1.06903719e+01,  1.03107059e+00,  1.11051027e+01, -1.16728964e-01,
       -9.06390670e-01,  3.90660348e+00,  3.52299694e+00,  5.07677214e+00,
       -1.90871273e+00,  3.33472802e+00,  7.93827956e+00,  6.40268263e+00,
        3.09689486e+00,  7.89907952e+00,  6.92904425e+00,  7.00946412e+00,
       -1.59637663e-01,  5.55797359e+00,  6.48686004e+00, -2.73560236e-02,
        1.31820280e-01, -3.12059676e+00,  2.47925131e+00, -1.53494477e+00,
        2.58757584e+00,  1.29680810e+00,  4.03889215e+00,  1.74232955e+00,
        6.25869743e+00,  1.29177537e+00,  5.09668711e-01,  5.81273163e-01,
        3.62885979e+00,  2.75023398e+00,  4.16689488e+00,  7.27818993e+00,
       -3.49982986e+00,  5.57742982e+00,  4.89319116e+00,  8.24586052e+00,
       -7.15126597e+00,  4.15490234e-02, -1.88370384e+00,  1.00867454e+01,
        2.73928464e+00,  1.53216506e+00,  9.01859691e+00,  1.12699194e+00,
        8.21742746e+00, -3.64273718e+00,  3.85472196e+00,  6.02730013e-01,
       -9.52606099e-01,  6.99467134e+00,  3.95400290e+00,  6.61335312e+00,
        9.80688676e+00,  5.20690337e+00,  1.29770685e+00,  3.45926433e+00,
        1.01015618e+01,  4.29895119e+00,  3.77661802e+00,  8.39307599e+00,
        2.50850306e+00,  5.34905420e+00,  3.68407608e+00,  2.12053238e-01,
        4.75863181e+00,  4.52012620e+00,  6.26043958e+00,  1.00152635e+01,
       -1.19620458e+00,  5.43033938e+00,  5.98271669e+00, -2.69931090e+00,
        1.87557654e+00,  9.64400738e-01,  6.15733824e+00,  7.36126660e+00,
        2.86075513e-01, -2.38989833e+00,  2.73961887e+00,  2.26774307e+00]), array([ 6.64320374e-01,  6.84521778e+00,  8.68069932e+00,  1.01488743e+00,
       -4.51773888e-01,  9.00663204e-01, -7.86860632e-01,  8.63467805e+00,
        4.15857868e+00,  4.83713652e+00, -3.07951044e+00,  5.03777778e+00,
        4.97283953e+00,  4.38016056e-01,  2.75148097e+00, -2.53283026e+00,
        4.47795900e+00,  7.98011113e+00,  5.77586974e+00,  3.82088383e+00,
        2.93525350e+00,  3.31784136e-01, -1.03546683e+00, -1.42094669e+00,
        6.39240948e+00,  3.90527358e+00, -6.78790852e-01,  2.95334528e+00,
        4.07496800e+00,  2.16048134e+00,  3.85447142e+00,  5.68361658e+00,
        4.43670403e+00, -2.37586503e-01,  1.68678861e+00,  4.36433717e-01,
        4.57039205e+00,  3.48657399e+00,  4.04322487e+00,  7.20704976e-01,
       -2.47038510e+00,  9.89403502e-01,  5.58076526e+00,  5.07567892e+00,
       -3.30862793e+00,  8.14788266e+00,  2.26212162e+00,  1.67185633e+01,
        1.63567326e+00,  8.93854400e+00,  6.08624237e+00,  1.42391112e+00,
       -1.26764161e+00,  9.12388552e+00,  6.71220503e+00,  6.28877187e+00,
        3.38805208e+00,  1.85541946e+00, -1.85261043e+00,  1.07990920e+01,
        3.76701224e+00,  6.58693979e+00,  8.02944362e+00,  4.39071191e+00,
        4.40322274e+00,  8.74456344e+00, -5.70368389e+00,  4.53889398e+00,
        3.31646813e+00,  1.51192879e+01,  2.09139934e+00,  3.94361329e+00,
        2.13984449e+00, -2.72430079e+00,  6.56173817e+00,  1.77273063e+00,
        6.54246293e+00,  5.75361559e+00,  5.30523280e+00,  4.10370381e+00,
        5.23783599e+00,  4.21078932e+00, -1.45436894e+00,  3.62124900e+00,
        9.37303922e+00,  2.51787291e-01,  7.34336184e+00, -4.83463938e+00,
        2.72883712e+00,  4.23147801e+00,  1.07374979e+00,  4.60441608e+00,
        6.80060751e-01,  7.50850738e+00,  3.11355924e+00,  4.95107906e+00,
        5.84253915e+00, -4.96852408e+00,  7.48471087e+00, -2.65980539e+00,
        6.16602828e+00,  7.42649797e+00,  1.15488404e+00,  1.05218699e+01,
        5.11462338e+00,  5.56011975e+00,  3.70315375e+00,  1.81060069e+00,
        1.90794465e-01, -1.00864199e-01,  3.97447562e+00,  8.94822177e+00,
        5.62896148e+00,  3.36935636e+00,  5.46435702e+00,  5.28653061e+00,
        9.61547774e-01,  5.49692502e+00,  1.05771513e+01,  5.31658038e+00,
        1.68092546e+00, -2.42679427e-01,  2.13394683e+00,  6.44832261e-03,
        7.09087004e+00,  9.43666213e+00,  1.17433641e-01,  5.10022185e+00,
        3.36638765e+00,  7.56773834e+00,  3.45436441e+00, -3.23958070e-01,
        8.34335795e+00, -3.33249678e+00,  6.76235634e+00,  8.03913278e+00,
        6.58096781e+00,  2.79728169e+00,  2.26919544e-01,  5.74657190e+00,
       -3.82623633e-01,  7.37020452e+00, -2.42572830e+00,  1.98946437e+00,
        7.90192036e+00,  5.15982059e+00,  7.68123500e+00,  1.45959627e+00,
        7.34410197e+00,  7.04916797e+00,  5.37941467e+00,  2.30679118e+00,
        7.96450287e+00,  3.07779774e+00,  5.90250811e+00,  4.37350751e+00,
       -2.85450704e-01,  3.04143512e+00,  1.02195551e+00,  3.91910817e+00,
        3.17526258e+00,  5.03837664e+00,  1.48348843e+00,  4.67544922e+00,
        5.72246573e+00,  4.77007088e+00,  3.31792737e+00,  4.68779966e+00,
        4.96861729e+00,  4.07665222e+00, -8.81345779e-01,  8.28605722e+00,
        3.43559456e+00,  5.23336625e+00,  7.16520474e+00,  1.01228896e+00,
        7.91559820e+00, -1.60809989e+00,  8.84344376e+00,  4.30727501e+00,
        3.04256463e+00,  2.59360810e-01, -1.59405306e+00,  3.72166249e+00,
        5.67828503e+00,  5.17399681e+00,  4.46273298e+00,  3.85128962e+00,
        5.19437083e+00,  2.74903671e+00, -1.20088248e+00,  3.82913607e+00,
        2.42884045e+00,  1.44997471e+00,  4.15650296e+00,  5.54155008e+00,
        3.90421885e+00,  3.53038268e+00,  5.43511498e+00,  2.94056798e+00,
        4.24268325e+00,  2.28273725e+00,  7.25383599e-01,  1.45830421e+00,
        2.60657411e+00,  6.88665086e+00,  4.40129344e+00,  7.36098189e+00,
        2.09632859e+00,  8.04102998e+00,  3.31991276e+00, -9.53816726e-02,
       -1.21800059e-01,  6.48573158e+00,  5.71737404e+00,  7.52313652e+00,
        6.66553044e+00,  7.11541745e+00, -9.77537446e-01,  1.14843975e+00,
        6.13902867e+00,  6.53798040e+00,  8.27118944e+00,  2.37159708e+00,
        6.53526178e+00,  2.28410532e+00,  3.11887084e+00,  2.02714334e+00,
        8.20942208e+00,  7.13698386e+00,  5.25912295e+00, -1.31214131e+00,
        7.75500300e+00, -2.62364099e+00,  8.12665350e-01,  7.35660230e-01,
        2.10230129e+00, -5.19116528e-02,  8.65897834e+00,  9.55233616e+00,
        4.81314637e+00,  7.52316008e+00,  1.13845754e+01,  5.81306141e+00,
        1.55990123e+00,  2.29294068e+00,  5.97063086e+00,  1.30904929e+00,
        1.69793730e+00, -4.84722964e+00,  1.41432568e+00,  1.14128900e+01,
       -1.47817216e+00,  4.12376002e+00,  1.41408978e-01,  5.86564604e+00,
        6.55493929e-02, -2.81486047e+00, -1.23856804e+00,  2.12503098e+00,
        1.87867489e+00,  2.40164459e+00,  2.95248403e+00,  1.04723914e+01,
        6.79553236e+00,  6.98777550e+00,  1.49021512e+00,  3.03910911e+00,
        9.74479801e-01,  1.26185880e+01, -2.42737464e+00,  4.30438797e+00,
        1.26405685e+00,  4.18564344e+00,  2.62702841e+00,  8.41037292e+00,
        5.79101755e+00,  5.45770594e+00,  1.67078854e-01,  5.92567023e+00,
        1.00634384e+01, -6.47553835e+00, -3.42314980e+00,  4.21176642e+00,
       -7.94005639e-01,  8.09156870e-01,  9.61571905e+00,  2.32248417e+00,
        8.60153595e+00,  8.33265817e+00, -1.89104900e+00,  9.34021542e+00,
        3.88556588e+00,  2.66489695e+00, -2.90353854e-01,  3.85801382e+00,
        7.72955979e+00,  5.47443477e+00,  3.48313690e+00,  4.15462972e+00,
        5.85409669e+00, -2.60790994e-01, -6.66115202e+00, -8.52142336e-01,
        2.86417126e+00,  9.72942250e+00,  5.97418397e+00, -5.02863235e-01,
        5.76748286e+00,  1.14667744e+01,  2.29110424e+00,  7.99667673e-01,
        1.35638178e+00, -4.90022683e+00,  2.02079752e+00,  1.04113402e-01,
        5.26335030e-01,  3.48294340e+00, -1.54051577e+00,  5.05121630e+00,
        6.87271298e+00,  1.03547645e+00,  4.39483279e-01,  7.19859967e+00,
        4.05222206e+00,  1.17915828e+01,  4.72934772e+00,  1.61849001e+00,
       -1.89554249e-01,  4.80120794e+00,  8.68053685e+00,  6.15425497e+00,
       -1.92808646e+00,  2.97777590e+00,  6.36624642e+00,  6.48112719e+00,
        5.08162126e+00,  3.56977340e+00,  4.28134138e+00,  4.03920803e+00,
        6.27007742e+00,  1.15199518e-01,  2.17090431e+00,  4.78149269e+00,
        2.10762840e+00,  1.27031731e+00, -3.78513954e-01,  2.12228822e+00,
        6.49290033e+00,  8.74814632e+00,  2.25787703e-01,  1.24254589e+00,
        1.29988116e+00,  1.00813676e+01,  5.39102812e+00,  6.32438225e+00,
        6.63692884e+00,  6.38049511e+00,  1.30386209e+00,  8.52303068e-01,
        6.13354021e+00, -1.16620278e-01,  2.18630233e+00,  4.43542760e+00,
        7.44913551e+00,  6.99187216e+00,  6.15372171e+00,  3.02841940e+00,
        2.68123331e+00, -4.66876759e-01,  7.69529855e+00,  6.00698542e+00,
        3.74154530e+00,  2.91134226e+00,  1.12615164e+01,  1.39057239e+00,
        1.12725569e+00, -2.05200280e-01,  4.09054458e+00,  2.80359232e+00,
        1.03884853e+01, -6.08835163e-01, -1.57188172e+00,  4.42432567e+00,
       -1.02938678e+00, -3.39710106e+00, -7.65417832e-02,  4.38355263e+00,
        1.69085826e+00,  5.96259146e+00,  5.58071691e+00,  4.16552144e+00,
        3.27735068e+00,  7.26503039e+00,  6.18431721e+00, -4.82889137e-02,
        6.05765636e+00,  6.34386107e+00,  7.61771783e+00, -5.32079462e+00,
        1.33944713e+00,  2.32967576e+00,  6.62313437e+00,  6.56223788e+00,
        4.59440900e+00,  5.42397773e+00, -1.93209229e-01,  5.64796985e+00,
        9.14812381e-01,  7.75564124e+00,  4.86827611e+00,  3.13102514e+00,
       -1.22978623e+00, -4.42296562e+00,  3.30824450e+00,  5.51666127e+00,
        3.22725018e+00,  4.16868666e+00,  2.22822375e+00,  7.13510004e+00,
        3.65605367e+00,  6.95416764e+00,  3.89566693e+00,  6.10201441e+00,
       -5.63734599e+00,  3.90530317e+00,  1.06400231e+00,  2.84808523e+00,
        8.69122617e+00, -1.67128997e+00,  1.04080607e+01,  3.03714512e+00,
       -2.15008605e+00,  7.20197305e-01,  2.48598416e+00,  8.59438340e+00,
       -2.94078072e+00,  1.13656578e+01,  3.85683370e-01,  2.29258028e-01,
        4.43513393e+00,  4.37041845e+00, -5.34829142e-01, -3.42216136e+00,
       -4.59802306e+00,  2.92270033e+00,  5.33098131e+00,  3.00534392e+00,
        1.71981540e+00,  6.60759673e+00,  6.52152362e+00,  5.47948254e+00,
       -7.74853593e+00,  6.76858148e+00,  3.14698259e+00,  6.89593528e+00,
        2.70690424e+00,  2.01268362e+00,  1.49638283e+00, -4.08764403e+00,
        8.89863495e+00,  4.88736768e+00, -2.46992314e+00, -3.62626405e+00,
        5.19723450e+00,  2.05089316e+00,  2.13751607e+00,  5.00955196e-01,
        1.58902292e+00,  1.02766047e+01,  4.51562544e+00,  4.81521939e+00,
        5.11089645e+00,  7.69614552e+00,  6.02267091e+00,  2.14581872e+00,
        4.24570669e+00,  1.82630988e-01,  5.29084591e+00,  7.00123233e+00,
        1.08523732e+01, -1.75800294e-01,  3.17311624e+00,  4.77455892e-01,
        2.74092909e+00,  5.68420161e+00,  7.56809708e+00,  3.48257871e+00,
        6.13960834e+00, -2.99441192e-01,  8.70399492e+00,  5.53394619e+00,
       -8.44063218e-01,  1.02364378e+01,  2.55430145e+00,  2.10030646e+00,
        3.42823695e+00, -2.86577494e+00,  2.34048345e+00,  1.06945700e+00,
        3.23250698e+00,  7.76901897e+00,  4.78210457e+00, -1.86767434e+00,
        4.68543290e+00,  6.22248299e+00,  3.64840022e-01,  4.77924723e+00,
        6.94879530e+00,  6.88554742e+00,  8.73992595e-01, -9.69200500e-01,
        5.36522557e+00,  5.85354534e+00,  6.02312308e+00, -6.61626966e-01,
        3.76531768e+00,  1.77256260e+00,  6.47348045e+00,  1.64679769e+00,
        9.57543897e+00,  9.56229311e+00,  4.19937444e+00,  1.32347950e+00,
        1.86421407e+00,  4.94458684e+00,  7.32306631e-01,  1.84691125e+00,
        6.22805161e+00,  5.85234618e+00,  1.48321246e+00, -3.45075262e-01,
        6.71656200e+00,  2.17215571e+00,  1.41103816e+01,  7.56489585e+00,
        3.36886203e+00,  3.29264890e+00,  3.30039628e+00,  1.01525329e+00,
        2.32268963e+00,  2.35929652e+00, -8.91021966e-01,  1.95940326e+00,
       -5.66908793e+00,  9.55873167e+00,  1.98183279e+00,  2.22761687e+00,
        2.62747900e+00,  1.58483526e+00,  1.70895441e+00,  1.24734854e+01,
        6.18395370e+00,  1.27653708e+00, -1.86357074e+00,  6.10549240e+00,
        3.04730789e+00, -6.05632645e-01,  1.57658940e+00,  9.63540992e+00,
        4.03126013e+00,  1.70904401e+00,  6.03812202e+00, -4.56476974e+00,
        4.57008158e+00, -1.43205916e+00, -3.29054488e+00,  2.43329033e+00,
        7.40301955e-01,  3.35374157e+00,  7.01872000e-01,  6.95204797e+00,
        4.12818372e+00,  6.80738477e+00, -1.32641589e+00,  5.42663094e+00,
        7.43616960e+00,  2.45874441e+00,  2.81266346e+00,  2.40113354e+00,
        1.94204556e+00,  9.61216029e+00,  1.08990692e+01,  3.09689050e+00,
        3.12337623e-01, -1.01189800e+00,  4.07074679e+00,  1.10337376e+01,
       -1.81467696e+00,  6.65425604e+00,  4.32670083e+00,  4.51776086e+00,
        6.10060005e+00, -2.59104214e-01,  5.44507346e+00,  1.12180858e+01,
        3.60768159e+00,  1.88938569e+00,  3.09961036e+00,  5.76341573e+00,
        1.63874685e-01,  4.32405726e-01,  8.49753174e+00, -1.04052568e+00,
        1.36164016e+01,  2.87417673e+00, -1.01907972e+00,  5.82509950e+00,
        1.63195601e+00,  1.08967122e+00,  9.00867158e-01,  2.39112048e+00,
        5.60975710e+00,  4.08132234e+00,  3.95228293e+00,  6.91413879e+00,
        2.55078847e+00,  7.77182195e+00, -1.15937331e+00,  6.73975864e+00,
        6.41595466e+00,  4.44599222e+00,  5.48140772e+00,  2.03995868e+00,
       -2.89924132e+00,  5.60764313e+00,  6.44694543e+00, -2.49992230e+00,
        4.53361747e+00,  2.80828250e+00,  5.58493947e+00,  1.52571225e+00,
        2.59441613e+00,  3.41382332e+00,  6.10982198e+00,  4.76804280e+00,
        4.90092906e+00, -1.97352472e+00, -2.03169533e+00,  7.01465556e+00,
        4.27648567e+00,  7.44602712e+00,  5.50807521e+00,  3.68803228e-01,
        5.83913203e+00,  5.28075529e+00,  5.71656724e+00, -3.82448615e+00,
        6.69695696e+00,  4.81978795e+00,  2.63065727e+00, -1.44200779e+00,
        3.13893745e-01,  3.68372046e+00,  1.20561821e+01,  8.23794254e+00,
       -3.34623462e-02, -2.99224074e-03,  3.40896624e+00,  1.18625900e+00,
       -1.70454468e+00, -3.01149672e-01,  6.76526859e+00,  6.15274554e+00,
        1.11843453e+01,  1.83639861e+00,  7.34503969e+00,  2.62102451e+00,
        5.06128139e+00,  5.19343556e+00,  2.85014650e+00,  3.46175629e+00,
       -5.89720174e+00,  6.02056258e+00,  2.37702526e-01,  3.05538745e+00,
        3.11005391e+00,  6.20260635e+00, -4.94698977e-01,  5.31493827e+00,
        1.66800464e+00,  6.17174286e-01,  2.36621252e+00, -1.04132146e+00,
        7.58419871e+00,  6.44339957e+00,  2.64390383e+00, -1.63547661e+00,
        2.28398194e+00,  2.75956050e+00,  2.31991538e+00,  4.16409973e-01,
       -7.52084774e-01,  3.19194949e+00,  2.76567891e+00, -2.46090859e+00,
        5.56115528e+00,  7.80593408e+00,  6.28040090e+00,  9.11051772e+00,
        7.86890917e+00,  2.64551175e+00,  2.77070392e+00,  3.48034955e+00,
        1.15769120e+00, -1.80931789e+00,  9.45618598e+00,  2.06552807e+00,
        7.05010036e+00,  3.76702484e+00,  4.35122988e+00,  5.12204363e+00,
       -2.61753142e+00,  5.59714956e+00,  1.82261631e+00,  6.19472969e+00,
        1.14702942e+01,  1.63924116e+00,  1.18227899e+01,  7.33294618e-01,
       -1.19784782e-02,  4.67947765e+00,  4.77311214e+00,  5.25336160e+00,
       -1.08626470e+00,  4.50493622e+00,  8.40401139e+00,  7.41540032e+00,
        3.56397301e+00,  8.57421158e+00,  7.40334112e+00,  7.79616821e+00,
        6.75689620e-01,  5.88801624e+00,  7.32414874e+00,  7.66903058e-01,
        9.11197207e-01, -2.06901856e+00,  2.94370304e+00, -7.77402009e-02,
        3.30106646e+00,  2.11950866e+00,  4.62592056e+00,  2.56792361e+00,
        6.89545668e+00,  2.29777847e+00,  1.39469135e+00,  1.77126200e+00,
        3.91088888e+00,  3.30189607e+00,  5.23656818e+00,  7.80089121e+00,
       -2.53878737e+00,  6.88167269e+00,  5.63952681e+00,  8.17788424e+00,
       -6.04053405e+00,  7.31648069e-01, -1.08585983e+00,  1.10364634e+01,
        3.51900536e+00,  2.04995716e+00,  1.00131841e+01,  1.94687582e+00,
        8.73978042e+00, -2.08570220e+00,  3.65182644e+00,  1.20429918e+00,
       -5.18733896e-01,  7.19118933e+00,  4.51633422e+00,  7.17849473e+00,
        1.03702627e+01,  5.99763095e+00,  2.17848027e+00,  4.11142519e+00,
        1.08725579e+01,  4.79026456e+00,  4.75824987e+00,  8.81535829e+00,
        3.10578676e+00,  6.54778615e+00,  4.86564254e+00,  1.23145379e+00,
        5.86184414e+00,  5.39413089e+00,  6.34094453e+00,  1.06094268e+01,
       -4.23741230e-01,  5.98308854e+00,  6.76063558e+00, -1.85104820e+00,
        2.58406341e+00,  1.64701030e+00,  6.45983140e+00,  8.19111182e+00,
        7.68465984e-01, -1.61521104e+00,  3.22272987e+00,  3.23484520e+00]), array([ 1.56622587e+00,  7.86579191e+00,  9.04660234e+00,  1.07590229e+00,
        9.20782992e-01,  1.85512530e+00,  5.57092671e-01,  9.41387378e+00,
        4.44254406e+00,  5.93245319e+00, -2.21462278e+00,  6.33332661e+00,
        5.72788499e+00,  4.79637147e-01,  3.46896987e+00, -1.82595756e+00,
        5.31217422e+00,  8.97200240e+00,  6.72868215e+00,  5.00521622e+00,
        3.85501878e+00,  8.01555313e-01,  6.24655993e-02, -1.72627997e-01,
        6.68015728e+00,  4.60791566e+00, -3.89772718e-01,  3.53554058e+00,
        5.05284204e+00,  2.33437182e+00,  4.79400175e+00,  5.96193637e+00,
        5.05051393e+00,  1.01627667e+00,  2.17694883e+00,  1.61153763e+00,
        5.50908626e+00,  4.02854288e+00,  4.56612332e+00,  1.45427254e+00,
       -1.57990611e+00,  1.88136052e+00,  6.00202158e+00,  5.73603101e+00,
       -2.14375776e+00,  8.69772983e+00,  2.69835338e+00,  1.70406813e+01,
        2.43435358e+00,  9.55925412e+00,  6.87631756e+00,  2.44548636e+00,
       -2.91631687e-01,  9.70154508e+00,  7.54338147e+00,  6.18442163e+00,
        4.05175217e+00,  2.71762438e+00, -8.22745518e-01,  1.19042482e+01,
        4.36578497e+00,  7.00665368e+00,  9.72218520e+00,  5.12159062e+00,
        5.01795235e+00,  9.15963742e+00, -4.50058555e+00,  5.47921166e+00,
        3.61334894e+00,  1.55510924e+01,  3.17755808e+00,  4.69058531e+00,
        3.23020027e+00, -1.27462347e+00,  7.27563959e+00,  2.34285507e+00,
        7.07998220e+00,  6.58110570e+00,  6.13365487e+00,  5.09283087e+00,
        5.84042382e+00,  4.43349138e+00, -2.90532911e-01,  4.78623808e+00,
        1.00580901e+01,  1.75007313e+00,  8.37479467e+00, -4.06892873e+00,
        3.49002471e+00,  5.15558551e+00,  1.39247936e+00,  5.76330992e+00,
        1.95614029e+00,  7.94034749e+00,  4.25419864e+00,  5.29374792e+00,
        6.39424857e+00, -4.29649299e+00,  8.28474536e+00, -2.12506534e+00,
        7.20685028e+00,  7.84371887e+00,  2.13883308e+00,  1.12257518e+01,
        6.22920750e+00,  6.11765889e+00,  4.49164397e+00,  2.27300684e+00,
        1.43939929e+00,  7.04652740e-01,  3.90956624e+00,  1.00940399e+01,
        6.94022271e+00,  4.45771777e+00,  5.82871610e+00,  5.72473006e+00,
        1.66587464e+00,  6.18705474e+00,  1.09262129e+01,  5.95999582e+00,
        2.36304661e+00,  6.15102263e-01,  2.61521643e+00, -8.88460489e-03,
        8.04088468e+00,  1.02736075e+01,  1.15498233e+00,  5.29606517e+00,
        4.12423207e+00,  7.76800698e+00,  4.83480007e+00,  9.85544974e-01,
        9.20201407e+00, -2.43734436e+00,  7.55875334e+00,  8.52109474e+00,
        7.22066875e+00,  3.85677074e+00,  1.18546459e+00,  6.71086395e+00,
        4.65412543e-01,  7.83502705e+00, -1.20771911e+00,  3.47729539e+00,
        8.77270349e+00,  6.01546349e+00,  8.63404181e+00,  2.59234768e+00,
        8.24057929e+00,  7.06693199e+00,  5.88638471e+00,  2.81764222e+00,
        8.81663040e+00,  3.52039044e+00,  6.12123809e+00,  5.43732688e+00,
        6.73286147e-01,  3.71967239e+00,  2.22307645e+00,  4.40167182e+00,
        4.10845580e+00,  5.75019897e+00,  2.08485963e+00,  5.34625016e+00,
        5.94938308e+00,  4.81001093e+00,  4.00135438e+00,  5.34663230e+00,
        5.44336242e+00,  5.29135925e+00,  1.00492330e-01,  9.46781066e+00,
        3.89090534e+00,  6.00043420e+00,  8.15992018e+00,  1.91630759e+00,
        8.30240071e+00, -3.61639624e-01,  9.32545205e+00,  5.20388836e+00,
        4.12480151e+00,  9.32747319e-01, -7.34908385e-01,  4.68961197e+00,
        6.70404960e+00,  6.19352331e+00,  5.85095337e+00,  4.30872572e+00,
        6.00006562e+00,  3.96301305e+00, -3.23963323e-01,  4.51503562e+00,
        3.41835926e+00,  1.95140471e+00,  4.89639477e+00,  6.54712846e+00,
        4.79746145e+00,  4.14504444e+00,  6.41301167e+00,  3.39128391e+00,
        5.44411347e+00,  3.38660216e+00,  1.41368823e+00,  2.15607258e+00,
        3.55617323e+00,  7.61947075e+00,  5.37434819e+00,  8.03256088e+00,
        2.85401698e+00,  8.70532749e+00,  4.46212502e+00,  6.48224987e-01,
        6.70014803e-01,  7.19603023e+00,  6.41501781e+00,  8.65576126e+00,
        8.11656723e+00,  8.40373124e+00,  1.15063807e-01,  1.70588398e+00,
        6.89429070e+00,  7.53622896e+00,  9.51344185e+00,  3.63422255e+00,
        7.07033984e+00,  2.98663719e+00,  4.41314539e+00,  2.84398442e+00,
        8.62084917e+00,  7.78849264e+00,  6.06049352e+00, -3.66770240e-01,
        8.63751033e+00, -2.51220964e+00,  1.95853683e+00,  1.92140503e+00,
        2.95068048e+00,  9.97542729e-01,  9.60710377e+00,  1.01272579e+01,
        5.60883064e+00,  8.37008739e+00,  1.19654167e+01,  7.25063653e+00,
        2.55315270e+00,  2.96382133e+00,  6.89126807e+00,  1.87317781e+00,
        2.42985134e+00, -3.18937115e+00,  2.46471285e+00,  1.22136404e+01,
       -9.23061224e-01,  4.79385015e+00,  1.10639280e+00,  6.19480714e+00,
        1.75589310e+00, -2.39775937e+00, -2.60142509e-01,  3.03479318e+00,
        2.48558382e+00,  3.54388154e+00,  3.96618590e+00,  1.18054902e+01,
        7.26747834e+00,  7.17740934e+00,  2.01269718e+00,  3.58769077e+00,
        1.59392838e+00,  1.37973312e+01, -1.23531264e+00,  4.98972390e+00,
        2.13702612e+00,  5.13053248e+00,  3.15404898e+00,  9.69971278e+00,
        7.33960012e+00,  6.58936102e+00,  1.11982403e+00,  6.68764772e+00,
        1.06230936e+01, -5.48501386e+00, -2.49350475e+00,  5.06166562e+00,
        6.41678602e-02,  1.49107263e+00,  1.02860081e+01,  3.46687867e+00,
        9.86934990e+00,  9.50220272e+00, -1.00486441e+00,  1.02131399e+01,
        4.66370091e+00,  3.51052487e+00,  7.39565171e-01,  4.78168212e+00,
        8.64970186e+00,  6.04243600e+00,  3.73262058e+00,  5.31678490e+00,
        6.84228708e+00, -2.70837089e-01, -6.33173249e+00,  8.30475453e-01,
        4.19000342e+00,  9.94883366e+00,  6.83276922e+00, -2.74921944e-01,
        6.71727739e+00,  1.23597850e+01,  2.77615679e+00,  9.80965773e-01,
        2.03586247e+00, -3.96772334e+00,  2.81502993e+00,  6.49195999e-01,
        7.38219997e-01,  4.23909568e+00, -9.68471703e-01,  5.68449773e+00,
        7.44615736e+00,  1.95206568e+00,  1.48746212e+00,  8.03233689e+00,
        4.75066699e+00,  1.29492807e+01,  5.56798742e+00,  2.53381290e+00,
        4.82718990e-01,  5.17028819e+00,  9.29411669e+00,  6.73229545e+00,
       -1.24784523e+00,  3.40921992e+00,  7.19578217e+00,  7.09850328e+00,
        5.39523262e+00,  4.51585125e+00,  4.95918024e+00,  4.17099886e+00,
        6.77467195e+00,  1.02028246e+00,  2.89326809e+00,  5.58936887e+00,
        2.86970695e+00,  1.81698516e+00,  3.89238100e-01,  2.85326360e+00,
        7.93180500e+00,  9.61049697e+00,  5.97023424e-01,  2.37475465e+00,
        2.02552068e+00,  1.14884575e+01,  5.92600270e+00,  6.63097620e+00,
        8.14968997e+00,  7.53588100e+00,  2.83782873e+00,  2.16263401e+00,
        6.50955292e+00,  1.86904771e-01,  3.61390133e+00,  4.98077614e+00,
        7.88093543e+00,  7.84451914e+00,  6.60359052e+00,  3.88666439e+00,
        3.52503599e+00,  2.66939619e-02,  8.85590052e+00,  6.75603053e+00,
        4.12670848e+00,  3.96164517e+00,  1.20330210e+01,  2.10524132e+00,
        1.17314485e+00,  4.80707475e-01,  5.10225589e+00,  3.57597353e+00,
        1.13822291e+01,  2.20743284e-01, -8.08165596e-01,  5.79941991e+00,
       -1.10777322e-01, -2.37537775e+00,  1.00388440e+00,  5.53834581e+00,
        2.93826945e+00,  6.96971886e+00,  6.45905113e+00,  4.88226987e+00,
        3.78398645e+00,  8.56563798e+00,  7.09998699e+00,  5.60581896e-01,
        6.66973363e+00,  7.53779775e+00,  9.02381474e+00, -5.02625853e+00,
        2.39983228e+00,  3.47367378e+00,  8.02076042e+00,  8.14762341e+00,
        4.86202238e+00,  6.33356874e+00,  9.70625232e-01,  6.76833718e+00,
        1.81543910e+00,  8.56031295e+00,  5.42699433e+00,  3.78764993e+00,
       -5.81325034e-01, -3.78120859e+00,  4.56394399e+00,  6.53872594e+00,
        4.19644106e+00,  5.11367964e+00,  3.35375773e+00,  8.38096563e+00,
        4.44611256e+00,  7.68575489e+00,  5.12749064e+00,  6.67121377e+00,
       -4.96101569e+00,  5.05459139e+00,  1.66142784e+00,  4.08146162e+00,
        9.25559356e+00, -7.60690392e-01,  1.09577113e+01,  4.27655834e+00,
       -9.81890029e-01,  1.69941090e+00,  3.20880968e+00,  8.62673521e+00,
       -1.50259740e+00,  1.11718408e+01,  1.55064765e+00,  1.00624636e+00,
        5.33294957e+00,  4.67509562e+00,  6.71435482e-01, -2.70948822e+00,
       -3.50231383e+00,  3.66839262e+00,  6.98531975e+00,  3.82843485e+00,
        2.61828513e+00,  7.60805042e+00,  7.31930719e+00,  6.90383927e+00,
       -7.46399419e+00,  7.46924507e+00,  3.99012821e+00,  7.55507216e+00,
        3.39839909e+00,  3.05925826e+00,  2.14939137e+00, -3.86359800e+00,
        8.89153879e+00,  5.64718292e+00, -1.59639878e+00, -2.41231068e+00,
        6.03204162e+00,  3.26762671e+00,  3.22440153e+00,  1.43288824e+00,
        2.48214387e+00,  1.10610084e+01,  5.45847589e+00,  5.42836984e+00,
        5.84826815e+00,  9.10147715e+00,  6.33803474e+00,  2.37662746e+00,
        5.89372968e+00,  1.54854658e+00,  6.51218997e+00,  8.02174467e+00,
        1.12892646e+01,  5.40847927e-01,  3.58474317e+00,  1.12375686e+00,
        3.36619658e+00,  6.37627880e+00,  8.68296437e+00,  4.11478111e+00,
        7.20072710e+00,  6.72486192e-01,  8.77262215e+00,  6.62880453e+00,
       -3.03626404e-01,  1.04716803e+01,  2.42600107e+00,  2.67342552e+00,
        4.41767665e+00, -1.55440469e+00,  3.66297473e+00,  2.23821506e+00,
        4.39211568e+00,  8.71654051e+00,  5.34517336e+00, -1.91573088e+00,
        5.53909600e+00,  6.73909557e+00,  8.77405689e-01,  5.53483589e+00,
        7.67531318e+00,  7.78508154e+00,  1.69205267e+00, -4.02091979e-01,
        6.50493699e+00,  6.59239802e+00,  6.35852033e+00,  1.90045509e-01,
        4.54975999e+00,  2.96819583e+00,  7.70398074e+00,  2.52430917e+00,
        1.04111307e+01,  1.00137064e+01,  5.25179863e+00,  1.83053201e+00,
        3.11004970e+00,  5.80417267e+00,  1.03735066e+00,  2.34219748e+00,
        6.80647482e+00,  6.88180459e+00,  2.65074892e+00,  8.12373062e-01,
        7.61482922e+00,  2.89828536e+00,  1.39801084e+01,  8.07493136e+00,
        3.72799821e+00,  3.29560535e+00,  4.04022673e+00,  1.21573846e+00,
        3.16602320e+00,  3.43901992e+00,  1.54056177e-01,  2.37173234e+00,
       -4.73484137e+00,  1.05329527e+01,  2.49065083e+00,  3.05720096e+00,
        3.55470337e+00,  1.59700487e+00,  2.09626552e+00,  1.26848188e+01,
        7.22955990e+00,  1.70113553e+00, -5.82013186e-01,  6.29921775e+00,
        3.65221369e+00,  4.16295688e-01,  2.69612505e+00,  1.00694980e+01,
        4.88122545e+00,  2.47114541e+00,  7.01128415e+00, -3.79183498e+00,
        6.04742813e+00, -3.95754255e-01, -2.40465026e+00,  2.97937737e+00,
        1.68279211e+00,  4.04756436e+00,  1.57648870e+00,  7.55771098e+00,
        4.65629937e+00,  7.18292870e+00,  4.87252267e-02,  6.29423714e+00,
        7.91572892e+00,  3.48367357e+00,  3.59927594e+00,  3.68735775e+00,
        2.63443826e+00,  1.08652717e+01,  1.17484684e+01,  3.55036762e+00,
        1.45434683e+00, -1.19629745e-01,  4.26375827e+00,  1.25463115e+01,
       -1.41735360e+00,  7.27775041e+00,  5.08702701e+00,  5.40713708e+00,
        7.28859214e+00,  3.85427526e-01,  5.78729598e+00,  1.23055135e+01,
        4.40998765e+00,  3.38389363e+00,  4.27337493e+00,  6.64241624e+00,
        7.87728321e-01,  2.15963831e+00,  9.19902711e+00,  4.47576191e-02,
        1.38709985e+01,  4.18208941e+00, -1.34605214e-01,  6.62540788e+00,
        2.55383795e+00,  2.06556233e+00,  2.29169714e+00,  3.47512724e+00,
        6.34200426e+00,  5.53885983e+00,  4.84052532e+00,  7.61656507e+00,
        3.69194811e+00,  9.04160598e+00, -1.21773956e+00,  7.63934081e+00,
        6.74174863e+00,  6.15547937e+00,  6.21834657e+00,  2.98374263e+00,
       -1.89892483e+00,  6.06543233e+00,  6.51023570e+00, -1.50321486e+00,
        5.28218452e+00,  3.25731292e+00,  6.02164451e+00,  2.00441963e+00,
        3.13598660e+00,  3.84774390e+00,  7.56489359e+00,  6.01869258e+00,
        5.47031655e+00, -9.75264080e-01, -2.10392615e+00,  7.65745705e+00,
        4.66406581e+00,  8.37397808e+00,  6.05713401e+00,  1.24491121e+00,
        6.43780896e+00,  6.07012878e+00,  6.48745866e+00, -3.09450215e+00,
        7.62869950e+00,  5.47916392e+00,  3.67884790e+00, -1.05318474e+00,
        1.23868617e+00,  3.98786746e+00,  1.31203134e+01,  8.90487722e+00,
        1.45268514e+00,  7.81367539e-01,  3.90602263e+00,  1.80184610e+00,
       -1.26242998e+00,  7.27170665e-02,  7.99952343e+00,  6.70130822e+00,
        1.24008156e+01,  3.03861842e+00,  8.35465178e+00,  3.42656200e+00,
        5.66440539e+00,  5.58729063e+00,  3.33868746e+00,  4.28209905e+00,
       -5.03457298e+00,  7.40245162e+00,  2.09199349e-01,  4.05001123e+00,
        3.45529199e+00,  6.91484998e+00,  1.02267734e-01,  6.10572222e+00,
        1.79997225e+00,  8.37846063e-01,  3.56914891e+00,  3.06621974e-01,
        8.11508558e+00,  7.17248957e+00,  3.69047747e+00, -1.06753935e+00,
        2.56600401e+00,  3.74677319e+00,  3.61137319e+00,  1.53079825e+00,
        5.39339719e-01,  3.98039963e+00,  3.17151115e+00, -1.25912609e+00,
        6.46264116e+00,  8.44525461e+00,  7.11863167e+00,  1.03129439e+01,
        8.57498362e+00,  3.12591560e+00,  3.32699182e+00,  3.87709052e+00,
        9.64647580e-01, -8.12660076e-01,  9.87888246e+00,  3.42489986e+00,
        7.64644113e+00,  3.94895735e+00,  5.15015620e+00,  5.51783986e+00,
       -1.61334894e+00,  6.64075271e+00,  3.36472500e+00,  7.39488060e+00,
        1.23652137e+01,  2.35368610e+00,  1.26152965e+01,  1.68349458e+00,
        1.03277163e+00,  5.56711735e+00,  6.12378360e+00,  5.58650678e+00,
       -1.27615476e-01,  5.76174546e+00,  8.98345180e+00,  8.53241454e+00,
        4.16862961e+00,  9.34004730e+00,  8.01339753e+00,  8.68001093e+00,
        1.62213276e+00,  6.33759902e+00,  8.28746140e+00,  1.71274838e+00,
        1.75657550e+00, -9.09042156e-01,  3.53322856e+00,  1.50099729e+00,
        4.10537229e+00,  3.07006925e+00,  5.37050291e+00,  3.53897981e+00,
        7.65010733e+00,  3.40343247e+00,  2.35501544e+00,  3.06717638e+00,
        4.32355937e+00,  4.02354542e+00,  6.42393390e+00,  8.43253900e+00,
       -1.41496786e+00,  8.26274099e+00,  6.47586275e+00,  8.23982267e+00,
       -4.77806844e+00,  1.54301440e+00, -1.71076736e-01,  1.20553703e+01,
        4.40348991e+00,  2.67782661e+00,  1.11068384e+01,  2.87004874e+00,
        9.40750047e+00, -4.55879699e-01,  3.58644589e+00,  1.94353247e+00,
        3.17047945e-02,  7.50009244e+00,  5.20143949e+00,  7.86445097e+00,
        1.10705335e+01,  6.88143207e+00,  3.21615480e+00,  4.87859146e+00,
        1.17458697e+01,  5.40274368e+00,  5.84624988e+00,  9.33020226e+00,
        3.83603430e+00,  7.84836662e+00,  6.12102728e+00,  2.35279315e+00,
        7.04507578e+00,  6.39017308e+00,  6.60189730e+00,  1.12875323e+01,
        4.54807869e-01,  6.65942649e+00,  7.64333477e+00, -8.50691344e-01,
        3.45432558e+00,  2.43752938e+00,  6.89780438e+00,  9.09074183e+00,
        1.37005233e+00, -7.10003030e-01,  3.82916590e+00,  4.32806988e+00]), array([ 2.36044235e+00,  8.84033878e+00,  9.32357866e+00,  9.65625643e-01,
        2.17391547e+00,  2.78376928e+00,  1.73402718e+00,  1.01070270e+01,
        4.57776276e+00,  6.94110614e+00, -1.42086016e+00,  7.51124471e+00,
        6.38699985e+00,  3.85326760e-01,  4.12054716e+00, -1.20671230e+00,
        6.09600073e+00,  9.85584013e+00,  7.61980117e+00,  6.08282927e+00,
        4.75086261e+00,  1.19665776e+00,  1.09009260e+00,  9.96971679e-01,
        6.87719374e+00,  5.21617224e+00, -1.54607145e-01,  4.07141073e+00,
        5.90839691e+00,  2.39392803e+00,  5.62124926e+00,  6.17769239e+00,
        5.62054241e+00,  2.25770449e+00,  2.53031037e+00,  2.70168618e+00,
        6.41035813e+00,  4.45560560e+00,  5.01631915e+00,  2.06554303e+00,
       -8.03568704e-01,  2.67756591e+00,  6.33338232e+00,  6.26408759e+00,
       -1.01020498e+00,  9.21815638e+00,  3.01729022e+00,  1.73048938e+01,
        3.18556874e+00,  1.00942143e+01,  7.55480969e+00,  3.42878904e+00,
        5.77561837e-01,  1.02007638e+01,  8.27010381e+00,  5.96386976e+00,
        4.63135355e+00,  3.54602075e+00,  1.29701976e-01,  1.29189610e+01,
        4.91243398e+00,  7.26923528e+00,  1.13901354e+01,  5.79295059e+00,
        5.54808915e+00,  9.50176682e+00, -3.40287257e+00,  6.34333315e+00,
        3.82231926e+00,  1.59546369e+01,  4.16701018e+00,  5.34957732e+00,
        4.30707742e+00,  7.91298179e-02,  7.93753093e+00,  2.84921766e+00,
        7.49182644e+00,  7.28955695e+00,  6.89379092e+00,  5.98375137e+00,
        6.33974925e+00,  4.62258325e+00,  8.61275007e-01,  5.90066391e+00,
        1.06359367e+01,  3.23809628e+00,  9.27935695e+00, -3.40209111e+00,
        4.19191607e+00,  5.95916038e+00,  1.65200318e+00,  6.84167505e+00,
        3.12345902e+00,  8.28569375e+00,  5.39444140e+00,  5.48384622e+00,
        6.92137202e+00, -3.67938501e+00,  8.99712625e+00, -1.61934928e+00,
        8.15861962e+00,  8.15888865e+00,  3.06972812e+00,  1.18635549e+01,
        7.28349424e+00,  6.55590915e+00,  5.16203925e+00,  2.63380711e+00,
        2.59896452e+00,  1.46532374e+00,  3.69677059e+00,  1.11383420e+01,
        8.21097934e+00,  5.44763986e+00,  6.09031971e+00,  6.04596200e+00,
        2.26104978e+00,  6.78698354e+00,  1.12139249e+01,  6.55338636e+00,
        2.92177352e+00,  1.38572171e+00,  3.00804789e+00, -1.71106107e-01,
        8.91858585e+00,  1.10441121e+01,  2.08909319e+00,  5.49689012e+00,
        4.82653451e+00,  7.88908714e+00,  6.17455198e+00,  2.26948425e+00,
        9.94078718e+00, -1.65775361e+00,  8.28729811e+00,  8.90138079e+00,
        7.75295367e+00,  4.80691003e+00,  2.02795254e+00,  7.60988463e+00,
        1.25723686e+00,  8.23647532e+00, -1.04682526e-01,  4.85998385e+00,
        9.56438846e+00,  6.75943467e+00,  9.53103122e+00,  3.66098517e+00,
        9.07238676e+00,  7.01962113e+00,  6.25970447e+00,  3.19289184e+00,
        9.57277504e+00,  3.83483450e+00,  6.27159313e+00,  6.44635770e+00,
        1.58932387e+00,  4.29608676e+00,  3.29838489e+00,  4.82691745e+00,
        4.97781706e+00,  6.39640155e+00,  2.57041481e+00,  5.94523581e+00,
        6.05342646e+00,  4.71715763e+00,  4.60747024e+00,  5.91663642e+00,
        5.81501084e+00,  6.44920393e+00,  9.95478561e-01,  1.05819572e+01,
        4.26666647e+00,  6.69664938e+00,  9.08748949e+00,  2.73163865e+00,
        8.62082717e+00,  8.44724480e-01,  9.76981259e+00,  6.02596158e+00,
        5.13929523e+00,  1.56735847e+00,  6.14288235e-02,  5.57141320e+00,
        7.69592577e+00,  7.17127474e+00,  7.22127743e+00,  4.65817136e+00,
        6.73141614e+00,  5.14849444e+00,  4.65788471e-01,  5.12187029e+00,
        4.32577233e+00,  2.37339173e+00,  5.58879442e+00,  7.48967561e+00,
        5.60184783e+00,  4.66327391e+00,  7.32222377e+00,  3.78806612e+00,
        6.56747879e+00,  4.41699184e+00,  2.02488388e+00,  2.80209812e+00,
        4.41958505e+00,  8.25960157e+00,  6.28693264e+00,  8.58054274e+00,
        3.49710164e+00,  9.29728206e+00,  5.50496738e+00,  1.31453939e+00,
        1.37115280e+00,  7.83897671e+00,  7.03712904e+00,  9.79038139e+00,
        9.57046433e+00,  9.65046391e+00,  1.16017253e+00,  2.18349551e+00,
        7.57649186e+00,  8.44610237e+00,  1.07083501e+01,  4.79433126e+00,
        7.53640319e+00,  3.53878451e+00,  5.64347050e+00,  3.55767488e+00,
        8.96454297e+00,  8.31023928e+00,  6.74709305e+00,  5.07834824e-01,
        9.42416241e+00, -2.48974774e+00,  3.00248670e+00,  3.02925210e+00,
        3.69911552e+00,  1.95216509e+00,  1.05094630e+01,  1.06815181e+01,
        6.27362854e+00,  9.18369235e+00,  1.24894966e+01,  8.65777750e+00,
        3.48451415e+00,  3.55412868e+00,  7.70988520e+00,  2.31819059e+00,
        3.07747509e+00, -1.56978710e+00,  3.43898443e+00,  1.29940089e+01,
       -4.45452095e-01,  5.40162857e+00,  2.01116019e+00,  6.38527337e+00,
        3.41130023e+00, -2.05634055e+00,  6.52235400e-01,  3.83831254e+00,
        2.96107032e+00,  4.63781889e+00,  4.92555943e+00,  1.31284830e+01,
        7.66422561e+00,  7.25138869e+00,  2.44716100e+00,  4.08009801e+00,
        2.18104414e+00,  1.50075971e+01, -9.93348865e-02,  5.62856971e+00,
        2.94247589e+00,  6.01151761e+00,  3.63580008e+00,  1.09135947e+01,
        8.83880963e+00,  7.66089153e+00,  1.95166692e+00,  7.35465892e+00,
        1.11041223e+01, -4.55307191e+00, -1.69912452e+00,  5.82462138e+00,
        8.07588345e-01,  2.07176977e+00,  1.08642815e+01,  4.49472777e+00,
        1.10777424e+01,  1.06231067e+01, -2.00002895e-01,  1.10875073e+01,
        5.37865804e+00,  4.27355559e+00,  1.69666948e+00,  5.66666600e+00,
        9.53855134e+00,  6.49583868e+00,  3.87839300e+00,  6.42434062e+00,
        7.76278454e+00, -4.54404694e-01, -6.08326454e+00,  2.48750614e+00,
        5.46759501e+00,  1.01057097e+01,  7.61232005e+00, -1.61999448e-01,
        7.67052780e+00,  1.31200500e+01,  3.17262435e+00,  1.08221235e+00,
        2.58575787e+00, -3.13114715e+00,  3.53677516e+00,  1.08222155e+00,
        8.30744169e-01,  4.89383777e+00, -4.99489358e-01,  6.24102026e+00,
        7.93050859e+00,  2.80010090e+00,  2.45964959e+00,  8.77466435e+00,
        5.36347458e+00,  1.41014542e+01,  6.28503721e+00,  3.35040501e+00,
        1.03094948e+00,  5.44462164e+00,  9.83179535e+00,  7.25096354e+00,
       -6.58505168e-01,  3.78377273e+00,  7.98087059e+00,  7.63588602e+00,
        5.60544699e+00,  5.36646767e+00,  5.57165785e+00,  4.16627501e+00,
        7.13779917e+00,  1.82746164e+00,  3.56638788e+00,  6.31440380e+00,
        3.54250922e+00,  2.26479280e+00,  1.07059282e+00,  3.50184505e+00,
        9.37955008e+00,  1.04224072e+01,  9.08758472e-01,  3.39504356e+00,
        2.65996586e+00,  1.28404904e+01,  6.39547783e+00,  6.78782112e+00,
        9.61631852e+00,  8.66858706e+00,  4.36038092e+00,  3.36819154e+00,
        6.83001646e+00,  3.80497875e-01,  4.95407413e+00,  5.43781306e+00,
        8.24498480e+00,  8.63267988e+00,  6.98041558e+00,  4.64845887e+00,
        4.25949186e+00,  4.43809985e-01,  9.93468634e+00,  7.41485748e+00,
        4.41453221e+00,  4.91833541e+00,  1.27516115e+01,  2.77915448e+00,
        1.16380858e+00,  1.03311453e+00,  6.06646976e+00,  4.27124465e+00,
        1.23753921e+01,  9.82563035e-01, -2.09629016e-01,  7.12152062e+00,
        7.38112848e-01, -1.42164095e+00,  2.04927598e+00,  6.59945381e+00,
        4.09971653e+00,  7.94859057e+00,  7.27261796e+00,  5.56593249e+00,
        4.20760368e+00,  9.79459942e+00,  7.94772500e+00,  1.07353786e+00,
        7.20825912e+00,  8.65346536e+00,  1.03234499e+01, -4.83930123e+00,
        3.45557034e+00,  4.56061879e+00,  9.35675237e+00,  9.69150458e+00,
        5.02036955e+00,  7.22947989e+00,  2.10961362e+00,  7.86629123e+00,
        2.57874383e+00,  9.30344625e+00,  5.91457084e+00,  4.30565577e+00,
       -1.25379819e-02, -3.26714686e+00,  5.75293512e+00,  7.49897052e+00,
        5.04567496e+00,  5.95537037e+00,  4.42609841e+00,  9.58990380e+00,
        5.16756388e+00,  8.30438664e+00,  6.32745731e+00,  7.18049273e+00,
       -4.35794023e+00,  6.11054721e+00,  2.16174389e+00,  5.22690108e+00,
        9.70753942e+00,  1.09695363e-01,  1.14604987e+01,  5.39444921e+00,
        1.52503127e-01,  2.55394096e+00,  3.89196723e+00,  8.51703418e+00,
       -1.57068802e-01,  1.08585314e+01,  2.68193077e+00,  1.73052552e+00,
        6.21514222e+00,  4.91053092e+00,  1.80092997e+00, -2.11879135e+00,
       -2.48040933e+00,  4.34671414e+00,  8.65235087e+00,  4.63471741e+00,
        3.47131852e+00,  8.54212090e+00,  8.09574227e+00,  8.29851440e+00,
       -7.32790957e+00,  8.09032829e+00,  4.74136497e+00,  8.17616793e+00,
        3.97337420e+00,  4.03454616e+00,  2.73371359e+00, -3.74581774e+00,
        8.80279311e+00,  6.37995661e+00, -8.00288430e-01, -1.29630225e+00,
        6.75285954e+00,  4.42499044e+00,  4.23673320e+00,  2.30638583e+00,
        3.28713325e+00,  1.18124518e+01,  6.31328106e+00,  5.91944459e+00,
        6.50122031e+00,  1.04545253e+01,  6.56741248e+00,  2.49045199e+00,
        7.46805865e+00,  2.84610671e+00,  7.66637680e+00,  8.96607163e+00,
        1.16514507e+01,  1.16976006e+00,  3.93144041e+00,  1.66270268e+00,
        3.88479464e+00,  6.91220340e+00,  9.71058630e+00,  4.72342491e+00,
        8.14613378e+00,  1.52728416e+00,  8.77322981e+00,  7.59590978e+00,
        1.64966972e-01,  1.06202445e+01,  2.18145476e+00,  3.18662346e+00,
        5.32481637e+00, -2.93780354e-01,  4.94969365e+00,  3.31666213e+00,
        5.41263082e+00,  9.63835725e+00,  5.84154099e+00, -2.05363496e+00,
        6.31734666e+00,  7.13106432e+00,  1.26207228e+00,  6.20513039e+00,
        8.37648993e+00,  8.65152339e+00,  2.42121815e+00,  5.80717443e-02,
        7.53412544e+00,  7.21897636e+00,  6.64480075e+00,  9.33986655e-01,
        5.29033380e+00,  4.10540987e+00,  8.87468582e+00,  3.34403632e+00,
        1.11946008e+01,  1.03709493e+01,  6.24355394e+00,  2.22988909e+00,
        4.27322371e+00,  6.58510149e+00,  1.26380749e+00,  2.75425720e+00,
        7.25206716e+00,  7.87366994e+00,  3.76520075e+00,  1.94390548e+00,
        8.46477838e+00,  3.53683140e+00,  1.37316821e+01,  8.47666452e+00,
        4.00174980e+00,  3.22557484e+00,  4.74617568e+00,  1.26802906e+00,
        3.97328038e+00,  4.41675229e+00,  1.18607567e+00,  2.68443485e+00,
       -3.84662961e+00,  1.13928866e+01,  2.90074588e+00,  3.80583825e+00,
        4.35763345e+00,  1.47994139e+00,  2.39238953e+00,  1.28006474e+01,
        8.11079913e+00,  2.00816622e+00,  6.11356440e-01,  6.46397274e+00,
        4.19474116e+00,  1.32268580e+00,  3.76180697e+00,  1.04295649e+01,
        5.64303990e+00,  3.12653512e+00,  7.95736107e+00, -3.08953379e+00,
        7.48467151e+00,  4.87241496e-01, -1.60916942e+00,  3.45298681e+00,
        2.55663913e+00,  4.66272815e+00,  2.40854929e+00,  8.07703276e+00,
        5.11091538e+00,  7.49944101e+00,  1.36967502e+00,  7.09786009e+00,
        8.36124103e+00,  4.47399665e+00,  4.30388718e+00,  4.84559082e+00,
        3.25151969e+00,  1.20624511e+01,  1.25010756e+01,  3.87681575e+00,
        2.50573574e+00,  6.86789027e-01,  4.35573259e+00,  1.40381440e+01,
       -1.14509830e+00,  7.83844839e+00,  5.76018671e+00,  6.19961766e+00,
        8.41319780e+00,  9.68568562e-01,  6.02327136e+00,  1.33471236e+01,
        5.09808852e+00,  4.80143604e+00,  5.39700083e+00,  7.43455302e+00,
        1.30117319e+00,  3.76487348e+00,  9.81589992e+00,  1.06436205e+00,
        1.39896975e+01,  5.40173738e+00,  6.28787861e-01,  7.35588843e+00,
        3.40975049e+00,  2.94440517e+00,  3.58340918e+00,  4.50163831e+00,
        6.97644303e+00,  6.95614302e+00,  5.63373307e+00,  8.30682084e+00,
        4.75005402e+00,  1.02455263e+01, -1.41622922e+00,  8.48737867e+00,
        6.97465210e+00,  7.86536541e+00,  6.84408185e+00,  3.86989158e+00,
       -1.00300056e+00,  6.46878746e+00,  6.44027669e+00, -5.29593458e-01,
        5.97009935e+00,  3.62108070e+00,  6.35255583e+00,  2.35330028e+00,
        3.57217404e+00,  4.21403486e+00,  8.96477748e+00,  7.28863537e+00,
        5.94126471e+00, -7.34352468e-02, -2.30163279e+00,  8.23318646e+00,
        5.04490545e+00,  9.27514217e+00,  6.50388863e+00,  1.99045453e+00,
        6.99337022e+00,  6.78568337e+00,  7.21277557e+00, -2.39553339e+00,
        8.45470017e+00,  6.03786211e+00,  4.65929048e+00, -7.69185826e-01,
        2.12228630e+00,  4.18003589e+00,  1.41450742e+01,  9.49345633e+00,
        2.87777723e+00,  1.50288230e+00,  4.33535825e+00,  2.35311981e+00,
       -9.19691502e-01,  3.34652738e-01,  9.16288906e+00,  7.21622053e+00,
        1.35527302e+01,  4.15201440e+00,  9.31109916e+00,  4.19206800e+00,
        6.13449051e+00,  5.91043798e+00,  3.68348347e+00,  4.99495861e+00,
       -4.24430796e+00,  8.73136591e+00,  9.80863672e-02,  4.96640212e+00,
        3.68852508e+00,  7.55769487e+00,  6.46227116e-01,  6.83578311e+00,
        1.82984794e+00,  9.15964001e-01,  4.70833837e+00,  1.55978959e+00,
        8.60442080e+00,  7.81711825e+00,  4.62199145e+00, -6.21995324e-01,
        2.77683706e+00,  4.69487300e+00,  4.82362162e+00,  2.56700705e+00,
        1.76956270e+00,  4.74367136e+00,  3.49504519e+00, -8.31104821e-02,
        7.28615498e+00,  8.98221684e+00,  7.89519637e+00,  1.14889281e+01,
        9.16371235e+00,  3.51261079e+00,  3.77306837e+00,  4.21967658e+00,
        6.43903237e-01,  1.58178611e-01,  1.02234897e+01,  4.72199054e+00,
        8.18010079e+00,  4.00098490e+00,  5.89546566e+00,  5.81245853e+00,
       -7.11265552e-01,  7.56784726e+00,  4.83673735e+00,  8.52712557e+00,
        1.31594047e+01,  3.03109387e+00,  1.33850449e+01,  2.57480369e+00,
        1.93973778e+00,  6.38186955e+00,  7.42572387e+00,  5.79368949e+00,
        7.22192518e-01,  6.98294668e+00,  9.46757780e+00,  9.58696675e+00,
        4.67313328e+00,  1.00707849e+01,  8.50941849e+00,  9.48248493e+00,
        2.49572977e+00,  6.69536203e+00,  9.15319570e+00,  2.54325367e+00,
        2.57341774e+00,  1.91998377e-01,  4.03112298e+00,  3.01603978e+00,
        4.86648469e+00,  3.94690318e+00,  5.98703607e+00,  4.37531231e+00,
        8.30207766e+00,  4.47757196e+00,  3.27151412e+00,  4.28672857e+00,
        4.63008991e+00,  4.58043515e+00,  7.53652172e+00,  8.98662156e+00,
       -3.96973171e-01,  9.61619919e+00,  7.27032431e+00,  8.16621206e+00,
       -3.62165594e+00,  2.27389009e+00,  6.99226432e-01,  1.30362101e+01,
        5.22911312e+00,  3.22193933e+00,  1.21346684e+01,  3.72758646e+00,
        9.95224231e+00,  1.15611229e+00,  3.41123069e+00,  2.57424391e+00,
        4.87068638e-01,  7.74194397e+00,  5.79636223e+00,  8.48122134e+00,
        1.16534625e+01,  7.68999511e+00,  4.11907255e+00,  5.59241762e+00,
        1.25587939e+01,  5.92831726e+00,  6.86853660e+00,  9.79101589e+00,
        4.48823319e+00,  9.07561664e+00,  7.34715604e+00,  3.42655522e+00,
        8.19599765e+00,  7.30225123e+00,  6.70224657e+00,  1.19233122e+01,
        1.28602543e+00,  7.23742565e+00,  8.44741945e+00,  4.49123486e-02,
        4.18331451e+00,  3.19014041e+00,  7.22650224e+00,  9.94750726e+00,
        1.89833538e+00,  1.04992291e-01,  4.33624675e+00,  5.32837804e+00]), array([ 3.18202116e+00,  9.81286603e+00,  9.63610393e+00,  9.23388600e-01,
        3.45166580e+00,  3.69690648e+00,  2.97866792e+00,  1.08451398e+01,
        4.77791218e+00,  7.98220778e+00, -6.38957150e-01,  8.73421074e+00,
        7.07948340e+00,  3.26343275e-01,  4.77208140e+00, -5.82581816e-01,
        6.87644533e+00,  1.07876602e+01,  8.52828739e+00,  7.19329276e+00,
        5.62422881e+00,  1.58854801e+00,  2.11836335e+00,  2.17541125e+00,
        7.10401215e+00,  5.85417613e+00,  6.36472982e-02,  4.60145682e+00,
        6.81327097e+00,  2.48607948e+00,  6.49369752e+00,  6.40186341e+00,
        6.18724823e+00,  3.46854049e+00,  2.93310136e+00,  3.80964651e+00,
        7.30549245e+00,  4.92356997e+00,  5.48171676e+00,  2.70848906e+00,
       -1.75493704e-02,  3.49787328e+00,  6.69934897e+00,  6.85024234e+00,
        9.37113938e-02,  9.74363871e+00,  3.36236265e+00,  1.76224512e+01,
        3.91950948e+00,  1.06639283e+01,  8.28695158e+00,  4.38815745e+00,
        1.46872602e+00,  1.07414274e+01,  9.03620524e+00,  5.78504303e+00,
        5.22611192e+00,  4.35212722e+00,  1.08385974e+00,  1.39843001e+01,
        5.45404354e+00,  7.61322670e+00,  1.30614810e+01,  6.46629624e+00,
        6.10736113e+00,  9.87346674e+00, -2.30151166e+00,  7.23213313e+00,
        4.04540871e+00,  1.63764042e+01,  5.18535216e+00,  6.04266734e+00,
        5.34716182e+00,  1.44349697e+00,  8.60941617e+00,  3.36590046e+00,
        7.95910251e+00,  8.04927507e+00,  7.67723294e+00,  6.91205768e+00,
        6.88246604e+00,  4.79119024e+00,  1.96345347e+00,  7.01830788e+00,
        1.12694501e+01,  4.68599833e+00,  1.02561599e+01, -2.74441709e+00,
        4.90010995e+00,  6.80853317e+00,  1.89509603e+00,  7.94606956e+00,
        4.32556902e+00,  8.67079103e+00,  6.48861312e+00,  5.75145338e+00,
        7.43679681e+00, -3.09699380e+00,  9.74844720e+00, -1.15360883e+00,
        9.14727984e+00,  8.52339360e+00,  3.99694976e+00,  1.25280903e+01,
        8.35333559e+00,  7.03305215e+00,  5.87135080e+00,  3.02219660e+00,
        3.77638642e+00,  2.20925439e+00,  3.53650533e+00,  1.22383227e+01,
        9.49020555e+00,  6.47368559e+00,  6.38362571e+00,  6.40158920e+00,
        2.87934143e+00,  7.41842513e+00,  1.15308991e+01,  7.15270817e+00,
        3.51649744e+00,  2.17262572e+00,  3.42168885e+00, -2.94123134e-01,
        9.81454836e+00,  1.18529334e+01,  3.04600760e+00,  5.66303916e+00,
        5.52489549e+00,  8.03836653e+00,  7.51203359e+00,  3.52426716e+00,
        1.07367469e+01, -8.70368564e-01,  9.04114993e+00,  9.32436106e+00,
        8.33870085e+00,  5.79437119e+00,  2.90225915e+00,  8.52673959e+00,
        2.03420346e+00,  8.66175673e+00,  1.03052751e+00,  6.28109105e+00,
        1.03972999e+01,  7.55517890e+00,  1.04476779e+01,  4.73336125e+00,
        9.92716658e+00,  6.98133612e+00,  6.68301085e+00,  3.61396745e+00,
        1.03754499e+01,  4.19760807e+00,  6.43430350e+00,  7.46370645e+00,
        2.49142069e+00,  4.89678838e+00,  4.42091319e+00,  5.25801809e+00,
        5.85075071e+00,  7.05618405e+00,  3.09392202e+00,  6.55951032e+00,
        6.20876820e+00,  4.68031922e+00,  5.22435664e+00,  6.51744591e+00,
        6.23909260e+00,  7.61416173e+00,  1.89572957e+00,  1.17215165e+01,
        4.65950497e+00,  7.42017594e+00,  1.00333817e+01,  3.56781327e+00,
        8.94505782e+00,  2.02881858e+00,  1.02222459e+01,  6.86691761e+00,
        6.16197673e+00,  2.17741028e+00,  8.47538479e-01,  6.48407599e+00,
        8.69133201e+00,  8.13716899e+00,  8.58203780e+00,  5.05134630e+00,
        7.47666665e+00,  6.32157826e+00,  1.26366471e+00,  5.75080690e+00,
        5.24608326e+00,  2.80551056e+00,  6.28618340e+00,  8.44935351e+00,
        6.43675537e+00,  5.21653856e+00,  8.25034575e+00,  4.18212035e+00,
        7.71736694e+00,  5.46409851e+00,  2.63751639e+00,  3.44071620e+00,
        5.30835312e+00,  8.94257607e+00,  7.21962830e+00,  9.19399004e+00,
        4.17395368e+00,  9.91173581e+00,  6.58918643e+00,  1.99389200e+00,
        2.08455710e+00,  8.50120435e+00,  7.67659785e+00,  1.09073821e+01,
        1.10146654e+01,  1.09148040e+01,  2.18887973e+00,  2.66495870e+00,
        8.26940357e+00,  9.39620670e+00,  1.19214143e+01,  5.98681606e+00,
        8.01837615e+00,  4.15051030e+00,  6.87515381e+00,  4.30054096e+00,
        9.33227836e+00,  8.88749758e+00,  7.47999961e+00,  1.38739605e+00,
        1.02599954e+01, -2.46884385e+00,  4.06974503e+00,  4.14214757e+00,
        4.48007144e+00,  2.92637988e+00,  1.14231987e+01,  1.12343738e+01,
        6.99120483e+00,  9.99900673e+00,  1.30542444e+01,  1.00588015e+01,
        4.42076608e+00,  4.15233975e+00,  8.56558290e+00,  2.79595308e+00,
        3.72835496e+00,  1.64648082e-02,  4.42943515e+00,  1.37794824e+01,
        3.54129071e-02,  6.01904119e+00,  2.90030408e+00,  6.64318612e+00,
        5.04661774e+00, -1.72904180e+00,  1.56173872e+00,  4.68148915e+00,
        3.47847360e+00,  5.73166212e+00,  5.87594716e+00,  1.44478974e+01,
        8.08054253e+00,  7.36926455e+00,  2.89121564e+00,  4.57368322e+00,
        2.74636203e+00,  1.62004044e+01,  1.01757922e+00,  6.27001223e+00,
        3.75071919e+00,  6.89930096e+00,  4.09987640e+00,  1.21669938e+01,
        1.03467264e+01,  8.73988731e+00,  2.81538326e+00,  8.05742586e+00,
        1.16220178e+01, -3.64793532e+00, -8.71154296e-01,  6.61004382e+00,
        1.57914667e+00,  2.66457166e+00,  1.14980803e+01,  5.56766535e+00,
        1.22968052e+01,  1.17582759e+01,  6.09774414e-01,  1.19476055e+01,
        6.09472887e+00,  5.05261302e+00,  2.65570428e+00,  6.54610305e+00,
        1.04264925e+01,  6.99141642e+00,  4.05838319e+00,  7.54169682e+00,
        8.70815581e+00, -5.70209471e-01, -5.86340239e+00,  4.12446941e+00,
        6.74259572e+00,  1.02766397e+01,  8.42284656e+00, -3.19766558e-02,
        8.59274917e+00,  1.39676808e+01,  3.58107199e+00,  1.19125740e+00,
        3.18403629e+00, -2.29279685e+00,  4.27519561e+00,  1.54324078e+00,
        9.40133342e-01,  5.57307560e+00, -1.42438472e-02,  6.81426173e+00,
        8.45030799e+00,  3.64672407e+00,  3.43494536e+00,  9.55689383e+00,
        6.00065070e+00,  1.52646678e+01,  7.04430538e+00,  4.19442936e+00,
        1.61706263e+00,  5.74189177e+00,  1.03965176e+01,  7.77491864e+00,
       -7.21241647e-02,  4.15643798e+00,  8.77241013e+00,  8.20117909e+00,
        5.85467170e+00,  6.24817435e+00,  6.19551156e+00,  4.21129070e+00,
        7.56681245e+00,  2.65723295e+00,  4.24612947e+00,  7.05601878e+00,
        4.23310556e+00,  2.73535519e+00,  1.76244286e+00,  4.16747824e+00,
        1.08001551e+01,  1.12543320e+01,  1.21265811e+00,  4.44848576e+00,
        3.31190836e+00,  1.42242449e+01,  6.88590423e+00,  7.01065506e+00,
        1.10939057e+01,  9.79977378e+00,  5.85035932e+00,  4.59698749e+00,
        7.15186657e+00,  6.06120579e-01,  6.31906641e+00,  5.92013545e+00,
        8.62779352e+00,  9.45154124e+00,  7.37515260e+00,  5.43906149e+00,
        5.03414202e+00,  8.65925943e-01,  1.10565097e+01,  8.10933040e+00,
        4.73162372e+00,  5.89955281e+00,  1.34996277e+01,  3.43462806e+00,
        1.14065996e+00,  1.63560827e+00,  7.03242845e+00,  4.97647829e+00,
        1.33662586e+01,  1.73658098e+00,  4.47404627e-01,  8.45417747e+00,
        1.58644271e+00, -4.81646335e-01,  3.06240865e+00,  7.68487774e+00,
        5.26960932e+00,  8.92140096e+00,  8.11176977e+00,  6.23670420e+00,
        4.64309652e+00,  1.10480920e+01,  8.81142865e+00,  1.60399280e+00,
        7.76019309e+00,  9.80136350e+00,  1.16818612e+01, -4.64491890e+00,
        4.47357159e+00,  5.64404118e+00,  1.07066365e+01,  1.12400602e+01,
        5.21107866e+00,  8.10655497e+00,  3.22377600e+00,  8.94754116e+00,
        3.38943129e+00,  1.00764901e+01,  6.41717481e+00,  4.87697579e+00,
        5.54423156e-01, -2.72948344e+00,  6.95673121e+00,  8.47384419e+00,
        5.93759660e+00,  6.83550822e+00,  5.49572017e+00,  1.08029126e+01,
        5.90008730e+00,  8.97287710e+00,  7.51829058e+00,  7.70089997e+00,
       -3.76792810e+00,  7.19650896e+00,  2.68565343e+00,  6.39601790e+00,
        1.02185450e+01,  9.47934604e-01,  1.19896676e+01,  6.56350102e+00,
        1.26386772e+00,  3.45060480e+00,  4.55800535e+00,  8.47776694e+00,
        1.19737780e+00,  1.06104600e+01,  3.79408609e+00,  2.44287449e+00,
        7.07498075e+00,  5.15262655e+00,  2.94333412e+00, -1.49706361e+00,
       -1.47417814e+00,  5.03535425e+00,  1.02920857e+01,  5.42445752e+00,
        4.31523964e+00,  9.50426422e+00,  8.85655832e+00,  9.69074711e+00,
       -7.17724024e+00,  8.74259304e+00,  5.52791267e+00,  8.80113230e+00,
        4.59364443e+00,  5.01987284e+00,  3.31274709e+00, -3.63565100e+00,
        8.74314660e+00,  7.10167631e+00, -1.43802222e-02, -1.69636219e-01,
        7.52171935e+00,  5.58867770e+00,  5.26433897e+00,  3.18013006e+00,
        4.11462684e+00,  1.25747215e+01,  7.19712980e+00,  6.45987988e+00,
        7.17796439e+00,  1.18204370e+01,  6.84005132e+00,  2.64582847e+00,
        9.06429389e+00,  4.15260418e+00,  8.83995874e+00,  9.93618544e+00,
        1.20546370e+01,  1.81610800e+00,  4.28560409e+00,  2.22291227e+00,
        4.44153278e+00,  7.51609565e+00,  1.07844422e+01,  5.31124925e+00,
        9.14260622e+00,  2.41065730e+00,  8.79685699e+00,  8.61484179e+00,
        6.28115611e-01,  1.08013268e+01,  1.96453375e+00,  3.70679473e+00,
        6.25122674e+00,  9.47192170e-01,  6.21689248e+00,  4.42519864e+00,
        6.49379242e+00,  1.05728024e+01,  6.35332358e+00, -2.18676407e+00,
        7.11471107e+00,  7.57506279e+00,  1.68968511e+00,  6.90400780e+00,
        9.07429564e+00,  9.51616684e+00,  3.15936585e+00,  5.34581782e-01,
        8.61922644e+00,  7.89745185e+00,  6.93419284e+00,  1.69341044e+00,
        6.02298495e+00,  5.24590962e+00,  1.00659097e+01,  4.16279004e+00,
        1.19951856e+01,  1.07642390e+01,  7.23476229e+00,  2.65538788e+00,
        5.44606667e+00,  7.38541788e+00,  1.49556719e+00,  3.18099460e+00,
        7.76306429e+00,  8.86694459e+00,  4.87751798e+00,  3.04245529e+00,
        9.32719404e+00,  4.19527532e+00,  1.35568566e+01,  8.92911948e+00,
        4.29190962e+00,  3.16224473e+00,  5.43848074e+00,  1.36201838e+00,
        4.76689755e+00,  5.42728167e+00,  2.17912307e+00,  3.02299449e+00,
       -2.99351461e+00,  1.23198626e+01,  3.33640332e+00,  4.57367793e+00,
        5.20161530e+00,  1.39831948e+00,  2.70283086e+00,  1.29721188e+01,
        9.08311626e+00,  2.35312615e+00,  1.81919084e+00,  6.61898122e+00,
        4.74121963e+00,  2.25524612e+00,  4.81664514e+00,  1.08210214e+01,
        6.44005861e+00,  3.80927007e+00,  8.90320087e+00, -2.39535900e+00,
        8.91745738e+00,  1.42600768e+00, -8.04882224e-01,  3.93163606e+00,
        3.43107653e+00,  5.28839922e+00,  3.22349913e+00,  8.62376095e+00,
        5.57392704e+00,  7.82781930e+00,  2.68265615e+00,  7.91518397e+00,
        8.80231817e+00,  5.45656347e+00,  5.02955346e+00,  6.05244050e+00,
        3.88190401e+00,  1.32868116e+01,  1.33074111e+01,  4.24737290e+00,
        3.57742133e+00,  1.49417200e+00,  4.47535347e+00,  1.55402704e+01,
       -8.45574502e-01,  8.41882188e+00,  6.45950658e+00,  7.03177758e+00,
        9.55663833e+00,  1.53467553e+00,  6.29316253e+00,  1.44135079e+01,
        5.82649918e+00,  6.22743668e+00,  6.51647277e+00,  8.26245628e+00,
        1.83403478e+00,  5.41428259e+00,  1.04626520e+01,  2.08692761e+00,
        1.41954813e+01,  6.64783917e+00,  1.42519620e+00,  8.10369454e+00,
        4.26872650e+00,  3.84174198e+00,  4.90666791e+00,  5.52412762e+00,
        7.65129493e+00,  8.37048335e+00,  6.46030240e+00,  8.98402065e+00,
        5.83306303e+00,  1.14790448e+01, -1.57537004e+00,  9.33953311e+00,
        7.23890277e+00,  9.55730008e+00,  7.51068843e+00,  4.75283481e+00,
       -9.99229202e-02,  6.87208337e+00,  6.42723133e+00,  4.09304263e-01,
        6.67269054e+00,  3.99972713e+00,  6.72665428e+00,  2.75603806e+00,
        4.02993955e+00,  4.59260787e+00,  1.03812555e+01,  8.52477152e+00,
        6.45150880e+00,  8.42988340e-01, -2.48823666e+00,  8.83062778e+00,
        5.38883565e+00,  1.01777493e+01,  6.99066293e+00,  2.76692000e+00,
        7.53728139e+00,  7.51545810e+00,  7.94648193e+00, -1.73474269e+00,
        9.32521140e+00,  6.63003261e+00,  5.64316601e+00, -4.74673301e-01,
        2.99129215e+00,  4.40356359e+00,  1.52007499e+01,  1.01182668e+01,
        4.30377730e+00,  2.21848138e+00,  4.77373610e+00,  2.90954104e+00,
       -5.66291469e-01,  6.17264978e-01,  1.03541970e+01,  7.73048707e+00,
        1.47386931e+01,  5.28880264e+00,  1.02848925e+01,  4.95683748e+00,
        6.66038252e+00,  6.24601361e+00,  4.09163095e+00,  5.74445611e+00,
       -3.47559685e+00,  1.00849618e+01, -1.25306175e-02,  5.89230927e+00,
        3.95450717e+00,  8.22260453e+00,  1.17557389e+00,  7.58353955e+00,
        1.88070165e+00,  1.05113130e+00,  5.86299154e+00,  2.82828036e+00,
        9.10489581e+00,  8.48703127e+00,  5.59452907e+00, -1.49549983e-01,
        2.99311142e+00,  5.63127859e+00,  6.05261739e+00,  3.60864449e+00,
        2.99119972e+00,  5.48485588e+00,  3.82824850e+00,  1.06011049e+00,
        8.14390257e+00,  9.56881346e+00,  8.69008277e+00,  1.26709924e+01,
        9.81299509e+00,  3.92338332e+00,  4.24581410e+00,  4.55017794e+00,
        3.61431777e-01,  1.10261468e+00,  1.05948262e+01,  6.02557539e+00,
        8.73362216e+00,  4.09804267e+00,  6.65294177e+00,  6.13939813e+00,
        2.07593617e-01,  8.54406718e+00,  6.32341019e+00,  9.68189264e+00,
        1.40174317e+01,  3.68228760e+00,  1.41598868e+01,  3.46558635e+00,
        2.89917498e+00,  7.21286071e+00,  8.73088804e+00,  6.04593741e+00,
        1.59850780e+00,  8.19993176e+00,  9.99948176e+00,  1.06622189e+01,
        5.20407472e+00,  1.08014642e+01,  9.05794895e+00,  1.03283803e+01,
        3.37705268e+00,  7.08598554e+00,  1.00625347e+01,  3.40345304e+00,
        3.37673764e+00,  1.28207826e+00,  4.55170732e+00,  4.52683303e+00,
        5.62174144e+00,  4.82706182e+00,  6.65205805e+00,  5.27010330e+00,
        9.00452489e+00,  5.52860141e+00,  4.18755121e+00,  5.52656936e+00,
        4.97246181e+00,  5.21328671e+00,  8.66979145e+00,  9.57143857e+00,
        6.27015088e-01,  1.09701548e+01,  8.06471369e+00,  8.16819578e+00,
       -2.46130011e+00,  3.01379561e+00,  1.53935688e+00,  1.40410032e+01,
        6.05871909e+00,  3.78676291e+00,  1.31965526e+01,  4.59299286e+00,
        1.05576267e+01,  2.73814788e+00,  3.26706275e+00,  3.23472933e+00,
        9.63591628e-01,  7.99721997e+00,  6.41889032e+00,  9.11214668e+00,
        1.23006428e+01,  8.53291340e+00,  5.07361546e+00,  6.29939594e+00,
        1.33987729e+01,  6.47910851e+00,  7.90620220e+00,  1.02689625e+01,
        5.14623683e+00,  1.03354388e+01,  8.57054978e+00,  4.48986525e+00,
        9.34603170e+00,  8.24095016e+00,  6.87280582e+00,  1.25751675e+01,
        2.09759218e+00,  7.85502780e+00,  9.28494585e+00,  9.52172517e-01,
        4.96767956e+00,  3.91720823e+00,  7.59883704e+00,  1.08240449e+01,
        2.42761711e+00,  9.28344131e-01,  4.87594764e+00,  6.35725415e+00]), array([ 4.07842176, 10.87439696, 10.00454792,  0.93219519,  4.84831971,
        4.64410023,  4.31899983, 11.63122326,  5.03154484,  9.08962609,
        0.21581868, 10.06163471,  7.83677959,  0.32869016,  5.49631057,
        0.09952564,  7.72885511, 11.80664443,  9.49443347,  8.40289802,
        6.56004985,  2.04521805,  3.21510752,  3.42218165,  7.38213919,
        6.55191615,  0.32472595,  5.17678894,  7.79655655,  2.62676358,
        7.43240862,  6.67215726,  6.80175433,  4.73255091,  3.39671988,
        4.98621919,  8.26145124,  5.44997467,  5.99464571,  3.4344584 ,
        0.87383652,  4.38099948,  7.10343157,  7.50307519,  1.25441622,
       10.29562557,  3.79198937, 17.95572291,  4.73011322, 11.30084287,
        9.07308351,  5.4335182 ,  2.43492193, 11.31820213,  9.8858301 ,
        5.6540981 ,  5.89176989,  5.22702672,  2.1070215 , 15.12579293,
        6.05715377,  8.01157102, 14.81288493,  7.20916778,  6.7091019 ,
       10.28930079, -1.10577163,  8.17678677,  4.32959406, 16.83932053,
        6.27516582,  6.77527207,  6.46847058,  2.90377484,  9.33331813,
        3.90991607,  8.4927935 ,  8.88210301,  8.50558232,  7.90449251,
        7.47285057,  5.00956734,  3.15126343,  8.2019472 , 11.96464942,
        6.22338639, 11.29147455, -1.98807522,  5.65487698,  7.74027217,
        2.20535487,  9.12281733,  5.60535608,  9.09078196,  7.67322371,
        6.05759228,  7.99324845, -2.4398445 , 10.55766034, -0.63682099,
       10.20342954,  8.92640635,  4.98294938, 13.26019781,  9.48582081,
        7.59923363,  6.66446515,  3.46000384,  5.03174536,  3.01007901,
        3.4396507 , 13.40973506, 10.827176  ,  7.56669024,  6.74240446,
        6.8448262 ,  3.57798204,  8.10948962, 11.88243912,  7.79689826,
        4.19051726,  3.01426068,  3.88072516, -0.35148209, 10.79611107,
       12.69921031,  4.08384166,  5.84826393,  6.29338212,  8.22633655,
        8.92060564,  4.85527956, 11.61493247,  0.02308734,  9.84411226,
        9.81000267,  8.96734335,  6.86005591,  3.85525846,  9.50711184,
        2.88447481,  9.11924658,  2.23367009,  7.78547405, 11.27343471,
        8.40573641, 11.42056499,  5.87671001, 10.84078742,  6.98981511,
        7.19032072,  4.10868262, 11.23908902,  4.61652411,  6.64279053,
        8.54297506,  3.44583918,  5.57656254,  5.62068555,  5.72827774,
        6.79798761,  7.77207226,  3.67196641,  7.23213968,  6.41304689,
        4.68183363,  5.91091905,  7.16899565,  6.67917028,  8.85332589,
        2.87897658, 12.94155146,  5.09959091,  8.17963566, 11.05799269,
        4.46259639,  9.3562418 ,  3.28546754, 10.71103992,  7.77102377,
        7.26133746,  2.84866161,  1.69853846,  7.45055886,  9.73016716,
        9.19530608,  9.99813792,  5.48156161,  8.29957401,  7.55412481,
        2.13000119,  6.42857367,  6.24836138,  3.28852594,  7.02176538,
        9.47062219,  7.32898721,  5.81258878,  9.24386401,  4.6210102 ,
        8.93308151,  6.57226994,  3.32227957,  4.13266798,  6.25490444,
        9.67480763,  8.19088055,  9.85836245,  4.92652164, 10.59411214,
        7.73134584,  2.71298819,  2.86685373,  9.22002081,  8.38590407,
       12.07411484, 12.49673744, 12.22676322,  3.28636006,  3.21422468,
        9.05051785, 10.40496744, 13.19834346,  7.26423217,  8.55982159,
        4.83874471,  8.20507745,  5.11176045,  9.74378876,  9.54923042,
        8.28515782,  2.31541734, 11.14981667, -2.40280418,  5.22499186,
        5.34536443,  5.3172697 ,  3.97276528, 12.40273873, 11.8261058 ,
        7.79101713, 10.86679218, 13.63491294, 11.54327053,  5.41457058,
        4.82461953,  9.50469415,  3.34409197,  4.47023692,  1.69483056,
        5.47750246, 14.61358556,  0.56007375,  6.68678418,  3.88236129,
        6.94556114,  6.77573056, -1.33571333,  2.53278561,  5.5781503 ,
        4.07303286,  6.88462481,  6.91670136, 15.83844554,  8.55752999,
        7.54934076,  3.40490834,  5.11235177,  3.35691139, 17.4306989 ,
        2.21945696,  6.95213229,  4.62367333,  7.86214941,  4.63144496,
       13.48677718, 11.94186376,  9.90506114,  3.76590588,  8.82522698,
       12.19441267, -2.67663653,  0.03615369,  7.46959298,  2.4228171 ,
        3.34809807, 12.16679599,  6.71339409, 13.62492193, 12.96619532,
        1.48009612, 12.85123675,  6.88771855,  5.90119453,  3.68712781,
        7.48075957, 11.37509897,  7.55893822,  4.27754473,  8.72023504,
        9.70604831, -0.64400489, -5.56679237,  5.83000248,  8.09602703,
       10.50889558,  9.28604466,  0.16806312,  9.57201963, 14.8728253 ,
        4.05872095,  1.33644054,  3.83944048, -1.38053687,  5.05486853,
        2.06274386,  1.13563203,  6.33765158,  0.53027755,  7.45256734,
        9.02282056,  4.57092283,  4.49200784, 10.40105781,  6.6956708 ,
       16.45543485,  7.89643726,  5.10473984,  2.26347884,  6.10656319,
       11.02693329,  8.36610638,  0.60141792,  4.57665209,  9.61513378,
        8.82020808,  6.14660704,  7.19813954,  6.87268446,  4.31617334,
        8.06164796,  3.55128624,  4.94644227,  7.88122956,  4.99247933,
        3.26232956,  2.5163414 ,  4.88943214, 12.28909885, 12.13545921,
        1.55869887,  5.58666775,  4.02859623, 15.67531659,  7.40747749,
        7.30470426, 12.65197022, 10.97844038,  7.42336319,  5.92806546,
        7.53298687,  0.86194217,  7.76679387,  6.45816077,  9.06258134,
       10.30449402,  7.82441097,  6.29660505,  5.86776818,  1.3304476 ,
       12.23539375,  8.86024757,  5.09746119,  6.96210102, 14.29336074,
        4.15087726,  1.15706092,  2.28609126,  8.05820173,  5.75350555,
       14.38911927,  2.56501362,  1.18350204,  9.85628204,  2.49595961,
        0.53563003,  4.16733809,  8.86947662,  6.54719103,  9.95244253,
        8.98835467,  6.96241141,  5.14668993, 12.38974939,  9.74927615,
        2.19116454,  8.38645767, 11.01763455, 13.11595194, -4.40533364,
        5.55074442,  6.81098292, 12.15249787, 12.87933206,  5.46578562,
        9.03729709,  4.39553204, 10.10607221,  4.2820392 , 10.88374795,
        6.9732923 ,  5.52295623,  1.18874187, -2.12447361,  8.22981005,
        9.51495871,  6.91287406,  7.78485948,  6.63789377, 12.08668527,
        6.69352355,  9.71132675,  8.77679222,  8.27407995, -3.12827637,
        8.36264626,  3.26158227,  7.64695436, 10.78078735,  1.86580749,
       12.54260721,  7.81005987,  2.42957773,  4.42125954,  5.28868328,
        8.48828385,  2.64355675, 10.39364367,  4.97074436,  3.21591377,
        7.99237868,  5.44852205,  4.14518605, -0.82555073, -0.38079245,
        5.77632478, 11.99518412,  6.24412831,  5.21745616, 10.51515516,
        9.68030655, 11.15248069, -6.94305001,  9.44624393,  6.35684734,
        9.46724889,  5.26584846,  6.07376657,  3.96938581, -3.43888608,
        8.72448305,  7.87047717,  0.85730272,  1.03721055,  8.35826554,
        6.81710168,  6.35658842,  4.10495774,  4.99959606, 13.38481204,
        8.14794227,  7.06527628,  7.92221105, 13.27646293,  7.11995191,
        2.83509862, 10.75282427,  5.52678527, 10.08628477, 10.98321678,
       12.49466201,  2.50863008,  4.67944759,  2.85788507,  5.0465952 ,
        8.21295444, 11.91410464,  5.94624943, 10.22163873,  3.37930772,
        8.85361915,  9.73376072,  1.15059264, 11.04743194,  1.79969506,
        4.25828829,  7.25202922,  2.2672972 ,  7.57725423,  5.58636802,
        7.65893215, 11.52537915,  6.90891019, -2.29113385,  7.97708546,
        8.08842066,  2.16832336,  7.65832177,  9.81159064, 10.43923316,
        3.98062488,  1.0817161 ,  9.76295248,  8.63108155,  7.26357459,
        2.54423122,  6.81853034,  6.45365329, 11.3232911 ,  5.04083176,
       12.8607924 , 11.23344625,  8.31903354,  3.14367524,  6.71869235,
        8.25848665,  1.77282295,  3.65717336,  8.32846627,  9.9174394 ,
        6.05692518,  4.21944302, 10.23931698,  4.91274328, 13.41513602,
        9.43416187,  4.63636632,  3.13539328,  6.18335055,  1.53707739,
        5.61467202,  6.5111733 ,  3.23145556,  3.41022205, -2.07333343,
       13.30968769,  3.82494062,  5.39569567,  6.13415814,  1.37292208,
        3.07177277, 13.18391553, 10.12816353,  2.74516544,  3.09710695,
        6.8019379 ,  5.34038046,  3.2762607 ,  5.96005512, 11.26218427,
        7.28016079,  4.56619962,  9.88937887, -1.65520076, 10.43965611,
        2.44372126,  0.05593988,  4.47111314,  4.37722133,  5.98773957,
        4.10199573,  9.24048099,  6.10392412,  8.20112445,  4.06759296,
        8.79640924,  9.29292777,  6.48629527,  5.80919737,  7.3525369 ,
        4.56135043, 14.57977076, 14.18157702,  4.68325426,  4.71936077,
        2.38776943,  4.64738549, 17.11241745, -0.48449692,  9.04317841,
        7.22043104,  7.91805606, 10.77196002,  2.17966784,  6.62820171,
       15.53997079,  6.62792789,  7.75866664,  7.71585917,  9.14500714,
        2.44829938,  7.16387108, 11.18733035,  3.16285692, 14.44962478,
        7.9734839 ,  2.29286828,  8.91694778,  5.19431971,  4.82347137,
        6.30543704,  6.62960565,  8.38076727,  9.86579471,  7.34873375,
        9.69886333,  6.97858741, 12.77974943, -1.69337678, 10.26854022,
        7.55676076, 11.30789955,  8.25494618,  5.7069379 ,  0.89890997,
        7.33619558,  6.46577359,  1.40017034,  7.41724292,  4.436418  ,
        7.14786764,  3.19365845,  4.5695545 ,  5.00692815, 11.87379541,
        9.80291173,  7.00626267,  1.82903169, -2.59807148,  9.47880999,
        5.78256916, 11.12487811,  7.53115214,  3.64823712,  8.15902467,
        8.32095958,  8.72039742, -1.02293981, 10.27388165,  7.28944067,
        6.71056444, -0.11188937,  3.91449311,  4.69324376, 16.29464348,
       10.78957892,  5.80840925,  2.99713993,  5.2593516 ,  3.50490743,
       -0.15449448,  0.96434288, 11.61630339,  8.27735506, 16.00285161,
        6.50006729, 11.31600174,  5.75130697,  7.256999  ,  6.63488972,
        4.54796937,  6.56338914, -2.63014256, 11.48578113, -0.07930807,
        6.90670298,  4.28074261,  8.93878941,  1.75778739,  8.37427446,
        1.98021715,  1.2163253 ,  7.06949543,  4.18699292,  9.63377599,
        9.23103552,  6.64477952,  0.39062191,  3.25198616,  6.63355733,
        7.3632658 ,  4.7339389 ,  4.29967855,  6.28514055,  4.22442813,
        2.26636681,  9.04310139, 10.2082415 ,  9.53831858, 13.91283266,
       10.51968209,  4.38525309,  4.79884727,  4.95086139,  0.11123929,
        2.08883224, 11.03308035,  7.40637327,  9.33221467,  4.25483408,
        7.44668255,  6.5262045 ,  1.19632846,  9.60393598,  7.88892398,
       10.90912402, 14.93227314,  4.40874761, 14.99067229,  4.41303737,
        3.9286857 ,  8.11305083, 10.11742447,  6.37018955,  2.54284042,
        9.48544732, 10.57743204, 11.8098314 ,  5.80598639, 11.59657591,
        9.669148  , 11.21606882,  4.319759  ,  7.52659734, 11.04373643,
        4.34999011,  4.20867203,  2.44338745,  5.13100548,  6.13849652,
        6.43077322,  5.79302418,  7.40061908,  6.23114872,  9.75695758,
        6.66230472,  5.13783843,  6.82973843,  5.36631725,  5.91760367,
        9.88460075, 10.20970926,  1.76158793, 12.391394  ,  8.91633619,
        8.19313104, -1.20569326,  3.8195473 ,  2.46703902, 15.08849437,
        6.95257834,  4.3953971 , 14.32326594,  5.51496623, 11.2356845 ,
        4.38642475,  3.16650808,  3.96148751,  1.47933114,  8.30810544,
        7.10266653,  9.82018761, 13.01570492,  9.41446686,  6.11188097,
        7.08611127, 14.30646318,  7.08945749,  9.01281824, 10.79261268,
        5.88842553, 11.66071255,  9.84974807,  5.62640076, 10.55719581,
        9.2548453 ,  7.1220303 , 13.27635001,  2.97914591,  8.53036898,
       10.17573671,  1.95299571,  5.83313985,  4.72347567,  8.03072078,
       11.73373652,  3.01890332,  1.82339293,  5.46703218,  7.46086484]), array([ 4.89776438e+00,  1.18451195e+01,  1.03097963e+01,  8.84626234e-01,
        6.10442062e+00,  5.59527578e+00,  5.52032778e+00,  1.23487412e+01,
        5.21614417e+00,  1.01143250e+01,  1.03208185e+00,  1.12431568e+01,
        8.51999655e+00,  2.85691997e-01,  6.16498975e+00,  7.53203402e-01,
        8.52271201e+00,  1.27007019e+01,  1.04007790e+01,  9.48704649e+00,
        7.46428941e+00,  2.46948760e+00,  4.26081710e+00,  4.60985920e+00,
        7.61366126e+00,  7.18811933e+00,  5.97615764e-01,  5.73877510e+00,
        8.67393950e+00,  2.73400747e+00,  8.28517774e+00,  6.91913899e+00,
        7.39406123e+00,  5.98191480e+00,  3.79316408e+00,  6.09480191e+00,
        9.17270311e+00,  5.91325702e+00,  6.47572109e+00,  4.07337135e+00,
        1.66768875e+00,  5.20445142e+00,  7.47341891e+00,  8.06412453e+00,
        2.40361716e+00,  1.08408089e+01,  4.13980847e+00,  1.82495819e+01,
        5.49253563e+00,  1.18542180e+01,  9.78195276e+00,  6.41867313e+00,
        3.32996928e+00,  1.18477249e+01,  1.06275162e+01,  5.48169238e+00,
        6.49350192e+00,  6.06556105e+00,  3.08097337e+00,  1.61463098e+01,
        6.62322482e+00,  8.32011905e+00,  1.64637820e+01,  7.89542115e+00,
        7.27306295e+00,  1.06601587e+01,  1.07493786e-02,  9.06180551e+00,
        4.57166359e+00,  1.72551390e+01,  7.28406285e+00,  7.46849897e+00,
        7.54164274e+00,  4.26617383e+00,  1.00135506e+01,  4.45545004e+00,
        8.93653586e+00,  9.61436670e+00,  9.29034305e+00,  8.81754878e+00,
        8.00730239e+00,  5.22434321e+00,  4.30010606e+00,  9.32461248e+00,
        1.25665776e+01,  7.69909633e+00,  1.22226731e+01, -1.29967292e+00,
        6.38267121e+00,  8.56429203e+00,  2.49110763e+00,  1.02125388e+01,
        6.79080975e+00,  9.47296463e+00,  8.80099215e+00,  6.30237792e+00,
        8.54052611e+00, -1.79945509e+00,  1.12915790e+01, -1.04173284e-01,
        1.11706539e+01,  9.28075965e+00,  5.93141184e+00,  1.39086409e+01,
        1.05510750e+01,  8.05921804e+00,  7.35693100e+00,  3.86098540e+00,
        6.20585187e+00,  3.79154586e+00,  3.27768627e+00,  1.44658040e+01,
        1.21027092e+01,  8.57685393e+00,  7.03510552e+00,  7.19009636e+00,
        4.19912980e+00,  8.73484482e+00,  1.21992344e+01,  8.41373902e+00,
        4.77843406e+00,  3.81553005e+00,  4.31176204e+00, -4.60310509e-01,
        1.16782506e+01,  1.34921984e+01,  5.03799158e+00,  6.07831763e+00,
        7.01015746e+00,  8.38465140e+00,  1.02609345e+01,  6.13965152e+00,
        1.23704193e+01,  8.21128988e-01,  1.05942671e+01,  1.02174917e+01,
        9.53557528e+00,  7.82929950e+00,  4.72273681e+00,  1.04195589e+01,
        3.69241827e+00,  9.55303013e+00,  3.36483107e+00,  9.17822082e+00,
        1.20892650e+01,  9.17976227e+00,  1.23298659e+01,  6.95756253e+00,
        1.16871169e+01,  6.97666185e+00,  7.59177684e+00,  4.52031553e+00,
        1.20159886e+01,  4.97323000e+00,  6.82654657e+00,  9.56368746e+00,
        4.38185391e+00,  6.17586415e+00,  6.71900362e+00,  6.18521451e+00,
        7.67934934e+00,  8.43976472e+00,  4.19692111e+00,  7.85415255e+00,
        6.56163017e+00,  4.64431978e+00,  6.53789930e+00,  7.76927566e+00,
        7.10158601e+00,  1.00160710e+01,  3.79139336e+00,  1.40561296e+01,
        5.50968861e+00,  8.90590079e+00,  1.19909147e+01,  5.30511761e+00,
        9.68575679e+00,  4.49959400e+00,  1.11781810e+01,  8.61151725e+00,
        8.28547715e+00,  3.50259124e+00,  2.51723695e+00,  8.35686434e+00,
        1.07358681e+01,  1.01688294e+01,  1.13692022e+01,  5.87559400e+00,
        9.04365032e+00,  8.74578178e+00,  2.94541834e+00,  7.06481215e+00,
        7.16865506e+00,  3.74481677e+00,  7.73961902e+00,  1.04264665e+01,
        8.15801320e+00,  6.36819945e+00,  1.01666256e+01,  5.04795677e+00,
        1.00697159e+01,  7.62069361e+00,  3.95614345e+00,  4.80250686e+00,
        7.14273148e+00,  1.03430154e+01,  9.12768883e+00,  1.04411919e+01,
        5.59661284e+00,  1.12014531e+01,  8.79762359e+00,  3.41567670e+00,
        3.59440984e+00,  9.88301990e+00,  9.02543902e+00,  1.32079246e+01,
        1.39504735e+01,  1.34814458e+01,  4.34425705e+00,  3.71856449e+00,
        9.74045158e+00,  1.13341153e+01,  1.43951030e+01,  8.43629091e+00,
        9.04786419e+00,  5.42637470e+00,  9.43162443e+00,  5.85207612e+00,
        1.01158466e+01,  1.00937002e+01,  8.99594465e+00,  3.21939282e+00,
        1.19598782e+01, -2.33052775e+00,  6.28312848e+00,  6.46040097e+00,
        6.09609960e+00,  4.94914988e+00,  1.33100617e+01,  1.23959227e+01,
        8.48007012e+00,  1.16910607e+01,  1.41902228e+01,  1.29398514e+01,
        6.36541200e+00,  5.43605842e+00,  1.03371760e+01,  3.82339351e+00,
        5.13241632e+00,  3.31062307e+00,  6.47370963e+00,  1.53995910e+01,
        1.07701081e+00,  7.31944365e+00,  4.79343581e+00,  7.18423883e+00,
        8.41974829e+00, -9.60982591e-01,  3.46734482e+00,  6.41364339e+00,
        4.58141819e+00,  7.99093604e+00,  7.87812063e+00,  1.71477912e+01,
        8.97787706e+00,  7.65979673e+00,  3.86736225e+00,  5.63364262e+00,
        3.96864461e+00,  1.86320280e+01,  3.36342615e+00,  7.61586804e+00,
        5.44914565e+00,  8.75348933e+00,  5.13099579e+00,  1.47069285e+01,
        1.34314730e+01,  1.09769593e+01,  4.62059148e+00,  9.51482842e+00,
        1.26972735e+01, -1.72036754e+00,  8.64253591e-01,  8.25003503e+00,
        3.19647771e+00,  3.94913601e+00,  1.27769115e+01,  7.76344464e+00,
        1.48181255e+01,  1.40866088e+01,  2.31326101e+00,  1.37296268e+01,
        7.61510998e+00,  6.68449315e+00,  4.66148209e+00,  8.37942195e+00,
        1.22692925e+01,  8.04012491e+00,  4.46979900e+00,  9.83840826e+00,
        1.06446388e+01, -7.57960241e-01, -5.28251868e+00,  7.48529505e+00,
        9.37437998e+00,  1.06869267e+01,  1.00881514e+01,  3.21968416e-01,
        1.05259958e+01,  1.56589997e+01,  4.48317848e+00,  1.48422421e+00,
        4.42966753e+00, -5.15264061e-01,  5.80803043e+00,  2.53513492e+00,
        1.26244377e+00,  7.01079590e+00,  1.03769115e+00,  8.03059481e+00,
        9.53555662e+00,  5.43336685e+00,  5.47705574e+00,  1.11638626e+01,
        7.33513078e+00,  1.76125555e+01,  8.63056489e+00,  5.94670424e+00,
        2.85132583e+00,  6.41004332e+00,  1.15818300e+01,  8.90104264e+00,
        1.21340302e+00,  4.98116852e+00,  1.04155574e+01,  9.38321699e+00,
        6.39888747e+00,  8.06983298e+00,  7.50917552e+00,  4.35794777e+00,
        8.46135424e+00,  4.38637337e+00,  5.65537208e+00,  8.61886207e+00,
        5.68936204e+00,  3.74601560e+00,  3.22669836e+00,  5.56624937e+00,
        1.37229058e+01,  1.29616533e+01,  1.90737489e+00,  6.62451178e+00,
        4.69076143e+00,  1.70247860e+01,  7.91134936e+00,  7.50086598e+00,
        1.41107067e+01,  1.21178331e+01,  8.93480523e+00,  7.13975926e+00,
        7.87546889e+00,  1.11044533e+00,  9.11396714e+00,  6.94538255e+00,
        9.45209003e+00,  1.11186472e+01,  8.22801886e+00,  7.08228586e+00,
        6.63302042e+00,  1.78707269e+00,  1.33287013e+01,  9.54431148e+00,
        5.42381566e+00,  7.93302790e+00,  1.50268541e+01,  4.84278203e+00,
        1.18898504e+00,  2.88524128e+00,  9.03448517e+00,  6.46786199e+00,
        1.53884767e+01,  3.34566682e+00,  1.82323062e+00,  1.11814281e+01,
        3.36873891e+00,  1.50714082e+00,  5.21217222e+00,  9.93397450e+00,
        7.70827801e+00,  1.09376099e+01,  9.82777125e+00,  7.66157478e+00,
        5.59602087e+00,  1.36160830e+01,  1.06068599e+01,  2.73970636e+00,
        8.94105471e+00,  1.21432684e+01,  1.44240268e+01, -4.16422265e+00,
        6.61143641e+00,  7.90208801e+00,  1.34794735e+01,  1.44088815e+01,
        5.65987987e+00,  9.94029143e+00,  5.54481781e+00,  1.11995227e+01,
        5.07395901e+00,  1.16520511e+01,  7.48736032e+00,  6.07431728e+00,
        1.78566033e+00, -1.56760144e+00,  9.42822891e+00,  1.04860334e+01,
        7.78242772e+00,  8.64834244e+00,  7.71854052e+00,  1.32934445e+01,
        7.43544354e+00,  1.03538834e+01,  9.97865299e+00,  8.80603278e+00,
       -2.48649573e+00,  9.43053411e+00,  3.79864477e+00,  8.80226271e+00,
        1.12651134e+01,  2.74647891e+00,  1.30726898e+01,  8.94695746e+00,
        3.57983505e+00,  5.30382290e+00,  5.98657854e+00,  8.42697729e+00,
        3.99917626e+00,  1.01318607e+01,  6.11075007e+00,  3.96126268e+00,
        8.88177840e+00,  5.71454975e+00,  5.29571426e+00, -1.88243872e-01,
        6.56240022e-01,  6.47999271e+00,  1.36473554e+01,  7.07233735e+00,
        6.08725694e+00,  1.14675498e+01,  1.04622181e+01,  1.25428805e+01,
       -6.75669255e+00,  1.00921799e+01,  7.14136807e+00,  1.01085758e+01,
        5.87863157e+00,  7.06466621e+00,  4.57184643e+00, -3.28492883e+00,
        8.67438265e+00,  8.61916252e+00,  1.67108463e+00,  2.17375771e+00,
        9.10454533e+00,  7.98619777e+00,  7.38613353e+00,  5.00206455e+00,
        5.83164214e+00,  1.41466532e+01,  9.02165421e+00,  7.58879795e+00,
        8.59564322e+00,  1.46194842e+01,  7.40123711e+00,  3.00246952e+00,
        1.23211159e+01,  6.83661669e+00,  1.12468348e+01,  1.19354818e+01,
        1.28862866e+01,  3.17411310e+00,  5.06134040e+00,  3.42622911e+00,
        5.60330477e+00,  8.77503993e+00,  1.29588908e+01,  6.57362901e+00,
        1.11819308e+01,  4.25695747e+00,  8.89207662e+00,  1.07113120e+01,
        1.65020885e+00,  1.12202539e+01,  1.60618820e+00,  4.80768473e+00,
        8.17413859e+00,  3.53573268e+00,  8.85635699e+00,  6.69056456e+00,
        8.70078943e+00,  1.24686660e+01,  7.43487003e+00, -2.37043738e+00,
        8.77343166e+00,  8.51151663e+00,  2.59931895e+00,  8.35445377e+00,
        1.05296658e+01,  1.13136662e+01,  4.72826615e+00,  1.57585002e+00,
        1.08155296e+01,  9.28879410e+00,  7.57929585e+00,  3.30866126e+00,
        7.57307944e+00,  7.60198652e+00,  1.24999567e+01,  5.88013742e+00,
        1.36517846e+01,  1.16093641e+01,  9.31109649e+00,  3.57881536e+00,
        7.88390658e+00,  9.05460264e+00,  2.03963670e+00,  4.10465465e+00,
        8.81233463e+00,  1.09179157e+01,  7.18212995e+00,  5.35302881e+00,
        1.11045973e+01,  5.57958973e+00,  1.32129981e+01,  9.86893031e+00,
        4.94444030e+00,  3.11017122e+00,  6.90659459e+00,  1.63195654e+00,
        6.43850598e+00,  7.50855506e+00,  4.27308707e+00,  3.76360630e+00,
       -1.16404406e+00,  1.41899631e+01,  4.27216402e+00,  6.17143463e+00,
        6.95756559e+00,  1.30695826e+00,  3.40321368e+00,  1.33342226e+01,
        1.10396843e+01,  3.09820816e+00,  4.30994260e+00,  6.99879869e+00,
        5.90909255e+00,  4.20335069e+00,  7.02829865e+00,  1.16475589e+01,
        8.07299244e+00,  5.24781199e+00,  1.08494678e+01, -9.16031417e-01,
        1.18668090e+01,  3.36071574e+00,  8.85079726e-01,  4.97142621e+00,
        5.26788509e+00,  6.62218735e+00,  4.94950679e+00,  9.77968878e+00,
        6.58124109e+00,  8.54571557e+00,  5.39737163e+00,  9.61492418e+00,
        9.75651021e+00,  7.49272518e+00,  6.54125728e+00,  8.52460395e+00,
        5.20893486e+00,  1.57770585e+01,  1.49489296e+01,  5.04765258e+00,
        5.79045584e+00,  3.21162699e+00,  4.77990434e+00,  1.85899626e+01,
       -1.66641113e-01,  9.62939607e+00,  7.91770139e+00,  8.73771387e+00,
        1.19020459e+01,  2.78089075e+00,  6.89658306e+00,  1.65838016e+01,
        7.34163578e+00,  9.17063678e+00,  8.84223058e+00,  9.96056190e+00,
        2.98976436e+00,  8.77381928e+00,  1.18170569e+01,  4.20605342e+00,
        1.46066095e+01,  9.20280418e+00,  3.08813137e+00,  9.66362670e+00,
        6.06789425e+00,  5.71932143e+00,  7.61190479e+00,  7.66149503e+00,
        9.04365954e+00,  1.12774475e+01,  8.16610391e+00,  1.04042256e+01,
        8.05538993e+00,  1.39884638e+01, -1.82767827e+00,  1.11211828e+01,
        7.82304033e+00,  1.30078207e+01,  8.90256963e+00,  6.60612564e+00,
        1.81289632e+00,  7.75995115e+00,  6.44340335e+00,  2.39137507e+00,
        8.13145015e+00,  4.83209951e+00,  7.51698441e+00,  3.59531217e+00,
        5.03097928e+00,  5.41004868e+00,  1.32712323e+01,  1.10726076e+01,
        7.51348662e+00,  2.75707632e+00, -2.74868372e+00,  1.00774683e+01,
        6.18024224e+00,  1.20373469e+01,  8.01082503e+00,  4.41223573e+00,
        8.72272889e+00,  9.05009575e+00,  9.46760483e+00, -2.98381334e-01,
        1.11157946e+01,  7.87401409e+00,  7.69879464e+00,  2.09993297e-01,
        4.81680140e+00,  4.92132264e+00,  1.73287672e+01,  1.14036503e+01,
        7.23782309e+00,  3.74118004e+00,  5.71969706e+00,  4.09053448e+00,
        2.28483146e-01,  1.26631634e+00,  1.27858078e+01,  8.81772154e+00,
        1.71515949e+01,  7.62827726e+00,  1.22831757e+01,  6.54483867e+00,
        7.75948138e+00,  6.98679910e+00,  4.94143809e+00,  7.30170985e+00,
       -1.81546884e+00,  1.28251482e+01, -1.42524871e-01,  7.83155538e+00,
        4.55236659e+00,  9.60467828e+00,  2.32989483e+00,  9.12864521e+00,
        2.05617860e+00,  1.35733860e+00,  8.22669202e+00,  5.45065105e+00,
        1.01507762e+01,  9.89199537e+00,  7.59729380e+00,  8.75614981e-01,
        3.50130956e+00,  7.59118650e+00,  8.58313775e+00,  5.78171501e+00,
        5.53475647e+00,  7.06032263e+00,  4.57787153e+00,  3.45258053e+00,
        9.89342857e+00,  1.07744306e+01,  1.03331821e+01,  1.50873160e+01,
        1.11379782e+01,  4.80838487e+00,  5.27147792e+00,  5.31325744e+00,
       -1.44899166e-01,  3.08137082e+00,  1.13970722e+01,  8.70830277e+00,
        9.89089497e+00,  4.35141738e+00,  8.21847794e+00,  6.85380403e+00,
        2.12644898e+00,  1.05465404e+01,  9.36420704e+00,  1.20473288e+01,
        1.57453519e+01,  5.09692881e+00,  1.57631877e+01,  5.32515223e+00,
        4.86809350e+00,  8.94302370e+00,  1.14164219e+01,  6.61174405e+00,
        3.42198377e+00,  1.07079358e+01,  1.10923156e+01,  1.28690921e+01,
        6.33699043e+00,  1.23334559e+01,  1.01938458e+01,  1.20437165e+01,
        5.21547920e+00,  7.91762682e+00,  1.19249499e+01,  5.20169624e+00,
        5.05269388e+00,  3.55894887e+00,  5.65956673e+00,  7.64767328e+00,
        7.20975201e+00,  6.68019990e+00,  8.04124978e+00,  7.09907173e+00,
        1.04386097e+01,  7.73580503e+00,  6.08022398e+00,  8.06452544e+00,
        5.71159324e+00,  6.51389585e+00,  1.10021953e+01,  1.07872481e+01,
        2.78933845e+00,  1.37401330e+01,  9.72372518e+00,  8.17771674e+00,
       -3.12574255e-02,  4.57451645e+00,  3.34453335e+00,  1.60784087e+01,
        7.79368760e+00,  4.97505554e+00,  1.53571448e+01,  6.39393495e+00,
        1.18044775e+01,  5.99815109e+00,  3.04217002e+00,  4.62310782e+00,
        1.97892406e+00,  8.57600171e+00,  7.72352866e+00,  1.04483981e+01,
        1.36210326e+01,  1.02501915e+01,  7.03842622e+00,  7.80886818e+00,
        1.51255499e+01,  7.64179093e+00,  1.00454870e+01,  1.12755086e+01,
        6.55504597e+00,  1.28960863e+01,  1.10806808e+01,  6.70811413e+00,
        1.17113999e+01,  1.01795826e+01,  7.26174763e+00,  1.39253533e+01,
        3.82541432e+00,  9.13610384e+00,  1.10007468e+01,  2.86646772e+00,
        6.59057160e+00,  5.48417240e+00,  8.39216889e+00,  1.26098468e+01,
        3.57459161e+00,  2.66340357e+00,  6.00902765e+00,  8.47696497e+00])]
WARNING:root:[array([-1.66501844e+00,  4.07230412e+00,  7.89388947e+00,  1.29079894e+00,
       -4.12819157e+00, -1.75203708e+00, -4.36242188e+00,  6.56307698e+00,
        3.71126731e+00,  1.85144356e+00, -5.31594810e+00,  1.53722728e+00,
        3.03772790e+00,  7.56457572e-01,  9.26129253e-01, -4.29595038e+00,
        2.26590381e+00,  5.35266456e+00,  3.17933796e+00,  6.47666988e-01,
        4.24518557e-01, -7.23345678e-01, -4.00781704e+00, -4.84344649e+00,
        5.85302232e+00,  2.12677677e+00, -1.23448238e+00,  1.47242296e+00,
        1.51423301e+00,  2.01676244e+00,  1.38045267e+00,  5.13767619e+00,
        2.85149143e+00, -3.78300313e+00,  6.21651722e-01, -2.76535369e+00,
        2.00356722e+00,  2.22361393e+00,  2.77031784e+00, -1.06221369e+00,
       -4.68513807e+00, -1.34543776e+00,  4.61262351e+00,  3.47333568e+00,
       -6.53560305e+00,  6.68352591e+00,  1.37937684e+00,  1.59132994e+01,
       -4.45168691e-01,  7.38477670e+00,  4.03499711e+00, -1.33312891e+00,
       -3.81326990e+00,  7.63855481e+00,  4.57516229e+00,  6.97470269e+00,
        1.74053912e+00, -4.50322726e-01, -4.60253022e+00,  7.76865994e+00,
        2.26509954e+00,  5.71917462e+00,  3.14836636e+00,  2.50187779e+00,
        2.85046985e+00,  7.76842682e+00, -8.88688187e+00,  2.00077224e+00,
        2.78172807e+00,  1.39995080e+01, -8.29665690e-01,  1.98641524e+00,
       -8.67893729e-01, -6.68957107e+00,  4.67299846e+00,  3.23432225e-01,
        5.30045877e+00,  3.63126285e+00,  3.07796163e+00,  1.45694774e+00,
        3.74675702e+00,  3.81923594e+00, -4.65972579e+00,  3.89258170e-01,
        7.63293782e+00, -3.98509838e+00,  4.56863890e+00, -6.68073733e+00,
        7.16503787e-01,  1.83975084e+00,  4.64893770e-01,  1.42898669e+00,
       -2.79115685e+00,  6.48691668e+00, -5.23885160e-02,  4.29681098e+00,
        4.40658805e+00, -6.61622699e+00,  5.37527553e+00, -3.97003131e+00,
        3.34417491e+00,  6.47353594e+00, -1.51676856e+00,  8.68262311e+00,
        2.03299054e+00,  4.29536973e+00,  1.73055046e+00,  7.71521458e-01,
       -3.21419920e+00, -2.22976446e+00,  4.61510552e+00,  5.80796284e+00,
        1.91067441e+00,  4.27797362e-01,  4.73349492e+00,  4.38452736e+00,
       -7.52119368e-01,  3.74246810e+00,  9.76307637e+00,  3.63688736e+00,
        4.47091711e-02, -2.48879337e+00,  1.01364836e+00,  5.21751623e-01,
        4.55559957e+00,  7.14325356e+00, -2.61868731e+00,  4.68981639e+00,
        1.39771919e+00,  7.25495959e+00, -4.39423176e-01, -3.98479670e+00,
        6.12669897e+00, -5.55360946e+00,  4.63146062e+00,  6.92583815e+00,
        4.96407744e+00, -2.05983399e-02, -2.25764709e+00,  3.12917386e+00,
       -2.59909516e+00,  6.21837105e+00, -5.71040762e+00, -2.13340957e+00,
        5.53785288e+00,  2.91453922e+00,  5.06434754e+00, -1.63697093e+00,
        4.91626805e+00,  7.29823961e+00,  4.27769937e+00,  1.19562182e+00,
        5.70681631e+00,  2.13257247e+00,  5.54378929e+00,  1.44481811e+00,
       -2.89367833e+00,  1.38505495e+00, -2.20354384e+00,  2.73924980e+00,
        6.86136377e-01,  3.18719239e+00,  4.44952371e-02,  2.96299914e+00,
        5.40460089e+00,  5.02381454e+00,  1.60077687e+00,  3.01715367e+00,
        3.81561164e+00,  7.10652853e-01, -3.45494278e+00,  5.01849178e+00,
        2.38066506e+00,  3.18180575e+00,  4.47464013e+00, -1.37477659e+00,
        7.10137433e+00, -5.05841042e+00,  7.60928124e+00,  1.91563698e+00,
        1.05402564e-01, -1.46538860e+00, -3.84489115e+00,  1.11095904e+00,
        2.80327205e+00,  2.41542490e+00,  4.86527662e-01,  2.80038687e+00,
        3.10157183e+00, -6.63484412e-01, -3.47583233e+00,  2.06664062e+00,
       -1.95244745e-01,  2.71807763e-01,  2.17333914e+00,  2.79290115e+00,
        1.53071416e+00,  1.99654586e+00,  2.78486954e+00,  1.87059411e+00,
        9.24794474e-01, -7.37364428e-01, -9.87018018e-01, -3.48160710e-01,
        6.58885445e-02,  4.97736059e+00,  1.71608193e+00,  5.67330106e+00,
        2.09914185e-01,  6.34561550e+00,  1.98622166e-01, -2.02914750e+00,
       -2.13757464e+00,  4.63323308e+00,  3.94049194e+00,  4.28115005e+00,
        2.43006782e+00,  3.44197511e+00, -3.95819443e+00, -1.69663561e-01,
        4.21237547e+00,  3.82825909e+00,  4.76688628e+00, -1.06260488e+00,
        5.22691137e+00,  6.06129863e-01, -4.35568339e-01, -6.57269627e-02,
        7.24139481e+00,  5.57782546e+00,  3.21373178e+00, -3.84939232e+00,
        5.39299122e+00, -2.58048246e+00, -2.24922302e+00, -2.47015865e+00,
       -1.12528785e-01, -2.84826481e+00,  6.05640247e+00,  8.01476332e+00,
        2.82295977e+00,  5.20095319e+00,  9.81681521e+00,  1.74027880e+00,
       -1.13526189e+00,  6.31721721e-01,  3.56074962e+00,  1.67607901e-02,
       -1.13177515e-01, -9.50783840e+00, -1.43965007e+00,  9.18807778e+00,
       -2.81796032e+00,  2.39238358e+00, -2.39823871e+00,  5.24260815e+00,
       -4.72501605e+00, -3.68613685e+00, -3.85984722e+00, -2.76240663e-01,
        4.77002633e-01, -7.67725398e-01,  2.35546262e-01,  6.64831724e+00,
        5.68813813e+00,  6.79208861e+00,  2.89449515e-01,  1.67116475e+00,
       -6.24139858e-01,  9.15075820e+00, -5.66666627e+00,  2.49097950e+00,
       -1.04160511e+00,  1.65596056e+00,  1.35517421e+00,  4.79580032e+00,
        1.40504619e+00,  2.36274979e+00, -2.27981695e+00,  3.96288736e+00,
        8.66015872e+00, -9.10239583e+00, -5.77500628e+00,  1.99679345e+00,
       -2.97745016e+00, -8.25261938e-01,  7.85592250e+00, -7.54723139e-01,
        5.10928306e+00,  5.06805807e+00, -4.21052250e+00,  6.87375660e+00,
        1.87175436e+00,  4.59540427e-01, -3.04892620e+00,  1.33311835e+00,
        5.19365869e+00,  4.14299316e+00,  3.07152985e+00,  9.24065267e-01,
        3.14606763e+00,  2.27394880e-01, -7.21569124e+00, -5.66792865e+00,
       -8.37424911e-01,  9.36648188e+00,  3.67567145e+00, -7.57903930e-01,
        3.10825119e+00,  9.09652320e+00,  1.20019563e+00,  5.82340912e-01,
       -3.01948580e-01, -7.30431019e+00, -8.36254147e-02, -1.15103935e+00,
        3.47324697e-01,  1.59540748e+00, -2.87687825e+00,  3.46876965e+00,
        5.45461987e+00, -1.37892740e+00, -2.35919419e+00,  4.99867380e+00,
        2.27287004e+00,  8.41620701e+00,  2.61641022e+00, -7.82499517e-01,
       -1.81691320e+00,  4.05452283e+00,  7.13683134e+00,  4.71951389e+00,
       -3.55835901e+00,  1.97468620e+00,  4.11422389e+00,  4.92249893e+00,
        4.46950685e+00,  1.06256966e+00,  2.53380849e+00,  4.05737185e+00,
        5.14688275e+00, -2.24973175e+00,  2.24461953e-01,  2.70416530e+00,
        1.67921175e-01, -1.47334007e-02, -2.33558856e+00,  2.48559608e-01,
        2.34266351e+00,  6.38413980e+00, -5.82647469e-01, -1.77483173e+00,
       -5.28151607e-01,  6.07489149e+00,  4.03634800e+00,  5.82680726e+00,
        2.34039505e+00,  3.09847871e+00, -3.05891790e+00, -2.68619172e+00,
        5.30060508e+00, -6.81304840e-01, -1.77320591e+00,  3.12261825e+00,
        6.43760505e+00,  4.65699287e+00,  5.10478899e+00,  7.92713166e-01,
        4.91990757e-01, -1.62753524e+00,  4.47056095e+00,  4.06314228e+00,
        2.92198442e+00,  1.09276266e-01,  9.15765220e+00, -4.66236528e-01,
        1.30234392e+00, -1.88560995e+00,  1.31179367e+00,  8.20128891e-01,
        7.52698700e+00, -2.75279436e+00, -3.39373587e+00,  5.51599736e-01,
       -3.46503944e+00, -6.10847389e+00, -2.99843068e+00,  1.28343671e+00,
       -1.67064371e+00,  3.16289080e+00,  3.18170566e+00,  2.26700642e+00,
        2.10628790e+00,  3.65686914e+00,  3.73500156e+00, -1.51890252e+00,
        4.54697015e+00,  3.04099046e+00,  3.69978560e+00, -5.80276354e+00,
       -1.61983972e+00, -7.92306717e-01,  2.72400065e+00,  2.05627482e+00,
        4.17010544e+00,  2.90288243e+00, -3.44141629e+00,  2.52982054e+00,
       -1.36738798e+00,  5.56035200e+00,  3.48930186e+00,  1.57273302e+00,
       -2.81374928e+00, -5.91484726e+00, -1.76809154e-01,  2.72442542e+00,
        7.04370167e-01,  1.67141507e+00, -8.59952105e-01,  3.62732526e+00,
        1.58486214e+00,  5.10665461e+00,  4.39542480e-01,  4.66993002e+00,
       -7.31833437e+00,  7.91227778e-01, -3.85145111e-01, -5.20589214e-01,
        7.31283059e+00, -4.07824981e+00,  8.94487893e+00, -3.22189731e-01,
       -5.39582895e+00, -1.82961277e+00,  6.03146723e-01,  8.87850457e+00,
       -6.88037625e+00,  1.22698739e+01, -2.84773205e+00, -1.79888135e+00,
        1.96507257e+00,  3.77227426e+00, -3.85136120e+00, -5.17469464e+00,
       -7.50548272e+00,  9.75634852e-01,  5.13871777e-01,  7.25952529e-01,
       -7.02133710e-01,  3.84935331e+00,  4.36144931e+00,  1.42397063e+00,
       -8.07344626e+00,  4.94812160e+00,  9.08845296e-01,  5.13891955e+00,
        9.80235969e-01, -8.19239705e-01, -1.11939774e-01, -4.28955682e+00,
        9.22073124e+00,  2.83200669e+00, -4.70703950e+00, -6.88830754e+00,
        3.04076930e+00, -1.32300483e+00, -8.22161635e-01, -2.01481712e+00,
       -7.70678345e-01,  8.12106856e+00,  2.00227512e+00,  3.34511874e+00,
        3.22136323e+00,  3.74643234e+00,  5.31833222e+00,  1.80475518e+00,
       -4.00645165e-01, -3.62273989e+00,  1.90580925e+00,  4.23919229e+00,
        9.78570988e+00, -2.00371486e+00,  2.22458914e+00, -1.06703080e+00,
        1.20017994e+00,  4.05297545e+00,  4.48815015e+00,  1.82357313e+00,
        3.31112306e+00, -2.80916781e+00,  8.76633038e+00,  2.64929614e+00,
       -2.12155211e+00,  9.85464761e+00,  3.34363941e+00,  6.42666528e-01,
        7.85287146e-01, -6.48450804e+00, -1.33542511e+00, -2.13889165e+00,
        1.47324223e-01,  5.06814281e+00,  3.36842543e+00, -1.36755179e+00,
        2.42750080e+00,  5.05059408e+00, -7.87963726e-01,  2.81559795e+00,
        4.96798972e+00,  4.41598203e+00, -1.20528770e+00, -2.26971784e+00,
        2.25262614e+00,  3.96364874e+00,  5.27461710e+00, -2.79972175e+00,
        1.68723995e+00, -1.53155689e+00,  3.03364849e+00, -6.95224467e-01,
        7.31794096e+00,  8.54863573e+00,  1.36775850e+00,  1.80459936e-01,
       -1.51097141e+00,  2.68404386e+00,  1.50564815e-01,  6.86766584e-01,
        4.84916152e+00,  2.99319109e+00, -1.73904121e+00, -3.53502460e+00,
        4.25318321e+00,  3.23388674e-01,  1.48048923e+01,  6.35786389e+00,
        2.62812369e+00,  3.60035308e+00,  1.33298527e+00,  8.90820521e-01,
        4.88096921e-02, -5.34567462e-01, -3.78054602e+00,  1.06959192e+00,
       -8.14022159e+00,  6.94009359e+00,  8.02267810e-01,  4.53864495e-02,
        2.50825219e-01,  1.97046672e+00,  9.05476015e-01,  1.21178282e+01,
        3.43851802e+00,  3.69946026e-01, -5.37199614e+00,  5.74806703e+00,
        1.52660476e+00, -3.26307274e+00, -1.46041961e+00,  8.60652139e+00,
        1.76400115e+00, -1.99838672e-01,  3.30949183e+00, -6.55787536e+00,
        4.03774442e-01, -4.10418506e+00, -5.59783298e+00,  1.12203634e+00,
       -1.76198923e+00,  1.61295749e+00, -1.63468030e+00,  5.46196063e+00,
        2.87377107e+00,  5.95044363e+00, -5.15892000e+00,  3.10706402e+00,
        6.23720004e+00, -3.86962637e-01,  7.59539807e-01, -1.06331469e+00,
        1.67322645e-01,  6.08411888e+00,  8.64499877e+00,  2.13305309e+00,
       -2.77811829e+00, -3.30535125e+00,  3.84918059e+00,  6.66527852e+00,
       -2.58538613e+00,  5.03997091e+00,  2.36410889e+00,  2.15554752e+00,
        2.80738617e+00, -1.83653675e+00,  4.78547427e+00,  8.16271431e+00,
        1.57010259e+00, -2.24551830e+00, -1.32191761e-01,  3.41553277e+00,
       -1.29487508e+00, -4.36754487e+00,  6.71617172e+00, -4.00559546e+00,
        1.31792076e+01, -7.26970633e-01, -3.27645732e+00,  3.71867696e+00,
       -8.24328661e-01, -1.46400621e+00, -2.93803690e+00, -5.47629057e-01,
        3.72490747e+00, -3.59172240e-02,  1.60852089e+00,  4.98987341e+00,
       -5.72373111e-01,  4.21205564e+00, -5.55427430e-01,  4.32336302e+00,
        5.76610763e+00, -5.29840226e-01,  3.63794536e+00, -4.87081961e-01,
       -5.47587487e+00,  4.52848754e+00,  6.64266992e+00, -5.23327247e+00,
        2.54250827e+00,  1.80157283e+00,  4.60248122e+00,  4.43554639e-01,
        1.36877286e+00,  2.39148634e+00,  1.99556568e+00,  1.14816316e+00,
        3.50294466e+00, -4.60396968e+00, -1.33335964e+00,  5.35548090e+00,
        3.34949334e+00,  4.85463686e+00,  4.18916441e+00, -1.80199292e+00,
        4.34388052e+00,  3.23354960e+00,  3.63034508e+00, -5.72459280e+00,
        4.24345710e+00,  3.18853688e+00, -1.87551633e-01, -2.19913613e+00,
       -2.19215745e+00,  3.15955582e+00,  9.02184416e+00,  6.50220022e+00,
       -4.19513389e+00, -2.03715281e+00,  2.21322511e+00, -3.78001754e-01,
       -2.64685211e+00, -1.01820945e+00,  3.33238397e+00,  4.71966083e+00,
        7.78547705e+00, -1.44251315e+00,  4.55489971e+00,  4.22684652e-01,
        3.64251155e+00,  4.31745372e+00,  1.76835018e+00,  1.35611325e+00,
       -8.10158516e+00,  2.07834226e+00,  6.83733855e-01,  4.19089633e-01,
        2.45295460e+00,  4.33874924e+00, -1.97957747e+00,  3.19146161e+00,
        1.64276949e+00,  3.37478093e-01, -9.85107289e-01, -4.71585163e+00,
        6.19795399e+00,  4.58285316e+00, -1.28106665e-01, -2.92278593e+00,
        1.75038157e+00,  6.54971868e-02, -1.23356507e+00, -2.57995396e+00,
       -4.29744809e+00,  1.07802166e+00,  1.89718603e+00, -5.80131889e+00,
        3.11266316e+00,  6.19476029e+00,  4.02476848e+00,  5.69340621e+00,
        6.07690046e+00,  1.54053268e+00,  1.50136099e+00,  2.61744491e+00,
        2.13179262e+00, -4.56158167e+00,  8.49796490e+00, -1.72100311e+00,
        5.51852074e+00,  3.62556400e+00,  2.18905945e+00,  4.28523832e+00,
       -5.25564318e+00,  2.82844972e+00, -2.51171910e+00,  2.86958992e+00,
        9.05807631e+00, -1.96994877e-01,  9.63622346e+00, -1.82962249e+00,
       -2.75105247e+00,  2.32194462e+00,  9.89501355e-01,  4.65626765e+00,
       -3.58983030e+00,  9.74081714e-01,  6.95336604e+00,  4.33185614e+00,
        2.11414916e+00,  6.51738594e+00,  5.91435616e+00,  5.39263340e+00,
       -1.85188369e+00,  4.85405037e+00,  4.75007206e+00, -1.66931804e+00,
       -1.41349075e+00, -5.23303259e+00,  1.51324870e+00, -4.48130423e+00,
        1.14810500e+00, -3.85578564e-01,  2.79284038e+00,  2.93575714e-02,
        4.93129412e+00, -7.35664086e-01, -1.25902411e+00, -1.82784669e+00,
        3.02030248e+00,  1.56593472e+00,  1.97983902e+00,  6.18738412e+00,
       -5.46891176e+00,  2.94437107e+00,  3.37883669e+00,  8.31956716e+00,
       -9.40158266e+00, -1.36569159e+00, -3.49064053e+00,  8.15346313e+00,
        1.15419371e+00,  4.72519140e-01,  6.97609354e+00, -5.33271244e-01,
        7.09312645e+00, -6.74461107e+00,  4.21966681e+00, -6.43315323e-01,
       -1.83887332e+00,  6.56387056e+00,  2.78603472e+00,  5.43452753e+00,
        8.59936939e+00,  3.59284534e+00, -5.31427597e-01,  2.12413899e+00,
        8.50543545e+00,  3.27459541e+00,  1.77729076e+00,  7.51486152e+00,
        1.27253856e+00,  2.90599947e+00,  1.30773206e+00, -1.84277812e+00,
        2.53196679e+00,  2.72229956e+00,  6.00819109e+00,  8.79084813e+00,
       -2.74907077e+00,  4.27356889e+00,  4.38398517e+00, -4.43757770e+00,
        3.87814571e-01, -4.14815415e-01,  5.49382452e+00,  5.67967335e+00,
       -7.00061250e-01, -3.96545681e+00,  1.73425727e+00,  2.86810491e-01]), array([-8.59567683e-01,  4.99972319e+00,  8.17271405e+00,  1.24973406e+00,
       -2.86530119e+00, -8.73575878e-01, -3.11448493e+00,  7.27031234e+00,
        3.90217986e+00,  2.86645080e+00, -4.55568177e+00,  2.73855912e+00,
        3.70494080e+00,  6.87165744e-01,  1.54516200e+00, -3.68795929e+00,
        3.00746263e+00,  6.25652417e+00,  4.05331558e+00,  1.73512292e+00,
        1.25520000e+00, -3.58070670e-01, -3.00236220e+00, -3.68382491e+00,
        6.05023244e+00,  2.74105070e+00, -1.04539796e+00,  1.96711440e+00,
        2.40234479e+00,  2.09230875e+00,  2.23504234e+00,  5.32551456e+00,
        3.37973166e+00, -2.61034951e+00,  1.01529403e+00, -1.67749853e+00,
        2.85806957e+00,  2.67388914e+00,  3.20603931e+00, -4.33302406e-01,
       -3.91343139e+00, -5.43573838e-01,  4.95268683e+00,  4.04418768e+00,
       -5.46079529e+00,  7.16367140e+00,  1.70469578e+00,  1.61819622e+01,
        2.52210111e-01,  7.91925361e+00,  4.74680685e+00, -4.12882919e-01,
       -2.93529159e+00,  8.14594710e+00,  5.31366319e+00,  6.77231127e+00,
        2.30730645e+00,  3.16349304e-01, -3.66834068e+00,  8.79897169e+00,
        2.76957295e+00,  6.05359959e+00,  4.77178520e+00,  3.13897568e+00,
        3.38442812e+00,  8.10358523e+00, -7.79428988e+00,  2.86142522e+00,
        2.97740350e+00,  1.43625775e+01,  1.68757582e-01,  2.65710039e+00,
        1.25684225e-01, -5.33992672e+00,  5.30576696e+00,  8.14361948e-01,
        5.74762923e+00,  4.37071299e+00,  3.83075658e+00,  2.36340690e+00,
        4.26771828e+00,  3.94404761e+00, -3.59951190e+00,  1.47215377e+00,
        8.23825630e+00, -2.58078458e+00,  5.52862689e+00, -6.03826906e+00,
        1.39443271e+00,  2.67068406e+00,  6.74390741e-01,  2.50523899e+00,
       -1.60310867e+00,  6.84283856e+00,  9.88829408e-01,  4.55778368e+00,
        4.87638328e+00, -6.05903037e+00,  6.09649788e+00, -3.53786496e+00,
        4.30503644e+00,  6.81303985e+00, -6.19942753e-01,  9.30413204e+00,
        3.06905974e+00,  4.74861320e+00,  2.42044135e+00,  1.14153941e+00,
       -2.05627084e+00, -1.51764464e+00,  4.44206551e+00,  6.87988652e+00,
        3.15131407e+00,  1.43328670e+00,  5.00048001e+00,  4.71546732e+00,
       -1.51939870e-01,  4.34655469e+00,  1.00384142e+01,  4.19896442e+00,
        6.24596528e-01, -1.72011430e+00,  1.40519974e+00,  3.91365610e-01,
        5.41411505e+00,  7.91605464e+00, -1.67851183e+00,  4.80372701e+00,
        2.06018773e+00,  7.37084476e+00,  8.61072480e-01, -2.76726687e+00,
        6.89769756e+00, -4.77893790e+00,  5.35159967e+00,  7.31955302e+00,
        5.52831028e+00,  9.48554074e-01, -1.39656480e+00,  4.01182443e+00,
       -1.85233256e+00,  6.60831186e+00, -4.58175555e+00, -7.28954150e-01,
        6.34011132e+00,  3.69158223e+00,  5.94216653e+00, -5.93066585e-01,
        5.73465281e+00,  7.22077165e+00,  4.68215693e+00,  1.60447806e+00,
        6.48104831e+00,  2.48200186e+00,  5.67130246e+00,  2.42762113e+00,
       -2.02218213e+00,  1.96245993e+00, -1.09081137e+00,  3.13724590e+00,
        1.52635141e+00,  3.81353801e+00,  5.54429588e-01,  3.54564928e+00,
        5.54099493e+00,  4.97289617e+00,  2.18802964e+00,  3.59252410e+00,
        4.22230478e+00,  1.84115284e+00, -2.57561885e+00,  6.11958667e+00,
        2.74641714e+00,  3.87655597e+00,  5.38272134e+00, -5.58500696e-01,
        7.38226504e+00, -3.90514547e+00,  8.01596240e+00,  2.72692591e+00,
        1.09725276e+00, -8.90923833e-01, -3.08390757e+00,  2.00012679e+00,
        3.75851013e+00,  3.33685888e+00,  1.80439680e+00,  3.17599190e+00,
        3.81308801e+00,  4.70741056e-01, -2.69674836e+00,  2.66888921e+00,
        6.98109419e-01,  6.79407858e-01,  2.83597599e+00,  3.71853015e+00,
        2.34171050e+00,  2.52928083e+00,  3.68006345e+00,  2.23090017e+00,
        2.04755697e+00,  2.84221583e-01, -4.00662079e-01,  2.58367474e-01,
        9.32084858e-01,  5.63352841e+00,  2.61889404e+00,  6.26795325e+00,
        8.69662899e-01,  6.92224199e+00,  1.26431325e+00, -1.36961645e+00,
       -1.44403509e+00,  5.26036502e+00,  4.54637093e+00,  5.34417452e+00,
        3.82493421e+00,  4.66728979e+00, -2.95933569e+00,  2.85614494e-01,
        4.86790964e+00,  4.75090356e+00,  5.93826426e+00,  1.10311081e-01,
        5.67275392e+00,  1.21081505e+00,  7.62023122e-01,  6.58143831e-01,
        7.57182763e+00,  6.13329256e+00,  3.92577791e+00, -2.98998419e+00,
        6.20187724e+00, -2.57674118e+00, -1.20059875e+00, -1.38314014e+00,
        6.50368822e-01, -1.89174624e+00,  6.92539489e+00,  8.51588827e+00,
        3.52363754e+00,  5.97083975e+00,  1.03415468e+01,  3.09628090e+00,
       -2.27091973e-01,  1.20203200e+00,  4.38973078e+00,  4.79589713e-01,
        5.09588394e-01, -7.94880182e+00, -4.72459221e-01,  9.91889303e+00,
       -2.35656642e+00,  2.97731522e+00, -1.54112333e+00,  5.48740656e+00,
       -3.12510646e+00, -3.38108270e+00, -2.97380433e+00,  5.51518398e-01,
        9.81582142e-01,  2.93359662e-01,  1.14872551e+00,  7.91107294e+00,
        6.06925867e+00,  6.88478772e+00,  7.08807068e-01,  2.13207109e+00,
       -9.52950106e-02,  1.02754231e+01, -4.57676805e+00,  3.09645852e+00,
       -2.61104877e-01,  2.50953552e+00,  1.78037781e+00,  6.01567668e+00,
        2.87376038e+00,  3.40397445e+00, -1.42903641e+00,  4.63871871e+00,
        9.14059711e+00, -8.21599965e+00, -4.94944820e+00,  2.75449374e+00,
       -2.21762526e+00, -2.54437441e-01,  8.46054990e+00,  3.04079634e-01,
        6.28315303e+00,  6.16007540e+00, -3.41904881e+00,  7.67682019e+00,
        2.55257460e+00,  1.21247879e+00, -2.11402181e+00,  2.17409383e+00,
        6.03445527e+00,  4.61602249e+00,  3.23165261e+00,  2.00782482e+00,
        4.05960688e+00,  1.16229346e-01, -7.01304013e+00, -4.06409954e+00,
        4.02294380e-01,  9.49256463e+00,  4.45682463e+00, -6.43340946e-01,
        3.97642531e+00,  9.92246713e+00,  1.58280163e+00,  6.68340005e-01,
        2.87157257e-01, -6.47724438e+00,  6.30526915e-01, -7.03650769e-01,
        4.38548059e-01,  2.25009654e+00, -2.40554931e+00,  4.01009879e+00,
        5.94509259e+00, -5.61088462e-01, -1.40949895e+00,  5.75193926e+00,
        2.88372860e+00,  9.52501222e+00,  3.35475021e+00,  4.26807562e-02,
       -1.23992195e+00,  4.32375805e+00,  7.66390924e+00,  5.20406828e+00,
       -2.99256635e+00,  2.31391784e+00,  4.86545653e+00,  5.45639567e+00,
        4.69629413e+00,  1.92150086e+00,  3.12546601e+00,  4.08778278e+00,
        5.56083869e+00, -1.43663150e+00,  8.75413447e-01,  3.41432130e+00,
        8.34840609e-01,  4.36853637e-01, -1.66362919e+00,  8.90117642e-01,
        3.70771621e+00,  7.17460042e+00, -3.06942477e-01, -7.37225377e-01,
        1.02257321e-01,  7.41710543e+00,  4.49551606e+00,  6.03502392e+00,
        3.77738362e+00,  4.18525259e+00, -1.61252256e+00, -1.47641853e+00,
        5.58194764e+00, -4.66784922e-01, -4.30759711e-01,  3.57829703e+00,
        6.78310114e+00,  5.44339024e+00,  5.46540906e+00,  1.56130633e+00,
        1.25013629e+00, -1.22682397e+00,  5.56246427e+00,  4.73035105e+00,
        3.21626686e+00,  1.06675636e+00,  9.86129707e+00,  1.52912479e-01,
        1.24688623e+00, -1.28742904e+00,  2.24143223e+00,  1.49661707e+00,
        8.46235819e+00, -2.02544986e+00, -2.73372050e+00,  1.84978859e+00,
       -2.63966473e+00, -5.19034500e+00, -2.02374991e+00,  2.34093236e+00,
       -5.27840645e-01,  4.09108195e+00,  3.99017134e+00,  2.89601208e+00,
        2.51312484e+00,  4.87413272e+00,  4.56277919e+00, -1.00607878e+00,
        5.06304406e+00,  4.15834936e+00,  5.03444668e+00, -5.61496186e+00,
       -6.46694375e-01,  2.57428852e-01,  4.03496191e+00,  3.56182802e+00,
        4.33737087e+00,  3.73184434e+00, -2.36295724e+00,  3.56293913e+00,
       -5.65343538e-01,  6.29863606e+00,  3.95987109e+00,  2.13224932e+00,
       -2.26897074e+00, -5.38030794e+00,  9.97592688e-01,  3.66431687e+00,
        1.57925054e+00,  2.53012046e+00,  1.76513082e-01,  4.79613812e+00,
        2.28658757e+00,  5.75121573e+00,  1.58973455e+00,  5.15330643e+00,
       -6.74321098e+00,  1.85268184e+00,  1.20521436e-01,  6.24173445e-01,
        7.79906911e+00, -3.27375223e+00,  9.43109889e+00,  8.33036730e-01,
       -4.31411630e+00, -9.43459469e-01,  1.23040914e+00,  8.82063214e+00,
       -5.54076062e+00,  1.19938495e+01, -1.77049359e+00, -1.11719336e+00,
        2.77816101e+00,  3.98095008e+00, -2.72855420e+00, -4.55619997e+00,
       -6.51867782e+00,  1.63520186e+00,  2.10059411e+00,  1.47510150e+00,
        1.07848547e-01,  4.77881857e+00,  5.07281675e+00,  2.77346408e+00,
       -7.91936116e+00,  5.56929217e+00,  1.67545829e+00,  5.72139175e+00,
        1.58629300e+00,  1.38830764e-01,  4.36128944e-01, -4.19481194e+00,
        9.12493862e+00,  3.51053035e+00, -3.94365277e+00, -5.77345902e+00,
        3.78950777e+00, -1.88642221e-01,  1.79819474e-01, -1.16804420e+00,
        3.60195755e-02,  8.83414275e+00,  2.85991911e+00,  3.86753226e+00,
        3.86865944e+00,  5.06997797e+00,  5.56728120e+00,  1.94688818e+00,
        1.16577321e+00, -2.33971963e+00,  3.04653333e+00,  5.17487893e+00,
        1.01510568e+01, -1.37505401e+00,  2.54852792e+00, -5.24270739e-01,
        1.73984387e+00,  4.64409030e+00,  5.53382653e+00,  2.36842585e+00,
        4.28571196e+00, -1.93884723e+00,  8.75161620e+00,  3.64841969e+00,
       -1.68292751e+00,  9.99695560e+00,  3.10780839e+00,  1.13486859e+00,
        1.68449209e+00, -5.26994377e+00, -1.08745782e-01, -1.04739209e+00,
        1.21822566e+00,  5.96027889e+00,  3.84845059e+00, -1.51714163e+00,
        3.19437980e+00,  5.47407346e+00, -3.68653447e-01,  3.48769875e+00,
        5.62004737e+00,  5.23546415e+00, -4.90976212e-01, -1.80852378e+00,
        3.31947493e+00,  4.62186142e+00,  5.52439370e+00, -2.05728541e+00,
        2.38115059e+00, -4.20766569e-01,  4.18912896e+00,  9.31431681e-02,
        8.07385590e+00,  8.90601156e+00,  2.32168083e+00,  5.88373399e-01,
       -3.65281155e-01,  3.45334342e+00,  3.58250225e-01,  1.08973277e+00,
        5.34471619e+00,  3.94510271e+00, -6.57762510e-01, -2.47481703e+00,
        5.07657623e+00,  9.58812240e-01,  1.45978241e+01,  6.78542154e+00,
        2.89142362e+00,  3.50713528e+00,  1.98551162e+00,  9.75313973e-01,
        8.05094652e-01,  4.56923635e-01, -2.82669316e+00,  1.38878708e+00,
       -7.31126305e+00,  7.84226136e+00,  1.21818728e+00,  7.89464434e-01,
        1.07891062e+00,  1.87545283e+00,  1.19274386e+00,  1.22535249e+01,
        4.40493538e+00,  7.02247860e-01, -4.17955442e+00,  5.85825617e+00,
        2.04144586e+00, -2.34378590e+00, -4.40045579e-01,  8.95974002e+00,
        2.53860578e+00,  4.64232593e-01,  4.21274961e+00, -5.87981567e+00,
        1.79558698e+00, -3.16459769e+00, -4.80647844e+00,  1.57140696e+00,
       -9.14844003e-01,  2.20880775e+00, -8.53992878e-01,  5.97600117e+00,
        3.30431989e+00,  6.24054686e+00, -3.87208465e+00,  3.88963386e+00,
        6.63148017e+00,  5.59752590e-01,  1.46069156e+00,  1.30481433e-01,
        7.72627923e-01,  7.26678540e+00,  9.41782799e+00,  2.48858015e+00,
       -1.72509334e+00, -2.52001932e+00,  3.94494791e+00,  8.11435775e+00,
       -2.29412167e+00,  5.58502362e+00,  3.03696992e+00,  2.96578906e+00,
        3.91559302e+00, -1.30128940e+00,  5.03004331e+00,  9.18234134e+00,
        2.27976708e+00, -8.47784205e-01,  9.51112483e-01,  4.21654863e+00,
       -7.79221690e-01, -2.72859627e+00,  7.32684321e+00, -3.00502745e+00,
        1.33587692e+01,  4.95618902e-01, -2.48926730e+00,  4.43228351e+00,
        5.90345762e-03, -5.87628794e-01, -1.63106443e+00,  4.40945491e-01,
        4.37553417e+00,  1.33936103e+00,  2.41225670e+00,  5.61754502e+00,
        4.87612077e-01,  5.40985159e+00, -7.18838282e-01,  5.13334649e+00,
        6.00124898e+00,  1.11510107e+00,  4.28110180e+00,  3.63458549e-01,
       -4.58733029e+00,  4.89194955e+00,  6.61139116e+00, -4.32739598e+00,
        3.21324728e+00,  2.15409811e+00,  4.95419277e+00,  8.39123114e-01,
        1.80374117e+00,  2.74102274e+00,  3.37526448e+00,  2.33096631e+00,
        3.99075029e+00, -3.70188963e+00, -1.53283707e+00,  5.91746086e+00,
        3.64240192e+00,  5.71163399e+00,  4.65227629e+00, -1.03901685e+00,
        4.84247332e+00,  3.92950174e+00,  4.32633722e+00, -5.09393577e+00,
        5.08817737e+00,  3.75616124e+00,  7.64859287e-01, -1.92058464e+00,
       -1.35555713e+00,  3.36166705e+00,  1.00307654e+01,  7.09395546e+00,
       -2.79544208e+00, -1.34913870e+00,  2.62123847e+00,  1.52198470e-01,
       -2.30887126e+00, -7.50585606e-01,  4.49018944e+00,  5.19183078e+00,
        8.92840106e+00, -3.27420185e-01,  5.48972513e+00,  1.15434764e+00,
        4.15239932e+00,  4.61945652e+00,  2.16965085e+00,  2.08569755e+00,
       -7.35064856e+00,  3.39854168e+00,  5.49263081e-01,  1.31501148e+00,
        2.69949108e+00,  4.97040314e+00, -1.47962894e+00,  3.90634863e+00,
        1.67377879e+00,  4.69844863e-01,  1.42945082e-01, -3.46460934e+00,
        6.65716588e+00,  5.22035620e+00,  8.28065844e-01, -2.45959485e+00,
        1.93840447e+00,  9.63929392e-01, -3.04203817e-02, -1.56305943e+00,
       -3.10341478e+00,  1.77626281e+00,  2.20243949e+00, -4.69083333e+00,
        3.94326057e+00,  6.75504177e+00,  4.78438380e+00,  6.82665362e+00,
        6.70399369e+00,  1.92919636e+00,  1.95283033e+00,  2.90934212e+00,
        1.83849379e+00, -3.64880884e+00,  8.82988613e+00, -4.46931450e-01,
        6.03578903e+00,  3.70673513e+00,  2.91398345e+00,  4.58690820e+00,
       -4.34849029e+00,  3.78354561e+00, -1.05102562e+00,  3.99033166e+00,
        9.88488329e+00,  4.14206585e-01,  1.03553769e+01, -9.66745999e-01,
       -1.79614212e+00,  3.12126608e+00,  2.25646583e+00,  4.88832297e+00,
       -2.72539793e+00,  2.15068865e+00,  7.45663751e+00,  5.36920048e+00,
        2.62132320e+00,  7.19936786e+00,  6.43901731e+00,  6.20900551e+00,
       -9.94912810e-01,  5.21728025e+00,  5.63138653e+00, -8.24569674e-01,
       -6.43863035e-01, -4.16774611e+00,  2.01015784e+00, -2.99877044e+00,
        1.86658316e+00,  4.64740437e-01,  3.43988412e+00,  9.15101998e-01,
        5.60994992e+00,  2.73934119e-01, -3.72949792e-01, -6.11129039e-01,
        3.34201934e+00,  2.19547290e+00,  3.08109909e+00,  6.73828588e+00,
       -4.46105929e+00,  4.25301032e+00,  4.13232551e+00,  8.30581132e+00,
       -8.24908906e+00, -6.49382664e-01, -2.68498530e+00,  9.11164671e+00,
        1.95031510e+00,  1.01506450e+00,  7.99831438e+00,  3.04357369e-01,
        7.67422695e+00, -5.19621612e+00,  4.05471279e+00,  8.44209079e-04,
       -1.37725589e+00,  6.78072830e+00,  3.38234963e+00,  6.02666600e+00,
        9.21911730e+00,  4.40747784e+00,  4.12399892e-01,  2.79208626e+00,
        9.30113891e+00,  3.79761767e+00,  2.78222517e+00,  7.95081542e+00,
        1.89952489e+00,  4.13456579e+00,  2.49022221e+00, -8.12997169e-01,
        3.63934565e+00,  3.63136098e+00,  6.16598715e+00,  9.39499505e+00,
       -1.96964389e+00,  4.86576561e+00,  5.19092344e+00, -3.54593100e+00,
        1.16225240e+00,  2.72364589e-01,  5.84168445e+00,  6.51591197e+00,
       -1.97246797e-01, -3.15970116e+00,  2.25340997e+00,  1.29251736e+00]), array([-9.73060359e-02,  5.93470266e+00,  8.43659527e+00,  1.12883135e+00,
       -1.65542718e+00,  1.23121429e-02, -1.95236916e+00,  7.96112766e+00,
        4.03194396e+00,  3.85721993e+00, -3.82112316e+00,  3.89700133e+00,
        4.34430061e+00,  5.60819104e-01,  2.15281038e+00, -3.11537124e+00,
        3.74984680e+00,  7.12965475e+00,  4.92127573e+00,  2.78509864e+00,
        2.10008254e+00, -1.28620377e-02, -2.02042956e+00, -2.55486395e+00,
        6.22765362e+00,  3.32667329e+00, -8.64792681e-01,  2.46262584e+00,
        3.24331412e+00,  2.12606683e+00,  3.04810535e+00,  5.51036969e+00,
        3.91293063e+00, -1.42428268e+00,  1.35042529e+00, -6.20675400e-01,
        3.72056323e+00,  3.08245321e+00,  3.62784526e+00,  1.44677888e-01,
       -3.19241401e+00,  2.22704052e-01,  5.27036129e+00,  4.56448693e+00,
       -4.38926297e+00,  7.66349969e+00,  1.98705135e+00,  1.64672682e+01,
        9.47997728e-01,  8.44031946e+00,  5.42156318e+00,  5.10497444e-01,
       -2.10371770e+00,  8.64327390e+00,  6.02244501e+00,  6.53578768e+00,
        2.85220326e+00,  1.08974671e+00, -2.76320196e+00,  9.81334633e+00,
        3.27342548e+00,  6.32472696e+00,  6.41352136e+00,  3.77134991e+00,
        3.89642049e+00,  8.43320452e+00, -6.75501894e+00,  3.70449072e+00,
        3.15042495e+00,  1.47597296e+01,  1.13211973e+00,  3.30175997e+00,
        1.13896262e+00, -4.03391211e+00,  5.94138289e+00,  1.29168620e+00,
        6.15185784e+00,  5.06868186e+00,  4.57245319e+00,  3.23744236e+00,
        4.75642603e+00,  4.08277866e+00, -2.52500250e+00,  2.55170395e+00,
        8.81618071e+00, -1.16009652e+00,  6.44245742e+00, -5.44020896e+00,
        2.06325841e+00,  3.45651733e+00,  8.76298472e-01,  3.56080713e+00,
       -4.61232399e-01,  7.18159707e+00,  2.06017090e+00,  4.75512020e+00,
        5.36598874e+00, -5.51883302e+00,  6.79878998e+00, -3.10253972e+00,
        5.24281785e+00,  7.12546296e+00,  2.68447390e-01,  9.92718533e+00,
        4.09813061e+00,  5.16271290e+00,  3.06691146e+00,  1.47557273e+00,
       -9.32336447e-01, -8.09703634e-01,  4.21109137e+00,  7.92493974e+00,
        4.39706528e+00,  2.40446665e+00,  5.23866800e+00,  5.00900867e+00,
        4.06283806e-01,  4.92750475e+00,  1.03187010e+01,  4.76306006e+00,
        1.15458350e+00, -9.83839753e-01,  1.76948905e+00,  1.96727669e-01,
        6.26378256e+00,  8.68547779e+00, -7.80209429e-01,  4.95634890e+00,
        2.71862495e+00,  7.47620537e+00,  2.16324758e+00, -1.54388421e+00,
        7.63147217e+00, -4.05733715e+00,  6.06389724e+00,  7.68860524e+00,
        6.05932995e+00,  1.87625072e+00, -5.84984247e-01,  4.88638431e+00,
       -1.11683930e+00,  6.99548128e+00, -3.50886001e+00,  6.32865745e-01,
        7.12829179e+00,  4.42954672e+00,  6.82095007e+00,  4.35530793e-01,
        6.54821814e+00,  7.14280289e+00,  5.03784312e+00,  1.95734979e+00,
        7.23160862e+00,  2.78093237e+00,  5.79280606e+00,  3.40603092e+00,
       -1.15510330e+00,  2.50631663e+00, -3.42734769e-02,  3.53083906e+00,
        2.35592142e+00,  4.43156316e+00,  1.01799036e+00,  4.11575236e+00,
        5.63581065e+00,  4.87289172e+00,  2.75749157e+00,  4.14390247e+00,
        4.59520026e+00,  2.96519108e+00, -1.72859202e+00,  7.21505606e+00,
        3.09319942e+00,  4.55824739e+00,  6.28469631e+00,  2.26465726e-01,
        7.66212227e+00, -2.75748073e+00,  8.43925863e+00,  3.52207051e+00,
        2.07484845e+00, -3.14917998e-01, -2.34116630e+00,  2.86352857e+00,
        4.72422425e+00,  4.26597661e+00,  3.13940539e+00,  3.51418485e+00,
        4.51164656e+00,  1.61372069e+00, -1.95095074e+00,  3.25171841e+00,
        1.56778874e+00,  1.06464238e+00,  3.49921974e+00,  4.63677364e+00,
        3.12621830e+00,  3.03088673e+00,  4.56444727e+00,  2.58790934e+00,
        3.14991266e+00,  1.28537771e+00,  1.63730404e-01,  8.59389145e-01,
        1.77096288e+00,  6.26636336e+00,  3.51276593e+00,  6.82051720e+00,
        1.48519703e+00,  7.49239064e+00,  2.29406402e+00, -7.36030894e-01,
       -7.83622341e-01,  5.88056534e+00,  5.13963022e+00,  6.44383641e+00,
        5.25264321e+00,  5.89905585e+00, -1.96902263e+00,  7.18476306e-01,
        5.51395185e+00,  5.65125749e+00,  7.11568052e+00,  1.24456078e+00,
        6.11202511e+00,  1.74877744e+00,  1.94793229e+00,  1.34425315e+00,
        7.89919411e+00,  6.64458336e+00,  4.59838976e+00, -2.15514423e+00,
        6.98616327e+00, -2.60628459e+00, -1.91941046e-01, -3.20725896e-01,
        1.37672418e+00, -9.72442952e-01,  7.80420208e+00,  9.04541852e+00,
        4.17433081e+00,  6.75650017e+00,  1.08728369e+01,  4.46506879e+00,
        6.67451953e-01,  1.75104787e+00,  5.18870295e+00,  8.94874408e-01,
        1.10831413e+00, -6.40119975e+00,  4.71236623e-01,  1.06805967e+01,
       -1.92209704e+00,  3.55441858e+00, -6.96498264e-01,  5.67962031e+00,
       -1.52617632e+00, -3.10169791e+00, -2.10851392e+00,  1.33809368e+00,
        1.43174674e+00,  1.35019402e+00,  2.05755387e+00,  9.20768655e+00,
        6.44073333e+00,  6.94386675e+00,  1.10136575e+00,  2.58775576e+00,
        4.39827786e-01,  1.14635189e+01, -3.50309376e+00,  3.70397284e+00,
        5.02871254e-01,  3.35411630e+00,  2.20833200e+00,  7.22341072e+00,
        4.34242000e+00,  4.44030503e+00, -6.30445361e-01,  5.28891969e+00,
        9.61376246e+00, -7.35423657e+00, -4.19187436e+00,  3.48884814e+00,
       -1.50795418e+00,  2.80144932e-01,  9.04643661e+00,  1.31502246e+00,
        7.45852597e+00,  7.25845282e+00, -2.65881645e+00,  8.52060043e+00,
        3.22559246e+00,  1.94198334e+00, -1.20228999e+00,  3.02076170e+00,
        6.89273763e+00,  5.05163545e+00,  3.35804036e+00,  3.08623594e+00,
        4.96279618e+00, -7.85117646e-02, -6.84477690e+00, -2.45832051e+00,
        1.63861311e+00,  9.62397088e+00,  5.22133882e+00, -5.74535345e-01,
        4.88087881e+00,  1.07063415e+01,  1.93983065e+00,  7.31650873e-01,
        8.20371549e-01, -5.69549693e+00,  1.32523127e+00, -3.01919764e-01,
        4.84097783e-01,  2.87214438e+00, -1.97697231e+00,  4.53699454e+00,
        6.41583208e+00,  2.39703187e-01, -4.83178260e-01,  6.48338108e+00,
        3.47177683e+00,  1.06712629e+01,  4.04940238e+00,  8.31482167e-01,
       -7.17609286e-01,  4.56835966e+00,  8.18348469e+00,  5.68787965e+00,
       -2.46120820e+00,  2.64829840e+00,  5.62329078e+00,  5.97557542e+00,
        4.89208241e+00,  2.74943371e+00,  3.70772437e+00,  4.06621698e+00,
        5.92130788e+00, -6.62002517e-01,  1.52141989e+00,  4.10566224e+00,
        1.47354382e+00,  8.53206030e-01, -1.02273597e+00,  1.50735951e+00,
        5.11125047e+00,  7.97149167e+00, -4.24337146e-02,  2.54534059e-01,
        7.01806435e-01,  8.76256183e+00,  4.94661322e+00,  6.18613555e+00,
        5.21767222e+00,  5.29038145e+00, -1.49358948e-01, -3.08571940e-01,
        5.86583032e+00, -2.97132986e-01,  8.81265575e-01,  4.01096637e+00,
        7.12461433e+00,  6.22318003e+00,  5.81643704e+00,  2.29783468e+00,
        1.96682653e+00, -8.50307836e-01,  6.63712948e+00,  5.37468512e+00,
        3.48110846e+00,  1.99346266e+00,  1.05744412e+01,  7.73945764e-01,
        1.18655491e+00, -7.50984874e-01,  3.17114330e+00,  2.15410913e+00,
        9.43737072e+00, -1.31706885e+00, -2.15687313e+00,  3.14324563e+00,
       -1.83669447e+00, -4.29718947e+00, -1.04641278e+00,  3.37057743e+00,
        5.87459073e-01,  5.03497501e+00,  4.78947982e+00,  3.53623615e+00,
        2.89947165e+00,  6.08110482e+00,  5.38249628e+00, -5.29224605e-01,
        5.56922805e+00,  5.25897358e+00,  6.33528723e+00, -5.47836280e+00,
        3.49298043e-01,  1.29866708e+00,  5.34089703e+00,  5.07373717e+00,
        4.47067292e+00,  4.58541476e+00, -1.27818663e+00,  4.61549235e+00,
        1.75152850e-01,  7.03386113e+00,  4.41909593e+00,  2.63432169e+00,
       -1.75120545e+00, -4.90939560e+00,  2.15723082e+00,  4.59775746e+00,
        2.40745201e+00,  3.35382524e+00,  1.20623045e+00,  5.97623763e+00,
        2.97547736e+00,  6.36073635e+00,  2.74886628e+00,  5.63461978e+00,
       -6.19979133e+00,  2.88450724e+00,  5.91115862e-01,  1.74055150e+00,
        8.25348947e+00, -2.47234025e+00,  9.92935517e+00,  1.93806090e+00,
       -3.23549436e+00, -1.12011611e-01,  1.86232945e+00,  8.71498079e+00,
       -4.24321351e+00,  1.16897532e+01, -6.91256342e-01, -4.43793617e-01,
        3.61323571e+00,  4.18037951e+00, -1.63392032e+00, -3.99751366e+00,
       -5.56253501e+00,  2.28122571e+00,  3.72455627e+00,  2.24173814e+00,
        9.15849426e-01,  5.69974684e+00,  5.80703006e+00,  4.13485010e+00,
       -7.84464648e+00,  6.17579758e+00,  2.41167524e+00,  6.31602272e+00,
        2.14683999e+00,  1.07829874e+00,  9.69613333e-01, -4.14516587e+00,
        9.02082877e+00,  4.20463842e+00, -3.20824291e+00, -4.70453679e+00,
        4.49869624e+00,  9.33542969e-01,  1.16076621e+00, -3.34470557e-01,
        8.12754355e-01,  9.56804804e+00,  3.69293749e+00,  4.34579247e+00,
        4.49610940e+00,  6.39597640e+00,  5.79585107e+00,  2.04416087e+00,
        2.71335798e+00, -1.07871304e+00,  4.17604260e+00,  6.09801740e+00,
        1.05127056e+01, -7.78666711e-01,  2.86235059e+00, -2.30997108e-02,
        2.24066510e+00,  5.17167693e+00,  6.55874415e+00,  2.92958358e+00,
        5.22069143e+00, -1.11928867e+00,  8.73609594e+00,  4.59997541e+00,
       -1.26536649e+00,  1.01298996e+01,  2.83186637e+00,  1.61675803e+00,
        2.56111503e+00, -4.07005691e+00,  1.12271292e+00,  9.68781423e-03,
        2.22879237e+00,  6.87066948e+00,  4.31921334e+00, -1.69928781e+00,
        3.94560065e+00,  5.85506395e+00, -5.11308289e-03,  4.13791758e+00,
        6.29204871e+00,  6.06981329e+00,  1.93811017e-01, -1.39086270e+00,
        4.34669250e+00,  5.24259102e+00,  5.77972724e+00, -1.35892570e+00,
        3.07865183e+00,  6.78291160e-01,  5.33971241e+00,  8.71585598e-01,
        8.83765720e+00,  9.24726396e+00,  3.26917875e+00,  9.56078608e-01,
        7.54847729e-01,  4.20577993e+00,  5.43861993e-01,  1.46850035e+00,
        5.79109371e+00,  4.90624659e+00,  4.14932893e-01, -1.40786390e+00,
        5.90410030e+00,  1.56683979e+00,  1.43679395e+01,  7.18236277e+00,
        3.13294570e+00,  3.40129169e+00,  2.64695397e+00,  9.95985243e-01,
        1.56661078e+00,  1.41054288e+00, -1.85916034e+00,  1.67382379e+00,
       -6.49697273e+00,  8.71089508e+00,  1.60020162e+00,  1.50954991e+00,
        1.85709039e+00,  1.72956285e+00,  1.45171075e+00,  1.23765097e+01,
        5.29967457e+00,  9.87382723e-01, -3.02479086e+00,  5.98740121e+00,
        2.54716304e+00, -1.47487902e+00,  5.73112563e-01,  9.30847514e+00,
        3.28676654e+00,  1.08842763e+00,  5.13167020e+00, -5.23080478e+00,
        3.19189888e+00, -2.30205377e+00, -4.05492022e+00,  2.00496115e+00,
       -8.58601803e-02,  2.78624107e+00, -7.46564688e-02,  6.47313277e+00,
        3.72180188e+00,  6.53115584e+00, -2.60042414e+00,  4.66507346e+00,
        7.04317705e+00,  1.51122309e+00,  2.13843927e+00,  1.26948931e+00,
        1.35769981e+00,  8.45243472e+00,  1.01719358e+01,  2.79488868e+00,
       -7.06666321e-01, -1.76575052e+00,  4.01095364e+00,  9.59007373e+00,
       -2.05906274e+00,  6.12615821e+00,  3.68632583e+00,  3.74518566e+00,
        5.01658567e+00, -7.78746461e-01,  5.24364039e+00,  1.02148229e+01,
        2.94758635e+00,  5.26824310e-01,  2.03129608e+00,  4.99546961e+00,
       -3.07098638e-01, -1.14640168e+00,  7.92423592e+00, -2.02587544e+00,
        1.35015567e+01,  1.68901089e+00, -1.75695791e+00,  5.13619225e+00,
        8.21043894e-01,  2.53324253e-01, -3.64527062e-01,  1.42120625e+00,
        4.99767004e+00,  2.71779240e+00,  3.18589808e+00,  6.27370022e+00,
        1.52124653e+00,  6.60083021e+00, -9.45393828e-01,  5.94714849e+00,
        6.21512019e+00,  2.78711063e+00,  4.88830053e+00,  1.20516690e+00,
       -3.74522702e+00,  5.25733157e+00,  6.53429412e+00, -3.41725353e+00,
        3.87687232e+00,  2.48360883e+00,  5.27367080e+00,  1.17883640e+00,
        2.20317579e+00,  3.07869729e+00,  4.75157907e+00,  3.55565140e+00,
        4.44887821e+00, -2.84117078e+00, -1.78503891e+00,  6.47366793e+00,
        3.96570215e+00,  6.58746541e+00,  5.08496683e+00, -3.32486857e-01,
        5.35089409e+00,  4.61296955e+00,  5.02677125e+00, -4.46470934e+00,
        5.90129808e+00,  4.29338173e+00,  1.70297787e+00, -1.68395797e+00,
       -5.21023442e-01,  3.52639173e+00,  1.10569063e+01,  7.67426180e+00,
       -1.41348560e+00, -6.76291632e-01,  3.01764300e+00,  6.67879113e-01,
       -2.01071744e+00, -5.27700785e-01,  5.63666281e+00,  5.67792842e+00,
        1.00722556e+01,  7.56717036e-01,  6.42635446e+00,  1.88785477e+00,
        4.61187003e+00,  4.91203927e+00,  2.50910984e+00,  2.77720314e+00,
       -6.63077415e+00,  4.71526854e+00,  3.91379394e-01,  2.19123235e+00,
        2.90698839e+00,  5.59295578e+00, -9.88702947e-01,  4.61519458e+00,
        1.67040095e+00,  5.37943505e-01,  1.25577481e+00, -2.25306329e+00,
        7.12746459e+00,  5.84074346e+00,  1.73886375e+00, -2.05130542e+00,
        2.11177874e+00,  1.86616242e+00,  1.14870941e+00, -5.71451752e-01,
       -1.92660970e+00,  2.48898691e+00,  2.48713854e+00, -3.57841129e+00,
        4.75619259e+00,  7.28813357e+00,  5.53934802e+00,  7.98095643e+00,
        7.29411651e+00,  2.28842156e+00,  2.36573093e+00,  3.20071805e+00,
        1.49440826e+00, -2.73302327e+00,  9.15556180e+00,  8.12949683e-01,
        6.55014200e+00,  3.73941577e+00,  3.63534902e+00,  4.85964944e+00,
       -3.48750434e+00,  4.69777485e+00,  3.88869671e-01,  5.10104000e+00,
        1.06903719e+01,  1.03107059e+00,  1.11051027e+01, -1.16728964e-01,
       -9.06390670e-01,  3.90660348e+00,  3.52299694e+00,  5.07677214e+00,
       -1.90871273e+00,  3.33472802e+00,  7.93827956e+00,  6.40268263e+00,
        3.09689486e+00,  7.89907952e+00,  6.92904425e+00,  7.00946412e+00,
       -1.59637663e-01,  5.55797359e+00,  6.48686004e+00, -2.73560236e-02,
        1.31820280e-01, -3.12059676e+00,  2.47925131e+00, -1.53494477e+00,
        2.58757584e+00,  1.29680810e+00,  4.03889215e+00,  1.74232955e+00,
        6.25869743e+00,  1.29177537e+00,  5.09668711e-01,  5.81273163e-01,
        3.62885979e+00,  2.75023398e+00,  4.16689488e+00,  7.27818993e+00,
       -3.49982986e+00,  5.57742982e+00,  4.89319116e+00,  8.24586052e+00,
       -7.15126597e+00,  4.15490234e-02, -1.88370384e+00,  1.00867454e+01,
        2.73928464e+00,  1.53216506e+00,  9.01859691e+00,  1.12699194e+00,
        8.21742746e+00, -3.64273718e+00,  3.85472196e+00,  6.02730013e-01,
       -9.52606099e-01,  6.99467134e+00,  3.95400290e+00,  6.61335312e+00,
        9.80688676e+00,  5.20690337e+00,  1.29770685e+00,  3.45926433e+00,
        1.01015618e+01,  4.29895119e+00,  3.77661802e+00,  8.39307599e+00,
        2.50850306e+00,  5.34905420e+00,  3.68407608e+00,  2.12053238e-01,
        4.75863181e+00,  4.52012620e+00,  6.26043958e+00,  1.00152635e+01,
       -1.19620458e+00,  5.43033938e+00,  5.98271669e+00, -2.69931090e+00,
        1.87557654e+00,  9.64400738e-01,  6.15733824e+00,  7.36126660e+00,
        2.86075513e-01, -2.38989833e+00,  2.73961887e+00,  2.26774307e+00]), array([ 6.64320374e-01,  6.84521778e+00,  8.68069932e+00,  1.01488743e+00,
       -4.51773888e-01,  9.00663204e-01, -7.86860632e-01,  8.63467805e+00,
        4.15857868e+00,  4.83713652e+00, -3.07951044e+00,  5.03777778e+00,
        4.97283953e+00,  4.38016056e-01,  2.75148097e+00, -2.53283026e+00,
        4.47795900e+00,  7.98011113e+00,  5.77586974e+00,  3.82088383e+00,
        2.93525350e+00,  3.31784136e-01, -1.03546683e+00, -1.42094669e+00,
        6.39240948e+00,  3.90527358e+00, -6.78790852e-01,  2.95334528e+00,
        4.07496800e+00,  2.16048134e+00,  3.85447142e+00,  5.68361658e+00,
        4.43670403e+00, -2.37586503e-01,  1.68678861e+00,  4.36433717e-01,
        4.57039205e+00,  3.48657399e+00,  4.04322487e+00,  7.20704976e-01,
       -2.47038510e+00,  9.89403502e-01,  5.58076526e+00,  5.07567892e+00,
       -3.30862793e+00,  8.14788266e+00,  2.26212162e+00,  1.67185633e+01,
        1.63567326e+00,  8.93854400e+00,  6.08624237e+00,  1.42391112e+00,
       -1.26764161e+00,  9.12388552e+00,  6.71220503e+00,  6.28877187e+00,
        3.38805208e+00,  1.85541946e+00, -1.85261043e+00,  1.07990920e+01,
        3.76701224e+00,  6.58693979e+00,  8.02944362e+00,  4.39071191e+00,
        4.40322274e+00,  8.74456344e+00, -5.70368389e+00,  4.53889398e+00,
        3.31646813e+00,  1.51192879e+01,  2.09139934e+00,  3.94361329e+00,
        2.13984449e+00, -2.72430079e+00,  6.56173817e+00,  1.77273063e+00,
        6.54246293e+00,  5.75361559e+00,  5.30523280e+00,  4.10370381e+00,
        5.23783599e+00,  4.21078932e+00, -1.45436894e+00,  3.62124900e+00,
        9.37303922e+00,  2.51787291e-01,  7.34336184e+00, -4.83463938e+00,
        2.72883712e+00,  4.23147801e+00,  1.07374979e+00,  4.60441608e+00,
        6.80060751e-01,  7.50850738e+00,  3.11355924e+00,  4.95107906e+00,
        5.84253915e+00, -4.96852408e+00,  7.48471087e+00, -2.65980539e+00,
        6.16602828e+00,  7.42649797e+00,  1.15488404e+00,  1.05218699e+01,
        5.11462338e+00,  5.56011975e+00,  3.70315375e+00,  1.81060069e+00,
        1.90794465e-01, -1.00864199e-01,  3.97447562e+00,  8.94822177e+00,
        5.62896148e+00,  3.36935636e+00,  5.46435702e+00,  5.28653061e+00,
        9.61547774e-01,  5.49692502e+00,  1.05771513e+01,  5.31658038e+00,
        1.68092546e+00, -2.42679427e-01,  2.13394683e+00,  6.44832261e-03,
        7.09087004e+00,  9.43666213e+00,  1.17433641e-01,  5.10022185e+00,
        3.36638765e+00,  7.56773834e+00,  3.45436441e+00, -3.23958070e-01,
        8.34335795e+00, -3.33249678e+00,  6.76235634e+00,  8.03913278e+00,
        6.58096781e+00,  2.79728169e+00,  2.26919544e-01,  5.74657190e+00,
       -3.82623633e-01,  7.37020452e+00, -2.42572830e+00,  1.98946437e+00,
        7.90192036e+00,  5.15982059e+00,  7.68123500e+00,  1.45959627e+00,
        7.34410197e+00,  7.04916797e+00,  5.37941467e+00,  2.30679118e+00,
        7.96450287e+00,  3.07779774e+00,  5.90250811e+00,  4.37350751e+00,
       -2.85450704e-01,  3.04143512e+00,  1.02195551e+00,  3.91910817e+00,
        3.17526258e+00,  5.03837664e+00,  1.48348843e+00,  4.67544922e+00,
        5.72246573e+00,  4.77007088e+00,  3.31792737e+00,  4.68779966e+00,
        4.96861729e+00,  4.07665222e+00, -8.81345779e-01,  8.28605722e+00,
        3.43559456e+00,  5.23336625e+00,  7.16520474e+00,  1.01228896e+00,
        7.91559820e+00, -1.60809989e+00,  8.84344376e+00,  4.30727501e+00,
        3.04256463e+00,  2.59360810e-01, -1.59405306e+00,  3.72166249e+00,
        5.67828503e+00,  5.17399681e+00,  4.46273298e+00,  3.85128962e+00,
        5.19437083e+00,  2.74903671e+00, -1.20088248e+00,  3.82913607e+00,
        2.42884045e+00,  1.44997471e+00,  4.15650296e+00,  5.54155008e+00,
        3.90421885e+00,  3.53038268e+00,  5.43511498e+00,  2.94056798e+00,
        4.24268325e+00,  2.28273725e+00,  7.25383599e-01,  1.45830421e+00,
        2.60657411e+00,  6.88665086e+00,  4.40129344e+00,  7.36098189e+00,
        2.09632859e+00,  8.04102998e+00,  3.31991276e+00, -9.53816726e-02,
       -1.21800059e-01,  6.48573158e+00,  5.71737404e+00,  7.52313652e+00,
        6.66553044e+00,  7.11541745e+00, -9.77537446e-01,  1.14843975e+00,
        6.13902867e+00,  6.53798040e+00,  8.27118944e+00,  2.37159708e+00,
        6.53526178e+00,  2.28410532e+00,  3.11887084e+00,  2.02714334e+00,
        8.20942208e+00,  7.13698386e+00,  5.25912295e+00, -1.31214131e+00,
        7.75500300e+00, -2.62364099e+00,  8.12665350e-01,  7.35660230e-01,
        2.10230129e+00, -5.19116528e-02,  8.65897834e+00,  9.55233616e+00,
        4.81314637e+00,  7.52316008e+00,  1.13845754e+01,  5.81306141e+00,
        1.55990123e+00,  2.29294068e+00,  5.97063086e+00,  1.30904929e+00,
        1.69793730e+00, -4.84722964e+00,  1.41432568e+00,  1.14128900e+01,
       -1.47817216e+00,  4.12376002e+00,  1.41408978e-01,  5.86564604e+00,
        6.55493929e-02, -2.81486047e+00, -1.23856804e+00,  2.12503098e+00,
        1.87867489e+00,  2.40164459e+00,  2.95248403e+00,  1.04723914e+01,
        6.79553236e+00,  6.98777550e+00,  1.49021512e+00,  3.03910911e+00,
        9.74479801e-01,  1.26185880e+01, -2.42737464e+00,  4.30438797e+00,
        1.26405685e+00,  4.18564344e+00,  2.62702841e+00,  8.41037292e+00,
        5.79101755e+00,  5.45770594e+00,  1.67078854e-01,  5.92567023e+00,
        1.00634384e+01, -6.47553835e+00, -3.42314980e+00,  4.21176642e+00,
       -7.94005639e-01,  8.09156870e-01,  9.61571905e+00,  2.32248417e+00,
        8.60153595e+00,  8.33265817e+00, -1.89104900e+00,  9.34021542e+00,
        3.88556588e+00,  2.66489695e+00, -2.90353854e-01,  3.85801382e+00,
        7.72955979e+00,  5.47443477e+00,  3.48313690e+00,  4.15462972e+00,
        5.85409669e+00, -2.60790994e-01, -6.66115202e+00, -8.52142336e-01,
        2.86417126e+00,  9.72942250e+00,  5.97418397e+00, -5.02863235e-01,
        5.76748286e+00,  1.14667744e+01,  2.29110424e+00,  7.99667673e-01,
        1.35638178e+00, -4.90022683e+00,  2.02079752e+00,  1.04113402e-01,
        5.26335030e-01,  3.48294340e+00, -1.54051577e+00,  5.05121630e+00,
        6.87271298e+00,  1.03547645e+00,  4.39483279e-01,  7.19859967e+00,
        4.05222206e+00,  1.17915828e+01,  4.72934772e+00,  1.61849001e+00,
       -1.89554249e-01,  4.80120794e+00,  8.68053685e+00,  6.15425497e+00,
       -1.92808646e+00,  2.97777590e+00,  6.36624642e+00,  6.48112719e+00,
        5.08162126e+00,  3.56977340e+00,  4.28134138e+00,  4.03920803e+00,
        6.27007742e+00,  1.15199518e-01,  2.17090431e+00,  4.78149269e+00,
        2.10762840e+00,  1.27031731e+00, -3.78513954e-01,  2.12228822e+00,
        6.49290033e+00,  8.74814632e+00,  2.25787703e-01,  1.24254589e+00,
        1.29988116e+00,  1.00813676e+01,  5.39102812e+00,  6.32438225e+00,
        6.63692884e+00,  6.38049511e+00,  1.30386209e+00,  8.52303068e-01,
        6.13354021e+00, -1.16620278e-01,  2.18630233e+00,  4.43542760e+00,
        7.44913551e+00,  6.99187216e+00,  6.15372171e+00,  3.02841940e+00,
        2.68123331e+00, -4.66876759e-01,  7.69529855e+00,  6.00698542e+00,
        3.74154530e+00,  2.91134226e+00,  1.12615164e+01,  1.39057239e+00,
        1.12725569e+00, -2.05200280e-01,  4.09054458e+00,  2.80359232e+00,
        1.03884853e+01, -6.08835163e-01, -1.57188172e+00,  4.42432567e+00,
       -1.02938678e+00, -3.39710106e+00, -7.65417832e-02,  4.38355263e+00,
        1.69085826e+00,  5.96259146e+00,  5.58071691e+00,  4.16552144e+00,
        3.27735068e+00,  7.26503039e+00,  6.18431721e+00, -4.82889137e-02,
        6.05765636e+00,  6.34386107e+00,  7.61771783e+00, -5.32079462e+00,
        1.33944713e+00,  2.32967576e+00,  6.62313437e+00,  6.56223788e+00,
        4.59440900e+00,  5.42397773e+00, -1.93209229e-01,  5.64796985e+00,
        9.14812381e-01,  7.75564124e+00,  4.86827611e+00,  3.13102514e+00,
       -1.22978623e+00, -4.42296562e+00,  3.30824450e+00,  5.51666127e+00,
        3.22725018e+00,  4.16868666e+00,  2.22822375e+00,  7.13510004e+00,
        3.65605367e+00,  6.95416764e+00,  3.89566693e+00,  6.10201441e+00,
       -5.63734599e+00,  3.90530317e+00,  1.06400231e+00,  2.84808523e+00,
        8.69122617e+00, -1.67128997e+00,  1.04080607e+01,  3.03714512e+00,
       -2.15008605e+00,  7.20197305e-01,  2.48598416e+00,  8.59438340e+00,
       -2.94078072e+00,  1.13656578e+01,  3.85683370e-01,  2.29258028e-01,
        4.43513393e+00,  4.37041845e+00, -5.34829142e-01, -3.42216136e+00,
       -4.59802306e+00,  2.92270033e+00,  5.33098131e+00,  3.00534392e+00,
        1.71981540e+00,  6.60759673e+00,  6.52152362e+00,  5.47948254e+00,
       -7.74853593e+00,  6.76858148e+00,  3.14698259e+00,  6.89593528e+00,
        2.70690424e+00,  2.01268362e+00,  1.49638283e+00, -4.08764403e+00,
        8.89863495e+00,  4.88736768e+00, -2.46992314e+00, -3.62626405e+00,
        5.19723450e+00,  2.05089316e+00,  2.13751607e+00,  5.00955196e-01,
        1.58902292e+00,  1.02766047e+01,  4.51562544e+00,  4.81521939e+00,
        5.11089645e+00,  7.69614552e+00,  6.02267091e+00,  2.14581872e+00,
        4.24570669e+00,  1.82630988e-01,  5.29084591e+00,  7.00123233e+00,
        1.08523732e+01, -1.75800294e-01,  3.17311624e+00,  4.77455892e-01,
        2.74092909e+00,  5.68420161e+00,  7.56809708e+00,  3.48257871e+00,
        6.13960834e+00, -2.99441192e-01,  8.70399492e+00,  5.53394619e+00,
       -8.44063218e-01,  1.02364378e+01,  2.55430145e+00,  2.10030646e+00,
        3.42823695e+00, -2.86577494e+00,  2.34048345e+00,  1.06945700e+00,
        3.23250698e+00,  7.76901897e+00,  4.78210457e+00, -1.86767434e+00,
        4.68543290e+00,  6.22248299e+00,  3.64840022e-01,  4.77924723e+00,
        6.94879530e+00,  6.88554742e+00,  8.73992595e-01, -9.69200500e-01,
        5.36522557e+00,  5.85354534e+00,  6.02312308e+00, -6.61626966e-01,
        3.76531768e+00,  1.77256260e+00,  6.47348045e+00,  1.64679769e+00,
        9.57543897e+00,  9.56229311e+00,  4.19937444e+00,  1.32347950e+00,
        1.86421407e+00,  4.94458684e+00,  7.32306631e-01,  1.84691125e+00,
        6.22805161e+00,  5.85234618e+00,  1.48321246e+00, -3.45075262e-01,
        6.71656200e+00,  2.17215571e+00,  1.41103816e+01,  7.56489585e+00,
        3.36886203e+00,  3.29264890e+00,  3.30039628e+00,  1.01525329e+00,
        2.32268963e+00,  2.35929652e+00, -8.91021966e-01,  1.95940326e+00,
       -5.66908793e+00,  9.55873167e+00,  1.98183279e+00,  2.22761687e+00,
        2.62747900e+00,  1.58483526e+00,  1.70895441e+00,  1.24734854e+01,
        6.18395370e+00,  1.27653708e+00, -1.86357074e+00,  6.10549240e+00,
        3.04730789e+00, -6.05632645e-01,  1.57658940e+00,  9.63540992e+00,
        4.03126013e+00,  1.70904401e+00,  6.03812202e+00, -4.56476974e+00,
        4.57008158e+00, -1.43205916e+00, -3.29054488e+00,  2.43329033e+00,
        7.40301955e-01,  3.35374157e+00,  7.01872000e-01,  6.95204797e+00,
        4.12818372e+00,  6.80738477e+00, -1.32641589e+00,  5.42663094e+00,
        7.43616960e+00,  2.45874441e+00,  2.81266346e+00,  2.40113354e+00,
        1.94204556e+00,  9.61216029e+00,  1.08990692e+01,  3.09689050e+00,
        3.12337623e-01, -1.01189800e+00,  4.07074679e+00,  1.10337376e+01,
       -1.81467696e+00,  6.65425604e+00,  4.32670083e+00,  4.51776086e+00,
        6.10060005e+00, -2.59104214e-01,  5.44507346e+00,  1.12180858e+01,
        3.60768159e+00,  1.88938569e+00,  3.09961036e+00,  5.76341573e+00,
        1.63874685e-01,  4.32405726e-01,  8.49753174e+00, -1.04052568e+00,
        1.36164016e+01,  2.87417673e+00, -1.01907972e+00,  5.82509950e+00,
        1.63195601e+00,  1.08967122e+00,  9.00867158e-01,  2.39112048e+00,
        5.60975710e+00,  4.08132234e+00,  3.95228293e+00,  6.91413879e+00,
        2.55078847e+00,  7.77182195e+00, -1.15937331e+00,  6.73975864e+00,
        6.41595466e+00,  4.44599222e+00,  5.48140772e+00,  2.03995868e+00,
       -2.89924132e+00,  5.60764313e+00,  6.44694543e+00, -2.49992230e+00,
        4.53361747e+00,  2.80828250e+00,  5.58493947e+00,  1.52571225e+00,
        2.59441613e+00,  3.41382332e+00,  6.10982198e+00,  4.76804280e+00,
        4.90092906e+00, -1.97352472e+00, -2.03169533e+00,  7.01465556e+00,
        4.27648567e+00,  7.44602712e+00,  5.50807521e+00,  3.68803228e-01,
        5.83913203e+00,  5.28075529e+00,  5.71656724e+00, -3.82448615e+00,
        6.69695696e+00,  4.81978795e+00,  2.63065727e+00, -1.44200779e+00,
        3.13893745e-01,  3.68372046e+00,  1.20561821e+01,  8.23794254e+00,
       -3.34623462e-02, -2.99224074e-03,  3.40896624e+00,  1.18625900e+00,
       -1.70454468e+00, -3.01149672e-01,  6.76526859e+00,  6.15274554e+00,
        1.11843453e+01,  1.83639861e+00,  7.34503969e+00,  2.62102451e+00,
        5.06128139e+00,  5.19343556e+00,  2.85014650e+00,  3.46175629e+00,
       -5.89720174e+00,  6.02056258e+00,  2.37702526e-01,  3.05538745e+00,
        3.11005391e+00,  6.20260635e+00, -4.94698977e-01,  5.31493827e+00,
        1.66800464e+00,  6.17174286e-01,  2.36621252e+00, -1.04132146e+00,
        7.58419871e+00,  6.44339957e+00,  2.64390383e+00, -1.63547661e+00,
        2.28398194e+00,  2.75956050e+00,  2.31991538e+00,  4.16409973e-01,
       -7.52084774e-01,  3.19194949e+00,  2.76567891e+00, -2.46090859e+00,
        5.56115528e+00,  7.80593408e+00,  6.28040090e+00,  9.11051772e+00,
        7.86890917e+00,  2.64551175e+00,  2.77070392e+00,  3.48034955e+00,
        1.15769120e+00, -1.80931789e+00,  9.45618598e+00,  2.06552807e+00,
        7.05010036e+00,  3.76702484e+00,  4.35122988e+00,  5.12204363e+00,
       -2.61753142e+00,  5.59714956e+00,  1.82261631e+00,  6.19472969e+00,
        1.14702942e+01,  1.63924116e+00,  1.18227899e+01,  7.33294618e-01,
       -1.19784782e-02,  4.67947765e+00,  4.77311214e+00,  5.25336160e+00,
       -1.08626470e+00,  4.50493622e+00,  8.40401139e+00,  7.41540032e+00,
        3.56397301e+00,  8.57421158e+00,  7.40334112e+00,  7.79616821e+00,
        6.75689620e-01,  5.88801624e+00,  7.32414874e+00,  7.66903058e-01,
        9.11197207e-01, -2.06901856e+00,  2.94370304e+00, -7.77402009e-02,
        3.30106646e+00,  2.11950866e+00,  4.62592056e+00,  2.56792361e+00,
        6.89545668e+00,  2.29777847e+00,  1.39469135e+00,  1.77126200e+00,
        3.91088888e+00,  3.30189607e+00,  5.23656818e+00,  7.80089121e+00,
       -2.53878737e+00,  6.88167269e+00,  5.63952681e+00,  8.17788424e+00,
       -6.04053405e+00,  7.31648069e-01, -1.08585983e+00,  1.10364634e+01,
        3.51900536e+00,  2.04995716e+00,  1.00131841e+01,  1.94687582e+00,
        8.73978042e+00, -2.08570220e+00,  3.65182644e+00,  1.20429918e+00,
       -5.18733896e-01,  7.19118933e+00,  4.51633422e+00,  7.17849473e+00,
        1.03702627e+01,  5.99763095e+00,  2.17848027e+00,  4.11142519e+00,
        1.08725579e+01,  4.79026456e+00,  4.75824987e+00,  8.81535829e+00,
        3.10578676e+00,  6.54778615e+00,  4.86564254e+00,  1.23145379e+00,
        5.86184414e+00,  5.39413089e+00,  6.34094453e+00,  1.06094268e+01,
       -4.23741230e-01,  5.98308854e+00,  6.76063558e+00, -1.85104820e+00,
        2.58406341e+00,  1.64701030e+00,  6.45983140e+00,  8.19111182e+00,
        7.68465984e-01, -1.61521104e+00,  3.22272987e+00,  3.23484520e+00]), array([ 1.56622587e+00,  7.86579191e+00,  9.04660234e+00,  1.07590229e+00,
        9.20782992e-01,  1.85512530e+00,  5.57092671e-01,  9.41387378e+00,
        4.44254406e+00,  5.93245319e+00, -2.21462278e+00,  6.33332661e+00,
        5.72788499e+00,  4.79637147e-01,  3.46896987e+00, -1.82595756e+00,
        5.31217422e+00,  8.97200240e+00,  6.72868215e+00,  5.00521622e+00,
        3.85501878e+00,  8.01555313e-01,  6.24655993e-02, -1.72627997e-01,
        6.68015728e+00,  4.60791566e+00, -3.89772718e-01,  3.53554058e+00,
        5.05284204e+00,  2.33437182e+00,  4.79400175e+00,  5.96193637e+00,
        5.05051393e+00,  1.01627667e+00,  2.17694883e+00,  1.61153763e+00,
        5.50908626e+00,  4.02854288e+00,  4.56612332e+00,  1.45427254e+00,
       -1.57990611e+00,  1.88136052e+00,  6.00202158e+00,  5.73603101e+00,
       -2.14375776e+00,  8.69772983e+00,  2.69835338e+00,  1.70406813e+01,
        2.43435358e+00,  9.55925412e+00,  6.87631756e+00,  2.44548636e+00,
       -2.91631687e-01,  9.70154508e+00,  7.54338147e+00,  6.18442163e+00,
        4.05175217e+00,  2.71762438e+00, -8.22745518e-01,  1.19042482e+01,
        4.36578497e+00,  7.00665368e+00,  9.72218520e+00,  5.12159062e+00,
        5.01795235e+00,  9.15963742e+00, -4.50058555e+00,  5.47921166e+00,
        3.61334894e+00,  1.55510924e+01,  3.17755808e+00,  4.69058531e+00,
        3.23020027e+00, -1.27462347e+00,  7.27563959e+00,  2.34285507e+00,
        7.07998220e+00,  6.58110570e+00,  6.13365487e+00,  5.09283087e+00,
        5.84042382e+00,  4.43349138e+00, -2.90532911e-01,  4.78623808e+00,
        1.00580901e+01,  1.75007313e+00,  8.37479467e+00, -4.06892873e+00,
        3.49002471e+00,  5.15558551e+00,  1.39247936e+00,  5.76330992e+00,
        1.95614029e+00,  7.94034749e+00,  4.25419864e+00,  5.29374792e+00,
        6.39424857e+00, -4.29649299e+00,  8.28474536e+00, -2.12506534e+00,
        7.20685028e+00,  7.84371887e+00,  2.13883308e+00,  1.12257518e+01,
        6.22920750e+00,  6.11765889e+00,  4.49164397e+00,  2.27300684e+00,
        1.43939929e+00,  7.04652740e-01,  3.90956624e+00,  1.00940399e+01,
        6.94022271e+00,  4.45771777e+00,  5.82871610e+00,  5.72473006e+00,
        1.66587464e+00,  6.18705474e+00,  1.09262129e+01,  5.95999582e+00,
        2.36304661e+00,  6.15102263e-01,  2.61521643e+00, -8.88460489e-03,
        8.04088468e+00,  1.02736075e+01,  1.15498233e+00,  5.29606517e+00,
        4.12423207e+00,  7.76800698e+00,  4.83480007e+00,  9.85544974e-01,
        9.20201407e+00, -2.43734436e+00,  7.55875334e+00,  8.52109474e+00,
        7.22066875e+00,  3.85677074e+00,  1.18546459e+00,  6.71086395e+00,
        4.65412543e-01,  7.83502705e+00, -1.20771911e+00,  3.47729539e+00,
        8.77270349e+00,  6.01546349e+00,  8.63404181e+00,  2.59234768e+00,
        8.24057929e+00,  7.06693199e+00,  5.88638471e+00,  2.81764222e+00,
        8.81663040e+00,  3.52039044e+00,  6.12123809e+00,  5.43732688e+00,
        6.73286147e-01,  3.71967239e+00,  2.22307645e+00,  4.40167182e+00,
        4.10845580e+00,  5.75019897e+00,  2.08485963e+00,  5.34625016e+00,
        5.94938308e+00,  4.81001093e+00,  4.00135438e+00,  5.34663230e+00,
        5.44336242e+00,  5.29135925e+00,  1.00492330e-01,  9.46781066e+00,
        3.89090534e+00,  6.00043420e+00,  8.15992018e+00,  1.91630759e+00,
        8.30240071e+00, -3.61639624e-01,  9.32545205e+00,  5.20388836e+00,
        4.12480151e+00,  9.32747319e-01, -7.34908385e-01,  4.68961197e+00,
        6.70404960e+00,  6.19352331e+00,  5.85095337e+00,  4.30872572e+00,
        6.00006562e+00,  3.96301305e+00, -3.23963323e-01,  4.51503562e+00,
        3.41835926e+00,  1.95140471e+00,  4.89639477e+00,  6.54712846e+00,
        4.79746145e+00,  4.14504444e+00,  6.41301167e+00,  3.39128391e+00,
        5.44411347e+00,  3.38660216e+00,  1.41368823e+00,  2.15607258e+00,
        3.55617323e+00,  7.61947075e+00,  5.37434819e+00,  8.03256088e+00,
        2.85401698e+00,  8.70532749e+00,  4.46212502e+00,  6.48224987e-01,
        6.70014803e-01,  7.19603023e+00,  6.41501781e+00,  8.65576126e+00,
        8.11656723e+00,  8.40373124e+00,  1.15063807e-01,  1.70588398e+00,
        6.89429070e+00,  7.53622896e+00,  9.51344185e+00,  3.63422255e+00,
        7.07033984e+00,  2.98663719e+00,  4.41314539e+00,  2.84398442e+00,
        8.62084917e+00,  7.78849264e+00,  6.06049352e+00, -3.66770240e-01,
        8.63751033e+00, -2.51220964e+00,  1.95853683e+00,  1.92140503e+00,
        2.95068048e+00,  9.97542729e-01,  9.60710377e+00,  1.01272579e+01,
        5.60883064e+00,  8.37008739e+00,  1.19654167e+01,  7.25063653e+00,
        2.55315270e+00,  2.96382133e+00,  6.89126807e+00,  1.87317781e+00,
        2.42985134e+00, -3.18937115e+00,  2.46471285e+00,  1.22136404e+01,
       -9.23061224e-01,  4.79385015e+00,  1.10639280e+00,  6.19480714e+00,
        1.75589310e+00, -2.39775937e+00, -2.60142509e-01,  3.03479318e+00,
        2.48558382e+00,  3.54388154e+00,  3.96618590e+00,  1.18054902e+01,
        7.26747834e+00,  7.17740934e+00,  2.01269718e+00,  3.58769077e+00,
        1.59392838e+00,  1.37973312e+01, -1.23531264e+00,  4.98972390e+00,
        2.13702612e+00,  5.13053248e+00,  3.15404898e+00,  9.69971278e+00,
        7.33960012e+00,  6.58936102e+00,  1.11982403e+00,  6.68764772e+00,
        1.06230936e+01, -5.48501386e+00, -2.49350475e+00,  5.06166562e+00,
        6.41678602e-02,  1.49107263e+00,  1.02860081e+01,  3.46687867e+00,
        9.86934990e+00,  9.50220272e+00, -1.00486441e+00,  1.02131399e+01,
        4.66370091e+00,  3.51052487e+00,  7.39565171e-01,  4.78168212e+00,
        8.64970186e+00,  6.04243600e+00,  3.73262058e+00,  5.31678490e+00,
        6.84228708e+00, -2.70837089e-01, -6.33173249e+00,  8.30475453e-01,
        4.19000342e+00,  9.94883366e+00,  6.83276922e+00, -2.74921944e-01,
        6.71727739e+00,  1.23597850e+01,  2.77615679e+00,  9.80965773e-01,
        2.03586247e+00, -3.96772334e+00,  2.81502993e+00,  6.49195999e-01,
        7.38219997e-01,  4.23909568e+00, -9.68471703e-01,  5.68449773e+00,
        7.44615736e+00,  1.95206568e+00,  1.48746212e+00,  8.03233689e+00,
        4.75066699e+00,  1.29492807e+01,  5.56798742e+00,  2.53381290e+00,
        4.82718990e-01,  5.17028819e+00,  9.29411669e+00,  6.73229545e+00,
       -1.24784523e+00,  3.40921992e+00,  7.19578217e+00,  7.09850328e+00,
        5.39523262e+00,  4.51585125e+00,  4.95918024e+00,  4.17099886e+00,
        6.77467195e+00,  1.02028246e+00,  2.89326809e+00,  5.58936887e+00,
        2.86970695e+00,  1.81698516e+00,  3.89238100e-01,  2.85326360e+00,
        7.93180500e+00,  9.61049697e+00,  5.97023424e-01,  2.37475465e+00,
        2.02552068e+00,  1.14884575e+01,  5.92600270e+00,  6.63097620e+00,
        8.14968997e+00,  7.53588100e+00,  2.83782873e+00,  2.16263401e+00,
        6.50955292e+00,  1.86904771e-01,  3.61390133e+00,  4.98077614e+00,
        7.88093543e+00,  7.84451914e+00,  6.60359052e+00,  3.88666439e+00,
        3.52503599e+00,  2.66939619e-02,  8.85590052e+00,  6.75603053e+00,
        4.12670848e+00,  3.96164517e+00,  1.20330210e+01,  2.10524132e+00,
        1.17314485e+00,  4.80707475e-01,  5.10225589e+00,  3.57597353e+00,
        1.13822291e+01,  2.20743284e-01, -8.08165596e-01,  5.79941991e+00,
       -1.10777322e-01, -2.37537775e+00,  1.00388440e+00,  5.53834581e+00,
        2.93826945e+00,  6.96971886e+00,  6.45905113e+00,  4.88226987e+00,
        3.78398645e+00,  8.56563798e+00,  7.09998699e+00,  5.60581896e-01,
        6.66973363e+00,  7.53779775e+00,  9.02381474e+00, -5.02625853e+00,
        2.39983228e+00,  3.47367378e+00,  8.02076042e+00,  8.14762341e+00,
        4.86202238e+00,  6.33356874e+00,  9.70625232e-01,  6.76833718e+00,
        1.81543910e+00,  8.56031295e+00,  5.42699433e+00,  3.78764993e+00,
       -5.81325034e-01, -3.78120859e+00,  4.56394399e+00,  6.53872594e+00,
        4.19644106e+00,  5.11367964e+00,  3.35375773e+00,  8.38096563e+00,
        4.44611256e+00,  7.68575489e+00,  5.12749064e+00,  6.67121377e+00,
       -4.96101569e+00,  5.05459139e+00,  1.66142784e+00,  4.08146162e+00,
        9.25559356e+00, -7.60690392e-01,  1.09577113e+01,  4.27655834e+00,
       -9.81890029e-01,  1.69941090e+00,  3.20880968e+00,  8.62673521e+00,
       -1.50259740e+00,  1.11718408e+01,  1.55064765e+00,  1.00624636e+00,
        5.33294957e+00,  4.67509562e+00,  6.71435482e-01, -2.70948822e+00,
       -3.50231383e+00,  3.66839262e+00,  6.98531975e+00,  3.82843485e+00,
        2.61828513e+00,  7.60805042e+00,  7.31930719e+00,  6.90383927e+00,
       -7.46399419e+00,  7.46924507e+00,  3.99012821e+00,  7.55507216e+00,
        3.39839909e+00,  3.05925826e+00,  2.14939137e+00, -3.86359800e+00,
        8.89153879e+00,  5.64718292e+00, -1.59639878e+00, -2.41231068e+00,
        6.03204162e+00,  3.26762671e+00,  3.22440153e+00,  1.43288824e+00,
        2.48214387e+00,  1.10610084e+01,  5.45847589e+00,  5.42836984e+00,
        5.84826815e+00,  9.10147715e+00,  6.33803474e+00,  2.37662746e+00,
        5.89372968e+00,  1.54854658e+00,  6.51218997e+00,  8.02174467e+00,
        1.12892646e+01,  5.40847927e-01,  3.58474317e+00,  1.12375686e+00,
        3.36619658e+00,  6.37627880e+00,  8.68296437e+00,  4.11478111e+00,
        7.20072710e+00,  6.72486192e-01,  8.77262215e+00,  6.62880453e+00,
       -3.03626404e-01,  1.04716803e+01,  2.42600107e+00,  2.67342552e+00,
        4.41767665e+00, -1.55440469e+00,  3.66297473e+00,  2.23821506e+00,
        4.39211568e+00,  8.71654051e+00,  5.34517336e+00, -1.91573088e+00,
        5.53909600e+00,  6.73909557e+00,  8.77405689e-01,  5.53483589e+00,
        7.67531318e+00,  7.78508154e+00,  1.69205267e+00, -4.02091979e-01,
        6.50493699e+00,  6.59239802e+00,  6.35852033e+00,  1.90045509e-01,
        4.54975999e+00,  2.96819583e+00,  7.70398074e+00,  2.52430917e+00,
        1.04111307e+01,  1.00137064e+01,  5.25179863e+00,  1.83053201e+00,
        3.11004970e+00,  5.80417267e+00,  1.03735066e+00,  2.34219748e+00,
        6.80647482e+00,  6.88180459e+00,  2.65074892e+00,  8.12373062e-01,
        7.61482922e+00,  2.89828536e+00,  1.39801084e+01,  8.07493136e+00,
        3.72799821e+00,  3.29560535e+00,  4.04022673e+00,  1.21573846e+00,
        3.16602320e+00,  3.43901992e+00,  1.54056177e-01,  2.37173234e+00,
       -4.73484137e+00,  1.05329527e+01,  2.49065083e+00,  3.05720096e+00,
        3.55470337e+00,  1.59700487e+00,  2.09626552e+00,  1.26848188e+01,
        7.22955990e+00,  1.70113553e+00, -5.82013186e-01,  6.29921775e+00,
        3.65221369e+00,  4.16295688e-01,  2.69612505e+00,  1.00694980e+01,
        4.88122545e+00,  2.47114541e+00,  7.01128415e+00, -3.79183498e+00,
        6.04742813e+00, -3.95754255e-01, -2.40465026e+00,  2.97937737e+00,
        1.68279211e+00,  4.04756436e+00,  1.57648870e+00,  7.55771098e+00,
        4.65629937e+00,  7.18292870e+00,  4.87252267e-02,  6.29423714e+00,
        7.91572892e+00,  3.48367357e+00,  3.59927594e+00,  3.68735775e+00,
        2.63443826e+00,  1.08652717e+01,  1.17484684e+01,  3.55036762e+00,
        1.45434683e+00, -1.19629745e-01,  4.26375827e+00,  1.25463115e+01,
       -1.41735360e+00,  7.27775041e+00,  5.08702701e+00,  5.40713708e+00,
        7.28859214e+00,  3.85427526e-01,  5.78729598e+00,  1.23055135e+01,
        4.40998765e+00,  3.38389363e+00,  4.27337493e+00,  6.64241624e+00,
        7.87728321e-01,  2.15963831e+00,  9.19902711e+00,  4.47576191e-02,
        1.38709985e+01,  4.18208941e+00, -1.34605214e-01,  6.62540788e+00,
        2.55383795e+00,  2.06556233e+00,  2.29169714e+00,  3.47512724e+00,
        6.34200426e+00,  5.53885983e+00,  4.84052532e+00,  7.61656507e+00,
        3.69194811e+00,  9.04160598e+00, -1.21773956e+00,  7.63934081e+00,
        6.74174863e+00,  6.15547937e+00,  6.21834657e+00,  2.98374263e+00,
       -1.89892483e+00,  6.06543233e+00,  6.51023570e+00, -1.50321486e+00,
        5.28218452e+00,  3.25731292e+00,  6.02164451e+00,  2.00441963e+00,
        3.13598660e+00,  3.84774390e+00,  7.56489359e+00,  6.01869258e+00,
        5.47031655e+00, -9.75264080e-01, -2.10392615e+00,  7.65745705e+00,
        4.66406581e+00,  8.37397808e+00,  6.05713401e+00,  1.24491121e+00,
        6.43780896e+00,  6.07012878e+00,  6.48745866e+00, -3.09450215e+00,
        7.62869950e+00,  5.47916392e+00,  3.67884790e+00, -1.05318474e+00,
        1.23868617e+00,  3.98786746e+00,  1.31203134e+01,  8.90487722e+00,
        1.45268514e+00,  7.81367539e-01,  3.90602263e+00,  1.80184610e+00,
       -1.26242998e+00,  7.27170665e-02,  7.99952343e+00,  6.70130822e+00,
        1.24008156e+01,  3.03861842e+00,  8.35465178e+00,  3.42656200e+00,
        5.66440539e+00,  5.58729063e+00,  3.33868746e+00,  4.28209905e+00,
       -5.03457298e+00,  7.40245162e+00,  2.09199349e-01,  4.05001123e+00,
        3.45529199e+00,  6.91484998e+00,  1.02267734e-01,  6.10572222e+00,
        1.79997225e+00,  8.37846063e-01,  3.56914891e+00,  3.06621974e-01,
        8.11508558e+00,  7.17248957e+00,  3.69047747e+00, -1.06753935e+00,
        2.56600401e+00,  3.74677319e+00,  3.61137319e+00,  1.53079825e+00,
        5.39339719e-01,  3.98039963e+00,  3.17151115e+00, -1.25912609e+00,
        6.46264116e+00,  8.44525461e+00,  7.11863167e+00,  1.03129439e+01,
        8.57498362e+00,  3.12591560e+00,  3.32699182e+00,  3.87709052e+00,
        9.64647580e-01, -8.12660076e-01,  9.87888246e+00,  3.42489986e+00,
        7.64644113e+00,  3.94895735e+00,  5.15015620e+00,  5.51783986e+00,
       -1.61334894e+00,  6.64075271e+00,  3.36472500e+00,  7.39488060e+00,
        1.23652137e+01,  2.35368610e+00,  1.26152965e+01,  1.68349458e+00,
        1.03277163e+00,  5.56711735e+00,  6.12378360e+00,  5.58650678e+00,
       -1.27615476e-01,  5.76174546e+00,  8.98345180e+00,  8.53241454e+00,
        4.16862961e+00,  9.34004730e+00,  8.01339753e+00,  8.68001093e+00,
        1.62213276e+00,  6.33759902e+00,  8.28746140e+00,  1.71274838e+00,
        1.75657550e+00, -9.09042156e-01,  3.53322856e+00,  1.50099729e+00,
        4.10537229e+00,  3.07006925e+00,  5.37050291e+00,  3.53897981e+00,
        7.65010733e+00,  3.40343247e+00,  2.35501544e+00,  3.06717638e+00,
        4.32355937e+00,  4.02354542e+00,  6.42393390e+00,  8.43253900e+00,
       -1.41496786e+00,  8.26274099e+00,  6.47586275e+00,  8.23982267e+00,
       -4.77806844e+00,  1.54301440e+00, -1.71076736e-01,  1.20553703e+01,
        4.40348991e+00,  2.67782661e+00,  1.11068384e+01,  2.87004874e+00,
        9.40750047e+00, -4.55879699e-01,  3.58644589e+00,  1.94353247e+00,
        3.17047945e-02,  7.50009244e+00,  5.20143949e+00,  7.86445097e+00,
        1.10705335e+01,  6.88143207e+00,  3.21615480e+00,  4.87859146e+00,
        1.17458697e+01,  5.40274368e+00,  5.84624988e+00,  9.33020226e+00,
        3.83603430e+00,  7.84836662e+00,  6.12102728e+00,  2.35279315e+00,
        7.04507578e+00,  6.39017308e+00,  6.60189730e+00,  1.12875323e+01,
        4.54807869e-01,  6.65942649e+00,  7.64333477e+00, -8.50691344e-01,
        3.45432558e+00,  2.43752938e+00,  6.89780438e+00,  9.09074183e+00,
        1.37005233e+00, -7.10003030e-01,  3.82916590e+00,  4.32806988e+00]), array([ 2.36044235e+00,  8.84033878e+00,  9.32357866e+00,  9.65625643e-01,
        2.17391547e+00,  2.78376928e+00,  1.73402718e+00,  1.01070270e+01,
        4.57776276e+00,  6.94110614e+00, -1.42086016e+00,  7.51124471e+00,
        6.38699985e+00,  3.85326760e-01,  4.12054716e+00, -1.20671230e+00,
        6.09600073e+00,  9.85584013e+00,  7.61980117e+00,  6.08282927e+00,
        4.75086261e+00,  1.19665776e+00,  1.09009260e+00,  9.96971679e-01,
        6.87719374e+00,  5.21617224e+00, -1.54607145e-01,  4.07141073e+00,
        5.90839691e+00,  2.39392803e+00,  5.62124926e+00,  6.17769239e+00,
        5.62054241e+00,  2.25770449e+00,  2.53031037e+00,  2.70168618e+00,
        6.41035813e+00,  4.45560560e+00,  5.01631915e+00,  2.06554303e+00,
       -8.03568704e-01,  2.67756591e+00,  6.33338232e+00,  6.26408759e+00,
       -1.01020498e+00,  9.21815638e+00,  3.01729022e+00,  1.73048938e+01,
        3.18556874e+00,  1.00942143e+01,  7.55480969e+00,  3.42878904e+00,
        5.77561837e-01,  1.02007638e+01,  8.27010381e+00,  5.96386976e+00,
        4.63135355e+00,  3.54602075e+00,  1.29701976e-01,  1.29189610e+01,
        4.91243398e+00,  7.26923528e+00,  1.13901354e+01,  5.79295059e+00,
        5.54808915e+00,  9.50176682e+00, -3.40287257e+00,  6.34333315e+00,
        3.82231926e+00,  1.59546369e+01,  4.16701018e+00,  5.34957732e+00,
        4.30707742e+00,  7.91298179e-02,  7.93753093e+00,  2.84921766e+00,
        7.49182644e+00,  7.28955695e+00,  6.89379092e+00,  5.98375137e+00,
        6.33974925e+00,  4.62258325e+00,  8.61275007e-01,  5.90066391e+00,
        1.06359367e+01,  3.23809628e+00,  9.27935695e+00, -3.40209111e+00,
        4.19191607e+00,  5.95916038e+00,  1.65200318e+00,  6.84167505e+00,
        3.12345902e+00,  8.28569375e+00,  5.39444140e+00,  5.48384622e+00,
        6.92137202e+00, -3.67938501e+00,  8.99712625e+00, -1.61934928e+00,
        8.15861962e+00,  8.15888865e+00,  3.06972812e+00,  1.18635549e+01,
        7.28349424e+00,  6.55590915e+00,  5.16203925e+00,  2.63380711e+00,
        2.59896452e+00,  1.46532374e+00,  3.69677059e+00,  1.11383420e+01,
        8.21097934e+00,  5.44763986e+00,  6.09031971e+00,  6.04596200e+00,
        2.26104978e+00,  6.78698354e+00,  1.12139249e+01,  6.55338636e+00,
        2.92177352e+00,  1.38572171e+00,  3.00804789e+00, -1.71106107e-01,
        8.91858585e+00,  1.10441121e+01,  2.08909319e+00,  5.49689012e+00,
        4.82653451e+00,  7.88908714e+00,  6.17455198e+00,  2.26948425e+00,
        9.94078718e+00, -1.65775361e+00,  8.28729811e+00,  8.90138079e+00,
        7.75295367e+00,  4.80691003e+00,  2.02795254e+00,  7.60988463e+00,
        1.25723686e+00,  8.23647532e+00, -1.04682526e-01,  4.85998385e+00,
        9.56438846e+00,  6.75943467e+00,  9.53103122e+00,  3.66098517e+00,
        9.07238676e+00,  7.01962113e+00,  6.25970447e+00,  3.19289184e+00,
        9.57277504e+00,  3.83483450e+00,  6.27159313e+00,  6.44635770e+00,
        1.58932387e+00,  4.29608676e+00,  3.29838489e+00,  4.82691745e+00,
        4.97781706e+00,  6.39640155e+00,  2.57041481e+00,  5.94523581e+00,
        6.05342646e+00,  4.71715763e+00,  4.60747024e+00,  5.91663642e+00,
        5.81501084e+00,  6.44920393e+00,  9.95478561e-01,  1.05819572e+01,
        4.26666647e+00,  6.69664938e+00,  9.08748949e+00,  2.73163865e+00,
        8.62082717e+00,  8.44724480e-01,  9.76981259e+00,  6.02596158e+00,
        5.13929523e+00,  1.56735847e+00,  6.14288235e-02,  5.57141320e+00,
        7.69592577e+00,  7.17127474e+00,  7.22127743e+00,  4.65817136e+00,
        6.73141614e+00,  5.14849444e+00,  4.65788471e-01,  5.12187029e+00,
        4.32577233e+00,  2.37339173e+00,  5.58879442e+00,  7.48967561e+00,
        5.60184783e+00,  4.66327391e+00,  7.32222377e+00,  3.78806612e+00,
        6.56747879e+00,  4.41699184e+00,  2.02488388e+00,  2.80209812e+00,
        4.41958505e+00,  8.25960157e+00,  6.28693264e+00,  8.58054274e+00,
        3.49710164e+00,  9.29728206e+00,  5.50496738e+00,  1.31453939e+00,
        1.37115280e+00,  7.83897671e+00,  7.03712904e+00,  9.79038139e+00,
        9.57046433e+00,  9.65046391e+00,  1.16017253e+00,  2.18349551e+00,
        7.57649186e+00,  8.44610237e+00,  1.07083501e+01,  4.79433126e+00,
        7.53640319e+00,  3.53878451e+00,  5.64347050e+00,  3.55767488e+00,
        8.96454297e+00,  8.31023928e+00,  6.74709305e+00,  5.07834824e-01,
        9.42416241e+00, -2.48974774e+00,  3.00248670e+00,  3.02925210e+00,
        3.69911552e+00,  1.95216509e+00,  1.05094630e+01,  1.06815181e+01,
        6.27362854e+00,  9.18369235e+00,  1.24894966e+01,  8.65777750e+00,
        3.48451415e+00,  3.55412868e+00,  7.70988520e+00,  2.31819059e+00,
        3.07747509e+00, -1.56978710e+00,  3.43898443e+00,  1.29940089e+01,
       -4.45452095e-01,  5.40162857e+00,  2.01116019e+00,  6.38527337e+00,
        3.41130023e+00, -2.05634055e+00,  6.52235400e-01,  3.83831254e+00,
        2.96107032e+00,  4.63781889e+00,  4.92555943e+00,  1.31284830e+01,
        7.66422561e+00,  7.25138869e+00,  2.44716100e+00,  4.08009801e+00,
        2.18104414e+00,  1.50075971e+01, -9.93348865e-02,  5.62856971e+00,
        2.94247589e+00,  6.01151761e+00,  3.63580008e+00,  1.09135947e+01,
        8.83880963e+00,  7.66089153e+00,  1.95166692e+00,  7.35465892e+00,
        1.11041223e+01, -4.55307191e+00, -1.69912452e+00,  5.82462138e+00,
        8.07588345e-01,  2.07176977e+00,  1.08642815e+01,  4.49472777e+00,
        1.10777424e+01,  1.06231067e+01, -2.00002895e-01,  1.10875073e+01,
        5.37865804e+00,  4.27355559e+00,  1.69666948e+00,  5.66666600e+00,
        9.53855134e+00,  6.49583868e+00,  3.87839300e+00,  6.42434062e+00,
        7.76278454e+00, -4.54404694e-01, -6.08326454e+00,  2.48750614e+00,
        5.46759501e+00,  1.01057097e+01,  7.61232005e+00, -1.61999448e-01,
        7.67052780e+00,  1.31200500e+01,  3.17262435e+00,  1.08221235e+00,
        2.58575787e+00, -3.13114715e+00,  3.53677516e+00,  1.08222155e+00,
        8.30744169e-01,  4.89383777e+00, -4.99489358e-01,  6.24102026e+00,
        7.93050859e+00,  2.80010090e+00,  2.45964959e+00,  8.77466435e+00,
        5.36347458e+00,  1.41014542e+01,  6.28503721e+00,  3.35040501e+00,
        1.03094948e+00,  5.44462164e+00,  9.83179535e+00,  7.25096354e+00,
       -6.58505168e-01,  3.78377273e+00,  7.98087059e+00,  7.63588602e+00,
        5.60544699e+00,  5.36646767e+00,  5.57165785e+00,  4.16627501e+00,
        7.13779917e+00,  1.82746164e+00,  3.56638788e+00,  6.31440380e+00,
        3.54250922e+00,  2.26479280e+00,  1.07059282e+00,  3.50184505e+00,
        9.37955008e+00,  1.04224072e+01,  9.08758472e-01,  3.39504356e+00,
        2.65996586e+00,  1.28404904e+01,  6.39547783e+00,  6.78782112e+00,
        9.61631852e+00,  8.66858706e+00,  4.36038092e+00,  3.36819154e+00,
        6.83001646e+00,  3.80497875e-01,  4.95407413e+00,  5.43781306e+00,
        8.24498480e+00,  8.63267988e+00,  6.98041558e+00,  4.64845887e+00,
        4.25949186e+00,  4.43809985e-01,  9.93468634e+00,  7.41485748e+00,
        4.41453221e+00,  4.91833541e+00,  1.27516115e+01,  2.77915448e+00,
        1.16380858e+00,  1.03311453e+00,  6.06646976e+00,  4.27124465e+00,
        1.23753921e+01,  9.82563035e-01, -2.09629016e-01,  7.12152062e+00,
        7.38112848e-01, -1.42164095e+00,  2.04927598e+00,  6.59945381e+00,
        4.09971653e+00,  7.94859057e+00,  7.27261796e+00,  5.56593249e+00,
        4.20760368e+00,  9.79459942e+00,  7.94772500e+00,  1.07353786e+00,
        7.20825912e+00,  8.65346536e+00,  1.03234499e+01, -4.83930123e+00,
        3.45557034e+00,  4.56061879e+00,  9.35675237e+00,  9.69150458e+00,
        5.02036955e+00,  7.22947989e+00,  2.10961362e+00,  7.86629123e+00,
        2.57874383e+00,  9.30344625e+00,  5.91457084e+00,  4.30565577e+00,
       -1.25379819e-02, -3.26714686e+00,  5.75293512e+00,  7.49897052e+00,
        5.04567496e+00,  5.95537037e+00,  4.42609841e+00,  9.58990380e+00,
        5.16756388e+00,  8.30438664e+00,  6.32745731e+00,  7.18049273e+00,
       -4.35794023e+00,  6.11054721e+00,  2.16174389e+00,  5.22690108e+00,
        9.70753942e+00,  1.09695363e-01,  1.14604987e+01,  5.39444921e+00,
        1.52503127e-01,  2.55394096e+00,  3.89196723e+00,  8.51703418e+00,
       -1.57068802e-01,  1.08585314e+01,  2.68193077e+00,  1.73052552e+00,
        6.21514222e+00,  4.91053092e+00,  1.80092997e+00, -2.11879135e+00,
       -2.48040933e+00,  4.34671414e+00,  8.65235087e+00,  4.63471741e+00,
        3.47131852e+00,  8.54212090e+00,  8.09574227e+00,  8.29851440e+00,
       -7.32790957e+00,  8.09032829e+00,  4.74136497e+00,  8.17616793e+00,
        3.97337420e+00,  4.03454616e+00,  2.73371359e+00, -3.74581774e+00,
        8.80279311e+00,  6.37995661e+00, -8.00288430e-01, -1.29630225e+00,
        6.75285954e+00,  4.42499044e+00,  4.23673320e+00,  2.30638583e+00,
        3.28713325e+00,  1.18124518e+01,  6.31328106e+00,  5.91944459e+00,
        6.50122031e+00,  1.04545253e+01,  6.56741248e+00,  2.49045199e+00,
        7.46805865e+00,  2.84610671e+00,  7.66637680e+00,  8.96607163e+00,
        1.16514507e+01,  1.16976006e+00,  3.93144041e+00,  1.66270268e+00,
        3.88479464e+00,  6.91220340e+00,  9.71058630e+00,  4.72342491e+00,
        8.14613378e+00,  1.52728416e+00,  8.77322981e+00,  7.59590978e+00,
        1.64966972e-01,  1.06202445e+01,  2.18145476e+00,  3.18662346e+00,
        5.32481637e+00, -2.93780354e-01,  4.94969365e+00,  3.31666213e+00,
        5.41263082e+00,  9.63835725e+00,  5.84154099e+00, -2.05363496e+00,
        6.31734666e+00,  7.13106432e+00,  1.26207228e+00,  6.20513039e+00,
        8.37648993e+00,  8.65152339e+00,  2.42121815e+00,  5.80717443e-02,
        7.53412544e+00,  7.21897636e+00,  6.64480075e+00,  9.33986655e-01,
        5.29033380e+00,  4.10540987e+00,  8.87468582e+00,  3.34403632e+00,
        1.11946008e+01,  1.03709493e+01,  6.24355394e+00,  2.22988909e+00,
        4.27322371e+00,  6.58510149e+00,  1.26380749e+00,  2.75425720e+00,
        7.25206716e+00,  7.87366994e+00,  3.76520075e+00,  1.94390548e+00,
        8.46477838e+00,  3.53683140e+00,  1.37316821e+01,  8.47666452e+00,
        4.00174980e+00,  3.22557484e+00,  4.74617568e+00,  1.26802906e+00,
        3.97328038e+00,  4.41675229e+00,  1.18607567e+00,  2.68443485e+00,
       -3.84662961e+00,  1.13928866e+01,  2.90074588e+00,  3.80583825e+00,
        4.35763345e+00,  1.47994139e+00,  2.39238953e+00,  1.28006474e+01,
        8.11079913e+00,  2.00816622e+00,  6.11356440e-01,  6.46397274e+00,
        4.19474116e+00,  1.32268580e+00,  3.76180697e+00,  1.04295649e+01,
        5.64303990e+00,  3.12653512e+00,  7.95736107e+00, -3.08953379e+00,
        7.48467151e+00,  4.87241496e-01, -1.60916942e+00,  3.45298681e+00,
        2.55663913e+00,  4.66272815e+00,  2.40854929e+00,  8.07703276e+00,
        5.11091538e+00,  7.49944101e+00,  1.36967502e+00,  7.09786009e+00,
        8.36124103e+00,  4.47399665e+00,  4.30388718e+00,  4.84559082e+00,
        3.25151969e+00,  1.20624511e+01,  1.25010756e+01,  3.87681575e+00,
        2.50573574e+00,  6.86789027e-01,  4.35573259e+00,  1.40381440e+01,
       -1.14509830e+00,  7.83844839e+00,  5.76018671e+00,  6.19961766e+00,
        8.41319780e+00,  9.68568562e-01,  6.02327136e+00,  1.33471236e+01,
        5.09808852e+00,  4.80143604e+00,  5.39700083e+00,  7.43455302e+00,
        1.30117319e+00,  3.76487348e+00,  9.81589992e+00,  1.06436205e+00,
        1.39896975e+01,  5.40173738e+00,  6.28787861e-01,  7.35588843e+00,
        3.40975049e+00,  2.94440517e+00,  3.58340918e+00,  4.50163831e+00,
        6.97644303e+00,  6.95614302e+00,  5.63373307e+00,  8.30682084e+00,
        4.75005402e+00,  1.02455263e+01, -1.41622922e+00,  8.48737867e+00,
        6.97465210e+00,  7.86536541e+00,  6.84408185e+00,  3.86989158e+00,
       -1.00300056e+00,  6.46878746e+00,  6.44027669e+00, -5.29593458e-01,
        5.97009935e+00,  3.62108070e+00,  6.35255583e+00,  2.35330028e+00,
        3.57217404e+00,  4.21403486e+00,  8.96477748e+00,  7.28863537e+00,
        5.94126471e+00, -7.34352468e-02, -2.30163279e+00,  8.23318646e+00,
        5.04490545e+00,  9.27514217e+00,  6.50388863e+00,  1.99045453e+00,
        6.99337022e+00,  6.78568337e+00,  7.21277557e+00, -2.39553339e+00,
        8.45470017e+00,  6.03786211e+00,  4.65929048e+00, -7.69185826e-01,
        2.12228630e+00,  4.18003589e+00,  1.41450742e+01,  9.49345633e+00,
        2.87777723e+00,  1.50288230e+00,  4.33535825e+00,  2.35311981e+00,
       -9.19691502e-01,  3.34652738e-01,  9.16288906e+00,  7.21622053e+00,
        1.35527302e+01,  4.15201440e+00,  9.31109916e+00,  4.19206800e+00,
        6.13449051e+00,  5.91043798e+00,  3.68348347e+00,  4.99495861e+00,
       -4.24430796e+00,  8.73136591e+00,  9.80863672e-02,  4.96640212e+00,
        3.68852508e+00,  7.55769487e+00,  6.46227116e-01,  6.83578311e+00,
        1.82984794e+00,  9.15964001e-01,  4.70833837e+00,  1.55978959e+00,
        8.60442080e+00,  7.81711825e+00,  4.62199145e+00, -6.21995324e-01,
        2.77683706e+00,  4.69487300e+00,  4.82362162e+00,  2.56700705e+00,
        1.76956270e+00,  4.74367136e+00,  3.49504519e+00, -8.31104821e-02,
        7.28615498e+00,  8.98221684e+00,  7.89519637e+00,  1.14889281e+01,
        9.16371235e+00,  3.51261079e+00,  3.77306837e+00,  4.21967658e+00,
        6.43903237e-01,  1.58178611e-01,  1.02234897e+01,  4.72199054e+00,
        8.18010079e+00,  4.00098490e+00,  5.89546566e+00,  5.81245853e+00,
       -7.11265552e-01,  7.56784726e+00,  4.83673735e+00,  8.52712557e+00,
        1.31594047e+01,  3.03109387e+00,  1.33850449e+01,  2.57480369e+00,
        1.93973778e+00,  6.38186955e+00,  7.42572387e+00,  5.79368949e+00,
        7.22192518e-01,  6.98294668e+00,  9.46757780e+00,  9.58696675e+00,
        4.67313328e+00,  1.00707849e+01,  8.50941849e+00,  9.48248493e+00,
        2.49572977e+00,  6.69536203e+00,  9.15319570e+00,  2.54325367e+00,
        2.57341774e+00,  1.91998377e-01,  4.03112298e+00,  3.01603978e+00,
        4.86648469e+00,  3.94690318e+00,  5.98703607e+00,  4.37531231e+00,
        8.30207766e+00,  4.47757196e+00,  3.27151412e+00,  4.28672857e+00,
        4.63008991e+00,  4.58043515e+00,  7.53652172e+00,  8.98662156e+00,
       -3.96973171e-01,  9.61619919e+00,  7.27032431e+00,  8.16621206e+00,
       -3.62165594e+00,  2.27389009e+00,  6.99226432e-01,  1.30362101e+01,
        5.22911312e+00,  3.22193933e+00,  1.21346684e+01,  3.72758646e+00,
        9.95224231e+00,  1.15611229e+00,  3.41123069e+00,  2.57424391e+00,
        4.87068638e-01,  7.74194397e+00,  5.79636223e+00,  8.48122134e+00,
        1.16534625e+01,  7.68999511e+00,  4.11907255e+00,  5.59241762e+00,
        1.25587939e+01,  5.92831726e+00,  6.86853660e+00,  9.79101589e+00,
        4.48823319e+00,  9.07561664e+00,  7.34715604e+00,  3.42655522e+00,
        8.19599765e+00,  7.30225123e+00,  6.70224657e+00,  1.19233122e+01,
        1.28602543e+00,  7.23742565e+00,  8.44741945e+00,  4.49123486e-02,
        4.18331451e+00,  3.19014041e+00,  7.22650224e+00,  9.94750726e+00,
        1.89833538e+00,  1.04992291e-01,  4.33624675e+00,  5.32837804e+00]), array([ 3.18202116e+00,  9.81286603e+00,  9.63610393e+00,  9.23388600e-01,
        3.45166580e+00,  3.69690648e+00,  2.97866792e+00,  1.08451398e+01,
        4.77791218e+00,  7.98220778e+00, -6.38957150e-01,  8.73421074e+00,
        7.07948340e+00,  3.26343275e-01,  4.77208140e+00, -5.82581816e-01,
        6.87644533e+00,  1.07876602e+01,  8.52828739e+00,  7.19329276e+00,
        5.62422881e+00,  1.58854801e+00,  2.11836335e+00,  2.17541125e+00,
        7.10401215e+00,  5.85417613e+00,  6.36472982e-02,  4.60145682e+00,
        6.81327097e+00,  2.48607948e+00,  6.49369752e+00,  6.40186341e+00,
        6.18724823e+00,  3.46854049e+00,  2.93310136e+00,  3.80964651e+00,
        7.30549245e+00,  4.92356997e+00,  5.48171676e+00,  2.70848906e+00,
       -1.75493704e-02,  3.49787328e+00,  6.69934897e+00,  6.85024234e+00,
        9.37113938e-02,  9.74363871e+00,  3.36236265e+00,  1.76224512e+01,
        3.91950948e+00,  1.06639283e+01,  8.28695158e+00,  4.38815745e+00,
        1.46872602e+00,  1.07414274e+01,  9.03620524e+00,  5.78504303e+00,
        5.22611192e+00,  4.35212722e+00,  1.08385974e+00,  1.39843001e+01,
        5.45404354e+00,  7.61322670e+00,  1.30614810e+01,  6.46629624e+00,
        6.10736113e+00,  9.87346674e+00, -2.30151166e+00,  7.23213313e+00,
        4.04540871e+00,  1.63764042e+01,  5.18535216e+00,  6.04266734e+00,
        5.34716182e+00,  1.44349697e+00,  8.60941617e+00,  3.36590046e+00,
        7.95910251e+00,  8.04927507e+00,  7.67723294e+00,  6.91205768e+00,
        6.88246604e+00,  4.79119024e+00,  1.96345347e+00,  7.01830788e+00,
        1.12694501e+01,  4.68599833e+00,  1.02561599e+01, -2.74441709e+00,
        4.90010995e+00,  6.80853317e+00,  1.89509603e+00,  7.94606956e+00,
        4.32556902e+00,  8.67079103e+00,  6.48861312e+00,  5.75145338e+00,
        7.43679681e+00, -3.09699380e+00,  9.74844720e+00, -1.15360883e+00,
        9.14727984e+00,  8.52339360e+00,  3.99694976e+00,  1.25280903e+01,
        8.35333559e+00,  7.03305215e+00,  5.87135080e+00,  3.02219660e+00,
        3.77638642e+00,  2.20925439e+00,  3.53650533e+00,  1.22383227e+01,
        9.49020555e+00,  6.47368559e+00,  6.38362571e+00,  6.40158920e+00,
        2.87934143e+00,  7.41842513e+00,  1.15308991e+01,  7.15270817e+00,
        3.51649744e+00,  2.17262572e+00,  3.42168885e+00, -2.94123134e-01,
        9.81454836e+00,  1.18529334e+01,  3.04600760e+00,  5.66303916e+00,
        5.52489549e+00,  8.03836653e+00,  7.51203359e+00,  3.52426716e+00,
        1.07367469e+01, -8.70368564e-01,  9.04114993e+00,  9.32436106e+00,
        8.33870085e+00,  5.79437119e+00,  2.90225915e+00,  8.52673959e+00,
        2.03420346e+00,  8.66175673e+00,  1.03052751e+00,  6.28109105e+00,
        1.03972999e+01,  7.55517890e+00,  1.04476779e+01,  4.73336125e+00,
        9.92716658e+00,  6.98133612e+00,  6.68301085e+00,  3.61396745e+00,
        1.03754499e+01,  4.19760807e+00,  6.43430350e+00,  7.46370645e+00,
        2.49142069e+00,  4.89678838e+00,  4.42091319e+00,  5.25801809e+00,
        5.85075071e+00,  7.05618405e+00,  3.09392202e+00,  6.55951032e+00,
        6.20876820e+00,  4.68031922e+00,  5.22435664e+00,  6.51744591e+00,
        6.23909260e+00,  7.61416173e+00,  1.89572957e+00,  1.17215165e+01,
        4.65950497e+00,  7.42017594e+00,  1.00333817e+01,  3.56781327e+00,
        8.94505782e+00,  2.02881858e+00,  1.02222459e+01,  6.86691761e+00,
        6.16197673e+00,  2.17741028e+00,  8.47538479e-01,  6.48407599e+00,
        8.69133201e+00,  8.13716899e+00,  8.58203780e+00,  5.05134630e+00,
        7.47666665e+00,  6.32157826e+00,  1.26366471e+00,  5.75080690e+00,
        5.24608326e+00,  2.80551056e+00,  6.28618340e+00,  8.44935351e+00,
        6.43675537e+00,  5.21653856e+00,  8.25034575e+00,  4.18212035e+00,
        7.71736694e+00,  5.46409851e+00,  2.63751639e+00,  3.44071620e+00,
        5.30835312e+00,  8.94257607e+00,  7.21962830e+00,  9.19399004e+00,
        4.17395368e+00,  9.91173581e+00,  6.58918643e+00,  1.99389200e+00,
        2.08455710e+00,  8.50120435e+00,  7.67659785e+00,  1.09073821e+01,
        1.10146654e+01,  1.09148040e+01,  2.18887973e+00,  2.66495870e+00,
        8.26940357e+00,  9.39620670e+00,  1.19214143e+01,  5.98681606e+00,
        8.01837615e+00,  4.15051030e+00,  6.87515381e+00,  4.30054096e+00,
        9.33227836e+00,  8.88749758e+00,  7.47999961e+00,  1.38739605e+00,
        1.02599954e+01, -2.46884385e+00,  4.06974503e+00,  4.14214757e+00,
        4.48007144e+00,  2.92637988e+00,  1.14231987e+01,  1.12343738e+01,
        6.99120483e+00,  9.99900673e+00,  1.30542444e+01,  1.00588015e+01,
        4.42076608e+00,  4.15233975e+00,  8.56558290e+00,  2.79595308e+00,
        3.72835496e+00,  1.64648082e-02,  4.42943515e+00,  1.37794824e+01,
        3.54129071e-02,  6.01904119e+00,  2.90030408e+00,  6.64318612e+00,
        5.04661774e+00, -1.72904180e+00,  1.56173872e+00,  4.68148915e+00,
        3.47847360e+00,  5.73166212e+00,  5.87594716e+00,  1.44478974e+01,
        8.08054253e+00,  7.36926455e+00,  2.89121564e+00,  4.57368322e+00,
        2.74636203e+00,  1.62004044e+01,  1.01757922e+00,  6.27001223e+00,
        3.75071919e+00,  6.89930096e+00,  4.09987640e+00,  1.21669938e+01,
        1.03467264e+01,  8.73988731e+00,  2.81538326e+00,  8.05742586e+00,
        1.16220178e+01, -3.64793532e+00, -8.71154296e-01,  6.61004382e+00,
        1.57914667e+00,  2.66457166e+00,  1.14980803e+01,  5.56766535e+00,
        1.22968052e+01,  1.17582759e+01,  6.09774414e-01,  1.19476055e+01,
        6.09472887e+00,  5.05261302e+00,  2.65570428e+00,  6.54610305e+00,
        1.04264925e+01,  6.99141642e+00,  4.05838319e+00,  7.54169682e+00,
        8.70815581e+00, -5.70209471e-01, -5.86340239e+00,  4.12446941e+00,
        6.74259572e+00,  1.02766397e+01,  8.42284656e+00, -3.19766558e-02,
        8.59274917e+00,  1.39676808e+01,  3.58107199e+00,  1.19125740e+00,
        3.18403629e+00, -2.29279685e+00,  4.27519561e+00,  1.54324078e+00,
        9.40133342e-01,  5.57307560e+00, -1.42438472e-02,  6.81426173e+00,
        8.45030799e+00,  3.64672407e+00,  3.43494536e+00,  9.55689383e+00,
        6.00065070e+00,  1.52646678e+01,  7.04430538e+00,  4.19442936e+00,
        1.61706263e+00,  5.74189177e+00,  1.03965176e+01,  7.77491864e+00,
       -7.21241647e-02,  4.15643798e+00,  8.77241013e+00,  8.20117909e+00,
        5.85467170e+00,  6.24817435e+00,  6.19551156e+00,  4.21129070e+00,
        7.56681245e+00,  2.65723295e+00,  4.24612947e+00,  7.05601878e+00,
        4.23310556e+00,  2.73535519e+00,  1.76244286e+00,  4.16747824e+00,
        1.08001551e+01,  1.12543320e+01,  1.21265811e+00,  4.44848576e+00,
        3.31190836e+00,  1.42242449e+01,  6.88590423e+00,  7.01065506e+00,
        1.10939057e+01,  9.79977378e+00,  5.85035932e+00,  4.59698749e+00,
        7.15186657e+00,  6.06120579e-01,  6.31906641e+00,  5.92013545e+00,
        8.62779352e+00,  9.45154124e+00,  7.37515260e+00,  5.43906149e+00,
        5.03414202e+00,  8.65925943e-01,  1.10565097e+01,  8.10933040e+00,
        4.73162372e+00,  5.89955281e+00,  1.34996277e+01,  3.43462806e+00,
        1.14065996e+00,  1.63560827e+00,  7.03242845e+00,  4.97647829e+00,
        1.33662586e+01,  1.73658098e+00,  4.47404627e-01,  8.45417747e+00,
        1.58644271e+00, -4.81646335e-01,  3.06240865e+00,  7.68487774e+00,
        5.26960932e+00,  8.92140096e+00,  8.11176977e+00,  6.23670420e+00,
        4.64309652e+00,  1.10480920e+01,  8.81142865e+00,  1.60399280e+00,
        7.76019309e+00,  9.80136350e+00,  1.16818612e+01, -4.64491890e+00,
        4.47357159e+00,  5.64404118e+00,  1.07066365e+01,  1.12400602e+01,
        5.21107866e+00,  8.10655497e+00,  3.22377600e+00,  8.94754116e+00,
        3.38943129e+00,  1.00764901e+01,  6.41717481e+00,  4.87697579e+00,
        5.54423156e-01, -2.72948344e+00,  6.95673121e+00,  8.47384419e+00,
        5.93759660e+00,  6.83550822e+00,  5.49572017e+00,  1.08029126e+01,
        5.90008730e+00,  8.97287710e+00,  7.51829058e+00,  7.70089997e+00,
       -3.76792810e+00,  7.19650896e+00,  2.68565343e+00,  6.39601790e+00,
        1.02185450e+01,  9.47934604e-01,  1.19896676e+01,  6.56350102e+00,
        1.26386772e+00,  3.45060480e+00,  4.55800535e+00,  8.47776694e+00,
        1.19737780e+00,  1.06104600e+01,  3.79408609e+00,  2.44287449e+00,
        7.07498075e+00,  5.15262655e+00,  2.94333412e+00, -1.49706361e+00,
       -1.47417814e+00,  5.03535425e+00,  1.02920857e+01,  5.42445752e+00,
        4.31523964e+00,  9.50426422e+00,  8.85655832e+00,  9.69074711e+00,
       -7.17724024e+00,  8.74259304e+00,  5.52791267e+00,  8.80113230e+00,
        4.59364443e+00,  5.01987284e+00,  3.31274709e+00, -3.63565100e+00,
        8.74314660e+00,  7.10167631e+00, -1.43802222e-02, -1.69636219e-01,
        7.52171935e+00,  5.58867770e+00,  5.26433897e+00,  3.18013006e+00,
        4.11462684e+00,  1.25747215e+01,  7.19712980e+00,  6.45987988e+00,
        7.17796439e+00,  1.18204370e+01,  6.84005132e+00,  2.64582847e+00,
        9.06429389e+00,  4.15260418e+00,  8.83995874e+00,  9.93618544e+00,
        1.20546370e+01,  1.81610800e+00,  4.28560409e+00,  2.22291227e+00,
        4.44153278e+00,  7.51609565e+00,  1.07844422e+01,  5.31124925e+00,
        9.14260622e+00,  2.41065730e+00,  8.79685699e+00,  8.61484179e+00,
        6.28115611e-01,  1.08013268e+01,  1.96453375e+00,  3.70679473e+00,
        6.25122674e+00,  9.47192170e-01,  6.21689248e+00,  4.42519864e+00,
        6.49379242e+00,  1.05728024e+01,  6.35332358e+00, -2.18676407e+00,
        7.11471107e+00,  7.57506279e+00,  1.68968511e+00,  6.90400780e+00,
        9.07429564e+00,  9.51616684e+00,  3.15936585e+00,  5.34581782e-01,
        8.61922644e+00,  7.89745185e+00,  6.93419284e+00,  1.69341044e+00,
        6.02298495e+00,  5.24590962e+00,  1.00659097e+01,  4.16279004e+00,
        1.19951856e+01,  1.07642390e+01,  7.23476229e+00,  2.65538788e+00,
        5.44606667e+00,  7.38541788e+00,  1.49556719e+00,  3.18099460e+00,
        7.76306429e+00,  8.86694459e+00,  4.87751798e+00,  3.04245529e+00,
        9.32719404e+00,  4.19527532e+00,  1.35568566e+01,  8.92911948e+00,
        4.29190962e+00,  3.16224473e+00,  5.43848074e+00,  1.36201838e+00,
        4.76689755e+00,  5.42728167e+00,  2.17912307e+00,  3.02299449e+00,
       -2.99351461e+00,  1.23198626e+01,  3.33640332e+00,  4.57367793e+00,
        5.20161530e+00,  1.39831948e+00,  2.70283086e+00,  1.29721188e+01,
        9.08311626e+00,  2.35312615e+00,  1.81919084e+00,  6.61898122e+00,
        4.74121963e+00,  2.25524612e+00,  4.81664514e+00,  1.08210214e+01,
        6.44005861e+00,  3.80927007e+00,  8.90320087e+00, -2.39535900e+00,
        8.91745738e+00,  1.42600768e+00, -8.04882224e-01,  3.93163606e+00,
        3.43107653e+00,  5.28839922e+00,  3.22349913e+00,  8.62376095e+00,
        5.57392704e+00,  7.82781930e+00,  2.68265615e+00,  7.91518397e+00,
        8.80231817e+00,  5.45656347e+00,  5.02955346e+00,  6.05244050e+00,
        3.88190401e+00,  1.32868116e+01,  1.33074111e+01,  4.24737290e+00,
        3.57742133e+00,  1.49417200e+00,  4.47535347e+00,  1.55402704e+01,
       -8.45574502e-01,  8.41882188e+00,  6.45950658e+00,  7.03177758e+00,
        9.55663833e+00,  1.53467553e+00,  6.29316253e+00,  1.44135079e+01,
        5.82649918e+00,  6.22743668e+00,  6.51647277e+00,  8.26245628e+00,
        1.83403478e+00,  5.41428259e+00,  1.04626520e+01,  2.08692761e+00,
        1.41954813e+01,  6.64783917e+00,  1.42519620e+00,  8.10369454e+00,
        4.26872650e+00,  3.84174198e+00,  4.90666791e+00,  5.52412762e+00,
        7.65129493e+00,  8.37048335e+00,  6.46030240e+00,  8.98402065e+00,
        5.83306303e+00,  1.14790448e+01, -1.57537004e+00,  9.33953311e+00,
        7.23890277e+00,  9.55730008e+00,  7.51068843e+00,  4.75283481e+00,
       -9.99229202e-02,  6.87208337e+00,  6.42723133e+00,  4.09304263e-01,
        6.67269054e+00,  3.99972713e+00,  6.72665428e+00,  2.75603806e+00,
        4.02993955e+00,  4.59260787e+00,  1.03812555e+01,  8.52477152e+00,
        6.45150880e+00,  8.42988340e-01, -2.48823666e+00,  8.83062778e+00,
        5.38883565e+00,  1.01777493e+01,  6.99066293e+00,  2.76692000e+00,
        7.53728139e+00,  7.51545810e+00,  7.94648193e+00, -1.73474269e+00,
        9.32521140e+00,  6.63003261e+00,  5.64316601e+00, -4.74673301e-01,
        2.99129215e+00,  4.40356359e+00,  1.52007499e+01,  1.01182668e+01,
        4.30377730e+00,  2.21848138e+00,  4.77373610e+00,  2.90954104e+00,
       -5.66291469e-01,  6.17264978e-01,  1.03541970e+01,  7.73048707e+00,
        1.47386931e+01,  5.28880264e+00,  1.02848925e+01,  4.95683748e+00,
        6.66038252e+00,  6.24601361e+00,  4.09163095e+00,  5.74445611e+00,
       -3.47559685e+00,  1.00849618e+01, -1.25306175e-02,  5.89230927e+00,
        3.95450717e+00,  8.22260453e+00,  1.17557389e+00,  7.58353955e+00,
        1.88070165e+00,  1.05113130e+00,  5.86299154e+00,  2.82828036e+00,
        9.10489581e+00,  8.48703127e+00,  5.59452907e+00, -1.49549983e-01,
        2.99311142e+00,  5.63127859e+00,  6.05261739e+00,  3.60864449e+00,
        2.99119972e+00,  5.48485588e+00,  3.82824850e+00,  1.06011049e+00,
        8.14390257e+00,  9.56881346e+00,  8.69008277e+00,  1.26709924e+01,
        9.81299509e+00,  3.92338332e+00,  4.24581410e+00,  4.55017794e+00,
        3.61431777e-01,  1.10261468e+00,  1.05948262e+01,  6.02557539e+00,
        8.73362216e+00,  4.09804267e+00,  6.65294177e+00,  6.13939813e+00,
        2.07593617e-01,  8.54406718e+00,  6.32341019e+00,  9.68189264e+00,
        1.40174317e+01,  3.68228760e+00,  1.41598868e+01,  3.46558635e+00,
        2.89917498e+00,  7.21286071e+00,  8.73088804e+00,  6.04593741e+00,
        1.59850780e+00,  8.19993176e+00,  9.99948176e+00,  1.06622189e+01,
        5.20407472e+00,  1.08014642e+01,  9.05794895e+00,  1.03283803e+01,
        3.37705268e+00,  7.08598554e+00,  1.00625347e+01,  3.40345304e+00,
        3.37673764e+00,  1.28207826e+00,  4.55170732e+00,  4.52683303e+00,
        5.62174144e+00,  4.82706182e+00,  6.65205805e+00,  5.27010330e+00,
        9.00452489e+00,  5.52860141e+00,  4.18755121e+00,  5.52656936e+00,
        4.97246181e+00,  5.21328671e+00,  8.66979145e+00,  9.57143857e+00,
        6.27015088e-01,  1.09701548e+01,  8.06471369e+00,  8.16819578e+00,
       -2.46130011e+00,  3.01379561e+00,  1.53935688e+00,  1.40410032e+01,
        6.05871909e+00,  3.78676291e+00,  1.31965526e+01,  4.59299286e+00,
        1.05576267e+01,  2.73814788e+00,  3.26706275e+00,  3.23472933e+00,
        9.63591628e-01,  7.99721997e+00,  6.41889032e+00,  9.11214668e+00,
        1.23006428e+01,  8.53291340e+00,  5.07361546e+00,  6.29939594e+00,
        1.33987729e+01,  6.47910851e+00,  7.90620220e+00,  1.02689625e+01,
        5.14623683e+00,  1.03354388e+01,  8.57054978e+00,  4.48986525e+00,
        9.34603170e+00,  8.24095016e+00,  6.87280582e+00,  1.25751675e+01,
        2.09759218e+00,  7.85502780e+00,  9.28494585e+00,  9.52172517e-01,
        4.96767956e+00,  3.91720823e+00,  7.59883704e+00,  1.08240449e+01,
        2.42761711e+00,  9.28344131e-01,  4.87594764e+00,  6.35725415e+00]), array([ 4.07842176, 10.87439696, 10.00454792,  0.93219519,  4.84831971,
        4.64410023,  4.31899983, 11.63122326,  5.03154484,  9.08962609,
        0.21581868, 10.06163471,  7.83677959,  0.32869016,  5.49631057,
        0.09952564,  7.72885511, 11.80664443,  9.49443347,  8.40289802,
        6.56004985,  2.04521805,  3.21510752,  3.42218165,  7.38213919,
        6.55191615,  0.32472595,  5.17678894,  7.79655655,  2.62676358,
        7.43240862,  6.67215726,  6.80175433,  4.73255091,  3.39671988,
        4.98621919,  8.26145124,  5.44997467,  5.99464571,  3.4344584 ,
        0.87383652,  4.38099948,  7.10343157,  7.50307519,  1.25441622,
       10.29562557,  3.79198937, 17.95572291,  4.73011322, 11.30084287,
        9.07308351,  5.4335182 ,  2.43492193, 11.31820213,  9.8858301 ,
        5.6540981 ,  5.89176989,  5.22702672,  2.1070215 , 15.12579293,
        6.05715377,  8.01157102, 14.81288493,  7.20916778,  6.7091019 ,
       10.28930079, -1.10577163,  8.17678677,  4.32959406, 16.83932053,
        6.27516582,  6.77527207,  6.46847058,  2.90377484,  9.33331813,
        3.90991607,  8.4927935 ,  8.88210301,  8.50558232,  7.90449251,
        7.47285057,  5.00956734,  3.15126343,  8.2019472 , 11.96464942,
        6.22338639, 11.29147455, -1.98807522,  5.65487698,  7.74027217,
        2.20535487,  9.12281733,  5.60535608,  9.09078196,  7.67322371,
        6.05759228,  7.99324845, -2.4398445 , 10.55766034, -0.63682099,
       10.20342954,  8.92640635,  4.98294938, 13.26019781,  9.48582081,
        7.59923363,  6.66446515,  3.46000384,  5.03174536,  3.01007901,
        3.4396507 , 13.40973506, 10.827176  ,  7.56669024,  6.74240446,
        6.8448262 ,  3.57798204,  8.10948962, 11.88243912,  7.79689826,
        4.19051726,  3.01426068,  3.88072516, -0.35148209, 10.79611107,
       12.69921031,  4.08384166,  5.84826393,  6.29338212,  8.22633655,
        8.92060564,  4.85527956, 11.61493247,  0.02308734,  9.84411226,
        9.81000267,  8.96734335,  6.86005591,  3.85525846,  9.50711184,
        2.88447481,  9.11924658,  2.23367009,  7.78547405, 11.27343471,
        8.40573641, 11.42056499,  5.87671001, 10.84078742,  6.98981511,
        7.19032072,  4.10868262, 11.23908902,  4.61652411,  6.64279053,
        8.54297506,  3.44583918,  5.57656254,  5.62068555,  5.72827774,
        6.79798761,  7.77207226,  3.67196641,  7.23213968,  6.41304689,
        4.68183363,  5.91091905,  7.16899565,  6.67917028,  8.85332589,
        2.87897658, 12.94155146,  5.09959091,  8.17963566, 11.05799269,
        4.46259639,  9.3562418 ,  3.28546754, 10.71103992,  7.77102377,
        7.26133746,  2.84866161,  1.69853846,  7.45055886,  9.73016716,
        9.19530608,  9.99813792,  5.48156161,  8.29957401,  7.55412481,
        2.13000119,  6.42857367,  6.24836138,  3.28852594,  7.02176538,
        9.47062219,  7.32898721,  5.81258878,  9.24386401,  4.6210102 ,
        8.93308151,  6.57226994,  3.32227957,  4.13266798,  6.25490444,
        9.67480763,  8.19088055,  9.85836245,  4.92652164, 10.59411214,
        7.73134584,  2.71298819,  2.86685373,  9.22002081,  8.38590407,
       12.07411484, 12.49673744, 12.22676322,  3.28636006,  3.21422468,
        9.05051785, 10.40496744, 13.19834346,  7.26423217,  8.55982159,
        4.83874471,  8.20507745,  5.11176045,  9.74378876,  9.54923042,
        8.28515782,  2.31541734, 11.14981667, -2.40280418,  5.22499186,
        5.34536443,  5.3172697 ,  3.97276528, 12.40273873, 11.8261058 ,
        7.79101713, 10.86679218, 13.63491294, 11.54327053,  5.41457058,
        4.82461953,  9.50469415,  3.34409197,  4.47023692,  1.69483056,
        5.47750246, 14.61358556,  0.56007375,  6.68678418,  3.88236129,
        6.94556114,  6.77573056, -1.33571333,  2.53278561,  5.5781503 ,
        4.07303286,  6.88462481,  6.91670136, 15.83844554,  8.55752999,
        7.54934076,  3.40490834,  5.11235177,  3.35691139, 17.4306989 ,
        2.21945696,  6.95213229,  4.62367333,  7.86214941,  4.63144496,
       13.48677718, 11.94186376,  9.90506114,  3.76590588,  8.82522698,
       12.19441267, -2.67663653,  0.03615369,  7.46959298,  2.4228171 ,
        3.34809807, 12.16679599,  6.71339409, 13.62492193, 12.96619532,
        1.48009612, 12.85123675,  6.88771855,  5.90119453,  3.68712781,
        7.48075957, 11.37509897,  7.55893822,  4.27754473,  8.72023504,
        9.70604831, -0.64400489, -5.56679237,  5.83000248,  8.09602703,
       10.50889558,  9.28604466,  0.16806312,  9.57201963, 14.8728253 ,
        4.05872095,  1.33644054,  3.83944048, -1.38053687,  5.05486853,
        2.06274386,  1.13563203,  6.33765158,  0.53027755,  7.45256734,
        9.02282056,  4.57092283,  4.49200784, 10.40105781,  6.6956708 ,
       16.45543485,  7.89643726,  5.10473984,  2.26347884,  6.10656319,
       11.02693329,  8.36610638,  0.60141792,  4.57665209,  9.61513378,
        8.82020808,  6.14660704,  7.19813954,  6.87268446,  4.31617334,
        8.06164796,  3.55128624,  4.94644227,  7.88122956,  4.99247933,
        3.26232956,  2.5163414 ,  4.88943214, 12.28909885, 12.13545921,
        1.55869887,  5.58666775,  4.02859623, 15.67531659,  7.40747749,
        7.30470426, 12.65197022, 10.97844038,  7.42336319,  5.92806546,
        7.53298687,  0.86194217,  7.76679387,  6.45816077,  9.06258134,
       10.30449402,  7.82441097,  6.29660505,  5.86776818,  1.3304476 ,
       12.23539375,  8.86024757,  5.09746119,  6.96210102, 14.29336074,
        4.15087726,  1.15706092,  2.28609126,  8.05820173,  5.75350555,
       14.38911927,  2.56501362,  1.18350204,  9.85628204,  2.49595961,
        0.53563003,  4.16733809,  8.86947662,  6.54719103,  9.95244253,
        8.98835467,  6.96241141,  5.14668993, 12.38974939,  9.74927615,
        2.19116454,  8.38645767, 11.01763455, 13.11595194, -4.40533364,
        5.55074442,  6.81098292, 12.15249787, 12.87933206,  5.46578562,
        9.03729709,  4.39553204, 10.10607221,  4.2820392 , 10.88374795,
        6.9732923 ,  5.52295623,  1.18874187, -2.12447361,  8.22981005,
        9.51495871,  6.91287406,  7.78485948,  6.63789377, 12.08668527,
        6.69352355,  9.71132675,  8.77679222,  8.27407995, -3.12827637,
        8.36264626,  3.26158227,  7.64695436, 10.78078735,  1.86580749,
       12.54260721,  7.81005987,  2.42957773,  4.42125954,  5.28868328,
        8.48828385,  2.64355675, 10.39364367,  4.97074436,  3.21591377,
        7.99237868,  5.44852205,  4.14518605, -0.82555073, -0.38079245,
        5.77632478, 11.99518412,  6.24412831,  5.21745616, 10.51515516,
        9.68030655, 11.15248069, -6.94305001,  9.44624393,  6.35684734,
        9.46724889,  5.26584846,  6.07376657,  3.96938581, -3.43888608,
        8.72448305,  7.87047717,  0.85730272,  1.03721055,  8.35826554,
        6.81710168,  6.35658842,  4.10495774,  4.99959606, 13.38481204,
        8.14794227,  7.06527628,  7.92221105, 13.27646293,  7.11995191,
        2.83509862, 10.75282427,  5.52678527, 10.08628477, 10.98321678,
       12.49466201,  2.50863008,  4.67944759,  2.85788507,  5.0465952 ,
        8.21295444, 11.91410464,  5.94624943, 10.22163873,  3.37930772,
        8.85361915,  9.73376072,  1.15059264, 11.04743194,  1.79969506,
        4.25828829,  7.25202922,  2.2672972 ,  7.57725423,  5.58636802,
        7.65893215, 11.52537915,  6.90891019, -2.29113385,  7.97708546,
        8.08842066,  2.16832336,  7.65832177,  9.81159064, 10.43923316,
        3.98062488,  1.0817161 ,  9.76295248,  8.63108155,  7.26357459,
        2.54423122,  6.81853034,  6.45365329, 11.3232911 ,  5.04083176,
       12.8607924 , 11.23344625,  8.31903354,  3.14367524,  6.71869235,
        8.25848665,  1.77282295,  3.65717336,  8.32846627,  9.9174394 ,
        6.05692518,  4.21944302, 10.23931698,  4.91274328, 13.41513602,
        9.43416187,  4.63636632,  3.13539328,  6.18335055,  1.53707739,
        5.61467202,  6.5111733 ,  3.23145556,  3.41022205, -2.07333343,
       13.30968769,  3.82494062,  5.39569567,  6.13415814,  1.37292208,
        3.07177277, 13.18391553, 10.12816353,  2.74516544,  3.09710695,
        6.8019379 ,  5.34038046,  3.2762607 ,  5.96005512, 11.26218427,
        7.28016079,  4.56619962,  9.88937887, -1.65520076, 10.43965611,
        2.44372126,  0.05593988,  4.47111314,  4.37722133,  5.98773957,
        4.10199573,  9.24048099,  6.10392412,  8.20112445,  4.06759296,
        8.79640924,  9.29292777,  6.48629527,  5.80919737,  7.3525369 ,
        4.56135043, 14.57977076, 14.18157702,  4.68325426,  4.71936077,
        2.38776943,  4.64738549, 17.11241745, -0.48449692,  9.04317841,
        7.22043104,  7.91805606, 10.77196002,  2.17966784,  6.62820171,
       15.53997079,  6.62792789,  7.75866664,  7.71585917,  9.14500714,
        2.44829938,  7.16387108, 11.18733035,  3.16285692, 14.44962478,
        7.9734839 ,  2.29286828,  8.91694778,  5.19431971,  4.82347137,
        6.30543704,  6.62960565,  8.38076727,  9.86579471,  7.34873375,
        9.69886333,  6.97858741, 12.77974943, -1.69337678, 10.26854022,
        7.55676076, 11.30789955,  8.25494618,  5.7069379 ,  0.89890997,
        7.33619558,  6.46577359,  1.40017034,  7.41724292,  4.436418  ,
        7.14786764,  3.19365845,  4.5695545 ,  5.00692815, 11.87379541,
        9.80291173,  7.00626267,  1.82903169, -2.59807148,  9.47880999,
        5.78256916, 11.12487811,  7.53115214,  3.64823712,  8.15902467,
        8.32095958,  8.72039742, -1.02293981, 10.27388165,  7.28944067,
        6.71056444, -0.11188937,  3.91449311,  4.69324376, 16.29464348,
       10.78957892,  5.80840925,  2.99713993,  5.2593516 ,  3.50490743,
       -0.15449448,  0.96434288, 11.61630339,  8.27735506, 16.00285161,
        6.50006729, 11.31600174,  5.75130697,  7.256999  ,  6.63488972,
        4.54796937,  6.56338914, -2.63014256, 11.48578113, -0.07930807,
        6.90670298,  4.28074261,  8.93878941,  1.75778739,  8.37427446,
        1.98021715,  1.2163253 ,  7.06949543,  4.18699292,  9.63377599,
        9.23103552,  6.64477952,  0.39062191,  3.25198616,  6.63355733,
        7.3632658 ,  4.7339389 ,  4.29967855,  6.28514055,  4.22442813,
        2.26636681,  9.04310139, 10.2082415 ,  9.53831858, 13.91283266,
       10.51968209,  4.38525309,  4.79884727,  4.95086139,  0.11123929,
        2.08883224, 11.03308035,  7.40637327,  9.33221467,  4.25483408,
        7.44668255,  6.5262045 ,  1.19632846,  9.60393598,  7.88892398,
       10.90912402, 14.93227314,  4.40874761, 14.99067229,  4.41303737,
        3.9286857 ,  8.11305083, 10.11742447,  6.37018955,  2.54284042,
        9.48544732, 10.57743204, 11.8098314 ,  5.80598639, 11.59657591,
        9.669148  , 11.21606882,  4.319759  ,  7.52659734, 11.04373643,
        4.34999011,  4.20867203,  2.44338745,  5.13100548,  6.13849652,
        6.43077322,  5.79302418,  7.40061908,  6.23114872,  9.75695758,
        6.66230472,  5.13783843,  6.82973843,  5.36631725,  5.91760367,
        9.88460075, 10.20970926,  1.76158793, 12.391394  ,  8.91633619,
        8.19313104, -1.20569326,  3.8195473 ,  2.46703902, 15.08849437,
        6.95257834,  4.3953971 , 14.32326594,  5.51496623, 11.2356845 ,
        4.38642475,  3.16650808,  3.96148751,  1.47933114,  8.30810544,
        7.10266653,  9.82018761, 13.01570492,  9.41446686,  6.11188097,
        7.08611127, 14.30646318,  7.08945749,  9.01281824, 10.79261268,
        5.88842553, 11.66071255,  9.84974807,  5.62640076, 10.55719581,
        9.2548453 ,  7.1220303 , 13.27635001,  2.97914591,  8.53036898,
       10.17573671,  1.95299571,  5.83313985,  4.72347567,  8.03072078,
       11.73373652,  3.01890332,  1.82339293,  5.46703218,  7.46086484]), array([ 4.89776438e+00,  1.18451195e+01,  1.03097963e+01,  8.84626234e-01,
        6.10442062e+00,  5.59527578e+00,  5.52032778e+00,  1.23487412e+01,
        5.21614417e+00,  1.01143250e+01,  1.03208185e+00,  1.12431568e+01,
        8.51999655e+00,  2.85691997e-01,  6.16498975e+00,  7.53203402e-01,
        8.52271201e+00,  1.27007019e+01,  1.04007790e+01,  9.48704649e+00,
        7.46428941e+00,  2.46948760e+00,  4.26081710e+00,  4.60985920e+00,
        7.61366126e+00,  7.18811933e+00,  5.97615764e-01,  5.73877510e+00,
        8.67393950e+00,  2.73400747e+00,  8.28517774e+00,  6.91913899e+00,
        7.39406123e+00,  5.98191480e+00,  3.79316408e+00,  6.09480191e+00,
        9.17270311e+00,  5.91325702e+00,  6.47572109e+00,  4.07337135e+00,
        1.66768875e+00,  5.20445142e+00,  7.47341891e+00,  8.06412453e+00,
        2.40361716e+00,  1.08408089e+01,  4.13980847e+00,  1.82495819e+01,
        5.49253563e+00,  1.18542180e+01,  9.78195276e+00,  6.41867313e+00,
        3.32996928e+00,  1.18477249e+01,  1.06275162e+01,  5.48169238e+00,
        6.49350192e+00,  6.06556105e+00,  3.08097337e+00,  1.61463098e+01,
        6.62322482e+00,  8.32011905e+00,  1.64637820e+01,  7.89542115e+00,
        7.27306295e+00,  1.06601587e+01,  1.07493786e-02,  9.06180551e+00,
        4.57166359e+00,  1.72551390e+01,  7.28406285e+00,  7.46849897e+00,
        7.54164274e+00,  4.26617383e+00,  1.00135506e+01,  4.45545004e+00,
        8.93653586e+00,  9.61436670e+00,  9.29034305e+00,  8.81754878e+00,
        8.00730239e+00,  5.22434321e+00,  4.30010606e+00,  9.32461248e+00,
        1.25665776e+01,  7.69909633e+00,  1.22226731e+01, -1.29967292e+00,
        6.38267121e+00,  8.56429203e+00,  2.49110763e+00,  1.02125388e+01,
        6.79080975e+00,  9.47296463e+00,  8.80099215e+00,  6.30237792e+00,
        8.54052611e+00, -1.79945509e+00,  1.12915790e+01, -1.04173284e-01,
        1.11706539e+01,  9.28075965e+00,  5.93141184e+00,  1.39086409e+01,
        1.05510750e+01,  8.05921804e+00,  7.35693100e+00,  3.86098540e+00,
        6.20585187e+00,  3.79154586e+00,  3.27768627e+00,  1.44658040e+01,
        1.21027092e+01,  8.57685393e+00,  7.03510552e+00,  7.19009636e+00,
        4.19912980e+00,  8.73484482e+00,  1.21992344e+01,  8.41373902e+00,
        4.77843406e+00,  3.81553005e+00,  4.31176204e+00, -4.60310509e-01,
        1.16782506e+01,  1.34921984e+01,  5.03799158e+00,  6.07831763e+00,
        7.01015746e+00,  8.38465140e+00,  1.02609345e+01,  6.13965152e+00,
        1.23704193e+01,  8.21128988e-01,  1.05942671e+01,  1.02174917e+01,
        9.53557528e+00,  7.82929950e+00,  4.72273681e+00,  1.04195589e+01,
        3.69241827e+00,  9.55303013e+00,  3.36483107e+00,  9.17822082e+00,
        1.20892650e+01,  9.17976227e+00,  1.23298659e+01,  6.95756253e+00,
        1.16871169e+01,  6.97666185e+00,  7.59177684e+00,  4.52031553e+00,
        1.20159886e+01,  4.97323000e+00,  6.82654657e+00,  9.56368746e+00,
        4.38185391e+00,  6.17586415e+00,  6.71900362e+00,  6.18521451e+00,
        7.67934934e+00,  8.43976472e+00,  4.19692111e+00,  7.85415255e+00,
        6.56163017e+00,  4.64431978e+00,  6.53789930e+00,  7.76927566e+00,
        7.10158601e+00,  1.00160710e+01,  3.79139336e+00,  1.40561296e+01,
        5.50968861e+00,  8.90590079e+00,  1.19909147e+01,  5.30511761e+00,
        9.68575679e+00,  4.49959400e+00,  1.11781810e+01,  8.61151725e+00,
        8.28547715e+00,  3.50259124e+00,  2.51723695e+00,  8.35686434e+00,
        1.07358681e+01,  1.01688294e+01,  1.13692022e+01,  5.87559400e+00,
        9.04365032e+00,  8.74578178e+00,  2.94541834e+00,  7.06481215e+00,
        7.16865506e+00,  3.74481677e+00,  7.73961902e+00,  1.04264665e+01,
        8.15801320e+00,  6.36819945e+00,  1.01666256e+01,  5.04795677e+00,
        1.00697159e+01,  7.62069361e+00,  3.95614345e+00,  4.80250686e+00,
        7.14273148e+00,  1.03430154e+01,  9.12768883e+00,  1.04411919e+01,
        5.59661284e+00,  1.12014531e+01,  8.79762359e+00,  3.41567670e+00,
        3.59440984e+00,  9.88301990e+00,  9.02543902e+00,  1.32079246e+01,
        1.39504735e+01,  1.34814458e+01,  4.34425705e+00,  3.71856449e+00,
        9.74045158e+00,  1.13341153e+01,  1.43951030e+01,  8.43629091e+00,
        9.04786419e+00,  5.42637470e+00,  9.43162443e+00,  5.85207612e+00,
        1.01158466e+01,  1.00937002e+01,  8.99594465e+00,  3.21939282e+00,
        1.19598782e+01, -2.33052775e+00,  6.28312848e+00,  6.46040097e+00,
        6.09609960e+00,  4.94914988e+00,  1.33100617e+01,  1.23959227e+01,
        8.48007012e+00,  1.16910607e+01,  1.41902228e+01,  1.29398514e+01,
        6.36541200e+00,  5.43605842e+00,  1.03371760e+01,  3.82339351e+00,
        5.13241632e+00,  3.31062307e+00,  6.47370963e+00,  1.53995910e+01,
        1.07701081e+00,  7.31944365e+00,  4.79343581e+00,  7.18423883e+00,
        8.41974829e+00, -9.60982591e-01,  3.46734482e+00,  6.41364339e+00,
        4.58141819e+00,  7.99093604e+00,  7.87812063e+00,  1.71477912e+01,
        8.97787706e+00,  7.65979673e+00,  3.86736225e+00,  5.63364262e+00,
        3.96864461e+00,  1.86320280e+01,  3.36342615e+00,  7.61586804e+00,
        5.44914565e+00,  8.75348933e+00,  5.13099579e+00,  1.47069285e+01,
        1.34314730e+01,  1.09769593e+01,  4.62059148e+00,  9.51482842e+00,
        1.26972735e+01, -1.72036754e+00,  8.64253591e-01,  8.25003503e+00,
        3.19647771e+00,  3.94913601e+00,  1.27769115e+01,  7.76344464e+00,
        1.48181255e+01,  1.40866088e+01,  2.31326101e+00,  1.37296268e+01,
        7.61510998e+00,  6.68449315e+00,  4.66148209e+00,  8.37942195e+00,
        1.22692925e+01,  8.04012491e+00,  4.46979900e+00,  9.83840826e+00,
        1.06446388e+01, -7.57960241e-01, -5.28251868e+00,  7.48529505e+00,
        9.37437998e+00,  1.06869267e+01,  1.00881514e+01,  3.21968416e-01,
        1.05259958e+01,  1.56589997e+01,  4.48317848e+00,  1.48422421e+00,
        4.42966753e+00, -5.15264061e-01,  5.80803043e+00,  2.53513492e+00,
        1.26244377e+00,  7.01079590e+00,  1.03769115e+00,  8.03059481e+00,
        9.53555662e+00,  5.43336685e+00,  5.47705574e+00,  1.11638626e+01,
        7.33513078e+00,  1.76125555e+01,  8.63056489e+00,  5.94670424e+00,
        2.85132583e+00,  6.41004332e+00,  1.15818300e+01,  8.90104264e+00,
        1.21340302e+00,  4.98116852e+00,  1.04155574e+01,  9.38321699e+00,
        6.39888747e+00,  8.06983298e+00,  7.50917552e+00,  4.35794777e+00,
        8.46135424e+00,  4.38637337e+00,  5.65537208e+00,  8.61886207e+00,
        5.68936204e+00,  3.74601560e+00,  3.22669836e+00,  5.56624937e+00,
        1.37229058e+01,  1.29616533e+01,  1.90737489e+00,  6.62451178e+00,
        4.69076143e+00,  1.70247860e+01,  7.91134936e+00,  7.50086598e+00,
        1.41107067e+01,  1.21178331e+01,  8.93480523e+00,  7.13975926e+00,
        7.87546889e+00,  1.11044533e+00,  9.11396714e+00,  6.94538255e+00,
        9.45209003e+00,  1.11186472e+01,  8.22801886e+00,  7.08228586e+00,
        6.63302042e+00,  1.78707269e+00,  1.33287013e+01,  9.54431148e+00,
        5.42381566e+00,  7.93302790e+00,  1.50268541e+01,  4.84278203e+00,
        1.18898504e+00,  2.88524128e+00,  9.03448517e+00,  6.46786199e+00,
        1.53884767e+01,  3.34566682e+00,  1.82323062e+00,  1.11814281e+01,
        3.36873891e+00,  1.50714082e+00,  5.21217222e+00,  9.93397450e+00,
        7.70827801e+00,  1.09376099e+01,  9.82777125e+00,  7.66157478e+00,
        5.59602087e+00,  1.36160830e+01,  1.06068599e+01,  2.73970636e+00,
        8.94105471e+00,  1.21432684e+01,  1.44240268e+01, -4.16422265e+00,
        6.61143641e+00,  7.90208801e+00,  1.34794735e+01,  1.44088815e+01,
        5.65987987e+00,  9.94029143e+00,  5.54481781e+00,  1.11995227e+01,
        5.07395901e+00,  1.16520511e+01,  7.48736032e+00,  6.07431728e+00,
        1.78566033e+00, -1.56760144e+00,  9.42822891e+00,  1.04860334e+01,
        7.78242772e+00,  8.64834244e+00,  7.71854052e+00,  1.32934445e+01,
        7.43544354e+00,  1.03538834e+01,  9.97865299e+00,  8.80603278e+00,
       -2.48649573e+00,  9.43053411e+00,  3.79864477e+00,  8.80226271e+00,
        1.12651134e+01,  2.74647891e+00,  1.30726898e+01,  8.94695746e+00,
        3.57983505e+00,  5.30382290e+00,  5.98657854e+00,  8.42697729e+00,
        3.99917626e+00,  1.01318607e+01,  6.11075007e+00,  3.96126268e+00,
        8.88177840e+00,  5.71454975e+00,  5.29571426e+00, -1.88243872e-01,
        6.56240022e-01,  6.47999271e+00,  1.36473554e+01,  7.07233735e+00,
        6.08725694e+00,  1.14675498e+01,  1.04622181e+01,  1.25428805e+01,
       -6.75669255e+00,  1.00921799e+01,  7.14136807e+00,  1.01085758e+01,
        5.87863157e+00,  7.06466621e+00,  4.57184643e+00, -3.28492883e+00,
        8.67438265e+00,  8.61916252e+00,  1.67108463e+00,  2.17375771e+00,
        9.10454533e+00,  7.98619777e+00,  7.38613353e+00,  5.00206455e+00,
        5.83164214e+00,  1.41466532e+01,  9.02165421e+00,  7.58879795e+00,
        8.59564322e+00,  1.46194842e+01,  7.40123711e+00,  3.00246952e+00,
        1.23211159e+01,  6.83661669e+00,  1.12468348e+01,  1.19354818e+01,
        1.28862866e+01,  3.17411310e+00,  5.06134040e+00,  3.42622911e+00,
        5.60330477e+00,  8.77503993e+00,  1.29588908e+01,  6.57362901e+00,
        1.11819308e+01,  4.25695747e+00,  8.89207662e+00,  1.07113120e+01,
        1.65020885e+00,  1.12202539e+01,  1.60618820e+00,  4.80768473e+00,
        8.17413859e+00,  3.53573268e+00,  8.85635699e+00,  6.69056456e+00,
        8.70078943e+00,  1.24686660e+01,  7.43487003e+00, -2.37043738e+00,
        8.77343166e+00,  8.51151663e+00,  2.59931895e+00,  8.35445377e+00,
        1.05296658e+01,  1.13136662e+01,  4.72826615e+00,  1.57585002e+00,
        1.08155296e+01,  9.28879410e+00,  7.57929585e+00,  3.30866126e+00,
        7.57307944e+00,  7.60198652e+00,  1.24999567e+01,  5.88013742e+00,
        1.36517846e+01,  1.16093641e+01,  9.31109649e+00,  3.57881536e+00,
        7.88390658e+00,  9.05460264e+00,  2.03963670e+00,  4.10465465e+00,
        8.81233463e+00,  1.09179157e+01,  7.18212995e+00,  5.35302881e+00,
        1.11045973e+01,  5.57958973e+00,  1.32129981e+01,  9.86893031e+00,
        4.94444030e+00,  3.11017122e+00,  6.90659459e+00,  1.63195654e+00,
        6.43850598e+00,  7.50855506e+00,  4.27308707e+00,  3.76360630e+00,
       -1.16404406e+00,  1.41899631e+01,  4.27216402e+00,  6.17143463e+00,
        6.95756559e+00,  1.30695826e+00,  3.40321368e+00,  1.33342226e+01,
        1.10396843e+01,  3.09820816e+00,  4.30994260e+00,  6.99879869e+00,
        5.90909255e+00,  4.20335069e+00,  7.02829865e+00,  1.16475589e+01,
        8.07299244e+00,  5.24781199e+00,  1.08494678e+01, -9.16031417e-01,
        1.18668090e+01,  3.36071574e+00,  8.85079726e-01,  4.97142621e+00,
        5.26788509e+00,  6.62218735e+00,  4.94950679e+00,  9.77968878e+00,
        6.58124109e+00,  8.54571557e+00,  5.39737163e+00,  9.61492418e+00,
        9.75651021e+00,  7.49272518e+00,  6.54125728e+00,  8.52460395e+00,
        5.20893486e+00,  1.57770585e+01,  1.49489296e+01,  5.04765258e+00,
        5.79045584e+00,  3.21162699e+00,  4.77990434e+00,  1.85899626e+01,
       -1.66641113e-01,  9.62939607e+00,  7.91770139e+00,  8.73771387e+00,
        1.19020459e+01,  2.78089075e+00,  6.89658306e+00,  1.65838016e+01,
        7.34163578e+00,  9.17063678e+00,  8.84223058e+00,  9.96056190e+00,
        2.98976436e+00,  8.77381928e+00,  1.18170569e+01,  4.20605342e+00,
        1.46066095e+01,  9.20280418e+00,  3.08813137e+00,  9.66362670e+00,
        6.06789425e+00,  5.71932143e+00,  7.61190479e+00,  7.66149503e+00,
        9.04365954e+00,  1.12774475e+01,  8.16610391e+00,  1.04042256e+01,
        8.05538993e+00,  1.39884638e+01, -1.82767827e+00,  1.11211828e+01,
        7.82304033e+00,  1.30078207e+01,  8.90256963e+00,  6.60612564e+00,
        1.81289632e+00,  7.75995115e+00,  6.44340335e+00,  2.39137507e+00,
        8.13145015e+00,  4.83209951e+00,  7.51698441e+00,  3.59531217e+00,
        5.03097928e+00,  5.41004868e+00,  1.32712323e+01,  1.10726076e+01,
        7.51348662e+00,  2.75707632e+00, -2.74868372e+00,  1.00774683e+01,
        6.18024224e+00,  1.20373469e+01,  8.01082503e+00,  4.41223573e+00,
        8.72272889e+00,  9.05009575e+00,  9.46760483e+00, -2.98381334e-01,
        1.11157946e+01,  7.87401409e+00,  7.69879464e+00,  2.09993297e-01,
        4.81680140e+00,  4.92132264e+00,  1.73287672e+01,  1.14036503e+01,
        7.23782309e+00,  3.74118004e+00,  5.71969706e+00,  4.09053448e+00,
        2.28483146e-01,  1.26631634e+00,  1.27858078e+01,  8.81772154e+00,
        1.71515949e+01,  7.62827726e+00,  1.22831757e+01,  6.54483867e+00,
        7.75948138e+00,  6.98679910e+00,  4.94143809e+00,  7.30170985e+00,
       -1.81546884e+00,  1.28251482e+01, -1.42524871e-01,  7.83155538e+00,
        4.55236659e+00,  9.60467828e+00,  2.32989483e+00,  9.12864521e+00,
        2.05617860e+00,  1.35733860e+00,  8.22669202e+00,  5.45065105e+00,
        1.01507762e+01,  9.89199537e+00,  7.59729380e+00,  8.75614981e-01,
        3.50130956e+00,  7.59118650e+00,  8.58313775e+00,  5.78171501e+00,
        5.53475647e+00,  7.06032263e+00,  4.57787153e+00,  3.45258053e+00,
        9.89342857e+00,  1.07744306e+01,  1.03331821e+01,  1.50873160e+01,
        1.11379782e+01,  4.80838487e+00,  5.27147792e+00,  5.31325744e+00,
       -1.44899166e-01,  3.08137082e+00,  1.13970722e+01,  8.70830277e+00,
        9.89089497e+00,  4.35141738e+00,  8.21847794e+00,  6.85380403e+00,
        2.12644898e+00,  1.05465404e+01,  9.36420704e+00,  1.20473288e+01,
        1.57453519e+01,  5.09692881e+00,  1.57631877e+01,  5.32515223e+00,
        4.86809350e+00,  8.94302370e+00,  1.14164219e+01,  6.61174405e+00,
        3.42198377e+00,  1.07079358e+01,  1.10923156e+01,  1.28690921e+01,
        6.33699043e+00,  1.23334559e+01,  1.01938458e+01,  1.20437165e+01,
        5.21547920e+00,  7.91762682e+00,  1.19249499e+01,  5.20169624e+00,
        5.05269388e+00,  3.55894887e+00,  5.65956673e+00,  7.64767328e+00,
        7.20975201e+00,  6.68019990e+00,  8.04124978e+00,  7.09907173e+00,
        1.04386097e+01,  7.73580503e+00,  6.08022398e+00,  8.06452544e+00,
        5.71159324e+00,  6.51389585e+00,  1.10021953e+01,  1.07872481e+01,
        2.78933845e+00,  1.37401330e+01,  9.72372518e+00,  8.17771674e+00,
       -3.12574255e-02,  4.57451645e+00,  3.34453335e+00,  1.60784087e+01,
        7.79368760e+00,  4.97505554e+00,  1.53571448e+01,  6.39393495e+00,
        1.18044775e+01,  5.99815109e+00,  3.04217002e+00,  4.62310782e+00,
        1.97892406e+00,  8.57600171e+00,  7.72352866e+00,  1.04483981e+01,
        1.36210326e+01,  1.02501915e+01,  7.03842622e+00,  7.80886818e+00,
        1.51255499e+01,  7.64179093e+00,  1.00454870e+01,  1.12755086e+01,
        6.55504597e+00,  1.28960863e+01,  1.10806808e+01,  6.70811413e+00,
        1.17113999e+01,  1.01795826e+01,  7.26174763e+00,  1.39253533e+01,
        3.82541432e+00,  9.13610384e+00,  1.10007468e+01,  2.86646772e+00,
        6.59057160e+00,  5.48417240e+00,  8.39216889e+00,  1.26098468e+01,
        3.57459161e+00,  2.66340357e+00,  6.00902765e+00,  8.47696497e+00])]
WARNING:root:[array([-1.66501844e+00,  4.07230412e+00,  7.89388947e+00,  1.29079894e+00,
       -4.12819157e+00, -1.75203708e+00, -4.36242188e+00,  6.56307698e+00,
        3.71126731e+00,  1.85144356e+00, -5.31594810e+00,  1.53722728e+00,
        3.03772790e+00,  7.56457572e-01,  9.26129253e-01, -4.29595038e+00,
        2.26590381e+00,  5.35266456e+00,  3.17933796e+00,  6.47666988e-01,
        4.24518557e-01, -7.23345678e-01, -4.00781704e+00, -4.84344649e+00,
        5.85302232e+00,  2.12677677e+00, -1.23448238e+00,  1.47242296e+00,
        1.51423301e+00,  2.01676244e+00,  1.38045267e+00,  5.13767619e+00,
        2.85149143e+00, -3.78300313e+00,  6.21651722e-01, -2.76535369e+00,
        2.00356722e+00,  2.22361393e+00,  2.77031784e+00, -1.06221369e+00,
       -4.68513807e+00, -1.34543776e+00,  4.61262351e+00,  3.47333568e+00,
       -6.53560305e+00,  6.68352591e+00,  1.37937684e+00,  1.59132994e+01,
       -4.45168691e-01,  7.38477670e+00,  4.03499711e+00, -1.33312891e+00,
       -3.81326990e+00,  7.63855481e+00,  4.57516229e+00,  6.97470269e+00,
        1.74053912e+00, -4.50322726e-01, -4.60253022e+00,  7.76865994e+00,
        2.26509954e+00,  5.71917462e+00,  3.14836636e+00,  2.50187779e+00,
        2.85046985e+00,  7.76842682e+00, -8.88688187e+00,  2.00077224e+00,
        2.78172807e+00,  1.39995080e+01, -8.29665690e-01,  1.98641524e+00,
       -8.67893729e-01, -6.68957107e+00,  4.67299846e+00,  3.23432225e-01,
        5.30045877e+00,  3.63126285e+00,  3.07796163e+00,  1.45694774e+00,
        3.74675702e+00,  3.81923594e+00, -4.65972579e+00,  3.89258170e-01,
        7.63293782e+00, -3.98509838e+00,  4.56863890e+00, -6.68073733e+00,
        7.16503787e-01,  1.83975084e+00,  4.64893770e-01,  1.42898669e+00,
       -2.79115685e+00,  6.48691668e+00, -5.23885160e-02,  4.29681098e+00,
        4.40658805e+00, -6.61622699e+00,  5.37527553e+00, -3.97003131e+00,
        3.34417491e+00,  6.47353594e+00, -1.51676856e+00,  8.68262311e+00,
        2.03299054e+00,  4.29536973e+00,  1.73055046e+00,  7.71521458e-01,
       -3.21419920e+00, -2.22976446e+00,  4.61510552e+00,  5.80796284e+00,
        1.91067441e+00,  4.27797362e-01,  4.73349492e+00,  4.38452736e+00,
       -7.52119368e-01,  3.74246810e+00,  9.76307637e+00,  3.63688736e+00,
        4.47091711e-02, -2.48879337e+00,  1.01364836e+00,  5.21751623e-01,
        4.55559957e+00,  7.14325356e+00, -2.61868731e+00,  4.68981639e+00,
        1.39771919e+00,  7.25495959e+00, -4.39423176e-01, -3.98479670e+00,
        6.12669897e+00, -5.55360946e+00,  4.63146062e+00,  6.92583815e+00,
        4.96407744e+00, -2.05983399e-02, -2.25764709e+00,  3.12917386e+00,
       -2.59909516e+00,  6.21837105e+00, -5.71040762e+00, -2.13340957e+00,
        5.53785288e+00,  2.91453922e+00,  5.06434754e+00, -1.63697093e+00,
        4.91626805e+00,  7.29823961e+00,  4.27769937e+00,  1.19562182e+00,
        5.70681631e+00,  2.13257247e+00,  5.54378929e+00,  1.44481811e+00,
       -2.89367833e+00,  1.38505495e+00, -2.20354384e+00,  2.73924980e+00,
        6.86136377e-01,  3.18719239e+00,  4.44952371e-02,  2.96299914e+00,
        5.40460089e+00,  5.02381454e+00,  1.60077687e+00,  3.01715367e+00,
        3.81561164e+00,  7.10652853e-01, -3.45494278e+00,  5.01849178e+00,
        2.38066506e+00,  3.18180575e+00,  4.47464013e+00, -1.37477659e+00,
        7.10137433e+00, -5.05841042e+00,  7.60928124e+00,  1.91563698e+00,
        1.05402564e-01, -1.46538860e+00, -3.84489115e+00,  1.11095904e+00,
        2.80327205e+00,  2.41542490e+00,  4.86527662e-01,  2.80038687e+00,
        3.10157183e+00, -6.63484412e-01, -3.47583233e+00,  2.06664062e+00,
       -1.95244745e-01,  2.71807763e-01,  2.17333914e+00,  2.79290115e+00,
        1.53071416e+00,  1.99654586e+00,  2.78486954e+00,  1.87059411e+00,
        9.24794474e-01, -7.37364428e-01, -9.87018018e-01, -3.48160710e-01,
        6.58885445e-02,  4.97736059e+00,  1.71608193e+00,  5.67330106e+00,
        2.09914185e-01,  6.34561550e+00,  1.98622166e-01, -2.02914750e+00,
       -2.13757464e+00,  4.63323308e+00,  3.94049194e+00,  4.28115005e+00,
        2.43006782e+00,  3.44197511e+00, -3.95819443e+00, -1.69663561e-01,
        4.21237547e+00,  3.82825909e+00,  4.76688628e+00, -1.06260488e+00,
        5.22691137e+00,  6.06129863e-01, -4.35568339e-01, -6.57269627e-02,
        7.24139481e+00,  5.57782546e+00,  3.21373178e+00, -3.84939232e+00,
        5.39299122e+00, -2.58048246e+00, -2.24922302e+00, -2.47015865e+00,
       -1.12528785e-01, -2.84826481e+00,  6.05640247e+00,  8.01476332e+00,
        2.82295977e+00,  5.20095319e+00,  9.81681521e+00,  1.74027880e+00,
       -1.13526189e+00,  6.31721721e-01,  3.56074962e+00,  1.67607901e-02,
       -1.13177515e-01, -9.50783840e+00, -1.43965007e+00,  9.18807778e+00,
       -2.81796032e+00,  2.39238358e+00, -2.39823871e+00,  5.24260815e+00,
       -4.72501605e+00, -3.68613685e+00, -3.85984722e+00, -2.76240663e-01,
        4.77002633e-01, -7.67725398e-01,  2.35546262e-01,  6.64831724e+00,
        5.68813813e+00,  6.79208861e+00,  2.89449515e-01,  1.67116475e+00,
       -6.24139858e-01,  9.15075820e+00, -5.66666627e+00,  2.49097950e+00,
       -1.04160511e+00,  1.65596056e+00,  1.35517421e+00,  4.79580032e+00,
        1.40504619e+00,  2.36274979e+00, -2.27981695e+00,  3.96288736e+00,
        8.66015872e+00, -9.10239583e+00, -5.77500628e+00,  1.99679345e+00,
       -2.97745016e+00, -8.25261938e-01,  7.85592250e+00, -7.54723139e-01,
        5.10928306e+00,  5.06805807e+00, -4.21052250e+00,  6.87375660e+00,
        1.87175436e+00,  4.59540427e-01, -3.04892620e+00,  1.33311835e+00,
        5.19365869e+00,  4.14299316e+00,  3.07152985e+00,  9.24065267e-01,
        3.14606763e+00,  2.27394880e-01, -7.21569124e+00, -5.66792865e+00,
       -8.37424911e-01,  9.36648188e+00,  3.67567145e+00, -7.57903930e-01,
        3.10825119e+00,  9.09652320e+00,  1.20019563e+00,  5.82340912e-01,
       -3.01948580e-01, -7.30431019e+00, -8.36254147e-02, -1.15103935e+00,
        3.47324697e-01,  1.59540748e+00, -2.87687825e+00,  3.46876965e+00,
        5.45461987e+00, -1.37892740e+00, -2.35919419e+00,  4.99867380e+00,
        2.27287004e+00,  8.41620701e+00,  2.61641022e+00, -7.82499517e-01,
       -1.81691320e+00,  4.05452283e+00,  7.13683134e+00,  4.71951389e+00,
       -3.55835901e+00,  1.97468620e+00,  4.11422389e+00,  4.92249893e+00,
        4.46950685e+00,  1.06256966e+00,  2.53380849e+00,  4.05737185e+00,
        5.14688275e+00, -2.24973175e+00,  2.24461953e-01,  2.70416530e+00,
        1.67921175e-01, -1.47334007e-02, -2.33558856e+00,  2.48559608e-01,
        2.34266351e+00,  6.38413980e+00, -5.82647469e-01, -1.77483173e+00,
       -5.28151607e-01,  6.07489149e+00,  4.03634800e+00,  5.82680726e+00,
        2.34039505e+00,  3.09847871e+00, -3.05891790e+00, -2.68619172e+00,
        5.30060508e+00, -6.81304840e-01, -1.77320591e+00,  3.12261825e+00,
        6.43760505e+00,  4.65699287e+00,  5.10478899e+00,  7.92713166e-01,
        4.91990757e-01, -1.62753524e+00,  4.47056095e+00,  4.06314228e+00,
        2.92198442e+00,  1.09276266e-01,  9.15765220e+00, -4.66236528e-01,
        1.30234392e+00, -1.88560995e+00,  1.31179367e+00,  8.20128891e-01,
        7.52698700e+00, -2.75279436e+00, -3.39373587e+00,  5.51599736e-01,
       -3.46503944e+00, -6.10847389e+00, -2.99843068e+00,  1.28343671e+00,
       -1.67064371e+00,  3.16289080e+00,  3.18170566e+00,  2.26700642e+00,
        2.10628790e+00,  3.65686914e+00,  3.73500156e+00, -1.51890252e+00,
        4.54697015e+00,  3.04099046e+00,  3.69978560e+00, -5.80276354e+00,
       -1.61983972e+00, -7.92306717e-01,  2.72400065e+00,  2.05627482e+00,
        4.17010544e+00,  2.90288243e+00, -3.44141629e+00,  2.52982054e+00,
       -1.36738798e+00,  5.56035200e+00,  3.48930186e+00,  1.57273302e+00,
       -2.81374928e+00, -5.91484726e+00, -1.76809154e-01,  2.72442542e+00,
        7.04370167e-01,  1.67141507e+00, -8.59952105e-01,  3.62732526e+00,
        1.58486214e+00,  5.10665461e+00,  4.39542480e-01,  4.66993002e+00,
       -7.31833437e+00,  7.91227778e-01, -3.85145111e-01, -5.20589214e-01,
        7.31283059e+00, -4.07824981e+00,  8.94487893e+00, -3.22189731e-01,
       -5.39582895e+00, -1.82961277e+00,  6.03146723e-01,  8.87850457e+00,
       -6.88037625e+00,  1.22698739e+01, -2.84773205e+00, -1.79888135e+00,
        1.96507257e+00,  3.77227426e+00, -3.85136120e+00, -5.17469464e+00,
       -7.50548272e+00,  9.75634852e-01,  5.13871777e-01,  7.25952529e-01,
       -7.02133710e-01,  3.84935331e+00,  4.36144931e+00,  1.42397063e+00,
       -8.07344626e+00,  4.94812160e+00,  9.08845296e-01,  5.13891955e+00,
        9.80235969e-01, -8.19239705e-01, -1.11939774e-01, -4.28955682e+00,
        9.22073124e+00,  2.83200669e+00, -4.70703950e+00, -6.88830754e+00,
        3.04076930e+00, -1.32300483e+00, -8.22161635e-01, -2.01481712e+00,
       -7.70678345e-01,  8.12106856e+00,  2.00227512e+00,  3.34511874e+00,
        3.22136323e+00,  3.74643234e+00,  5.31833222e+00,  1.80475518e+00,
       -4.00645165e-01, -3.62273989e+00,  1.90580925e+00,  4.23919229e+00,
        9.78570988e+00, -2.00371486e+00,  2.22458914e+00, -1.06703080e+00,
        1.20017994e+00,  4.05297545e+00,  4.48815015e+00,  1.82357313e+00,
        3.31112306e+00, -2.80916781e+00,  8.76633038e+00,  2.64929614e+00,
       -2.12155211e+00,  9.85464761e+00,  3.34363941e+00,  6.42666528e-01,
        7.85287146e-01, -6.48450804e+00, -1.33542511e+00, -2.13889165e+00,
        1.47324223e-01,  5.06814281e+00,  3.36842543e+00, -1.36755179e+00,
        2.42750080e+00,  5.05059408e+00, -7.87963726e-01,  2.81559795e+00,
        4.96798972e+00,  4.41598203e+00, -1.20528770e+00, -2.26971784e+00,
        2.25262614e+00,  3.96364874e+00,  5.27461710e+00, -2.79972175e+00,
        1.68723995e+00, -1.53155689e+00,  3.03364849e+00, -6.95224467e-01,
        7.31794096e+00,  8.54863573e+00,  1.36775850e+00,  1.80459936e-01,
       -1.51097141e+00,  2.68404386e+00,  1.50564815e-01,  6.86766584e-01,
        4.84916152e+00,  2.99319109e+00, -1.73904121e+00, -3.53502460e+00,
        4.25318321e+00,  3.23388674e-01,  1.48048923e+01,  6.35786389e+00,
        2.62812369e+00,  3.60035308e+00,  1.33298527e+00,  8.90820521e-01,
        4.88096921e-02, -5.34567462e-01, -3.78054602e+00,  1.06959192e+00,
       -8.14022159e+00,  6.94009359e+00,  8.02267810e-01,  4.53864495e-02,
        2.50825219e-01,  1.97046672e+00,  9.05476015e-01,  1.21178282e+01,
        3.43851802e+00,  3.69946026e-01, -5.37199614e+00,  5.74806703e+00,
        1.52660476e+00, -3.26307274e+00, -1.46041961e+00,  8.60652139e+00,
        1.76400115e+00, -1.99838672e-01,  3.30949183e+00, -6.55787536e+00,
        4.03774442e-01, -4.10418506e+00, -5.59783298e+00,  1.12203634e+00,
       -1.76198923e+00,  1.61295749e+00, -1.63468030e+00,  5.46196063e+00,
        2.87377107e+00,  5.95044363e+00, -5.15892000e+00,  3.10706402e+00,
        6.23720004e+00, -3.86962637e-01,  7.59539807e-01, -1.06331469e+00,
        1.67322645e-01,  6.08411888e+00,  8.64499877e+00,  2.13305309e+00,
       -2.77811829e+00, -3.30535125e+00,  3.84918059e+00,  6.66527852e+00,
       -2.58538613e+00,  5.03997091e+00,  2.36410889e+00,  2.15554752e+00,
        2.80738617e+00, -1.83653675e+00,  4.78547427e+00,  8.16271431e+00,
        1.57010259e+00, -2.24551830e+00, -1.32191761e-01,  3.41553277e+00,
       -1.29487508e+00, -4.36754487e+00,  6.71617172e+00, -4.00559546e+00,
        1.31792076e+01, -7.26970633e-01, -3.27645732e+00,  3.71867696e+00,
       -8.24328661e-01, -1.46400621e+00, -2.93803690e+00, -5.47629057e-01,
        3.72490747e+00, -3.59172240e-02,  1.60852089e+00,  4.98987341e+00,
       -5.72373111e-01,  4.21205564e+00, -5.55427430e-01,  4.32336302e+00,
        5.76610763e+00, -5.29840226e-01,  3.63794536e+00, -4.87081961e-01,
       -5.47587487e+00,  4.52848754e+00,  6.64266992e+00, -5.23327247e+00,
        2.54250827e+00,  1.80157283e+00,  4.60248122e+00,  4.43554639e-01,
        1.36877286e+00,  2.39148634e+00,  1.99556568e+00,  1.14816316e+00,
        3.50294466e+00, -4.60396968e+00, -1.33335964e+00,  5.35548090e+00,
        3.34949334e+00,  4.85463686e+00,  4.18916441e+00, -1.80199292e+00,
        4.34388052e+00,  3.23354960e+00,  3.63034508e+00, -5.72459280e+00,
        4.24345710e+00,  3.18853688e+00, -1.87551633e-01, -2.19913613e+00,
       -2.19215745e+00,  3.15955582e+00,  9.02184416e+00,  6.50220022e+00,
       -4.19513389e+00, -2.03715281e+00,  2.21322511e+00, -3.78001754e-01,
       -2.64685211e+00, -1.01820945e+00,  3.33238397e+00,  4.71966083e+00,
        7.78547705e+00, -1.44251315e+00,  4.55489971e+00,  4.22684652e-01,
        3.64251155e+00,  4.31745372e+00,  1.76835018e+00,  1.35611325e+00,
       -8.10158516e+00,  2.07834226e+00,  6.83733855e-01,  4.19089633e-01,
        2.45295460e+00,  4.33874924e+00, -1.97957747e+00,  3.19146161e+00,
        1.64276949e+00,  3.37478093e-01, -9.85107289e-01, -4.71585163e+00,
        6.19795399e+00,  4.58285316e+00, -1.28106665e-01, -2.92278593e+00,
        1.75038157e+00,  6.54971868e-02, -1.23356507e+00, -2.57995396e+00,
       -4.29744809e+00,  1.07802166e+00,  1.89718603e+00, -5.80131889e+00,
        3.11266316e+00,  6.19476029e+00,  4.02476848e+00,  5.69340621e+00,
        6.07690046e+00,  1.54053268e+00,  1.50136099e+00,  2.61744491e+00,
        2.13179262e+00, -4.56158167e+00,  8.49796490e+00, -1.72100311e+00,
        5.51852074e+00,  3.62556400e+00,  2.18905945e+00,  4.28523832e+00,
       -5.25564318e+00,  2.82844972e+00, -2.51171910e+00,  2.86958992e+00,
        9.05807631e+00, -1.96994877e-01,  9.63622346e+00, -1.82962249e+00,
       -2.75105247e+00,  2.32194462e+00,  9.89501355e-01,  4.65626765e+00,
       -3.58983030e+00,  9.74081714e-01,  6.95336604e+00,  4.33185614e+00,
        2.11414916e+00,  6.51738594e+00,  5.91435616e+00,  5.39263340e+00,
       -1.85188369e+00,  4.85405037e+00,  4.75007206e+00, -1.66931804e+00,
       -1.41349075e+00, -5.23303259e+00,  1.51324870e+00, -4.48130423e+00,
        1.14810500e+00, -3.85578564e-01,  2.79284038e+00,  2.93575714e-02,
        4.93129412e+00, -7.35664086e-01, -1.25902411e+00, -1.82784669e+00,
        3.02030248e+00,  1.56593472e+00,  1.97983902e+00,  6.18738412e+00,
       -5.46891176e+00,  2.94437107e+00,  3.37883669e+00,  8.31956716e+00,
       -9.40158266e+00, -1.36569159e+00, -3.49064053e+00,  8.15346313e+00,
        1.15419371e+00,  4.72519140e-01,  6.97609354e+00, -5.33271244e-01,
        7.09312645e+00, -6.74461107e+00,  4.21966681e+00, -6.43315323e-01,
       -1.83887332e+00,  6.56387056e+00,  2.78603472e+00,  5.43452753e+00,
        8.59936939e+00,  3.59284534e+00, -5.31427597e-01,  2.12413899e+00,
        8.50543545e+00,  3.27459541e+00,  1.77729076e+00,  7.51486152e+00,
        1.27253856e+00,  2.90599947e+00,  1.30773206e+00, -1.84277812e+00,
        2.53196679e+00,  2.72229956e+00,  6.00819109e+00,  8.79084813e+00,
       -2.74907077e+00,  4.27356889e+00,  4.38398517e+00, -4.43757770e+00,
        3.87814571e-01, -4.14815415e-01,  5.49382452e+00,  5.67967335e+00,
       -7.00061250e-01, -3.96545681e+00,  1.73425727e+00,  2.86810491e-01]), array([-8.59567683e-01,  4.99972319e+00,  8.17271405e+00,  1.24973406e+00,
       -2.86530119e+00, -8.73575878e-01, -3.11448493e+00,  7.27031234e+00,
        3.90217986e+00,  2.86645080e+00, -4.55568177e+00,  2.73855912e+00,
        3.70494080e+00,  6.87165744e-01,  1.54516200e+00, -3.68795929e+00,
        3.00746263e+00,  6.25652417e+00,  4.05331558e+00,  1.73512292e+00,
        1.25520000e+00, -3.58070670e-01, -3.00236220e+00, -3.68382491e+00,
        6.05023244e+00,  2.74105070e+00, -1.04539796e+00,  1.96711440e+00,
        2.40234479e+00,  2.09230875e+00,  2.23504234e+00,  5.32551456e+00,
        3.37973166e+00, -2.61034951e+00,  1.01529403e+00, -1.67749853e+00,
        2.85806957e+00,  2.67388914e+00,  3.20603931e+00, -4.33302406e-01,
       -3.91343139e+00, -5.43573838e-01,  4.95268683e+00,  4.04418768e+00,
       -5.46079529e+00,  7.16367140e+00,  1.70469578e+00,  1.61819622e+01,
        2.52210111e-01,  7.91925361e+00,  4.74680685e+00, -4.12882919e-01,
       -2.93529159e+00,  8.14594710e+00,  5.31366319e+00,  6.77231127e+00,
        2.30730645e+00,  3.16349304e-01, -3.66834068e+00,  8.79897169e+00,
        2.76957295e+00,  6.05359959e+00,  4.77178520e+00,  3.13897568e+00,
        3.38442812e+00,  8.10358523e+00, -7.79428988e+00,  2.86142522e+00,
        2.97740350e+00,  1.43625775e+01,  1.68757582e-01,  2.65710039e+00,
        1.25684225e-01, -5.33992672e+00,  5.30576696e+00,  8.14361948e-01,
        5.74762923e+00,  4.37071299e+00,  3.83075658e+00,  2.36340690e+00,
        4.26771828e+00,  3.94404761e+00, -3.59951190e+00,  1.47215377e+00,
        8.23825630e+00, -2.58078458e+00,  5.52862689e+00, -6.03826906e+00,
        1.39443271e+00,  2.67068406e+00,  6.74390741e-01,  2.50523899e+00,
       -1.60310867e+00,  6.84283856e+00,  9.88829408e-01,  4.55778368e+00,
        4.87638328e+00, -6.05903037e+00,  6.09649788e+00, -3.53786496e+00,
        4.30503644e+00,  6.81303985e+00, -6.19942753e-01,  9.30413204e+00,
        3.06905974e+00,  4.74861320e+00,  2.42044135e+00,  1.14153941e+00,
       -2.05627084e+00, -1.51764464e+00,  4.44206551e+00,  6.87988652e+00,
        3.15131407e+00,  1.43328670e+00,  5.00048001e+00,  4.71546732e+00,
       -1.51939870e-01,  4.34655469e+00,  1.00384142e+01,  4.19896442e+00,
        6.24596528e-01, -1.72011430e+00,  1.40519974e+00,  3.91365610e-01,
        5.41411505e+00,  7.91605464e+00, -1.67851183e+00,  4.80372701e+00,
        2.06018773e+00,  7.37084476e+00,  8.61072480e-01, -2.76726687e+00,
        6.89769756e+00, -4.77893790e+00,  5.35159967e+00,  7.31955302e+00,
        5.52831028e+00,  9.48554074e-01, -1.39656480e+00,  4.01182443e+00,
       -1.85233256e+00,  6.60831186e+00, -4.58175555e+00, -7.28954150e-01,
        6.34011132e+00,  3.69158223e+00,  5.94216653e+00, -5.93066585e-01,
        5.73465281e+00,  7.22077165e+00,  4.68215693e+00,  1.60447806e+00,
        6.48104831e+00,  2.48200186e+00,  5.67130246e+00,  2.42762113e+00,
       -2.02218213e+00,  1.96245993e+00, -1.09081137e+00,  3.13724590e+00,
        1.52635141e+00,  3.81353801e+00,  5.54429588e-01,  3.54564928e+00,
        5.54099493e+00,  4.97289617e+00,  2.18802964e+00,  3.59252410e+00,
        4.22230478e+00,  1.84115284e+00, -2.57561885e+00,  6.11958667e+00,
        2.74641714e+00,  3.87655597e+00,  5.38272134e+00, -5.58500696e-01,
        7.38226504e+00, -3.90514547e+00,  8.01596240e+00,  2.72692591e+00,
        1.09725276e+00, -8.90923833e-01, -3.08390757e+00,  2.00012679e+00,
        3.75851013e+00,  3.33685888e+00,  1.80439680e+00,  3.17599190e+00,
        3.81308801e+00,  4.70741056e-01, -2.69674836e+00,  2.66888921e+00,
        6.98109419e-01,  6.79407858e-01,  2.83597599e+00,  3.71853015e+00,
        2.34171050e+00,  2.52928083e+00,  3.68006345e+00,  2.23090017e+00,
        2.04755697e+00,  2.84221583e-01, -4.00662079e-01,  2.58367474e-01,
        9.32084858e-01,  5.63352841e+00,  2.61889404e+00,  6.26795325e+00,
        8.69662899e-01,  6.92224199e+00,  1.26431325e+00, -1.36961645e+00,
       -1.44403509e+00,  5.26036502e+00,  4.54637093e+00,  5.34417452e+00,
        3.82493421e+00,  4.66728979e+00, -2.95933569e+00,  2.85614494e-01,
        4.86790964e+00,  4.75090356e+00,  5.93826426e+00,  1.10311081e-01,
        5.67275392e+00,  1.21081505e+00,  7.62023122e-01,  6.58143831e-01,
        7.57182763e+00,  6.13329256e+00,  3.92577791e+00, -2.98998419e+00,
        6.20187724e+00, -2.57674118e+00, -1.20059875e+00, -1.38314014e+00,
        6.50368822e-01, -1.89174624e+00,  6.92539489e+00,  8.51588827e+00,
        3.52363754e+00,  5.97083975e+00,  1.03415468e+01,  3.09628090e+00,
       -2.27091973e-01,  1.20203200e+00,  4.38973078e+00,  4.79589713e-01,
        5.09588394e-01, -7.94880182e+00, -4.72459221e-01,  9.91889303e+00,
       -2.35656642e+00,  2.97731522e+00, -1.54112333e+00,  5.48740656e+00,
       -3.12510646e+00, -3.38108270e+00, -2.97380433e+00,  5.51518398e-01,
        9.81582142e-01,  2.93359662e-01,  1.14872551e+00,  7.91107294e+00,
        6.06925867e+00,  6.88478772e+00,  7.08807068e-01,  2.13207109e+00,
       -9.52950106e-02,  1.02754231e+01, -4.57676805e+00,  3.09645852e+00,
       -2.61104877e-01,  2.50953552e+00,  1.78037781e+00,  6.01567668e+00,
        2.87376038e+00,  3.40397445e+00, -1.42903641e+00,  4.63871871e+00,
        9.14059711e+00, -8.21599965e+00, -4.94944820e+00,  2.75449374e+00,
       -2.21762526e+00, -2.54437441e-01,  8.46054990e+00,  3.04079634e-01,
        6.28315303e+00,  6.16007540e+00, -3.41904881e+00,  7.67682019e+00,
        2.55257460e+00,  1.21247879e+00, -2.11402181e+00,  2.17409383e+00,
        6.03445527e+00,  4.61602249e+00,  3.23165261e+00,  2.00782482e+00,
        4.05960688e+00,  1.16229346e-01, -7.01304013e+00, -4.06409954e+00,
        4.02294380e-01,  9.49256463e+00,  4.45682463e+00, -6.43340946e-01,
        3.97642531e+00,  9.92246713e+00,  1.58280163e+00,  6.68340005e-01,
        2.87157257e-01, -6.47724438e+00,  6.30526915e-01, -7.03650769e-01,
        4.38548059e-01,  2.25009654e+00, -2.40554931e+00,  4.01009879e+00,
        5.94509259e+00, -5.61088462e-01, -1.40949895e+00,  5.75193926e+00,
        2.88372860e+00,  9.52501222e+00,  3.35475021e+00,  4.26807562e-02,
       -1.23992195e+00,  4.32375805e+00,  7.66390924e+00,  5.20406828e+00,
       -2.99256635e+00,  2.31391784e+00,  4.86545653e+00,  5.45639567e+00,
        4.69629413e+00,  1.92150086e+00,  3.12546601e+00,  4.08778278e+00,
        5.56083869e+00, -1.43663150e+00,  8.75413447e-01,  3.41432130e+00,
        8.34840609e-01,  4.36853637e-01, -1.66362919e+00,  8.90117642e-01,
        3.70771621e+00,  7.17460042e+00, -3.06942477e-01, -7.37225377e-01,
        1.02257321e-01,  7.41710543e+00,  4.49551606e+00,  6.03502392e+00,
        3.77738362e+00,  4.18525259e+00, -1.61252256e+00, -1.47641853e+00,
        5.58194764e+00, -4.66784922e-01, -4.30759711e-01,  3.57829703e+00,
        6.78310114e+00,  5.44339024e+00,  5.46540906e+00,  1.56130633e+00,
        1.25013629e+00, -1.22682397e+00,  5.56246427e+00,  4.73035105e+00,
        3.21626686e+00,  1.06675636e+00,  9.86129707e+00,  1.52912479e-01,
        1.24688623e+00, -1.28742904e+00,  2.24143223e+00,  1.49661707e+00,
        8.46235819e+00, -2.02544986e+00, -2.73372050e+00,  1.84978859e+00,
       -2.63966473e+00, -5.19034500e+00, -2.02374991e+00,  2.34093236e+00,
       -5.27840645e-01,  4.09108195e+00,  3.99017134e+00,  2.89601208e+00,
        2.51312484e+00,  4.87413272e+00,  4.56277919e+00, -1.00607878e+00,
        5.06304406e+00,  4.15834936e+00,  5.03444668e+00, -5.61496186e+00,
       -6.46694375e-01,  2.57428852e-01,  4.03496191e+00,  3.56182802e+00,
        4.33737087e+00,  3.73184434e+00, -2.36295724e+00,  3.56293913e+00,
       -5.65343538e-01,  6.29863606e+00,  3.95987109e+00,  2.13224932e+00,
       -2.26897074e+00, -5.38030794e+00,  9.97592688e-01,  3.66431687e+00,
        1.57925054e+00,  2.53012046e+00,  1.76513082e-01,  4.79613812e+00,
        2.28658757e+00,  5.75121573e+00,  1.58973455e+00,  5.15330643e+00,
       -6.74321098e+00,  1.85268184e+00,  1.20521436e-01,  6.24173445e-01,
        7.79906911e+00, -3.27375223e+00,  9.43109889e+00,  8.33036730e-01,
       -4.31411630e+00, -9.43459469e-01,  1.23040914e+00,  8.82063214e+00,
       -5.54076062e+00,  1.19938495e+01, -1.77049359e+00, -1.11719336e+00,
        2.77816101e+00,  3.98095008e+00, -2.72855420e+00, -4.55619997e+00,
       -6.51867782e+00,  1.63520186e+00,  2.10059411e+00,  1.47510150e+00,
        1.07848547e-01,  4.77881857e+00,  5.07281675e+00,  2.77346408e+00,
       -7.91936116e+00,  5.56929217e+00,  1.67545829e+00,  5.72139175e+00,
        1.58629300e+00,  1.38830764e-01,  4.36128944e-01, -4.19481194e+00,
        9.12493862e+00,  3.51053035e+00, -3.94365277e+00, -5.77345902e+00,
        3.78950777e+00, -1.88642221e-01,  1.79819474e-01, -1.16804420e+00,
        3.60195755e-02,  8.83414275e+00,  2.85991911e+00,  3.86753226e+00,
        3.86865944e+00,  5.06997797e+00,  5.56728120e+00,  1.94688818e+00,
        1.16577321e+00, -2.33971963e+00,  3.04653333e+00,  5.17487893e+00,
        1.01510568e+01, -1.37505401e+00,  2.54852792e+00, -5.24270739e-01,
        1.73984387e+00,  4.64409030e+00,  5.53382653e+00,  2.36842585e+00,
        4.28571196e+00, -1.93884723e+00,  8.75161620e+00,  3.64841969e+00,
       -1.68292751e+00,  9.99695560e+00,  3.10780839e+00,  1.13486859e+00,
        1.68449209e+00, -5.26994377e+00, -1.08745782e-01, -1.04739209e+00,
        1.21822566e+00,  5.96027889e+00,  3.84845059e+00, -1.51714163e+00,
        3.19437980e+00,  5.47407346e+00, -3.68653447e-01,  3.48769875e+00,
        5.62004737e+00,  5.23546415e+00, -4.90976212e-01, -1.80852378e+00,
        3.31947493e+00,  4.62186142e+00,  5.52439370e+00, -2.05728541e+00,
        2.38115059e+00, -4.20766569e-01,  4.18912896e+00,  9.31431681e-02,
        8.07385590e+00,  8.90601156e+00,  2.32168083e+00,  5.88373399e-01,
       -3.65281155e-01,  3.45334342e+00,  3.58250225e-01,  1.08973277e+00,
        5.34471619e+00,  3.94510271e+00, -6.57762510e-01, -2.47481703e+00,
        5.07657623e+00,  9.58812240e-01,  1.45978241e+01,  6.78542154e+00,
        2.89142362e+00,  3.50713528e+00,  1.98551162e+00,  9.75313973e-01,
        8.05094652e-01,  4.56923635e-01, -2.82669316e+00,  1.38878708e+00,
       -7.31126305e+00,  7.84226136e+00,  1.21818728e+00,  7.89464434e-01,
        1.07891062e+00,  1.87545283e+00,  1.19274386e+00,  1.22535249e+01,
        4.40493538e+00,  7.02247860e-01, -4.17955442e+00,  5.85825617e+00,
        2.04144586e+00, -2.34378590e+00, -4.40045579e-01,  8.95974002e+00,
        2.53860578e+00,  4.64232593e-01,  4.21274961e+00, -5.87981567e+00,
        1.79558698e+00, -3.16459769e+00, -4.80647844e+00,  1.57140696e+00,
       -9.14844003e-01,  2.20880775e+00, -8.53992878e-01,  5.97600117e+00,
        3.30431989e+00,  6.24054686e+00, -3.87208465e+00,  3.88963386e+00,
        6.63148017e+00,  5.59752590e-01,  1.46069156e+00,  1.30481433e-01,
        7.72627923e-01,  7.26678540e+00,  9.41782799e+00,  2.48858015e+00,
       -1.72509334e+00, -2.52001932e+00,  3.94494791e+00,  8.11435775e+00,
       -2.29412167e+00,  5.58502362e+00,  3.03696992e+00,  2.96578906e+00,
        3.91559302e+00, -1.30128940e+00,  5.03004331e+00,  9.18234134e+00,
        2.27976708e+00, -8.47784205e-01,  9.51112483e-01,  4.21654863e+00,
       -7.79221690e-01, -2.72859627e+00,  7.32684321e+00, -3.00502745e+00,
        1.33587692e+01,  4.95618902e-01, -2.48926730e+00,  4.43228351e+00,
        5.90345762e-03, -5.87628794e-01, -1.63106443e+00,  4.40945491e-01,
        4.37553417e+00,  1.33936103e+00,  2.41225670e+00,  5.61754502e+00,
        4.87612077e-01,  5.40985159e+00, -7.18838282e-01,  5.13334649e+00,
        6.00124898e+00,  1.11510107e+00,  4.28110180e+00,  3.63458549e-01,
       -4.58733029e+00,  4.89194955e+00,  6.61139116e+00, -4.32739598e+00,
        3.21324728e+00,  2.15409811e+00,  4.95419277e+00,  8.39123114e-01,
        1.80374117e+00,  2.74102274e+00,  3.37526448e+00,  2.33096631e+00,
        3.99075029e+00, -3.70188963e+00, -1.53283707e+00,  5.91746086e+00,
        3.64240192e+00,  5.71163399e+00,  4.65227629e+00, -1.03901685e+00,
        4.84247332e+00,  3.92950174e+00,  4.32633722e+00, -5.09393577e+00,
        5.08817737e+00,  3.75616124e+00,  7.64859287e-01, -1.92058464e+00,
       -1.35555713e+00,  3.36166705e+00,  1.00307654e+01,  7.09395546e+00,
       -2.79544208e+00, -1.34913870e+00,  2.62123847e+00,  1.52198470e-01,
       -2.30887126e+00, -7.50585606e-01,  4.49018944e+00,  5.19183078e+00,
        8.92840106e+00, -3.27420185e-01,  5.48972513e+00,  1.15434764e+00,
        4.15239932e+00,  4.61945652e+00,  2.16965085e+00,  2.08569755e+00,
       -7.35064856e+00,  3.39854168e+00,  5.49263081e-01,  1.31501148e+00,
        2.69949108e+00,  4.97040314e+00, -1.47962894e+00,  3.90634863e+00,
        1.67377879e+00,  4.69844863e-01,  1.42945082e-01, -3.46460934e+00,
        6.65716588e+00,  5.22035620e+00,  8.28065844e-01, -2.45959485e+00,
        1.93840447e+00,  9.63929392e-01, -3.04203817e-02, -1.56305943e+00,
       -3.10341478e+00,  1.77626281e+00,  2.20243949e+00, -4.69083333e+00,
        3.94326057e+00,  6.75504177e+00,  4.78438380e+00,  6.82665362e+00,
        6.70399369e+00,  1.92919636e+00,  1.95283033e+00,  2.90934212e+00,
        1.83849379e+00, -3.64880884e+00,  8.82988613e+00, -4.46931450e-01,
        6.03578903e+00,  3.70673513e+00,  2.91398345e+00,  4.58690820e+00,
       -4.34849029e+00,  3.78354561e+00, -1.05102562e+00,  3.99033166e+00,
        9.88488329e+00,  4.14206585e-01,  1.03553769e+01, -9.66745999e-01,
       -1.79614212e+00,  3.12126608e+00,  2.25646583e+00,  4.88832297e+00,
       -2.72539793e+00,  2.15068865e+00,  7.45663751e+00,  5.36920048e+00,
        2.62132320e+00,  7.19936786e+00,  6.43901731e+00,  6.20900551e+00,
       -9.94912810e-01,  5.21728025e+00,  5.63138653e+00, -8.24569674e-01,
       -6.43863035e-01, -4.16774611e+00,  2.01015784e+00, -2.99877044e+00,
        1.86658316e+00,  4.64740437e-01,  3.43988412e+00,  9.15101998e-01,
        5.60994992e+00,  2.73934119e-01, -3.72949792e-01, -6.11129039e-01,
        3.34201934e+00,  2.19547290e+00,  3.08109909e+00,  6.73828588e+00,
       -4.46105929e+00,  4.25301032e+00,  4.13232551e+00,  8.30581132e+00,
       -8.24908906e+00, -6.49382664e-01, -2.68498530e+00,  9.11164671e+00,
        1.95031510e+00,  1.01506450e+00,  7.99831438e+00,  3.04357369e-01,
        7.67422695e+00, -5.19621612e+00,  4.05471279e+00,  8.44209079e-04,
       -1.37725589e+00,  6.78072830e+00,  3.38234963e+00,  6.02666600e+00,
        9.21911730e+00,  4.40747784e+00,  4.12399892e-01,  2.79208626e+00,
        9.30113891e+00,  3.79761767e+00,  2.78222517e+00,  7.95081542e+00,
        1.89952489e+00,  4.13456579e+00,  2.49022221e+00, -8.12997169e-01,
        3.63934565e+00,  3.63136098e+00,  6.16598715e+00,  9.39499505e+00,
       -1.96964389e+00,  4.86576561e+00,  5.19092344e+00, -3.54593100e+00,
        1.16225240e+00,  2.72364589e-01,  5.84168445e+00,  6.51591197e+00,
       -1.97246797e-01, -3.15970116e+00,  2.25340997e+00,  1.29251736e+00]), array([-9.73060359e-02,  5.93470266e+00,  8.43659527e+00,  1.12883135e+00,
       -1.65542718e+00,  1.23121429e-02, -1.95236916e+00,  7.96112766e+00,
        4.03194396e+00,  3.85721993e+00, -3.82112316e+00,  3.89700133e+00,
        4.34430061e+00,  5.60819104e-01,  2.15281038e+00, -3.11537124e+00,
        3.74984680e+00,  7.12965475e+00,  4.92127573e+00,  2.78509864e+00,
        2.10008254e+00, -1.28620377e-02, -2.02042956e+00, -2.55486395e+00,
        6.22765362e+00,  3.32667329e+00, -8.64792681e-01,  2.46262584e+00,
        3.24331412e+00,  2.12606683e+00,  3.04810535e+00,  5.51036969e+00,
        3.91293063e+00, -1.42428268e+00,  1.35042529e+00, -6.20675400e-01,
        3.72056323e+00,  3.08245321e+00,  3.62784526e+00,  1.44677888e-01,
       -3.19241401e+00,  2.22704052e-01,  5.27036129e+00,  4.56448693e+00,
       -4.38926297e+00,  7.66349969e+00,  1.98705135e+00,  1.64672682e+01,
        9.47997728e-01,  8.44031946e+00,  5.42156318e+00,  5.10497444e-01,
       -2.10371770e+00,  8.64327390e+00,  6.02244501e+00,  6.53578768e+00,
        2.85220326e+00,  1.08974671e+00, -2.76320196e+00,  9.81334633e+00,
        3.27342548e+00,  6.32472696e+00,  6.41352136e+00,  3.77134991e+00,
        3.89642049e+00,  8.43320452e+00, -6.75501894e+00,  3.70449072e+00,
        3.15042495e+00,  1.47597296e+01,  1.13211973e+00,  3.30175997e+00,
        1.13896262e+00, -4.03391211e+00,  5.94138289e+00,  1.29168620e+00,
        6.15185784e+00,  5.06868186e+00,  4.57245319e+00,  3.23744236e+00,
        4.75642603e+00,  4.08277866e+00, -2.52500250e+00,  2.55170395e+00,
        8.81618071e+00, -1.16009652e+00,  6.44245742e+00, -5.44020896e+00,
        2.06325841e+00,  3.45651733e+00,  8.76298472e-01,  3.56080713e+00,
       -4.61232399e-01,  7.18159707e+00,  2.06017090e+00,  4.75512020e+00,
        5.36598874e+00, -5.51883302e+00,  6.79878998e+00, -3.10253972e+00,
        5.24281785e+00,  7.12546296e+00,  2.68447390e-01,  9.92718533e+00,
        4.09813061e+00,  5.16271290e+00,  3.06691146e+00,  1.47557273e+00,
       -9.32336447e-01, -8.09703634e-01,  4.21109137e+00,  7.92493974e+00,
        4.39706528e+00,  2.40446665e+00,  5.23866800e+00,  5.00900867e+00,
        4.06283806e-01,  4.92750475e+00,  1.03187010e+01,  4.76306006e+00,
        1.15458350e+00, -9.83839753e-01,  1.76948905e+00,  1.96727669e-01,
        6.26378256e+00,  8.68547779e+00, -7.80209429e-01,  4.95634890e+00,
        2.71862495e+00,  7.47620537e+00,  2.16324758e+00, -1.54388421e+00,
        7.63147217e+00, -4.05733715e+00,  6.06389724e+00,  7.68860524e+00,
        6.05932995e+00,  1.87625072e+00, -5.84984247e-01,  4.88638431e+00,
       -1.11683930e+00,  6.99548128e+00, -3.50886001e+00,  6.32865745e-01,
        7.12829179e+00,  4.42954672e+00,  6.82095007e+00,  4.35530793e-01,
        6.54821814e+00,  7.14280289e+00,  5.03784312e+00,  1.95734979e+00,
        7.23160862e+00,  2.78093237e+00,  5.79280606e+00,  3.40603092e+00,
       -1.15510330e+00,  2.50631663e+00, -3.42734769e-02,  3.53083906e+00,
        2.35592142e+00,  4.43156316e+00,  1.01799036e+00,  4.11575236e+00,
        5.63581065e+00,  4.87289172e+00,  2.75749157e+00,  4.14390247e+00,
        4.59520026e+00,  2.96519108e+00, -1.72859202e+00,  7.21505606e+00,
        3.09319942e+00,  4.55824739e+00,  6.28469631e+00,  2.26465726e-01,
        7.66212227e+00, -2.75748073e+00,  8.43925863e+00,  3.52207051e+00,
        2.07484845e+00, -3.14917998e-01, -2.34116630e+00,  2.86352857e+00,
        4.72422425e+00,  4.26597661e+00,  3.13940539e+00,  3.51418485e+00,
        4.51164656e+00,  1.61372069e+00, -1.95095074e+00,  3.25171841e+00,
        1.56778874e+00,  1.06464238e+00,  3.49921974e+00,  4.63677364e+00,
        3.12621830e+00,  3.03088673e+00,  4.56444727e+00,  2.58790934e+00,
        3.14991266e+00,  1.28537771e+00,  1.63730404e-01,  8.59389145e-01,
        1.77096288e+00,  6.26636336e+00,  3.51276593e+00,  6.82051720e+00,
        1.48519703e+00,  7.49239064e+00,  2.29406402e+00, -7.36030894e-01,
       -7.83622341e-01,  5.88056534e+00,  5.13963022e+00,  6.44383641e+00,
        5.25264321e+00,  5.89905585e+00, -1.96902263e+00,  7.18476306e-01,
        5.51395185e+00,  5.65125749e+00,  7.11568052e+00,  1.24456078e+00,
        6.11202511e+00,  1.74877744e+00,  1.94793229e+00,  1.34425315e+00,
        7.89919411e+00,  6.64458336e+00,  4.59838976e+00, -2.15514423e+00,
        6.98616327e+00, -2.60628459e+00, -1.91941046e-01, -3.20725896e-01,
        1.37672418e+00, -9.72442952e-01,  7.80420208e+00,  9.04541852e+00,
        4.17433081e+00,  6.75650017e+00,  1.08728369e+01,  4.46506879e+00,
        6.67451953e-01,  1.75104787e+00,  5.18870295e+00,  8.94874408e-01,
        1.10831413e+00, -6.40119975e+00,  4.71236623e-01,  1.06805967e+01,
       -1.92209704e+00,  3.55441858e+00, -6.96498264e-01,  5.67962031e+00,
       -1.52617632e+00, -3.10169791e+00, -2.10851392e+00,  1.33809368e+00,
        1.43174674e+00,  1.35019402e+00,  2.05755387e+00,  9.20768655e+00,
        6.44073333e+00,  6.94386675e+00,  1.10136575e+00,  2.58775576e+00,
        4.39827786e-01,  1.14635189e+01, -3.50309376e+00,  3.70397284e+00,
        5.02871254e-01,  3.35411630e+00,  2.20833200e+00,  7.22341072e+00,
        4.34242000e+00,  4.44030503e+00, -6.30445361e-01,  5.28891969e+00,
        9.61376246e+00, -7.35423657e+00, -4.19187436e+00,  3.48884814e+00,
       -1.50795418e+00,  2.80144932e-01,  9.04643661e+00,  1.31502246e+00,
        7.45852597e+00,  7.25845282e+00, -2.65881645e+00,  8.52060043e+00,
        3.22559246e+00,  1.94198334e+00, -1.20228999e+00,  3.02076170e+00,
        6.89273763e+00,  5.05163545e+00,  3.35804036e+00,  3.08623594e+00,
        4.96279618e+00, -7.85117646e-02, -6.84477690e+00, -2.45832051e+00,
        1.63861311e+00,  9.62397088e+00,  5.22133882e+00, -5.74535345e-01,
        4.88087881e+00,  1.07063415e+01,  1.93983065e+00,  7.31650873e-01,
        8.20371549e-01, -5.69549693e+00,  1.32523127e+00, -3.01919764e-01,
        4.84097783e-01,  2.87214438e+00, -1.97697231e+00,  4.53699454e+00,
        6.41583208e+00,  2.39703187e-01, -4.83178260e-01,  6.48338108e+00,
        3.47177683e+00,  1.06712629e+01,  4.04940238e+00,  8.31482167e-01,
       -7.17609286e-01,  4.56835966e+00,  8.18348469e+00,  5.68787965e+00,
       -2.46120820e+00,  2.64829840e+00,  5.62329078e+00,  5.97557542e+00,
        4.89208241e+00,  2.74943371e+00,  3.70772437e+00,  4.06621698e+00,
        5.92130788e+00, -6.62002517e-01,  1.52141989e+00,  4.10566224e+00,
        1.47354382e+00,  8.53206030e-01, -1.02273597e+00,  1.50735951e+00,
        5.11125047e+00,  7.97149167e+00, -4.24337146e-02,  2.54534059e-01,
        7.01806435e-01,  8.76256183e+00,  4.94661322e+00,  6.18613555e+00,
        5.21767222e+00,  5.29038145e+00, -1.49358948e-01, -3.08571940e-01,
        5.86583032e+00, -2.97132986e-01,  8.81265575e-01,  4.01096637e+00,
        7.12461433e+00,  6.22318003e+00,  5.81643704e+00,  2.29783468e+00,
        1.96682653e+00, -8.50307836e-01,  6.63712948e+00,  5.37468512e+00,
        3.48110846e+00,  1.99346266e+00,  1.05744412e+01,  7.73945764e-01,
        1.18655491e+00, -7.50984874e-01,  3.17114330e+00,  2.15410913e+00,
        9.43737072e+00, -1.31706885e+00, -2.15687313e+00,  3.14324563e+00,
       -1.83669447e+00, -4.29718947e+00, -1.04641278e+00,  3.37057743e+00,
        5.87459073e-01,  5.03497501e+00,  4.78947982e+00,  3.53623615e+00,
        2.89947165e+00,  6.08110482e+00,  5.38249628e+00, -5.29224605e-01,
        5.56922805e+00,  5.25897358e+00,  6.33528723e+00, -5.47836280e+00,
        3.49298043e-01,  1.29866708e+00,  5.34089703e+00,  5.07373717e+00,
        4.47067292e+00,  4.58541476e+00, -1.27818663e+00,  4.61549235e+00,
        1.75152850e-01,  7.03386113e+00,  4.41909593e+00,  2.63432169e+00,
       -1.75120545e+00, -4.90939560e+00,  2.15723082e+00,  4.59775746e+00,
        2.40745201e+00,  3.35382524e+00,  1.20623045e+00,  5.97623763e+00,
        2.97547736e+00,  6.36073635e+00,  2.74886628e+00,  5.63461978e+00,
       -6.19979133e+00,  2.88450724e+00,  5.91115862e-01,  1.74055150e+00,
        8.25348947e+00, -2.47234025e+00,  9.92935517e+00,  1.93806090e+00,
       -3.23549436e+00, -1.12011611e-01,  1.86232945e+00,  8.71498079e+00,
       -4.24321351e+00,  1.16897532e+01, -6.91256342e-01, -4.43793617e-01,
        3.61323571e+00,  4.18037951e+00, -1.63392032e+00, -3.99751366e+00,
       -5.56253501e+00,  2.28122571e+00,  3.72455627e+00,  2.24173814e+00,
        9.15849426e-01,  5.69974684e+00,  5.80703006e+00,  4.13485010e+00,
       -7.84464648e+00,  6.17579758e+00,  2.41167524e+00,  6.31602272e+00,
        2.14683999e+00,  1.07829874e+00,  9.69613333e-01, -4.14516587e+00,
        9.02082877e+00,  4.20463842e+00, -3.20824291e+00, -4.70453679e+00,
        4.49869624e+00,  9.33542969e-01,  1.16076621e+00, -3.34470557e-01,
        8.12754355e-01,  9.56804804e+00,  3.69293749e+00,  4.34579247e+00,
        4.49610940e+00,  6.39597640e+00,  5.79585107e+00,  2.04416087e+00,
        2.71335798e+00, -1.07871304e+00,  4.17604260e+00,  6.09801740e+00,
        1.05127056e+01, -7.78666711e-01,  2.86235059e+00, -2.30997108e-02,
        2.24066510e+00,  5.17167693e+00,  6.55874415e+00,  2.92958358e+00,
        5.22069143e+00, -1.11928867e+00,  8.73609594e+00,  4.59997541e+00,
       -1.26536649e+00,  1.01298996e+01,  2.83186637e+00,  1.61675803e+00,
        2.56111503e+00, -4.07005691e+00,  1.12271292e+00,  9.68781423e-03,
        2.22879237e+00,  6.87066948e+00,  4.31921334e+00, -1.69928781e+00,
        3.94560065e+00,  5.85506395e+00, -5.11308289e-03,  4.13791758e+00,
        6.29204871e+00,  6.06981329e+00,  1.93811017e-01, -1.39086270e+00,
        4.34669250e+00,  5.24259102e+00,  5.77972724e+00, -1.35892570e+00,
        3.07865183e+00,  6.78291160e-01,  5.33971241e+00,  8.71585598e-01,
        8.83765720e+00,  9.24726396e+00,  3.26917875e+00,  9.56078608e-01,
        7.54847729e-01,  4.20577993e+00,  5.43861993e-01,  1.46850035e+00,
        5.79109371e+00,  4.90624659e+00,  4.14932893e-01, -1.40786390e+00,
        5.90410030e+00,  1.56683979e+00,  1.43679395e+01,  7.18236277e+00,
        3.13294570e+00,  3.40129169e+00,  2.64695397e+00,  9.95985243e-01,
        1.56661078e+00,  1.41054288e+00, -1.85916034e+00,  1.67382379e+00,
       -6.49697273e+00,  8.71089508e+00,  1.60020162e+00,  1.50954991e+00,
        1.85709039e+00,  1.72956285e+00,  1.45171075e+00,  1.23765097e+01,
        5.29967457e+00,  9.87382723e-01, -3.02479086e+00,  5.98740121e+00,
        2.54716304e+00, -1.47487902e+00,  5.73112563e-01,  9.30847514e+00,
        3.28676654e+00,  1.08842763e+00,  5.13167020e+00, -5.23080478e+00,
        3.19189888e+00, -2.30205377e+00, -4.05492022e+00,  2.00496115e+00,
       -8.58601803e-02,  2.78624107e+00, -7.46564688e-02,  6.47313277e+00,
        3.72180188e+00,  6.53115584e+00, -2.60042414e+00,  4.66507346e+00,
        7.04317705e+00,  1.51122309e+00,  2.13843927e+00,  1.26948931e+00,
        1.35769981e+00,  8.45243472e+00,  1.01719358e+01,  2.79488868e+00,
       -7.06666321e-01, -1.76575052e+00,  4.01095364e+00,  9.59007373e+00,
       -2.05906274e+00,  6.12615821e+00,  3.68632583e+00,  3.74518566e+00,
        5.01658567e+00, -7.78746461e-01,  5.24364039e+00,  1.02148229e+01,
        2.94758635e+00,  5.26824310e-01,  2.03129608e+00,  4.99546961e+00,
       -3.07098638e-01, -1.14640168e+00,  7.92423592e+00, -2.02587544e+00,
        1.35015567e+01,  1.68901089e+00, -1.75695791e+00,  5.13619225e+00,
        8.21043894e-01,  2.53324253e-01, -3.64527062e-01,  1.42120625e+00,
        4.99767004e+00,  2.71779240e+00,  3.18589808e+00,  6.27370022e+00,
        1.52124653e+00,  6.60083021e+00, -9.45393828e-01,  5.94714849e+00,
        6.21512019e+00,  2.78711063e+00,  4.88830053e+00,  1.20516690e+00,
       -3.74522702e+00,  5.25733157e+00,  6.53429412e+00, -3.41725353e+00,
        3.87687232e+00,  2.48360883e+00,  5.27367080e+00,  1.17883640e+00,
        2.20317579e+00,  3.07869729e+00,  4.75157907e+00,  3.55565140e+00,
        4.44887821e+00, -2.84117078e+00, -1.78503891e+00,  6.47366793e+00,
        3.96570215e+00,  6.58746541e+00,  5.08496683e+00, -3.32486857e-01,
        5.35089409e+00,  4.61296955e+00,  5.02677125e+00, -4.46470934e+00,
        5.90129808e+00,  4.29338173e+00,  1.70297787e+00, -1.68395797e+00,
       -5.21023442e-01,  3.52639173e+00,  1.10569063e+01,  7.67426180e+00,
       -1.41348560e+00, -6.76291632e-01,  3.01764300e+00,  6.67879113e-01,
       -2.01071744e+00, -5.27700785e-01,  5.63666281e+00,  5.67792842e+00,
        1.00722556e+01,  7.56717036e-01,  6.42635446e+00,  1.88785477e+00,
        4.61187003e+00,  4.91203927e+00,  2.50910984e+00,  2.77720314e+00,
       -6.63077415e+00,  4.71526854e+00,  3.91379394e-01,  2.19123235e+00,
        2.90698839e+00,  5.59295578e+00, -9.88702947e-01,  4.61519458e+00,
        1.67040095e+00,  5.37943505e-01,  1.25577481e+00, -2.25306329e+00,
        7.12746459e+00,  5.84074346e+00,  1.73886375e+00, -2.05130542e+00,
        2.11177874e+00,  1.86616242e+00,  1.14870941e+00, -5.71451752e-01,
       -1.92660970e+00,  2.48898691e+00,  2.48713854e+00, -3.57841129e+00,
        4.75619259e+00,  7.28813357e+00,  5.53934802e+00,  7.98095643e+00,
        7.29411651e+00,  2.28842156e+00,  2.36573093e+00,  3.20071805e+00,
        1.49440826e+00, -2.73302327e+00,  9.15556180e+00,  8.12949683e-01,
        6.55014200e+00,  3.73941577e+00,  3.63534902e+00,  4.85964944e+00,
       -3.48750434e+00,  4.69777485e+00,  3.88869671e-01,  5.10104000e+00,
        1.06903719e+01,  1.03107059e+00,  1.11051027e+01, -1.16728964e-01,
       -9.06390670e-01,  3.90660348e+00,  3.52299694e+00,  5.07677214e+00,
       -1.90871273e+00,  3.33472802e+00,  7.93827956e+00,  6.40268263e+00,
        3.09689486e+00,  7.89907952e+00,  6.92904425e+00,  7.00946412e+00,
       -1.59637663e-01,  5.55797359e+00,  6.48686004e+00, -2.73560236e-02,
        1.31820280e-01, -3.12059676e+00,  2.47925131e+00, -1.53494477e+00,
        2.58757584e+00,  1.29680810e+00,  4.03889215e+00,  1.74232955e+00,
        6.25869743e+00,  1.29177537e+00,  5.09668711e-01,  5.81273163e-01,
        3.62885979e+00,  2.75023398e+00,  4.16689488e+00,  7.27818993e+00,
       -3.49982986e+00,  5.57742982e+00,  4.89319116e+00,  8.24586052e+00,
       -7.15126597e+00,  4.15490234e-02, -1.88370384e+00,  1.00867454e+01,
        2.73928464e+00,  1.53216506e+00,  9.01859691e+00,  1.12699194e+00,
        8.21742746e+00, -3.64273718e+00,  3.85472196e+00,  6.02730013e-01,
       -9.52606099e-01,  6.99467134e+00,  3.95400290e+00,  6.61335312e+00,
        9.80688676e+00,  5.20690337e+00,  1.29770685e+00,  3.45926433e+00,
        1.01015618e+01,  4.29895119e+00,  3.77661802e+00,  8.39307599e+00,
        2.50850306e+00,  5.34905420e+00,  3.68407608e+00,  2.12053238e-01,
        4.75863181e+00,  4.52012620e+00,  6.26043958e+00,  1.00152635e+01,
       -1.19620458e+00,  5.43033938e+00,  5.98271669e+00, -2.69931090e+00,
        1.87557654e+00,  9.64400738e-01,  6.15733824e+00,  7.36126660e+00,
        2.86075513e-01, -2.38989833e+00,  2.73961887e+00,  2.26774307e+00]), array([ 6.64320374e-01,  6.84521778e+00,  8.68069932e+00,  1.01488743e+00,
       -4.51773888e-01,  9.00663204e-01, -7.86860632e-01,  8.63467805e+00,
        4.15857868e+00,  4.83713652e+00, -3.07951044e+00,  5.03777778e+00,
        4.97283953e+00,  4.38016056e-01,  2.75148097e+00, -2.53283026e+00,
        4.47795900e+00,  7.98011113e+00,  5.77586974e+00,  3.82088383e+00,
        2.93525350e+00,  3.31784136e-01, -1.03546683e+00, -1.42094669e+00,
        6.39240948e+00,  3.90527358e+00, -6.78790852e-01,  2.95334528e+00,
        4.07496800e+00,  2.16048134e+00,  3.85447142e+00,  5.68361658e+00,
        4.43670403e+00, -2.37586503e-01,  1.68678861e+00,  4.36433717e-01,
        4.57039205e+00,  3.48657399e+00,  4.04322487e+00,  7.20704976e-01,
       -2.47038510e+00,  9.89403502e-01,  5.58076526e+00,  5.07567892e+00,
       -3.30862793e+00,  8.14788266e+00,  2.26212162e+00,  1.67185633e+01,
        1.63567326e+00,  8.93854400e+00,  6.08624237e+00,  1.42391112e+00,
       -1.26764161e+00,  9.12388552e+00,  6.71220503e+00,  6.28877187e+00,
        3.38805208e+00,  1.85541946e+00, -1.85261043e+00,  1.07990920e+01,
        3.76701224e+00,  6.58693979e+00,  8.02944362e+00,  4.39071191e+00,
        4.40322274e+00,  8.74456344e+00, -5.70368389e+00,  4.53889398e+00,
        3.31646813e+00,  1.51192879e+01,  2.09139934e+00,  3.94361329e+00,
        2.13984449e+00, -2.72430079e+00,  6.56173817e+00,  1.77273063e+00,
        6.54246293e+00,  5.75361559e+00,  5.30523280e+00,  4.10370381e+00,
        5.23783599e+00,  4.21078932e+00, -1.45436894e+00,  3.62124900e+00,
        9.37303922e+00,  2.51787291e-01,  7.34336184e+00, -4.83463938e+00,
        2.72883712e+00,  4.23147801e+00,  1.07374979e+00,  4.60441608e+00,
        6.80060751e-01,  7.50850738e+00,  3.11355924e+00,  4.95107906e+00,
        5.84253915e+00, -4.96852408e+00,  7.48471087e+00, -2.65980539e+00,
        6.16602828e+00,  7.42649797e+00,  1.15488404e+00,  1.05218699e+01,
        5.11462338e+00,  5.56011975e+00,  3.70315375e+00,  1.81060069e+00,
        1.90794465e-01, -1.00864199e-01,  3.97447562e+00,  8.94822177e+00,
        5.62896148e+00,  3.36935636e+00,  5.46435702e+00,  5.28653061e+00,
        9.61547774e-01,  5.49692502e+00,  1.05771513e+01,  5.31658038e+00,
        1.68092546e+00, -2.42679427e-01,  2.13394683e+00,  6.44832261e-03,
        7.09087004e+00,  9.43666213e+00,  1.17433641e-01,  5.10022185e+00,
        3.36638765e+00,  7.56773834e+00,  3.45436441e+00, -3.23958070e-01,
        8.34335795e+00, -3.33249678e+00,  6.76235634e+00,  8.03913278e+00,
        6.58096781e+00,  2.79728169e+00,  2.26919544e-01,  5.74657190e+00,
       -3.82623633e-01,  7.37020452e+00, -2.42572830e+00,  1.98946437e+00,
        7.90192036e+00,  5.15982059e+00,  7.68123500e+00,  1.45959627e+00,
        7.34410197e+00,  7.04916797e+00,  5.37941467e+00,  2.30679118e+00,
        7.96450287e+00,  3.07779774e+00,  5.90250811e+00,  4.37350751e+00,
       -2.85450704e-01,  3.04143512e+00,  1.02195551e+00,  3.91910817e+00,
        3.17526258e+00,  5.03837664e+00,  1.48348843e+00,  4.67544922e+00,
        5.72246573e+00,  4.77007088e+00,  3.31792737e+00,  4.68779966e+00,
        4.96861729e+00,  4.07665222e+00, -8.81345779e-01,  8.28605722e+00,
        3.43559456e+00,  5.23336625e+00,  7.16520474e+00,  1.01228896e+00,
        7.91559820e+00, -1.60809989e+00,  8.84344376e+00,  4.30727501e+00,
        3.04256463e+00,  2.59360810e-01, -1.59405306e+00,  3.72166249e+00,
        5.67828503e+00,  5.17399681e+00,  4.46273298e+00,  3.85128962e+00,
        5.19437083e+00,  2.74903671e+00, -1.20088248e+00,  3.82913607e+00,
        2.42884045e+00,  1.44997471e+00,  4.15650296e+00,  5.54155008e+00,
        3.90421885e+00,  3.53038268e+00,  5.43511498e+00,  2.94056798e+00,
        4.24268325e+00,  2.28273725e+00,  7.25383599e-01,  1.45830421e+00,
        2.60657411e+00,  6.88665086e+00,  4.40129344e+00,  7.36098189e+00,
        2.09632859e+00,  8.04102998e+00,  3.31991276e+00, -9.53816726e-02,
       -1.21800059e-01,  6.48573158e+00,  5.71737404e+00,  7.52313652e+00,
        6.66553044e+00,  7.11541745e+00, -9.77537446e-01,  1.14843975e+00,
        6.13902867e+00,  6.53798040e+00,  8.27118944e+00,  2.37159708e+00,
        6.53526178e+00,  2.28410532e+00,  3.11887084e+00,  2.02714334e+00,
        8.20942208e+00,  7.13698386e+00,  5.25912295e+00, -1.31214131e+00,
        7.75500300e+00, -2.62364099e+00,  8.12665350e-01,  7.35660230e-01,
        2.10230129e+00, -5.19116528e-02,  8.65897834e+00,  9.55233616e+00,
        4.81314637e+00,  7.52316008e+00,  1.13845754e+01,  5.81306141e+00,
        1.55990123e+00,  2.29294068e+00,  5.97063086e+00,  1.30904929e+00,
        1.69793730e+00, -4.84722964e+00,  1.41432568e+00,  1.14128900e+01,
       -1.47817216e+00,  4.12376002e+00,  1.41408978e-01,  5.86564604e+00,
        6.55493929e-02, -2.81486047e+00, -1.23856804e+00,  2.12503098e+00,
        1.87867489e+00,  2.40164459e+00,  2.95248403e+00,  1.04723914e+01,
        6.79553236e+00,  6.98777550e+00,  1.49021512e+00,  3.03910911e+00,
        9.74479801e-01,  1.26185880e+01, -2.42737464e+00,  4.30438797e+00,
        1.26405685e+00,  4.18564344e+00,  2.62702841e+00,  8.41037292e+00,
        5.79101755e+00,  5.45770594e+00,  1.67078854e-01,  5.92567023e+00,
        1.00634384e+01, -6.47553835e+00, -3.42314980e+00,  4.21176642e+00,
       -7.94005639e-01,  8.09156870e-01,  9.61571905e+00,  2.32248417e+00,
        8.60153595e+00,  8.33265817e+00, -1.89104900e+00,  9.34021542e+00,
        3.88556588e+00,  2.66489695e+00, -2.90353854e-01,  3.85801382e+00,
        7.72955979e+00,  5.47443477e+00,  3.48313690e+00,  4.15462972e+00,
        5.85409669e+00, -2.60790994e-01, -6.66115202e+00, -8.52142336e-01,
        2.86417126e+00,  9.72942250e+00,  5.97418397e+00, -5.02863235e-01,
        5.76748286e+00,  1.14667744e+01,  2.29110424e+00,  7.99667673e-01,
        1.35638178e+00, -4.90022683e+00,  2.02079752e+00,  1.04113402e-01,
        5.26335030e-01,  3.48294340e+00, -1.54051577e+00,  5.05121630e+00,
        6.87271298e+00,  1.03547645e+00,  4.39483279e-01,  7.19859967e+00,
        4.05222206e+00,  1.17915828e+01,  4.72934772e+00,  1.61849001e+00,
       -1.89554249e-01,  4.80120794e+00,  8.68053685e+00,  6.15425497e+00,
       -1.92808646e+00,  2.97777590e+00,  6.36624642e+00,  6.48112719e+00,
        5.08162126e+00,  3.56977340e+00,  4.28134138e+00,  4.03920803e+00,
        6.27007742e+00,  1.15199518e-01,  2.17090431e+00,  4.78149269e+00,
        2.10762840e+00,  1.27031731e+00, -3.78513954e-01,  2.12228822e+00,
        6.49290033e+00,  8.74814632e+00,  2.25787703e-01,  1.24254589e+00,
        1.29988116e+00,  1.00813676e+01,  5.39102812e+00,  6.32438225e+00,
        6.63692884e+00,  6.38049511e+00,  1.30386209e+00,  8.52303068e-01,
        6.13354021e+00, -1.16620278e-01,  2.18630233e+00,  4.43542760e+00,
        7.44913551e+00,  6.99187216e+00,  6.15372171e+00,  3.02841940e+00,
        2.68123331e+00, -4.66876759e-01,  7.69529855e+00,  6.00698542e+00,
        3.74154530e+00,  2.91134226e+00,  1.12615164e+01,  1.39057239e+00,
        1.12725569e+00, -2.05200280e-01,  4.09054458e+00,  2.80359232e+00,
        1.03884853e+01, -6.08835163e-01, -1.57188172e+00,  4.42432567e+00,
       -1.02938678e+00, -3.39710106e+00, -7.65417832e-02,  4.38355263e+00,
        1.69085826e+00,  5.96259146e+00,  5.58071691e+00,  4.16552144e+00,
        3.27735068e+00,  7.26503039e+00,  6.18431721e+00, -4.82889137e-02,
        6.05765636e+00,  6.34386107e+00,  7.61771783e+00, -5.32079462e+00,
        1.33944713e+00,  2.32967576e+00,  6.62313437e+00,  6.56223788e+00,
        4.59440900e+00,  5.42397773e+00, -1.93209229e-01,  5.64796985e+00,
        9.14812381e-01,  7.75564124e+00,  4.86827611e+00,  3.13102514e+00,
       -1.22978623e+00, -4.42296562e+00,  3.30824450e+00,  5.51666127e+00,
        3.22725018e+00,  4.16868666e+00,  2.22822375e+00,  7.13510004e+00,
        3.65605367e+00,  6.95416764e+00,  3.89566693e+00,  6.10201441e+00,
       -5.63734599e+00,  3.90530317e+00,  1.06400231e+00,  2.84808523e+00,
        8.69122617e+00, -1.67128997e+00,  1.04080607e+01,  3.03714512e+00,
       -2.15008605e+00,  7.20197305e-01,  2.48598416e+00,  8.59438340e+00,
       -2.94078072e+00,  1.13656578e+01,  3.85683370e-01,  2.29258028e-01,
        4.43513393e+00,  4.37041845e+00, -5.34829142e-01, -3.42216136e+00,
       -4.59802306e+00,  2.92270033e+00,  5.33098131e+00,  3.00534392e+00,
        1.71981540e+00,  6.60759673e+00,  6.52152362e+00,  5.47948254e+00,
       -7.74853593e+00,  6.76858148e+00,  3.14698259e+00,  6.89593528e+00,
        2.70690424e+00,  2.01268362e+00,  1.49638283e+00, -4.08764403e+00,
        8.89863495e+00,  4.88736768e+00, -2.46992314e+00, -3.62626405e+00,
        5.19723450e+00,  2.05089316e+00,  2.13751607e+00,  5.00955196e-01,
        1.58902292e+00,  1.02766047e+01,  4.51562544e+00,  4.81521939e+00,
        5.11089645e+00,  7.69614552e+00,  6.02267091e+00,  2.14581872e+00,
        4.24570669e+00,  1.82630988e-01,  5.29084591e+00,  7.00123233e+00,
        1.08523732e+01, -1.75800294e-01,  3.17311624e+00,  4.77455892e-01,
        2.74092909e+00,  5.68420161e+00,  7.56809708e+00,  3.48257871e+00,
        6.13960834e+00, -2.99441192e-01,  8.70399492e+00,  5.53394619e+00,
       -8.44063218e-01,  1.02364378e+01,  2.55430145e+00,  2.10030646e+00,
        3.42823695e+00, -2.86577494e+00,  2.34048345e+00,  1.06945700e+00,
        3.23250698e+00,  7.76901897e+00,  4.78210457e+00, -1.86767434e+00,
        4.68543290e+00,  6.22248299e+00,  3.64840022e-01,  4.77924723e+00,
        6.94879530e+00,  6.88554742e+00,  8.73992595e-01, -9.69200500e-01,
        5.36522557e+00,  5.85354534e+00,  6.02312308e+00, -6.61626966e-01,
        3.76531768e+00,  1.77256260e+00,  6.47348045e+00,  1.64679769e+00,
        9.57543897e+00,  9.56229311e+00,  4.19937444e+00,  1.32347950e+00,
        1.86421407e+00,  4.94458684e+00,  7.32306631e-01,  1.84691125e+00,
        6.22805161e+00,  5.85234618e+00,  1.48321246e+00, -3.45075262e-01,
        6.71656200e+00,  2.17215571e+00,  1.41103816e+01,  7.56489585e+00,
        3.36886203e+00,  3.29264890e+00,  3.30039628e+00,  1.01525329e+00,
        2.32268963e+00,  2.35929652e+00, -8.91021966e-01,  1.95940326e+00,
       -5.66908793e+00,  9.55873167e+00,  1.98183279e+00,  2.22761687e+00,
        2.62747900e+00,  1.58483526e+00,  1.70895441e+00,  1.24734854e+01,
        6.18395370e+00,  1.27653708e+00, -1.86357074e+00,  6.10549240e+00,
        3.04730789e+00, -6.05632645e-01,  1.57658940e+00,  9.63540992e+00,
        4.03126013e+00,  1.70904401e+00,  6.03812202e+00, -4.56476974e+00,
        4.57008158e+00, -1.43205916e+00, -3.29054488e+00,  2.43329033e+00,
        7.40301955e-01,  3.35374157e+00,  7.01872000e-01,  6.95204797e+00,
        4.12818372e+00,  6.80738477e+00, -1.32641589e+00,  5.42663094e+00,
        7.43616960e+00,  2.45874441e+00,  2.81266346e+00,  2.40113354e+00,
        1.94204556e+00,  9.61216029e+00,  1.08990692e+01,  3.09689050e+00,
        3.12337623e-01, -1.01189800e+00,  4.07074679e+00,  1.10337376e+01,
       -1.81467696e+00,  6.65425604e+00,  4.32670083e+00,  4.51776086e+00,
        6.10060005e+00, -2.59104214e-01,  5.44507346e+00,  1.12180858e+01,
        3.60768159e+00,  1.88938569e+00,  3.09961036e+00,  5.76341573e+00,
        1.63874685e-01,  4.32405726e-01,  8.49753174e+00, -1.04052568e+00,
        1.36164016e+01,  2.87417673e+00, -1.01907972e+00,  5.82509950e+00,
        1.63195601e+00,  1.08967122e+00,  9.00867158e-01,  2.39112048e+00,
        5.60975710e+00,  4.08132234e+00,  3.95228293e+00,  6.91413879e+00,
        2.55078847e+00,  7.77182195e+00, -1.15937331e+00,  6.73975864e+00,
        6.41595466e+00,  4.44599222e+00,  5.48140772e+00,  2.03995868e+00,
       -2.89924132e+00,  5.60764313e+00,  6.44694543e+00, -2.49992230e+00,
        4.53361747e+00,  2.80828250e+00,  5.58493947e+00,  1.52571225e+00,
        2.59441613e+00,  3.41382332e+00,  6.10982198e+00,  4.76804280e+00,
        4.90092906e+00, -1.97352472e+00, -2.03169533e+00,  7.01465556e+00,
        4.27648567e+00,  7.44602712e+00,  5.50807521e+00,  3.68803228e-01,
        5.83913203e+00,  5.28075529e+00,  5.71656724e+00, -3.82448615e+00,
        6.69695696e+00,  4.81978795e+00,  2.63065727e+00, -1.44200779e+00,
        3.13893745e-01,  3.68372046e+00,  1.20561821e+01,  8.23794254e+00,
       -3.34623462e-02, -2.99224074e-03,  3.40896624e+00,  1.18625900e+00,
       -1.70454468e+00, -3.01149672e-01,  6.76526859e+00,  6.15274554e+00,
        1.11843453e+01,  1.83639861e+00,  7.34503969e+00,  2.62102451e+00,
        5.06128139e+00,  5.19343556e+00,  2.85014650e+00,  3.46175629e+00,
       -5.89720174e+00,  6.02056258e+00,  2.37702526e-01,  3.05538745e+00,
        3.11005391e+00,  6.20260635e+00, -4.94698977e-01,  5.31493827e+00,
        1.66800464e+00,  6.17174286e-01,  2.36621252e+00, -1.04132146e+00,
        7.58419871e+00,  6.44339957e+00,  2.64390383e+00, -1.63547661e+00,
        2.28398194e+00,  2.75956050e+00,  2.31991538e+00,  4.16409973e-01,
       -7.52084774e-01,  3.19194949e+00,  2.76567891e+00, -2.46090859e+00,
        5.56115528e+00,  7.80593408e+00,  6.28040090e+00,  9.11051772e+00,
        7.86890917e+00,  2.64551175e+00,  2.77070392e+00,  3.48034955e+00,
        1.15769120e+00, -1.80931789e+00,  9.45618598e+00,  2.06552807e+00,
        7.05010036e+00,  3.76702484e+00,  4.35122988e+00,  5.12204363e+00,
       -2.61753142e+00,  5.59714956e+00,  1.82261631e+00,  6.19472969e+00,
        1.14702942e+01,  1.63924116e+00,  1.18227899e+01,  7.33294618e-01,
       -1.19784782e-02,  4.67947765e+00,  4.77311214e+00,  5.25336160e+00,
       -1.08626470e+00,  4.50493622e+00,  8.40401139e+00,  7.41540032e+00,
        3.56397301e+00,  8.57421158e+00,  7.40334112e+00,  7.79616821e+00,
        6.75689620e-01,  5.88801624e+00,  7.32414874e+00,  7.66903058e-01,
        9.11197207e-01, -2.06901856e+00,  2.94370304e+00, -7.77402009e-02,
        3.30106646e+00,  2.11950866e+00,  4.62592056e+00,  2.56792361e+00,
        6.89545668e+00,  2.29777847e+00,  1.39469135e+00,  1.77126200e+00,
        3.91088888e+00,  3.30189607e+00,  5.23656818e+00,  7.80089121e+00,
       -2.53878737e+00,  6.88167269e+00,  5.63952681e+00,  8.17788424e+00,
       -6.04053405e+00,  7.31648069e-01, -1.08585983e+00,  1.10364634e+01,
        3.51900536e+00,  2.04995716e+00,  1.00131841e+01,  1.94687582e+00,
        8.73978042e+00, -2.08570220e+00,  3.65182644e+00,  1.20429918e+00,
       -5.18733896e-01,  7.19118933e+00,  4.51633422e+00,  7.17849473e+00,
        1.03702627e+01,  5.99763095e+00,  2.17848027e+00,  4.11142519e+00,
        1.08725579e+01,  4.79026456e+00,  4.75824987e+00,  8.81535829e+00,
        3.10578676e+00,  6.54778615e+00,  4.86564254e+00,  1.23145379e+00,
        5.86184414e+00,  5.39413089e+00,  6.34094453e+00,  1.06094268e+01,
       -4.23741230e-01,  5.98308854e+00,  6.76063558e+00, -1.85104820e+00,
        2.58406341e+00,  1.64701030e+00,  6.45983140e+00,  8.19111182e+00,
        7.68465984e-01, -1.61521104e+00,  3.22272987e+00,  3.23484520e+00]), array([ 1.56622587e+00,  7.86579191e+00,  9.04660234e+00,  1.07590229e+00,
        9.20782992e-01,  1.85512530e+00,  5.57092671e-01,  9.41387378e+00,
        4.44254406e+00,  5.93245319e+00, -2.21462278e+00,  6.33332661e+00,
        5.72788499e+00,  4.79637147e-01,  3.46896987e+00, -1.82595756e+00,
        5.31217422e+00,  8.97200240e+00,  6.72868215e+00,  5.00521622e+00,
        3.85501878e+00,  8.01555313e-01,  6.24655993e-02, -1.72627997e-01,
        6.68015728e+00,  4.60791566e+00, -3.89772718e-01,  3.53554058e+00,
        5.05284204e+00,  2.33437182e+00,  4.79400175e+00,  5.96193637e+00,
        5.05051393e+00,  1.01627667e+00,  2.17694883e+00,  1.61153763e+00,
        5.50908626e+00,  4.02854288e+00,  4.56612332e+00,  1.45427254e+00,
       -1.57990611e+00,  1.88136052e+00,  6.00202158e+00,  5.73603101e+00,
       -2.14375776e+00,  8.69772983e+00,  2.69835338e+00,  1.70406813e+01,
        2.43435358e+00,  9.55925412e+00,  6.87631756e+00,  2.44548636e+00,
       -2.91631687e-01,  9.70154508e+00,  7.54338147e+00,  6.18442163e+00,
        4.05175217e+00,  2.71762438e+00, -8.22745518e-01,  1.19042482e+01,
        4.36578497e+00,  7.00665368e+00,  9.72218520e+00,  5.12159062e+00,
        5.01795235e+00,  9.15963742e+00, -4.50058555e+00,  5.47921166e+00,
        3.61334894e+00,  1.55510924e+01,  3.17755808e+00,  4.69058531e+00,
        3.23020027e+00, -1.27462347e+00,  7.27563959e+00,  2.34285507e+00,
        7.07998220e+00,  6.58110570e+00,  6.13365487e+00,  5.09283087e+00,
        5.84042382e+00,  4.43349138e+00, -2.90532911e-01,  4.78623808e+00,
        1.00580901e+01,  1.75007313e+00,  8.37479467e+00, -4.06892873e+00,
        3.49002471e+00,  5.15558551e+00,  1.39247936e+00,  5.76330992e+00,
        1.95614029e+00,  7.94034749e+00,  4.25419864e+00,  5.29374792e+00,
        6.39424857e+00, -4.29649299e+00,  8.28474536e+00, -2.12506534e+00,
        7.20685028e+00,  7.84371887e+00,  2.13883308e+00,  1.12257518e+01,
        6.22920750e+00,  6.11765889e+00,  4.49164397e+00,  2.27300684e+00,
        1.43939929e+00,  7.04652740e-01,  3.90956624e+00,  1.00940399e+01,
        6.94022271e+00,  4.45771777e+00,  5.82871610e+00,  5.72473006e+00,
        1.66587464e+00,  6.18705474e+00,  1.09262129e+01,  5.95999582e+00,
        2.36304661e+00,  6.15102263e-01,  2.61521643e+00, -8.88460489e-03,
        8.04088468e+00,  1.02736075e+01,  1.15498233e+00,  5.29606517e+00,
        4.12423207e+00,  7.76800698e+00,  4.83480007e+00,  9.85544974e-01,
        9.20201407e+00, -2.43734436e+00,  7.55875334e+00,  8.52109474e+00,
        7.22066875e+00,  3.85677074e+00,  1.18546459e+00,  6.71086395e+00,
        4.65412543e-01,  7.83502705e+00, -1.20771911e+00,  3.47729539e+00,
        8.77270349e+00,  6.01546349e+00,  8.63404181e+00,  2.59234768e+00,
        8.24057929e+00,  7.06693199e+00,  5.88638471e+00,  2.81764222e+00,
        8.81663040e+00,  3.52039044e+00,  6.12123809e+00,  5.43732688e+00,
        6.73286147e-01,  3.71967239e+00,  2.22307645e+00,  4.40167182e+00,
        4.10845580e+00,  5.75019897e+00,  2.08485963e+00,  5.34625016e+00,
        5.94938308e+00,  4.81001093e+00,  4.00135438e+00,  5.34663230e+00,
        5.44336242e+00,  5.29135925e+00,  1.00492330e-01,  9.46781066e+00,
        3.89090534e+00,  6.00043420e+00,  8.15992018e+00,  1.91630759e+00,
        8.30240071e+00, -3.61639624e-01,  9.32545205e+00,  5.20388836e+00,
        4.12480151e+00,  9.32747319e-01, -7.34908385e-01,  4.68961197e+00,
        6.70404960e+00,  6.19352331e+00,  5.85095337e+00,  4.30872572e+00,
        6.00006562e+00,  3.96301305e+00, -3.23963323e-01,  4.51503562e+00,
        3.41835926e+00,  1.95140471e+00,  4.89639477e+00,  6.54712846e+00,
        4.79746145e+00,  4.14504444e+00,  6.41301167e+00,  3.39128391e+00,
        5.44411347e+00,  3.38660216e+00,  1.41368823e+00,  2.15607258e+00,
        3.55617323e+00,  7.61947075e+00,  5.37434819e+00,  8.03256088e+00,
        2.85401698e+00,  8.70532749e+00,  4.46212502e+00,  6.48224987e-01,
        6.70014803e-01,  7.19603023e+00,  6.41501781e+00,  8.65576126e+00,
        8.11656723e+00,  8.40373124e+00,  1.15063807e-01,  1.70588398e+00,
        6.89429070e+00,  7.53622896e+00,  9.51344185e+00,  3.63422255e+00,
        7.07033984e+00,  2.98663719e+00,  4.41314539e+00,  2.84398442e+00,
        8.62084917e+00,  7.78849264e+00,  6.06049352e+00, -3.66770240e-01,
        8.63751033e+00, -2.51220964e+00,  1.95853683e+00,  1.92140503e+00,
        2.95068048e+00,  9.97542729e-01,  9.60710377e+00,  1.01272579e+01,
        5.60883064e+00,  8.37008739e+00,  1.19654167e+01,  7.25063653e+00,
        2.55315270e+00,  2.96382133e+00,  6.89126807e+00,  1.87317781e+00,
        2.42985134e+00, -3.18937115e+00,  2.46471285e+00,  1.22136404e+01,
       -9.23061224e-01,  4.79385015e+00,  1.10639280e+00,  6.19480714e+00,
        1.75589310e+00, -2.39775937e+00, -2.60142509e-01,  3.03479318e+00,
        2.48558382e+00,  3.54388154e+00,  3.96618590e+00,  1.18054902e+01,
        7.26747834e+00,  7.17740934e+00,  2.01269718e+00,  3.58769077e+00,
        1.59392838e+00,  1.37973312e+01, -1.23531264e+00,  4.98972390e+00,
        2.13702612e+00,  5.13053248e+00,  3.15404898e+00,  9.69971278e+00,
        7.33960012e+00,  6.58936102e+00,  1.11982403e+00,  6.68764772e+00,
        1.06230936e+01, -5.48501386e+00, -2.49350475e+00,  5.06166562e+00,
        6.41678602e-02,  1.49107263e+00,  1.02860081e+01,  3.46687867e+00,
        9.86934990e+00,  9.50220272e+00, -1.00486441e+00,  1.02131399e+01,
        4.66370091e+00,  3.51052487e+00,  7.39565171e-01,  4.78168212e+00,
        8.64970186e+00,  6.04243600e+00,  3.73262058e+00,  5.31678490e+00,
        6.84228708e+00, -2.70837089e-01, -6.33173249e+00,  8.30475453e-01,
        4.19000342e+00,  9.94883366e+00,  6.83276922e+00, -2.74921944e-01,
        6.71727739e+00,  1.23597850e+01,  2.77615679e+00,  9.80965773e-01,
        2.03586247e+00, -3.96772334e+00,  2.81502993e+00,  6.49195999e-01,
        7.38219997e-01,  4.23909568e+00, -9.68471703e-01,  5.68449773e+00,
        7.44615736e+00,  1.95206568e+00,  1.48746212e+00,  8.03233689e+00,
        4.75066699e+00,  1.29492807e+01,  5.56798742e+00,  2.53381290e+00,
        4.82718990e-01,  5.17028819e+00,  9.29411669e+00,  6.73229545e+00,
       -1.24784523e+00,  3.40921992e+00,  7.19578217e+00,  7.09850328e+00,
        5.39523262e+00,  4.51585125e+00,  4.95918024e+00,  4.17099886e+00,
        6.77467195e+00,  1.02028246e+00,  2.89326809e+00,  5.58936887e+00,
        2.86970695e+00,  1.81698516e+00,  3.89238100e-01,  2.85326360e+00,
        7.93180500e+00,  9.61049697e+00,  5.97023424e-01,  2.37475465e+00,
        2.02552068e+00,  1.14884575e+01,  5.92600270e+00,  6.63097620e+00,
        8.14968997e+00,  7.53588100e+00,  2.83782873e+00,  2.16263401e+00,
        6.50955292e+00,  1.86904771e-01,  3.61390133e+00,  4.98077614e+00,
        7.88093543e+00,  7.84451914e+00,  6.60359052e+00,  3.88666439e+00,
        3.52503599e+00,  2.66939619e-02,  8.85590052e+00,  6.75603053e+00,
        4.12670848e+00,  3.96164517e+00,  1.20330210e+01,  2.10524132e+00,
        1.17314485e+00,  4.80707475e-01,  5.10225589e+00,  3.57597353e+00,
        1.13822291e+01,  2.20743284e-01, -8.08165596e-01,  5.79941991e+00,
       -1.10777322e-01, -2.37537775e+00,  1.00388440e+00,  5.53834581e+00,
        2.93826945e+00,  6.96971886e+00,  6.45905113e+00,  4.88226987e+00,
        3.78398645e+00,  8.56563798e+00,  7.09998699e+00,  5.60581896e-01,
        6.66973363e+00,  7.53779775e+00,  9.02381474e+00, -5.02625853e+00,
        2.39983228e+00,  3.47367378e+00,  8.02076042e+00,  8.14762341e+00,
        4.86202238e+00,  6.33356874e+00,  9.70625232e-01,  6.76833718e+00,
        1.81543910e+00,  8.56031295e+00,  5.42699433e+00,  3.78764993e+00,
       -5.81325034e-01, -3.78120859e+00,  4.56394399e+00,  6.53872594e+00,
        4.19644106e+00,  5.11367964e+00,  3.35375773e+00,  8.38096563e+00,
        4.44611256e+00,  7.68575489e+00,  5.12749064e+00,  6.67121377e+00,
       -4.96101569e+00,  5.05459139e+00,  1.66142784e+00,  4.08146162e+00,
        9.25559356e+00, -7.60690392e-01,  1.09577113e+01,  4.27655834e+00,
       -9.81890029e-01,  1.69941090e+00,  3.20880968e+00,  8.62673521e+00,
       -1.50259740e+00,  1.11718408e+01,  1.55064765e+00,  1.00624636e+00,
        5.33294957e+00,  4.67509562e+00,  6.71435482e-01, -2.70948822e+00,
       -3.50231383e+00,  3.66839262e+00,  6.98531975e+00,  3.82843485e+00,
        2.61828513e+00,  7.60805042e+00,  7.31930719e+00,  6.90383927e+00,
       -7.46399419e+00,  7.46924507e+00,  3.99012821e+00,  7.55507216e+00,
        3.39839909e+00,  3.05925826e+00,  2.14939137e+00, -3.86359800e+00,
        8.89153879e+00,  5.64718292e+00, -1.59639878e+00, -2.41231068e+00,
        6.03204162e+00,  3.26762671e+00,  3.22440153e+00,  1.43288824e+00,
        2.48214387e+00,  1.10610084e+01,  5.45847589e+00,  5.42836984e+00,
        5.84826815e+00,  9.10147715e+00,  6.33803474e+00,  2.37662746e+00,
        5.89372968e+00,  1.54854658e+00,  6.51218997e+00,  8.02174467e+00,
        1.12892646e+01,  5.40847927e-01,  3.58474317e+00,  1.12375686e+00,
        3.36619658e+00,  6.37627880e+00,  8.68296437e+00,  4.11478111e+00,
        7.20072710e+00,  6.72486192e-01,  8.77262215e+00,  6.62880453e+00,
       -3.03626404e-01,  1.04716803e+01,  2.42600107e+00,  2.67342552e+00,
        4.41767665e+00, -1.55440469e+00,  3.66297473e+00,  2.23821506e+00,
        4.39211568e+00,  8.71654051e+00,  5.34517336e+00, -1.91573088e+00,
        5.53909600e+00,  6.73909557e+00,  8.77405689e-01,  5.53483589e+00,
        7.67531318e+00,  7.78508154e+00,  1.69205267e+00, -4.02091979e-01,
        6.50493699e+00,  6.59239802e+00,  6.35852033e+00,  1.90045509e-01,
        4.54975999e+00,  2.96819583e+00,  7.70398074e+00,  2.52430917e+00,
        1.04111307e+01,  1.00137064e+01,  5.25179863e+00,  1.83053201e+00,
        3.11004970e+00,  5.80417267e+00,  1.03735066e+00,  2.34219748e+00,
        6.80647482e+00,  6.88180459e+00,  2.65074892e+00,  8.12373062e-01,
        7.61482922e+00,  2.89828536e+00,  1.39801084e+01,  8.07493136e+00,
        3.72799821e+00,  3.29560535e+00,  4.04022673e+00,  1.21573846e+00,
        3.16602320e+00,  3.43901992e+00,  1.54056177e-01,  2.37173234e+00,
       -4.73484137e+00,  1.05329527e+01,  2.49065083e+00,  3.05720096e+00,
        3.55470337e+00,  1.59700487e+00,  2.09626552e+00,  1.26848188e+01,
        7.22955990e+00,  1.70113553e+00, -5.82013186e-01,  6.29921775e+00,
        3.65221369e+00,  4.16295688e-01,  2.69612505e+00,  1.00694980e+01,
        4.88122545e+00,  2.47114541e+00,  7.01128415e+00, -3.79183498e+00,
        6.04742813e+00, -3.95754255e-01, -2.40465026e+00,  2.97937737e+00,
        1.68279211e+00,  4.04756436e+00,  1.57648870e+00,  7.55771098e+00,
        4.65629937e+00,  7.18292870e+00,  4.87252267e-02,  6.29423714e+00,
        7.91572892e+00,  3.48367357e+00,  3.59927594e+00,  3.68735775e+00,
        2.63443826e+00,  1.08652717e+01,  1.17484684e+01,  3.55036762e+00,
        1.45434683e+00, -1.19629745e-01,  4.26375827e+00,  1.25463115e+01,
       -1.41735360e+00,  7.27775041e+00,  5.08702701e+00,  5.40713708e+00,
        7.28859214e+00,  3.85427526e-01,  5.78729598e+00,  1.23055135e+01,
        4.40998765e+00,  3.38389363e+00,  4.27337493e+00,  6.64241624e+00,
        7.87728321e-01,  2.15963831e+00,  9.19902711e+00,  4.47576191e-02,
        1.38709985e+01,  4.18208941e+00, -1.34605214e-01,  6.62540788e+00,
        2.55383795e+00,  2.06556233e+00,  2.29169714e+00,  3.47512724e+00,
        6.34200426e+00,  5.53885983e+00,  4.84052532e+00,  7.61656507e+00,
        3.69194811e+00,  9.04160598e+00, -1.21773956e+00,  7.63934081e+00,
        6.74174863e+00,  6.15547937e+00,  6.21834657e+00,  2.98374263e+00,
       -1.89892483e+00,  6.06543233e+00,  6.51023570e+00, -1.50321486e+00,
        5.28218452e+00,  3.25731292e+00,  6.02164451e+00,  2.00441963e+00,
        3.13598660e+00,  3.84774390e+00,  7.56489359e+00,  6.01869258e+00,
        5.47031655e+00, -9.75264080e-01, -2.10392615e+00,  7.65745705e+00,
        4.66406581e+00,  8.37397808e+00,  6.05713401e+00,  1.24491121e+00,
        6.43780896e+00,  6.07012878e+00,  6.48745866e+00, -3.09450215e+00,
        7.62869950e+00,  5.47916392e+00,  3.67884790e+00, -1.05318474e+00,
        1.23868617e+00,  3.98786746e+00,  1.31203134e+01,  8.90487722e+00,
        1.45268514e+00,  7.81367539e-01,  3.90602263e+00,  1.80184610e+00,
       -1.26242998e+00,  7.27170665e-02,  7.99952343e+00,  6.70130822e+00,
        1.24008156e+01,  3.03861842e+00,  8.35465178e+00,  3.42656200e+00,
        5.66440539e+00,  5.58729063e+00,  3.33868746e+00,  4.28209905e+00,
       -5.03457298e+00,  7.40245162e+00,  2.09199349e-01,  4.05001123e+00,
        3.45529199e+00,  6.91484998e+00,  1.02267734e-01,  6.10572222e+00,
        1.79997225e+00,  8.37846063e-01,  3.56914891e+00,  3.06621974e-01,
        8.11508558e+00,  7.17248957e+00,  3.69047747e+00, -1.06753935e+00,
        2.56600401e+00,  3.74677319e+00,  3.61137319e+00,  1.53079825e+00,
        5.39339719e-01,  3.98039963e+00,  3.17151115e+00, -1.25912609e+00,
        6.46264116e+00,  8.44525461e+00,  7.11863167e+00,  1.03129439e+01,
        8.57498362e+00,  3.12591560e+00,  3.32699182e+00,  3.87709052e+00,
        9.64647580e-01, -8.12660076e-01,  9.87888246e+00,  3.42489986e+00,
        7.64644113e+00,  3.94895735e+00,  5.15015620e+00,  5.51783986e+00,
       -1.61334894e+00,  6.64075271e+00,  3.36472500e+00,  7.39488060e+00,
        1.23652137e+01,  2.35368610e+00,  1.26152965e+01,  1.68349458e+00,
        1.03277163e+00,  5.56711735e+00,  6.12378360e+00,  5.58650678e+00,
       -1.27615476e-01,  5.76174546e+00,  8.98345180e+00,  8.53241454e+00,
        4.16862961e+00,  9.34004730e+00,  8.01339753e+00,  8.68001093e+00,
        1.62213276e+00,  6.33759902e+00,  8.28746140e+00,  1.71274838e+00,
        1.75657550e+00, -9.09042156e-01,  3.53322856e+00,  1.50099729e+00,
        4.10537229e+00,  3.07006925e+00,  5.37050291e+00,  3.53897981e+00,
        7.65010733e+00,  3.40343247e+00,  2.35501544e+00,  3.06717638e+00,
        4.32355937e+00,  4.02354542e+00,  6.42393390e+00,  8.43253900e+00,
       -1.41496786e+00,  8.26274099e+00,  6.47586275e+00,  8.23982267e+00,
       -4.77806844e+00,  1.54301440e+00, -1.71076736e-01,  1.20553703e+01,
        4.40348991e+00,  2.67782661e+00,  1.11068384e+01,  2.87004874e+00,
        9.40750047e+00, -4.55879699e-01,  3.58644589e+00,  1.94353247e+00,
        3.17047945e-02,  7.50009244e+00,  5.20143949e+00,  7.86445097e+00,
        1.10705335e+01,  6.88143207e+00,  3.21615480e+00,  4.87859146e+00,
        1.17458697e+01,  5.40274368e+00,  5.84624988e+00,  9.33020226e+00,
        3.83603430e+00,  7.84836662e+00,  6.12102728e+00,  2.35279315e+00,
        7.04507578e+00,  6.39017308e+00,  6.60189730e+00,  1.12875323e+01,
        4.54807869e-01,  6.65942649e+00,  7.64333477e+00, -8.50691344e-01,
        3.45432558e+00,  2.43752938e+00,  6.89780438e+00,  9.09074183e+00,
        1.37005233e+00, -7.10003030e-01,  3.82916590e+00,  4.32806988e+00]), array([ 2.36044235e+00,  8.84033878e+00,  9.32357866e+00,  9.65625643e-01,
        2.17391547e+00,  2.78376928e+00,  1.73402718e+00,  1.01070270e+01,
        4.57776276e+00,  6.94110614e+00, -1.42086016e+00,  7.51124471e+00,
        6.38699985e+00,  3.85326760e-01,  4.12054716e+00, -1.20671230e+00,
        6.09600073e+00,  9.85584013e+00,  7.61980117e+00,  6.08282927e+00,
        4.75086261e+00,  1.19665776e+00,  1.09009260e+00,  9.96971679e-01,
        6.87719374e+00,  5.21617224e+00, -1.54607145e-01,  4.07141073e+00,
        5.90839691e+00,  2.39392803e+00,  5.62124926e+00,  6.17769239e+00,
        5.62054241e+00,  2.25770449e+00,  2.53031037e+00,  2.70168618e+00,
        6.41035813e+00,  4.45560560e+00,  5.01631915e+00,  2.06554303e+00,
       -8.03568704e-01,  2.67756591e+00,  6.33338232e+00,  6.26408759e+00,
       -1.01020498e+00,  9.21815638e+00,  3.01729022e+00,  1.73048938e+01,
        3.18556874e+00,  1.00942143e+01,  7.55480969e+00,  3.42878904e+00,
        5.77561837e-01,  1.02007638e+01,  8.27010381e+00,  5.96386976e+00,
        4.63135355e+00,  3.54602075e+00,  1.29701976e-01,  1.29189610e+01,
        4.91243398e+00,  7.26923528e+00,  1.13901354e+01,  5.79295059e+00,
        5.54808915e+00,  9.50176682e+00, -3.40287257e+00,  6.34333315e+00,
        3.82231926e+00,  1.59546369e+01,  4.16701018e+00,  5.34957732e+00,
        4.30707742e+00,  7.91298179e-02,  7.93753093e+00,  2.84921766e+00,
        7.49182644e+00,  7.28955695e+00,  6.89379092e+00,  5.98375137e+00,
        6.33974925e+00,  4.62258325e+00,  8.61275007e-01,  5.90066391e+00,
        1.06359367e+01,  3.23809628e+00,  9.27935695e+00, -3.40209111e+00,
        4.19191607e+00,  5.95916038e+00,  1.65200318e+00,  6.84167505e+00,
        3.12345902e+00,  8.28569375e+00,  5.39444140e+00,  5.48384622e+00,
        6.92137202e+00, -3.67938501e+00,  8.99712625e+00, -1.61934928e+00,
        8.15861962e+00,  8.15888865e+00,  3.06972812e+00,  1.18635549e+01,
        7.28349424e+00,  6.55590915e+00,  5.16203925e+00,  2.63380711e+00,
        2.59896452e+00,  1.46532374e+00,  3.69677059e+00,  1.11383420e+01,
        8.21097934e+00,  5.44763986e+00,  6.09031971e+00,  6.04596200e+00,
        2.26104978e+00,  6.78698354e+00,  1.12139249e+01,  6.55338636e+00,
        2.92177352e+00,  1.38572171e+00,  3.00804789e+00, -1.71106107e-01,
        8.91858585e+00,  1.10441121e+01,  2.08909319e+00,  5.49689012e+00,
        4.82653451e+00,  7.88908714e+00,  6.17455198e+00,  2.26948425e+00,
        9.94078718e+00, -1.65775361e+00,  8.28729811e+00,  8.90138079e+00,
        7.75295367e+00,  4.80691003e+00,  2.02795254e+00,  7.60988463e+00,
        1.25723686e+00,  8.23647532e+00, -1.04682526e-01,  4.85998385e+00,
        9.56438846e+00,  6.75943467e+00,  9.53103122e+00,  3.66098517e+00,
        9.07238676e+00,  7.01962113e+00,  6.25970447e+00,  3.19289184e+00,
        9.57277504e+00,  3.83483450e+00,  6.27159313e+00,  6.44635770e+00,
        1.58932387e+00,  4.29608676e+00,  3.29838489e+00,  4.82691745e+00,
        4.97781706e+00,  6.39640155e+00,  2.57041481e+00,  5.94523581e+00,
        6.05342646e+00,  4.71715763e+00,  4.60747024e+00,  5.91663642e+00,
        5.81501084e+00,  6.44920393e+00,  9.95478561e-01,  1.05819572e+01,
        4.26666647e+00,  6.69664938e+00,  9.08748949e+00,  2.73163865e+00,
        8.62082717e+00,  8.44724480e-01,  9.76981259e+00,  6.02596158e+00,
        5.13929523e+00,  1.56735847e+00,  6.14288235e-02,  5.57141320e+00,
        7.69592577e+00,  7.17127474e+00,  7.22127743e+00,  4.65817136e+00,
        6.73141614e+00,  5.14849444e+00,  4.65788471e-01,  5.12187029e+00,
        4.32577233e+00,  2.37339173e+00,  5.58879442e+00,  7.48967561e+00,
        5.60184783e+00,  4.66327391e+00,  7.32222377e+00,  3.78806612e+00,
        6.56747879e+00,  4.41699184e+00,  2.02488388e+00,  2.80209812e+00,
        4.41958505e+00,  8.25960157e+00,  6.28693264e+00,  8.58054274e+00,
        3.49710164e+00,  9.29728206e+00,  5.50496738e+00,  1.31453939e+00,
        1.37115280e+00,  7.83897671e+00,  7.03712904e+00,  9.79038139e+00,
        9.57046433e+00,  9.65046391e+00,  1.16017253e+00,  2.18349551e+00,
        7.57649186e+00,  8.44610237e+00,  1.07083501e+01,  4.79433126e+00,
        7.53640319e+00,  3.53878451e+00,  5.64347050e+00,  3.55767488e+00,
        8.96454297e+00,  8.31023928e+00,  6.74709305e+00,  5.07834824e-01,
        9.42416241e+00, -2.48974774e+00,  3.00248670e+00,  3.02925210e+00,
        3.69911552e+00,  1.95216509e+00,  1.05094630e+01,  1.06815181e+01,
        6.27362854e+00,  9.18369235e+00,  1.24894966e+01,  8.65777750e+00,
        3.48451415e+00,  3.55412868e+00,  7.70988520e+00,  2.31819059e+00,
        3.07747509e+00, -1.56978710e+00,  3.43898443e+00,  1.29940089e+01,
       -4.45452095e-01,  5.40162857e+00,  2.01116019e+00,  6.38527337e+00,
        3.41130023e+00, -2.05634055e+00,  6.52235400e-01,  3.83831254e+00,
        2.96107032e+00,  4.63781889e+00,  4.92555943e+00,  1.31284830e+01,
        7.66422561e+00,  7.25138869e+00,  2.44716100e+00,  4.08009801e+00,
        2.18104414e+00,  1.50075971e+01, -9.93348865e-02,  5.62856971e+00,
        2.94247589e+00,  6.01151761e+00,  3.63580008e+00,  1.09135947e+01,
        8.83880963e+00,  7.66089153e+00,  1.95166692e+00,  7.35465892e+00,
        1.11041223e+01, -4.55307191e+00, -1.69912452e+00,  5.82462138e+00,
        8.07588345e-01,  2.07176977e+00,  1.08642815e+01,  4.49472777e+00,
        1.10777424e+01,  1.06231067e+01, -2.00002895e-01,  1.10875073e+01,
        5.37865804e+00,  4.27355559e+00,  1.69666948e+00,  5.66666600e+00,
        9.53855134e+00,  6.49583868e+00,  3.87839300e+00,  6.42434062e+00,
        7.76278454e+00, -4.54404694e-01, -6.08326454e+00,  2.48750614e+00,
        5.46759501e+00,  1.01057097e+01,  7.61232005e+00, -1.61999448e-01,
        7.67052780e+00,  1.31200500e+01,  3.17262435e+00,  1.08221235e+00,
        2.58575787e+00, -3.13114715e+00,  3.53677516e+00,  1.08222155e+00,
        8.30744169e-01,  4.89383777e+00, -4.99489358e-01,  6.24102026e+00,
        7.93050859e+00,  2.80010090e+00,  2.45964959e+00,  8.77466435e+00,
        5.36347458e+00,  1.41014542e+01,  6.28503721e+00,  3.35040501e+00,
        1.03094948e+00,  5.44462164e+00,  9.83179535e+00,  7.25096354e+00,
       -6.58505168e-01,  3.78377273e+00,  7.98087059e+00,  7.63588602e+00,
        5.60544699e+00,  5.36646767e+00,  5.57165785e+00,  4.16627501e+00,
        7.13779917e+00,  1.82746164e+00,  3.56638788e+00,  6.31440380e+00,
        3.54250922e+00,  2.26479280e+00,  1.07059282e+00,  3.50184505e+00,
        9.37955008e+00,  1.04224072e+01,  9.08758472e-01,  3.39504356e+00,
        2.65996586e+00,  1.28404904e+01,  6.39547783e+00,  6.78782112e+00,
        9.61631852e+00,  8.66858706e+00,  4.36038092e+00,  3.36819154e+00,
        6.83001646e+00,  3.80497875e-01,  4.95407413e+00,  5.43781306e+00,
        8.24498480e+00,  8.63267988e+00,  6.98041558e+00,  4.64845887e+00,
        4.25949186e+00,  4.43809985e-01,  9.93468634e+00,  7.41485748e+00,
        4.41453221e+00,  4.91833541e+00,  1.27516115e+01,  2.77915448e+00,
        1.16380858e+00,  1.03311453e+00,  6.06646976e+00,  4.27124465e+00,
        1.23753921e+01,  9.82563035e-01, -2.09629016e-01,  7.12152062e+00,
        7.38112848e-01, -1.42164095e+00,  2.04927598e+00,  6.59945381e+00,
        4.09971653e+00,  7.94859057e+00,  7.27261796e+00,  5.56593249e+00,
        4.20760368e+00,  9.79459942e+00,  7.94772500e+00,  1.07353786e+00,
        7.20825912e+00,  8.65346536e+00,  1.03234499e+01, -4.83930123e+00,
        3.45557034e+00,  4.56061879e+00,  9.35675237e+00,  9.69150458e+00,
        5.02036955e+00,  7.22947989e+00,  2.10961362e+00,  7.86629123e+00,
        2.57874383e+00,  9.30344625e+00,  5.91457084e+00,  4.30565577e+00,
       -1.25379819e-02, -3.26714686e+00,  5.75293512e+00,  7.49897052e+00,
        5.04567496e+00,  5.95537037e+00,  4.42609841e+00,  9.58990380e+00,
        5.16756388e+00,  8.30438664e+00,  6.32745731e+00,  7.18049273e+00,
       -4.35794023e+00,  6.11054721e+00,  2.16174389e+00,  5.22690108e+00,
        9.70753942e+00,  1.09695363e-01,  1.14604987e+01,  5.39444921e+00,
        1.52503127e-01,  2.55394096e+00,  3.89196723e+00,  8.51703418e+00,
       -1.57068802e-01,  1.08585314e+01,  2.68193077e+00,  1.73052552e+00,
        6.21514222e+00,  4.91053092e+00,  1.80092997e+00, -2.11879135e+00,
       -2.48040933e+00,  4.34671414e+00,  8.65235087e+00,  4.63471741e+00,
        3.47131852e+00,  8.54212090e+00,  8.09574227e+00,  8.29851440e+00,
       -7.32790957e+00,  8.09032829e+00,  4.74136497e+00,  8.17616793e+00,
        3.97337420e+00,  4.03454616e+00,  2.73371359e+00, -3.74581774e+00,
        8.80279311e+00,  6.37995661e+00, -8.00288430e-01, -1.29630225e+00,
        6.75285954e+00,  4.42499044e+00,  4.23673320e+00,  2.30638583e+00,
        3.28713325e+00,  1.18124518e+01,  6.31328106e+00,  5.91944459e+00,
        6.50122031e+00,  1.04545253e+01,  6.56741248e+00,  2.49045199e+00,
        7.46805865e+00,  2.84610671e+00,  7.66637680e+00,  8.96607163e+00,
        1.16514507e+01,  1.16976006e+00,  3.93144041e+00,  1.66270268e+00,
        3.88479464e+00,  6.91220340e+00,  9.71058630e+00,  4.72342491e+00,
        8.14613378e+00,  1.52728416e+00,  8.77322981e+00,  7.59590978e+00,
        1.64966972e-01,  1.06202445e+01,  2.18145476e+00,  3.18662346e+00,
        5.32481637e+00, -2.93780354e-01,  4.94969365e+00,  3.31666213e+00,
        5.41263082e+00,  9.63835725e+00,  5.84154099e+00, -2.05363496e+00,
        6.31734666e+00,  7.13106432e+00,  1.26207228e+00,  6.20513039e+00,
        8.37648993e+00,  8.65152339e+00,  2.42121815e+00,  5.80717443e-02,
        7.53412544e+00,  7.21897636e+00,  6.64480075e+00,  9.33986655e-01,
        5.29033380e+00,  4.10540987e+00,  8.87468582e+00,  3.34403632e+00,
        1.11946008e+01,  1.03709493e+01,  6.24355394e+00,  2.22988909e+00,
        4.27322371e+00,  6.58510149e+00,  1.26380749e+00,  2.75425720e+00,
        7.25206716e+00,  7.87366994e+00,  3.76520075e+00,  1.94390548e+00,
        8.46477838e+00,  3.53683140e+00,  1.37316821e+01,  8.47666452e+00,
        4.00174980e+00,  3.22557484e+00,  4.74617568e+00,  1.26802906e+00,
        3.97328038e+00,  4.41675229e+00,  1.18607567e+00,  2.68443485e+00,
       -3.84662961e+00,  1.13928866e+01,  2.90074588e+00,  3.80583825e+00,
        4.35763345e+00,  1.47994139e+00,  2.39238953e+00,  1.28006474e+01,
        8.11079913e+00,  2.00816622e+00,  6.11356440e-01,  6.46397274e+00,
        4.19474116e+00,  1.32268580e+00,  3.76180697e+00,  1.04295649e+01,
        5.64303990e+00,  3.12653512e+00,  7.95736107e+00, -3.08953379e+00,
        7.48467151e+00,  4.87241496e-01, -1.60916942e+00,  3.45298681e+00,
        2.55663913e+00,  4.66272815e+00,  2.40854929e+00,  8.07703276e+00,
        5.11091538e+00,  7.49944101e+00,  1.36967502e+00,  7.09786009e+00,
        8.36124103e+00,  4.47399665e+00,  4.30388718e+00,  4.84559082e+00,
        3.25151969e+00,  1.20624511e+01,  1.25010756e+01,  3.87681575e+00,
        2.50573574e+00,  6.86789027e-01,  4.35573259e+00,  1.40381440e+01,
       -1.14509830e+00,  7.83844839e+00,  5.76018671e+00,  6.19961766e+00,
        8.41319780e+00,  9.68568562e-01,  6.02327136e+00,  1.33471236e+01,
        5.09808852e+00,  4.80143604e+00,  5.39700083e+00,  7.43455302e+00,
        1.30117319e+00,  3.76487348e+00,  9.81589992e+00,  1.06436205e+00,
        1.39896975e+01,  5.40173738e+00,  6.28787861e-01,  7.35588843e+00,
        3.40975049e+00,  2.94440517e+00,  3.58340918e+00,  4.50163831e+00,
        6.97644303e+00,  6.95614302e+00,  5.63373307e+00,  8.30682084e+00,
        4.75005402e+00,  1.02455263e+01, -1.41622922e+00,  8.48737867e+00,
        6.97465210e+00,  7.86536541e+00,  6.84408185e+00,  3.86989158e+00,
       -1.00300056e+00,  6.46878746e+00,  6.44027669e+00, -5.29593458e-01,
        5.97009935e+00,  3.62108070e+00,  6.35255583e+00,  2.35330028e+00,
        3.57217404e+00,  4.21403486e+00,  8.96477748e+00,  7.28863537e+00,
        5.94126471e+00, -7.34352468e-02, -2.30163279e+00,  8.23318646e+00,
        5.04490545e+00,  9.27514217e+00,  6.50388863e+00,  1.99045453e+00,
        6.99337022e+00,  6.78568337e+00,  7.21277557e+00, -2.39553339e+00,
        8.45470017e+00,  6.03786211e+00,  4.65929048e+00, -7.69185826e-01,
        2.12228630e+00,  4.18003589e+00,  1.41450742e+01,  9.49345633e+00,
        2.87777723e+00,  1.50288230e+00,  4.33535825e+00,  2.35311981e+00,
       -9.19691502e-01,  3.34652738e-01,  9.16288906e+00,  7.21622053e+00,
        1.35527302e+01,  4.15201440e+00,  9.31109916e+00,  4.19206800e+00,
        6.13449051e+00,  5.91043798e+00,  3.68348347e+00,  4.99495861e+00,
       -4.24430796e+00,  8.73136591e+00,  9.80863672e-02,  4.96640212e+00,
        3.68852508e+00,  7.55769487e+00,  6.46227116e-01,  6.83578311e+00,
        1.82984794e+00,  9.15964001e-01,  4.70833837e+00,  1.55978959e+00,
        8.60442080e+00,  7.81711825e+00,  4.62199145e+00, -6.21995324e-01,
        2.77683706e+00,  4.69487300e+00,  4.82362162e+00,  2.56700705e+00,
        1.76956270e+00,  4.74367136e+00,  3.49504519e+00, -8.31104821e-02,
        7.28615498e+00,  8.98221684e+00,  7.89519637e+00,  1.14889281e+01,
        9.16371235e+00,  3.51261079e+00,  3.77306837e+00,  4.21967658e+00,
        6.43903237e-01,  1.58178611e-01,  1.02234897e+01,  4.72199054e+00,
        8.18010079e+00,  4.00098490e+00,  5.89546566e+00,  5.81245853e+00,
       -7.11265552e-01,  7.56784726e+00,  4.83673735e+00,  8.52712557e+00,
        1.31594047e+01,  3.03109387e+00,  1.33850449e+01,  2.57480369e+00,
        1.93973778e+00,  6.38186955e+00,  7.42572387e+00,  5.79368949e+00,
        7.22192518e-01,  6.98294668e+00,  9.46757780e+00,  9.58696675e+00,
        4.67313328e+00,  1.00707849e+01,  8.50941849e+00,  9.48248493e+00,
        2.49572977e+00,  6.69536203e+00,  9.15319570e+00,  2.54325367e+00,
        2.57341774e+00,  1.91998377e-01,  4.03112298e+00,  3.01603978e+00,
        4.86648469e+00,  3.94690318e+00,  5.98703607e+00,  4.37531231e+00,
        8.30207766e+00,  4.47757196e+00,  3.27151412e+00,  4.28672857e+00,
        4.63008991e+00,  4.58043515e+00,  7.53652172e+00,  8.98662156e+00,
       -3.96973171e-01,  9.61619919e+00,  7.27032431e+00,  8.16621206e+00,
       -3.62165594e+00,  2.27389009e+00,  6.99226432e-01,  1.30362101e+01,
        5.22911312e+00,  3.22193933e+00,  1.21346684e+01,  3.72758646e+00,
        9.95224231e+00,  1.15611229e+00,  3.41123069e+00,  2.57424391e+00,
        4.87068638e-01,  7.74194397e+00,  5.79636223e+00,  8.48122134e+00,
        1.16534625e+01,  7.68999511e+00,  4.11907255e+00,  5.59241762e+00,
        1.25587939e+01,  5.92831726e+00,  6.86853660e+00,  9.79101589e+00,
        4.48823319e+00,  9.07561664e+00,  7.34715604e+00,  3.42655522e+00,
        8.19599765e+00,  7.30225123e+00,  6.70224657e+00,  1.19233122e+01,
        1.28602543e+00,  7.23742565e+00,  8.44741945e+00,  4.49123486e-02,
        4.18331451e+00,  3.19014041e+00,  7.22650224e+00,  9.94750726e+00,
        1.89833538e+00,  1.04992291e-01,  4.33624675e+00,  5.32837804e+00]), array([ 3.18202116e+00,  9.81286603e+00,  9.63610393e+00,  9.23388600e-01,
        3.45166580e+00,  3.69690648e+00,  2.97866792e+00,  1.08451398e+01,
        4.77791218e+00,  7.98220778e+00, -6.38957150e-01,  8.73421074e+00,
        7.07948340e+00,  3.26343275e-01,  4.77208140e+00, -5.82581816e-01,
        6.87644533e+00,  1.07876602e+01,  8.52828739e+00,  7.19329276e+00,
        5.62422881e+00,  1.58854801e+00,  2.11836335e+00,  2.17541125e+00,
        7.10401215e+00,  5.85417613e+00,  6.36472982e-02,  4.60145682e+00,
        6.81327097e+00,  2.48607948e+00,  6.49369752e+00,  6.40186341e+00,
        6.18724823e+00,  3.46854049e+00,  2.93310136e+00,  3.80964651e+00,
        7.30549245e+00,  4.92356997e+00,  5.48171676e+00,  2.70848906e+00,
       -1.75493704e-02,  3.49787328e+00,  6.69934897e+00,  6.85024234e+00,
        9.37113938e-02,  9.74363871e+00,  3.36236265e+00,  1.76224512e+01,
        3.91950948e+00,  1.06639283e+01,  8.28695158e+00,  4.38815745e+00,
        1.46872602e+00,  1.07414274e+01,  9.03620524e+00,  5.78504303e+00,
        5.22611192e+00,  4.35212722e+00,  1.08385974e+00,  1.39843001e+01,
        5.45404354e+00,  7.61322670e+00,  1.30614810e+01,  6.46629624e+00,
        6.10736113e+00,  9.87346674e+00, -2.30151166e+00,  7.23213313e+00,
        4.04540871e+00,  1.63764042e+01,  5.18535216e+00,  6.04266734e+00,
        5.34716182e+00,  1.44349697e+00,  8.60941617e+00,  3.36590046e+00,
        7.95910251e+00,  8.04927507e+00,  7.67723294e+00,  6.91205768e+00,
        6.88246604e+00,  4.79119024e+00,  1.96345347e+00,  7.01830788e+00,
        1.12694501e+01,  4.68599833e+00,  1.02561599e+01, -2.74441709e+00,
        4.90010995e+00,  6.80853317e+00,  1.89509603e+00,  7.94606956e+00,
        4.32556902e+00,  8.67079103e+00,  6.48861312e+00,  5.75145338e+00,
        7.43679681e+00, -3.09699380e+00,  9.74844720e+00, -1.15360883e+00,
        9.14727984e+00,  8.52339360e+00,  3.99694976e+00,  1.25280903e+01,
        8.35333559e+00,  7.03305215e+00,  5.87135080e+00,  3.02219660e+00,
        3.77638642e+00,  2.20925439e+00,  3.53650533e+00,  1.22383227e+01,
        9.49020555e+00,  6.47368559e+00,  6.38362571e+00,  6.40158920e+00,
        2.87934143e+00,  7.41842513e+00,  1.15308991e+01,  7.15270817e+00,
        3.51649744e+00,  2.17262572e+00,  3.42168885e+00, -2.94123134e-01,
        9.81454836e+00,  1.18529334e+01,  3.04600760e+00,  5.66303916e+00,
        5.52489549e+00,  8.03836653e+00,  7.51203359e+00,  3.52426716e+00,
        1.07367469e+01, -8.70368564e-01,  9.04114993e+00,  9.32436106e+00,
        8.33870085e+00,  5.79437119e+00,  2.90225915e+00,  8.52673959e+00,
        2.03420346e+00,  8.66175673e+00,  1.03052751e+00,  6.28109105e+00,
        1.03972999e+01,  7.55517890e+00,  1.04476779e+01,  4.73336125e+00,
        9.92716658e+00,  6.98133612e+00,  6.68301085e+00,  3.61396745e+00,
        1.03754499e+01,  4.19760807e+00,  6.43430350e+00,  7.46370645e+00,
        2.49142069e+00,  4.89678838e+00,  4.42091319e+00,  5.25801809e+00,
        5.85075071e+00,  7.05618405e+00,  3.09392202e+00,  6.55951032e+00,
        6.20876820e+00,  4.68031922e+00,  5.22435664e+00,  6.51744591e+00,
        6.23909260e+00,  7.61416173e+00,  1.89572957e+00,  1.17215165e+01,
        4.65950497e+00,  7.42017594e+00,  1.00333817e+01,  3.56781327e+00,
        8.94505782e+00,  2.02881858e+00,  1.02222459e+01,  6.86691761e+00,
        6.16197673e+00,  2.17741028e+00,  8.47538479e-01,  6.48407599e+00,
        8.69133201e+00,  8.13716899e+00,  8.58203780e+00,  5.05134630e+00,
        7.47666665e+00,  6.32157826e+00,  1.26366471e+00,  5.75080690e+00,
        5.24608326e+00,  2.80551056e+00,  6.28618340e+00,  8.44935351e+00,
        6.43675537e+00,  5.21653856e+00,  8.25034575e+00,  4.18212035e+00,
        7.71736694e+00,  5.46409851e+00,  2.63751639e+00,  3.44071620e+00,
        5.30835312e+00,  8.94257607e+00,  7.21962830e+00,  9.19399004e+00,
        4.17395368e+00,  9.91173581e+00,  6.58918643e+00,  1.99389200e+00,
        2.08455710e+00,  8.50120435e+00,  7.67659785e+00,  1.09073821e+01,
        1.10146654e+01,  1.09148040e+01,  2.18887973e+00,  2.66495870e+00,
        8.26940357e+00,  9.39620670e+00,  1.19214143e+01,  5.98681606e+00,
        8.01837615e+00,  4.15051030e+00,  6.87515381e+00,  4.30054096e+00,
        9.33227836e+00,  8.88749758e+00,  7.47999961e+00,  1.38739605e+00,
        1.02599954e+01, -2.46884385e+00,  4.06974503e+00,  4.14214757e+00,
        4.48007144e+00,  2.92637988e+00,  1.14231987e+01,  1.12343738e+01,
        6.99120483e+00,  9.99900673e+00,  1.30542444e+01,  1.00588015e+01,
        4.42076608e+00,  4.15233975e+00,  8.56558290e+00,  2.79595308e+00,
        3.72835496e+00,  1.64648082e-02,  4.42943515e+00,  1.37794824e+01,
        3.54129071e-02,  6.01904119e+00,  2.90030408e+00,  6.64318612e+00,
        5.04661774e+00, -1.72904180e+00,  1.56173872e+00,  4.68148915e+00,
        3.47847360e+00,  5.73166212e+00,  5.87594716e+00,  1.44478974e+01,
        8.08054253e+00,  7.36926455e+00,  2.89121564e+00,  4.57368322e+00,
        2.74636203e+00,  1.62004044e+01,  1.01757922e+00,  6.27001223e+00,
        3.75071919e+00,  6.89930096e+00,  4.09987640e+00,  1.21669938e+01,
        1.03467264e+01,  8.73988731e+00,  2.81538326e+00,  8.05742586e+00,
        1.16220178e+01, -3.64793532e+00, -8.71154296e-01,  6.61004382e+00,
        1.57914667e+00,  2.66457166e+00,  1.14980803e+01,  5.56766535e+00,
        1.22968052e+01,  1.17582759e+01,  6.09774414e-01,  1.19476055e+01,
        6.09472887e+00,  5.05261302e+00,  2.65570428e+00,  6.54610305e+00,
        1.04264925e+01,  6.99141642e+00,  4.05838319e+00,  7.54169682e+00,
        8.70815581e+00, -5.70209471e-01, -5.86340239e+00,  4.12446941e+00,
        6.74259572e+00,  1.02766397e+01,  8.42284656e+00, -3.19766558e-02,
        8.59274917e+00,  1.39676808e+01,  3.58107199e+00,  1.19125740e+00,
        3.18403629e+00, -2.29279685e+00,  4.27519561e+00,  1.54324078e+00,
        9.40133342e-01,  5.57307560e+00, -1.42438472e-02,  6.81426173e+00,
        8.45030799e+00,  3.64672407e+00,  3.43494536e+00,  9.55689383e+00,
        6.00065070e+00,  1.52646678e+01,  7.04430538e+00,  4.19442936e+00,
        1.61706263e+00,  5.74189177e+00,  1.03965176e+01,  7.77491864e+00,
       -7.21241647e-02,  4.15643798e+00,  8.77241013e+00,  8.20117909e+00,
        5.85467170e+00,  6.24817435e+00,  6.19551156e+00,  4.21129070e+00,
        7.56681245e+00,  2.65723295e+00,  4.24612947e+00,  7.05601878e+00,
        4.23310556e+00,  2.73535519e+00,  1.76244286e+00,  4.16747824e+00,
        1.08001551e+01,  1.12543320e+01,  1.21265811e+00,  4.44848576e+00,
        3.31190836e+00,  1.42242449e+01,  6.88590423e+00,  7.01065506e+00,
        1.10939057e+01,  9.79977378e+00,  5.85035932e+00,  4.59698749e+00,
        7.15186657e+00,  6.06120579e-01,  6.31906641e+00,  5.92013545e+00,
        8.62779352e+00,  9.45154124e+00,  7.37515260e+00,  5.43906149e+00,
        5.03414202e+00,  8.65925943e-01,  1.10565097e+01,  8.10933040e+00,
        4.73162372e+00,  5.89955281e+00,  1.34996277e+01,  3.43462806e+00,
        1.14065996e+00,  1.63560827e+00,  7.03242845e+00,  4.97647829e+00,
        1.33662586e+01,  1.73658098e+00,  4.47404627e-01,  8.45417747e+00,
        1.58644271e+00, -4.81646335e-01,  3.06240865e+00,  7.68487774e+00,
        5.26960932e+00,  8.92140096e+00,  8.11176977e+00,  6.23670420e+00,
        4.64309652e+00,  1.10480920e+01,  8.81142865e+00,  1.60399280e+00,
        7.76019309e+00,  9.80136350e+00,  1.16818612e+01, -4.64491890e+00,
        4.47357159e+00,  5.64404118e+00,  1.07066365e+01,  1.12400602e+01,
        5.21107866e+00,  8.10655497e+00,  3.22377600e+00,  8.94754116e+00,
        3.38943129e+00,  1.00764901e+01,  6.41717481e+00,  4.87697579e+00,
        5.54423156e-01, -2.72948344e+00,  6.95673121e+00,  8.47384419e+00,
        5.93759660e+00,  6.83550822e+00,  5.49572017e+00,  1.08029126e+01,
        5.90008730e+00,  8.97287710e+00,  7.51829058e+00,  7.70089997e+00,
       -3.76792810e+00,  7.19650896e+00,  2.68565343e+00,  6.39601790e+00,
        1.02185450e+01,  9.47934604e-01,  1.19896676e+01,  6.56350102e+00,
        1.26386772e+00,  3.45060480e+00,  4.55800535e+00,  8.47776694e+00,
        1.19737780e+00,  1.06104600e+01,  3.79408609e+00,  2.44287449e+00,
        7.07498075e+00,  5.15262655e+00,  2.94333412e+00, -1.49706361e+00,
       -1.47417814e+00,  5.03535425e+00,  1.02920857e+01,  5.42445752e+00,
        4.31523964e+00,  9.50426422e+00,  8.85655832e+00,  9.69074711e+00,
       -7.17724024e+00,  8.74259304e+00,  5.52791267e+00,  8.80113230e+00,
        4.59364443e+00,  5.01987284e+00,  3.31274709e+00, -3.63565100e+00,
        8.74314660e+00,  7.10167631e+00, -1.43802222e-02, -1.69636219e-01,
        7.52171935e+00,  5.58867770e+00,  5.26433897e+00,  3.18013006e+00,
        4.11462684e+00,  1.25747215e+01,  7.19712980e+00,  6.45987988e+00,
        7.17796439e+00,  1.18204370e+01,  6.84005132e+00,  2.64582847e+00,
        9.06429389e+00,  4.15260418e+00,  8.83995874e+00,  9.93618544e+00,
        1.20546370e+01,  1.81610800e+00,  4.28560409e+00,  2.22291227e+00,
        4.44153278e+00,  7.51609565e+00,  1.07844422e+01,  5.31124925e+00,
        9.14260622e+00,  2.41065730e+00,  8.79685699e+00,  8.61484179e+00,
        6.28115611e-01,  1.08013268e+01,  1.96453375e+00,  3.70679473e+00,
        6.25122674e+00,  9.47192170e-01,  6.21689248e+00,  4.42519864e+00,
        6.49379242e+00,  1.05728024e+01,  6.35332358e+00, -2.18676407e+00,
        7.11471107e+00,  7.57506279e+00,  1.68968511e+00,  6.90400780e+00,
        9.07429564e+00,  9.51616684e+00,  3.15936585e+00,  5.34581782e-01,
        8.61922644e+00,  7.89745185e+00,  6.93419284e+00,  1.69341044e+00,
        6.02298495e+00,  5.24590962e+00,  1.00659097e+01,  4.16279004e+00,
        1.19951856e+01,  1.07642390e+01,  7.23476229e+00,  2.65538788e+00,
        5.44606667e+00,  7.38541788e+00,  1.49556719e+00,  3.18099460e+00,
        7.76306429e+00,  8.86694459e+00,  4.87751798e+00,  3.04245529e+00,
        9.32719404e+00,  4.19527532e+00,  1.35568566e+01,  8.92911948e+00,
        4.29190962e+00,  3.16224473e+00,  5.43848074e+00,  1.36201838e+00,
        4.76689755e+00,  5.42728167e+00,  2.17912307e+00,  3.02299449e+00,
       -2.99351461e+00,  1.23198626e+01,  3.33640332e+00,  4.57367793e+00,
        5.20161530e+00,  1.39831948e+00,  2.70283086e+00,  1.29721188e+01,
        9.08311626e+00,  2.35312615e+00,  1.81919084e+00,  6.61898122e+00,
        4.74121963e+00,  2.25524612e+00,  4.81664514e+00,  1.08210214e+01,
        6.44005861e+00,  3.80927007e+00,  8.90320087e+00, -2.39535900e+00,
        8.91745738e+00,  1.42600768e+00, -8.04882224e-01,  3.93163606e+00,
        3.43107653e+00,  5.28839922e+00,  3.22349913e+00,  8.62376095e+00,
        5.57392704e+00,  7.82781930e+00,  2.68265615e+00,  7.91518397e+00,
        8.80231817e+00,  5.45656347e+00,  5.02955346e+00,  6.05244050e+00,
        3.88190401e+00,  1.32868116e+01,  1.33074111e+01,  4.24737290e+00,
        3.57742133e+00,  1.49417200e+00,  4.47535347e+00,  1.55402704e+01,
       -8.45574502e-01,  8.41882188e+00,  6.45950658e+00,  7.03177758e+00,
        9.55663833e+00,  1.53467553e+00,  6.29316253e+00,  1.44135079e+01,
        5.82649918e+00,  6.22743668e+00,  6.51647277e+00,  8.26245628e+00,
        1.83403478e+00,  5.41428259e+00,  1.04626520e+01,  2.08692761e+00,
        1.41954813e+01,  6.64783917e+00,  1.42519620e+00,  8.10369454e+00,
        4.26872650e+00,  3.84174198e+00,  4.90666791e+00,  5.52412762e+00,
        7.65129493e+00,  8.37048335e+00,  6.46030240e+00,  8.98402065e+00,
        5.83306303e+00,  1.14790448e+01, -1.57537004e+00,  9.33953311e+00,
        7.23890277e+00,  9.55730008e+00,  7.51068843e+00,  4.75283481e+00,
       -9.99229202e-02,  6.87208337e+00,  6.42723133e+00,  4.09304263e-01,
        6.67269054e+00,  3.99972713e+00,  6.72665428e+00,  2.75603806e+00,
        4.02993955e+00,  4.59260787e+00,  1.03812555e+01,  8.52477152e+00,
        6.45150880e+00,  8.42988340e-01, -2.48823666e+00,  8.83062778e+00,
        5.38883565e+00,  1.01777493e+01,  6.99066293e+00,  2.76692000e+00,
        7.53728139e+00,  7.51545810e+00,  7.94648193e+00, -1.73474269e+00,
        9.32521140e+00,  6.63003261e+00,  5.64316601e+00, -4.74673301e-01,
        2.99129215e+00,  4.40356359e+00,  1.52007499e+01,  1.01182668e+01,
        4.30377730e+00,  2.21848138e+00,  4.77373610e+00,  2.90954104e+00,
       -5.66291469e-01,  6.17264978e-01,  1.03541970e+01,  7.73048707e+00,
        1.47386931e+01,  5.28880264e+00,  1.02848925e+01,  4.95683748e+00,
        6.66038252e+00,  6.24601361e+00,  4.09163095e+00,  5.74445611e+00,
       -3.47559685e+00,  1.00849618e+01, -1.25306175e-02,  5.89230927e+00,
        3.95450717e+00,  8.22260453e+00,  1.17557389e+00,  7.58353955e+00,
        1.88070165e+00,  1.05113130e+00,  5.86299154e+00,  2.82828036e+00,
        9.10489581e+00,  8.48703127e+00,  5.59452907e+00, -1.49549983e-01,
        2.99311142e+00,  5.63127859e+00,  6.05261739e+00,  3.60864449e+00,
        2.99119972e+00,  5.48485588e+00,  3.82824850e+00,  1.06011049e+00,
        8.14390257e+00,  9.56881346e+00,  8.69008277e+00,  1.26709924e+01,
        9.81299509e+00,  3.92338332e+00,  4.24581410e+00,  4.55017794e+00,
        3.61431777e-01,  1.10261468e+00,  1.05948262e+01,  6.02557539e+00,
        8.73362216e+00,  4.09804267e+00,  6.65294177e+00,  6.13939813e+00,
        2.07593617e-01,  8.54406718e+00,  6.32341019e+00,  9.68189264e+00,
        1.40174317e+01,  3.68228760e+00,  1.41598868e+01,  3.46558635e+00,
        2.89917498e+00,  7.21286071e+00,  8.73088804e+00,  6.04593741e+00,
        1.59850780e+00,  8.19993176e+00,  9.99948176e+00,  1.06622189e+01,
        5.20407472e+00,  1.08014642e+01,  9.05794895e+00,  1.03283803e+01,
        3.37705268e+00,  7.08598554e+00,  1.00625347e+01,  3.40345304e+00,
        3.37673764e+00,  1.28207826e+00,  4.55170732e+00,  4.52683303e+00,
        5.62174144e+00,  4.82706182e+00,  6.65205805e+00,  5.27010330e+00,
        9.00452489e+00,  5.52860141e+00,  4.18755121e+00,  5.52656936e+00,
        4.97246181e+00,  5.21328671e+00,  8.66979145e+00,  9.57143857e+00,
        6.27015088e-01,  1.09701548e+01,  8.06471369e+00,  8.16819578e+00,
       -2.46130011e+00,  3.01379561e+00,  1.53935688e+00,  1.40410032e+01,
        6.05871909e+00,  3.78676291e+00,  1.31965526e+01,  4.59299286e+00,
        1.05576267e+01,  2.73814788e+00,  3.26706275e+00,  3.23472933e+00,
        9.63591628e-01,  7.99721997e+00,  6.41889032e+00,  9.11214668e+00,
        1.23006428e+01,  8.53291340e+00,  5.07361546e+00,  6.29939594e+00,
        1.33987729e+01,  6.47910851e+00,  7.90620220e+00,  1.02689625e+01,
        5.14623683e+00,  1.03354388e+01,  8.57054978e+00,  4.48986525e+00,
        9.34603170e+00,  8.24095016e+00,  6.87280582e+00,  1.25751675e+01,
        2.09759218e+00,  7.85502780e+00,  9.28494585e+00,  9.52172517e-01,
        4.96767956e+00,  3.91720823e+00,  7.59883704e+00,  1.08240449e+01,
        2.42761711e+00,  9.28344131e-01,  4.87594764e+00,  6.35725415e+00]), array([ 4.07842176, 10.87439696, 10.00454792,  0.93219519,  4.84831971,
        4.64410023,  4.31899983, 11.63122326,  5.03154484,  9.08962609,
        0.21581868, 10.06163471,  7.83677959,  0.32869016,  5.49631057,
        0.09952564,  7.72885511, 11.80664443,  9.49443347,  8.40289802,
        6.56004985,  2.04521805,  3.21510752,  3.42218165,  7.38213919,
        6.55191615,  0.32472595,  5.17678894,  7.79655655,  2.62676358,
        7.43240862,  6.67215726,  6.80175433,  4.73255091,  3.39671988,
        4.98621919,  8.26145124,  5.44997467,  5.99464571,  3.4344584 ,
        0.87383652,  4.38099948,  7.10343157,  7.50307519,  1.25441622,
       10.29562557,  3.79198937, 17.95572291,  4.73011322, 11.30084287,
        9.07308351,  5.4335182 ,  2.43492193, 11.31820213,  9.8858301 ,
        5.6540981 ,  5.89176989,  5.22702672,  2.1070215 , 15.12579293,
        6.05715377,  8.01157102, 14.81288493,  7.20916778,  6.7091019 ,
       10.28930079, -1.10577163,  8.17678677,  4.32959406, 16.83932053,
        6.27516582,  6.77527207,  6.46847058,  2.90377484,  9.33331813,
        3.90991607,  8.4927935 ,  8.88210301,  8.50558232,  7.90449251,
        7.47285057,  5.00956734,  3.15126343,  8.2019472 , 11.96464942,
        6.22338639, 11.29147455, -1.98807522,  5.65487698,  7.74027217,
        2.20535487,  9.12281733,  5.60535608,  9.09078196,  7.67322371,
        6.05759228,  7.99324845, -2.4398445 , 10.55766034, -0.63682099,
       10.20342954,  8.92640635,  4.98294938, 13.26019781,  9.48582081,
        7.59923363,  6.66446515,  3.46000384,  5.03174536,  3.01007901,
        3.4396507 , 13.40973506, 10.827176  ,  7.56669024,  6.74240446,
        6.8448262 ,  3.57798204,  8.10948962, 11.88243912,  7.79689826,
        4.19051726,  3.01426068,  3.88072516, -0.35148209, 10.79611107,
       12.69921031,  4.08384166,  5.84826393,  6.29338212,  8.22633655,
        8.92060564,  4.85527956, 11.61493247,  0.02308734,  9.84411226,
        9.81000267,  8.96734335,  6.86005591,  3.85525846,  9.50711184,
        2.88447481,  9.11924658,  2.23367009,  7.78547405, 11.27343471,
        8.40573641, 11.42056499,  5.87671001, 10.84078742,  6.98981511,
        7.19032072,  4.10868262, 11.23908902,  4.61652411,  6.64279053,
        8.54297506,  3.44583918,  5.57656254,  5.62068555,  5.72827774,
        6.79798761,  7.77207226,  3.67196641,  7.23213968,  6.41304689,
        4.68183363,  5.91091905,  7.16899565,  6.67917028,  8.85332589,
        2.87897658, 12.94155146,  5.09959091,  8.17963566, 11.05799269,
        4.46259639,  9.3562418 ,  3.28546754, 10.71103992,  7.77102377,
        7.26133746,  2.84866161,  1.69853846,  7.45055886,  9.73016716,
        9.19530608,  9.99813792,  5.48156161,  8.29957401,  7.55412481,
        2.13000119,  6.42857367,  6.24836138,  3.28852594,  7.02176538,
        9.47062219,  7.32898721,  5.81258878,  9.24386401,  4.6210102 ,
        8.93308151,  6.57226994,  3.32227957,  4.13266798,  6.25490444,
        9.67480763,  8.19088055,  9.85836245,  4.92652164, 10.59411214,
        7.73134584,  2.71298819,  2.86685373,  9.22002081,  8.38590407,
       12.07411484, 12.49673744, 12.22676322,  3.28636006,  3.21422468,
        9.05051785, 10.40496744, 13.19834346,  7.26423217,  8.55982159,
        4.83874471,  8.20507745,  5.11176045,  9.74378876,  9.54923042,
        8.28515782,  2.31541734, 11.14981667, -2.40280418,  5.22499186,
        5.34536443,  5.3172697 ,  3.97276528, 12.40273873, 11.8261058 ,
        7.79101713, 10.86679218, 13.63491294, 11.54327053,  5.41457058,
        4.82461953,  9.50469415,  3.34409197,  4.47023692,  1.69483056,
        5.47750246, 14.61358556,  0.56007375,  6.68678418,  3.88236129,
        6.94556114,  6.77573056, -1.33571333,  2.53278561,  5.5781503 ,
        4.07303286,  6.88462481,  6.91670136, 15.83844554,  8.55752999,
        7.54934076,  3.40490834,  5.11235177,  3.35691139, 17.4306989 ,
        2.21945696,  6.95213229,  4.62367333,  7.86214941,  4.63144496,
       13.48677718, 11.94186376,  9.90506114,  3.76590588,  8.82522698,
       12.19441267, -2.67663653,  0.03615369,  7.46959298,  2.4228171 ,
        3.34809807, 12.16679599,  6.71339409, 13.62492193, 12.96619532,
        1.48009612, 12.85123675,  6.88771855,  5.90119453,  3.68712781,
        7.48075957, 11.37509897,  7.55893822,  4.27754473,  8.72023504,
        9.70604831, -0.64400489, -5.56679237,  5.83000248,  8.09602703,
       10.50889558,  9.28604466,  0.16806312,  9.57201963, 14.8728253 ,
        4.05872095,  1.33644054,  3.83944048, -1.38053687,  5.05486853,
        2.06274386,  1.13563203,  6.33765158,  0.53027755,  7.45256734,
        9.02282056,  4.57092283,  4.49200784, 10.40105781,  6.6956708 ,
       16.45543485,  7.89643726,  5.10473984,  2.26347884,  6.10656319,
       11.02693329,  8.36610638,  0.60141792,  4.57665209,  9.61513378,
        8.82020808,  6.14660704,  7.19813954,  6.87268446,  4.31617334,
        8.06164796,  3.55128624,  4.94644227,  7.88122956,  4.99247933,
        3.26232956,  2.5163414 ,  4.88943214, 12.28909885, 12.13545921,
        1.55869887,  5.58666775,  4.02859623, 15.67531659,  7.40747749,
        7.30470426, 12.65197022, 10.97844038,  7.42336319,  5.92806546,
        7.53298687,  0.86194217,  7.76679387,  6.45816077,  9.06258134,
       10.30449402,  7.82441097,  6.29660505,  5.86776818,  1.3304476 ,
       12.23539375,  8.86024757,  5.09746119,  6.96210102, 14.29336074,
        4.15087726,  1.15706092,  2.28609126,  8.05820173,  5.75350555,
       14.38911927,  2.56501362,  1.18350204,  9.85628204,  2.49595961,
        0.53563003,  4.16733809,  8.86947662,  6.54719103,  9.95244253,
        8.98835467,  6.96241141,  5.14668993, 12.38974939,  9.74927615,
        2.19116454,  8.38645767, 11.01763455, 13.11595194, -4.40533364,
        5.55074442,  6.81098292, 12.15249787, 12.87933206,  5.46578562,
        9.03729709,  4.39553204, 10.10607221,  4.2820392 , 10.88374795,
        6.9732923 ,  5.52295623,  1.18874187, -2.12447361,  8.22981005,
        9.51495871,  6.91287406,  7.78485948,  6.63789377, 12.08668527,
        6.69352355,  9.71132675,  8.77679222,  8.27407995, -3.12827637,
        8.36264626,  3.26158227,  7.64695436, 10.78078735,  1.86580749,
       12.54260721,  7.81005987,  2.42957773,  4.42125954,  5.28868328,
        8.48828385,  2.64355675, 10.39364367,  4.97074436,  3.21591377,
        7.99237868,  5.44852205,  4.14518605, -0.82555073, -0.38079245,
        5.77632478, 11.99518412,  6.24412831,  5.21745616, 10.51515516,
        9.68030655, 11.15248069, -6.94305001,  9.44624393,  6.35684734,
        9.46724889,  5.26584846,  6.07376657,  3.96938581, -3.43888608,
        8.72448305,  7.87047717,  0.85730272,  1.03721055,  8.35826554,
        6.81710168,  6.35658842,  4.10495774,  4.99959606, 13.38481204,
        8.14794227,  7.06527628,  7.92221105, 13.27646293,  7.11995191,
        2.83509862, 10.75282427,  5.52678527, 10.08628477, 10.98321678,
       12.49466201,  2.50863008,  4.67944759,  2.85788507,  5.0465952 ,
        8.21295444, 11.91410464,  5.94624943, 10.22163873,  3.37930772,
        8.85361915,  9.73376072,  1.15059264, 11.04743194,  1.79969506,
        4.25828829,  7.25202922,  2.2672972 ,  7.57725423,  5.58636802,
        7.65893215, 11.52537915,  6.90891019, -2.29113385,  7.97708546,
        8.08842066,  2.16832336,  7.65832177,  9.81159064, 10.43923316,
        3.98062488,  1.0817161 ,  9.76295248,  8.63108155,  7.26357459,
        2.54423122,  6.81853034,  6.45365329, 11.3232911 ,  5.04083176,
       12.8607924 , 11.23344625,  8.31903354,  3.14367524,  6.71869235,
        8.25848665,  1.77282295,  3.65717336,  8.32846627,  9.9174394 ,
        6.05692518,  4.21944302, 10.23931698,  4.91274328, 13.41513602,
        9.43416187,  4.63636632,  3.13539328,  6.18335055,  1.53707739,
        5.61467202,  6.5111733 ,  3.23145556,  3.41022205, -2.07333343,
       13.30968769,  3.82494062,  5.39569567,  6.13415814,  1.37292208,
        3.07177277, 13.18391553, 10.12816353,  2.74516544,  3.09710695,
        6.8019379 ,  5.34038046,  3.2762607 ,  5.96005512, 11.26218427,
        7.28016079,  4.56619962,  9.88937887, -1.65520076, 10.43965611,
        2.44372126,  0.05593988,  4.47111314,  4.37722133,  5.98773957,
        4.10199573,  9.24048099,  6.10392412,  8.20112445,  4.06759296,
        8.79640924,  9.29292777,  6.48629527,  5.80919737,  7.3525369 ,
        4.56135043, 14.57977076, 14.18157702,  4.68325426,  4.71936077,
        2.38776943,  4.64738549, 17.11241745, -0.48449692,  9.04317841,
        7.22043104,  7.91805606, 10.77196002,  2.17966784,  6.62820171,
       15.53997079,  6.62792789,  7.75866664,  7.71585917,  9.14500714,
        2.44829938,  7.16387108, 11.18733035,  3.16285692, 14.44962478,
        7.9734839 ,  2.29286828,  8.91694778,  5.19431971,  4.82347137,
        6.30543704,  6.62960565,  8.38076727,  9.86579471,  7.34873375,
        9.69886333,  6.97858741, 12.77974943, -1.69337678, 10.26854022,
        7.55676076, 11.30789955,  8.25494618,  5.7069379 ,  0.89890997,
        7.33619558,  6.46577359,  1.40017034,  7.41724292,  4.436418  ,
        7.14786764,  3.19365845,  4.5695545 ,  5.00692815, 11.87379541,
        9.80291173,  7.00626267,  1.82903169, -2.59807148,  9.47880999,
        5.78256916, 11.12487811,  7.53115214,  3.64823712,  8.15902467,
        8.32095958,  8.72039742, -1.02293981, 10.27388165,  7.28944067,
        6.71056444, -0.11188937,  3.91449311,  4.69324376, 16.29464348,
       10.78957892,  5.80840925,  2.99713993,  5.2593516 ,  3.50490743,
       -0.15449448,  0.96434288, 11.61630339,  8.27735506, 16.00285161,
        6.50006729, 11.31600174,  5.75130697,  7.256999  ,  6.63488972,
        4.54796937,  6.56338914, -2.63014256, 11.48578113, -0.07930807,
        6.90670298,  4.28074261,  8.93878941,  1.75778739,  8.37427446,
        1.98021715,  1.2163253 ,  7.06949543,  4.18699292,  9.63377599,
        9.23103552,  6.64477952,  0.39062191,  3.25198616,  6.63355733,
        7.3632658 ,  4.7339389 ,  4.29967855,  6.28514055,  4.22442813,
        2.26636681,  9.04310139, 10.2082415 ,  9.53831858, 13.91283266,
       10.51968209,  4.38525309,  4.79884727,  4.95086139,  0.11123929,
        2.08883224, 11.03308035,  7.40637327,  9.33221467,  4.25483408,
        7.44668255,  6.5262045 ,  1.19632846,  9.60393598,  7.88892398,
       10.90912402, 14.93227314,  4.40874761, 14.99067229,  4.41303737,
        3.9286857 ,  8.11305083, 10.11742447,  6.37018955,  2.54284042,
        9.48544732, 10.57743204, 11.8098314 ,  5.80598639, 11.59657591,
        9.669148  , 11.21606882,  4.319759  ,  7.52659734, 11.04373643,
        4.34999011,  4.20867203,  2.44338745,  5.13100548,  6.13849652,
        6.43077322,  5.79302418,  7.40061908,  6.23114872,  9.75695758,
        6.66230472,  5.13783843,  6.82973843,  5.36631725,  5.91760367,
        9.88460075, 10.20970926,  1.76158793, 12.391394  ,  8.91633619,
        8.19313104, -1.20569326,  3.8195473 ,  2.46703902, 15.08849437,
        6.95257834,  4.3953971 , 14.32326594,  5.51496623, 11.2356845 ,
        4.38642475,  3.16650808,  3.96148751,  1.47933114,  8.30810544,
        7.10266653,  9.82018761, 13.01570492,  9.41446686,  6.11188097,
        7.08611127, 14.30646318,  7.08945749,  9.01281824, 10.79261268,
        5.88842553, 11.66071255,  9.84974807,  5.62640076, 10.55719581,
        9.2548453 ,  7.1220303 , 13.27635001,  2.97914591,  8.53036898,
       10.17573671,  1.95299571,  5.83313985,  4.72347567,  8.03072078,
       11.73373652,  3.01890332,  1.82339293,  5.46703218,  7.46086484]), array([ 4.89776438e+00,  1.18451195e+01,  1.03097963e+01,  8.84626234e-01,
        6.10442062e+00,  5.59527578e+00,  5.52032778e+00,  1.23487412e+01,
        5.21614417e+00,  1.01143250e+01,  1.03208185e+00,  1.12431568e+01,
        8.51999655e+00,  2.85691997e-01,  6.16498975e+00,  7.53203402e-01,
        8.52271201e+00,  1.27007019e+01,  1.04007790e+01,  9.48704649e+00,
        7.46428941e+00,  2.46948760e+00,  4.26081710e+00,  4.60985920e+00,
        7.61366126e+00,  7.18811933e+00,  5.97615764e-01,  5.73877510e+00,
        8.67393950e+00,  2.73400747e+00,  8.28517774e+00,  6.91913899e+00,
        7.39406123e+00,  5.98191480e+00,  3.79316408e+00,  6.09480191e+00,
        9.17270311e+00,  5.91325702e+00,  6.47572109e+00,  4.07337135e+00,
        1.66768875e+00,  5.20445142e+00,  7.47341891e+00,  8.06412453e+00,
        2.40361716e+00,  1.08408089e+01,  4.13980847e+00,  1.82495819e+01,
        5.49253563e+00,  1.18542180e+01,  9.78195276e+00,  6.41867313e+00,
        3.32996928e+00,  1.18477249e+01,  1.06275162e+01,  5.48169238e+00,
        6.49350192e+00,  6.06556105e+00,  3.08097337e+00,  1.61463098e+01,
        6.62322482e+00,  8.32011905e+00,  1.64637820e+01,  7.89542115e+00,
        7.27306295e+00,  1.06601587e+01,  1.07493786e-02,  9.06180551e+00,
        4.57166359e+00,  1.72551390e+01,  7.28406285e+00,  7.46849897e+00,
        7.54164274e+00,  4.26617383e+00,  1.00135506e+01,  4.45545004e+00,
        8.93653586e+00,  9.61436670e+00,  9.29034305e+00,  8.81754878e+00,
        8.00730239e+00,  5.22434321e+00,  4.30010606e+00,  9.32461248e+00,
        1.25665776e+01,  7.69909633e+00,  1.22226731e+01, -1.29967292e+00,
        6.38267121e+00,  8.56429203e+00,  2.49110763e+00,  1.02125388e+01,
        6.79080975e+00,  9.47296463e+00,  8.80099215e+00,  6.30237792e+00,
        8.54052611e+00, -1.79945509e+00,  1.12915790e+01, -1.04173284e-01,
        1.11706539e+01,  9.28075965e+00,  5.93141184e+00,  1.39086409e+01,
        1.05510750e+01,  8.05921804e+00,  7.35693100e+00,  3.86098540e+00,
        6.20585187e+00,  3.79154586e+00,  3.27768627e+00,  1.44658040e+01,
        1.21027092e+01,  8.57685393e+00,  7.03510552e+00,  7.19009636e+00,
        4.19912980e+00,  8.73484482e+00,  1.21992344e+01,  8.41373902e+00,
        4.77843406e+00,  3.81553005e+00,  4.31176204e+00, -4.60310509e-01,
        1.16782506e+01,  1.34921984e+01,  5.03799158e+00,  6.07831763e+00,
        7.01015746e+00,  8.38465140e+00,  1.02609345e+01,  6.13965152e+00,
        1.23704193e+01,  8.21128988e-01,  1.05942671e+01,  1.02174917e+01,
        9.53557528e+00,  7.82929950e+00,  4.72273681e+00,  1.04195589e+01,
        3.69241827e+00,  9.55303013e+00,  3.36483107e+00,  9.17822082e+00,
        1.20892650e+01,  9.17976227e+00,  1.23298659e+01,  6.95756253e+00,
        1.16871169e+01,  6.97666185e+00,  7.59177684e+00,  4.52031553e+00,
        1.20159886e+01,  4.97323000e+00,  6.82654657e+00,  9.56368746e+00,
        4.38185391e+00,  6.17586415e+00,  6.71900362e+00,  6.18521451e+00,
        7.67934934e+00,  8.43976472e+00,  4.19692111e+00,  7.85415255e+00,
        6.56163017e+00,  4.64431978e+00,  6.53789930e+00,  7.76927566e+00,
        7.10158601e+00,  1.00160710e+01,  3.79139336e+00,  1.40561296e+01,
        5.50968861e+00,  8.90590079e+00,  1.19909147e+01,  5.30511761e+00,
        9.68575679e+00,  4.49959400e+00,  1.11781810e+01,  8.61151725e+00,
        8.28547715e+00,  3.50259124e+00,  2.51723695e+00,  8.35686434e+00,
        1.07358681e+01,  1.01688294e+01,  1.13692022e+01,  5.87559400e+00,
        9.04365032e+00,  8.74578178e+00,  2.94541834e+00,  7.06481215e+00,
        7.16865506e+00,  3.74481677e+00,  7.73961902e+00,  1.04264665e+01,
        8.15801320e+00,  6.36819945e+00,  1.01666256e+01,  5.04795677e+00,
        1.00697159e+01,  7.62069361e+00,  3.95614345e+00,  4.80250686e+00,
        7.14273148e+00,  1.03430154e+01,  9.12768883e+00,  1.04411919e+01,
        5.59661284e+00,  1.12014531e+01,  8.79762359e+00,  3.41567670e+00,
        3.59440984e+00,  9.88301990e+00,  9.02543902e+00,  1.32079246e+01,
        1.39504735e+01,  1.34814458e+01,  4.34425705e+00,  3.71856449e+00,
        9.74045158e+00,  1.13341153e+01,  1.43951030e+01,  8.43629091e+00,
        9.04786419e+00,  5.42637470e+00,  9.43162443e+00,  5.85207612e+00,
        1.01158466e+01,  1.00937002e+01,  8.99594465e+00,  3.21939282e+00,
        1.19598782e+01, -2.33052775e+00,  6.28312848e+00,  6.46040097e+00,
        6.09609960e+00,  4.94914988e+00,  1.33100617e+01,  1.23959227e+01,
        8.48007012e+00,  1.16910607e+01,  1.41902228e+01,  1.29398514e+01,
        6.36541200e+00,  5.43605842e+00,  1.03371760e+01,  3.82339351e+00,
        5.13241632e+00,  3.31062307e+00,  6.47370963e+00,  1.53995910e+01,
        1.07701081e+00,  7.31944365e+00,  4.79343581e+00,  7.18423883e+00,
        8.41974829e+00, -9.60982591e-01,  3.46734482e+00,  6.41364339e+00,
        4.58141819e+00,  7.99093604e+00,  7.87812063e+00,  1.71477912e+01,
        8.97787706e+00,  7.65979673e+00,  3.86736225e+00,  5.63364262e+00,
        3.96864461e+00,  1.86320280e+01,  3.36342615e+00,  7.61586804e+00,
        5.44914565e+00,  8.75348933e+00,  5.13099579e+00,  1.47069285e+01,
        1.34314730e+01,  1.09769593e+01,  4.62059148e+00,  9.51482842e+00,
        1.26972735e+01, -1.72036754e+00,  8.64253591e-01,  8.25003503e+00,
        3.19647771e+00,  3.94913601e+00,  1.27769115e+01,  7.76344464e+00,
        1.48181255e+01,  1.40866088e+01,  2.31326101e+00,  1.37296268e+01,
        7.61510998e+00,  6.68449315e+00,  4.66148209e+00,  8.37942195e+00,
        1.22692925e+01,  8.04012491e+00,  4.46979900e+00,  9.83840826e+00,
        1.06446388e+01, -7.57960241e-01, -5.28251868e+00,  7.48529505e+00,
        9.37437998e+00,  1.06869267e+01,  1.00881514e+01,  3.21968416e-01,
        1.05259958e+01,  1.56589997e+01,  4.48317848e+00,  1.48422421e+00,
        4.42966753e+00, -5.15264061e-01,  5.80803043e+00,  2.53513492e+00,
        1.26244377e+00,  7.01079590e+00,  1.03769115e+00,  8.03059481e+00,
        9.53555662e+00,  5.43336685e+00,  5.47705574e+00,  1.11638626e+01,
        7.33513078e+00,  1.76125555e+01,  8.63056489e+00,  5.94670424e+00,
        2.85132583e+00,  6.41004332e+00,  1.15818300e+01,  8.90104264e+00,
        1.21340302e+00,  4.98116852e+00,  1.04155574e+01,  9.38321699e+00,
        6.39888747e+00,  8.06983298e+00,  7.50917552e+00,  4.35794777e+00,
        8.46135424e+00,  4.38637337e+00,  5.65537208e+00,  8.61886207e+00,
        5.68936204e+00,  3.74601560e+00,  3.22669836e+00,  5.56624937e+00,
        1.37229058e+01,  1.29616533e+01,  1.90737489e+00,  6.62451178e+00,
        4.69076143e+00,  1.70247860e+01,  7.91134936e+00,  7.50086598e+00,
        1.41107067e+01,  1.21178331e+01,  8.93480523e+00,  7.13975926e+00,
        7.87546889e+00,  1.11044533e+00,  9.11396714e+00,  6.94538255e+00,
        9.45209003e+00,  1.11186472e+01,  8.22801886e+00,  7.08228586e+00,
        6.63302042e+00,  1.78707269e+00,  1.33287013e+01,  9.54431148e+00,
        5.42381566e+00,  7.93302790e+00,  1.50268541e+01,  4.84278203e+00,
        1.18898504e+00,  2.88524128e+00,  9.03448517e+00,  6.46786199e+00,
        1.53884767e+01,  3.34566682e+00,  1.82323062e+00,  1.11814281e+01,
        3.36873891e+00,  1.50714082e+00,  5.21217222e+00,  9.93397450e+00,
        7.70827801e+00,  1.09376099e+01,  9.82777125e+00,  7.66157478e+00,
        5.59602087e+00,  1.36160830e+01,  1.06068599e+01,  2.73970636e+00,
        8.94105471e+00,  1.21432684e+01,  1.44240268e+01, -4.16422265e+00,
        6.61143641e+00,  7.90208801e+00,  1.34794735e+01,  1.44088815e+01,
        5.65987987e+00,  9.94029143e+00,  5.54481781e+00,  1.11995227e+01,
        5.07395901e+00,  1.16520511e+01,  7.48736032e+00,  6.07431728e+00,
        1.78566033e+00, -1.56760144e+00,  9.42822891e+00,  1.04860334e+01,
        7.78242772e+00,  8.64834244e+00,  7.71854052e+00,  1.32934445e+01,
        7.43544354e+00,  1.03538834e+01,  9.97865299e+00,  8.80603278e+00,
       -2.48649573e+00,  9.43053411e+00,  3.79864477e+00,  8.80226271e+00,
        1.12651134e+01,  2.74647891e+00,  1.30726898e+01,  8.94695746e+00,
        3.57983505e+00,  5.30382290e+00,  5.98657854e+00,  8.42697729e+00,
        3.99917626e+00,  1.01318607e+01,  6.11075007e+00,  3.96126268e+00,
        8.88177840e+00,  5.71454975e+00,  5.29571426e+00, -1.88243872e-01,
        6.56240022e-01,  6.47999271e+00,  1.36473554e+01,  7.07233735e+00,
        6.08725694e+00,  1.14675498e+01,  1.04622181e+01,  1.25428805e+01,
       -6.75669255e+00,  1.00921799e+01,  7.14136807e+00,  1.01085758e+01,
        5.87863157e+00,  7.06466621e+00,  4.57184643e+00, -3.28492883e+00,
        8.67438265e+00,  8.61916252e+00,  1.67108463e+00,  2.17375771e+00,
        9.10454533e+00,  7.98619777e+00,  7.38613353e+00,  5.00206455e+00,
        5.83164214e+00,  1.41466532e+01,  9.02165421e+00,  7.58879795e+00,
        8.59564322e+00,  1.46194842e+01,  7.40123711e+00,  3.00246952e+00,
        1.23211159e+01,  6.83661669e+00,  1.12468348e+01,  1.19354818e+01,
        1.28862866e+01,  3.17411310e+00,  5.06134040e+00,  3.42622911e+00,
        5.60330477e+00,  8.77503993e+00,  1.29588908e+01,  6.57362901e+00,
        1.11819308e+01,  4.25695747e+00,  8.89207662e+00,  1.07113120e+01,
        1.65020885e+00,  1.12202539e+01,  1.60618820e+00,  4.80768473e+00,
        8.17413859e+00,  3.53573268e+00,  8.85635699e+00,  6.69056456e+00,
        8.70078943e+00,  1.24686660e+01,  7.43487003e+00, -2.37043738e+00,
        8.77343166e+00,  8.51151663e+00,  2.59931895e+00,  8.35445377e+00,
        1.05296658e+01,  1.13136662e+01,  4.72826615e+00,  1.57585002e+00,
        1.08155296e+01,  9.28879410e+00,  7.57929585e+00,  3.30866126e+00,
        7.57307944e+00,  7.60198652e+00,  1.24999567e+01,  5.88013742e+00,
        1.36517846e+01,  1.16093641e+01,  9.31109649e+00,  3.57881536e+00,
        7.88390658e+00,  9.05460264e+00,  2.03963670e+00,  4.10465465e+00,
        8.81233463e+00,  1.09179157e+01,  7.18212995e+00,  5.35302881e+00,
        1.11045973e+01,  5.57958973e+00,  1.32129981e+01,  9.86893031e+00,
        4.94444030e+00,  3.11017122e+00,  6.90659459e+00,  1.63195654e+00,
        6.43850598e+00,  7.50855506e+00,  4.27308707e+00,  3.76360630e+00,
       -1.16404406e+00,  1.41899631e+01,  4.27216402e+00,  6.17143463e+00,
        6.95756559e+00,  1.30695826e+00,  3.40321368e+00,  1.33342226e+01,
        1.10396843e+01,  3.09820816e+00,  4.30994260e+00,  6.99879869e+00,
        5.90909255e+00,  4.20335069e+00,  7.02829865e+00,  1.16475589e+01,
        8.07299244e+00,  5.24781199e+00,  1.08494678e+01, -9.16031417e-01,
        1.18668090e+01,  3.36071574e+00,  8.85079726e-01,  4.97142621e+00,
        5.26788509e+00,  6.62218735e+00,  4.94950679e+00,  9.77968878e+00,
        6.58124109e+00,  8.54571557e+00,  5.39737163e+00,  9.61492418e+00,
        9.75651021e+00,  7.49272518e+00,  6.54125728e+00,  8.52460395e+00,
        5.20893486e+00,  1.57770585e+01,  1.49489296e+01,  5.04765258e+00,
        5.79045584e+00,  3.21162699e+00,  4.77990434e+00,  1.85899626e+01,
       -1.66641113e-01,  9.62939607e+00,  7.91770139e+00,  8.73771387e+00,
        1.19020459e+01,  2.78089075e+00,  6.89658306e+00,  1.65838016e+01,
        7.34163578e+00,  9.17063678e+00,  8.84223058e+00,  9.96056190e+00,
        2.98976436e+00,  8.77381928e+00,  1.18170569e+01,  4.20605342e+00,
        1.46066095e+01,  9.20280418e+00,  3.08813137e+00,  9.66362670e+00,
        6.06789425e+00,  5.71932143e+00,  7.61190479e+00,  7.66149503e+00,
        9.04365954e+00,  1.12774475e+01,  8.16610391e+00,  1.04042256e+01,
        8.05538993e+00,  1.39884638e+01, -1.82767827e+00,  1.11211828e+01,
        7.82304033e+00,  1.30078207e+01,  8.90256963e+00,  6.60612564e+00,
        1.81289632e+00,  7.75995115e+00,  6.44340335e+00,  2.39137507e+00,
        8.13145015e+00,  4.83209951e+00,  7.51698441e+00,  3.59531217e+00,
        5.03097928e+00,  5.41004868e+00,  1.32712323e+01,  1.10726076e+01,
        7.51348662e+00,  2.75707632e+00, -2.74868372e+00,  1.00774683e+01,
        6.18024224e+00,  1.20373469e+01,  8.01082503e+00,  4.41223573e+00,
        8.72272889e+00,  9.05009575e+00,  9.46760483e+00, -2.98381334e-01,
        1.11157946e+01,  7.87401409e+00,  7.69879464e+00,  2.09993297e-01,
        4.81680140e+00,  4.92132264e+00,  1.73287672e+01,  1.14036503e+01,
        7.23782309e+00,  3.74118004e+00,  5.71969706e+00,  4.09053448e+00,
        2.28483146e-01,  1.26631634e+00,  1.27858078e+01,  8.81772154e+00,
        1.71515949e+01,  7.62827726e+00,  1.22831757e+01,  6.54483867e+00,
        7.75948138e+00,  6.98679910e+00,  4.94143809e+00,  7.30170985e+00,
       -1.81546884e+00,  1.28251482e+01, -1.42524871e-01,  7.83155538e+00,
        4.55236659e+00,  9.60467828e+00,  2.32989483e+00,  9.12864521e+00,
        2.05617860e+00,  1.35733860e+00,  8.22669202e+00,  5.45065105e+00,
        1.01507762e+01,  9.89199537e+00,  7.59729380e+00,  8.75614981e-01,
        3.50130956e+00,  7.59118650e+00,  8.58313775e+00,  5.78171501e+00,
        5.53475647e+00,  7.06032263e+00,  4.57787153e+00,  3.45258053e+00,
        9.89342857e+00,  1.07744306e+01,  1.03331821e+01,  1.50873160e+01,
        1.11379782e+01,  4.80838487e+00,  5.27147792e+00,  5.31325744e+00,
       -1.44899166e-01,  3.08137082e+00,  1.13970722e+01,  8.70830277e+00,
        9.89089497e+00,  4.35141738e+00,  8.21847794e+00,  6.85380403e+00,
        2.12644898e+00,  1.05465404e+01,  9.36420704e+00,  1.20473288e+01,
        1.57453519e+01,  5.09692881e+00,  1.57631877e+01,  5.32515223e+00,
        4.86809350e+00,  8.94302370e+00,  1.14164219e+01,  6.61174405e+00,
        3.42198377e+00,  1.07079358e+01,  1.10923156e+01,  1.28690921e+01,
        6.33699043e+00,  1.23334559e+01,  1.01938458e+01,  1.20437165e+01,
        5.21547920e+00,  7.91762682e+00,  1.19249499e+01,  5.20169624e+00,
        5.05269388e+00,  3.55894887e+00,  5.65956673e+00,  7.64767328e+00,
        7.20975201e+00,  6.68019990e+00,  8.04124978e+00,  7.09907173e+00,
        1.04386097e+01,  7.73580503e+00,  6.08022398e+00,  8.06452544e+00,
        5.71159324e+00,  6.51389585e+00,  1.10021953e+01,  1.07872481e+01,
        2.78933845e+00,  1.37401330e+01,  9.72372518e+00,  8.17771674e+00,
       -3.12574255e-02,  4.57451645e+00,  3.34453335e+00,  1.60784087e+01,
        7.79368760e+00,  4.97505554e+00,  1.53571448e+01,  6.39393495e+00,
        1.18044775e+01,  5.99815109e+00,  3.04217002e+00,  4.62310782e+00,
        1.97892406e+00,  8.57600171e+00,  7.72352866e+00,  1.04483981e+01,
        1.36210326e+01,  1.02501915e+01,  7.03842622e+00,  7.80886818e+00,
        1.51255499e+01,  7.64179093e+00,  1.00454870e+01,  1.12755086e+01,
        6.55504597e+00,  1.28960863e+01,  1.10806808e+01,  6.70811413e+00,
        1.17113999e+01,  1.01795826e+01,  7.26174763e+00,  1.39253533e+01,
        3.82541432e+00,  9.13610384e+00,  1.10007468e+01,  2.86646772e+00,
        6.59057160e+00,  5.48417240e+00,  8.39216889e+00,  1.26098468e+01,
        3.57459161e+00,  2.66340357e+00,  6.00902765e+00,  8.47696497e+00])]
WARNING:root:[array([-1.66501844e+00,  4.07230412e+00,  7.89388947e+00,  1.29079894e+00,
       -4.12819157e+00, -1.75203708e+00, -4.36242188e+00,  6.56307698e+00,
        3.71126731e+00,  1.85144356e+00, -5.31594810e+00,  1.53722728e+00,
        3.03772790e+00,  7.56457572e-01,  9.26129253e-01, -4.29595038e+00,
        2.26590381e+00,  5.35266456e+00,  3.17933796e+00,  6.47666988e-01,
        4.24518557e-01, -7.23345678e-01, -4.00781704e+00, -4.84344649e+00,
        5.85302232e+00,  2.12677677e+00, -1.23448238e+00,  1.47242296e+00,
        1.51423301e+00,  2.01676244e+00,  1.38045267e+00,  5.13767619e+00,
        2.85149143e+00, -3.78300313e+00,  6.21651722e-01, -2.76535369e+00,
        2.00356722e+00,  2.22361393e+00,  2.77031784e+00, -1.06221369e+00,
       -4.68513807e+00, -1.34543776e+00,  4.61262351e+00,  3.47333568e+00,
       -6.53560305e+00,  6.68352591e+00,  1.37937684e+00,  1.59132994e+01,
       -4.45168691e-01,  7.38477670e+00,  4.03499711e+00, -1.33312891e+00,
       -3.81326990e+00,  7.63855481e+00,  4.57516229e+00,  6.97470269e+00,
        1.74053912e+00, -4.50322726e-01, -4.60253022e+00,  7.76865994e+00,
        2.26509954e+00,  5.71917462e+00,  3.14836636e+00,  2.50187779e+00,
        2.85046985e+00,  7.76842682e+00, -8.88688187e+00,  2.00077224e+00,
        2.78172807e+00,  1.39995080e+01, -8.29665690e-01,  1.98641524e+00,
       -8.67893729e-01, -6.68957107e+00,  4.67299846e+00,  3.23432225e-01,
        5.30045877e+00,  3.63126285e+00,  3.07796163e+00,  1.45694774e+00,
        3.74675702e+00,  3.81923594e+00, -4.65972579e+00,  3.89258170e-01,
        7.63293782e+00, -3.98509838e+00,  4.56863890e+00, -6.68073733e+00,
        7.16503787e-01,  1.83975084e+00,  4.64893770e-01,  1.42898669e+00,
       -2.79115685e+00,  6.48691668e+00, -5.23885160e-02,  4.29681098e+00,
        4.40658805e+00, -6.61622699e+00,  5.37527553e+00, -3.97003131e+00,
        3.34417491e+00,  6.47353594e+00, -1.51676856e+00,  8.68262311e+00,
        2.03299054e+00,  4.29536973e+00,  1.73055046e+00,  7.71521458e-01,
       -3.21419920e+00, -2.22976446e+00,  4.61510552e+00,  5.80796284e+00,
        1.91067441e+00,  4.27797362e-01,  4.73349492e+00,  4.38452736e+00,
       -7.52119368e-01,  3.74246810e+00,  9.76307637e+00,  3.63688736e+00,
        4.47091711e-02, -2.48879337e+00,  1.01364836e+00,  5.21751623e-01,
        4.55559957e+00,  7.14325356e+00, -2.61868731e+00,  4.68981639e+00,
        1.39771919e+00,  7.25495959e+00, -4.39423176e-01, -3.98479670e+00,
        6.12669897e+00, -5.55360946e+00,  4.63146062e+00,  6.92583815e+00,
        4.96407744e+00, -2.05983399e-02, -2.25764709e+00,  3.12917386e+00,
       -2.59909516e+00,  6.21837105e+00, -5.71040762e+00, -2.13340957e+00,
        5.53785288e+00,  2.91453922e+00,  5.06434754e+00, -1.63697093e+00,
        4.91626805e+00,  7.29823961e+00,  4.27769937e+00,  1.19562182e+00,
        5.70681631e+00,  2.13257247e+00,  5.54378929e+00,  1.44481811e+00,
       -2.89367833e+00,  1.38505495e+00, -2.20354384e+00,  2.73924980e+00,
        6.86136377e-01,  3.18719239e+00,  4.44952371e-02,  2.96299914e+00,
        5.40460089e+00,  5.02381454e+00,  1.60077687e+00,  3.01715367e+00,
        3.81561164e+00,  7.10652853e-01, -3.45494278e+00,  5.01849178e+00,
        2.38066506e+00,  3.18180575e+00,  4.47464013e+00, -1.37477659e+00,
        7.10137433e+00, -5.05841042e+00,  7.60928124e+00,  1.91563698e+00,
        1.05402564e-01, -1.46538860e+00, -3.84489115e+00,  1.11095904e+00,
        2.80327205e+00,  2.41542490e+00,  4.86527662e-01,  2.80038687e+00,
        3.10157183e+00, -6.63484412e-01, -3.47583233e+00,  2.06664062e+00,
       -1.95244745e-01,  2.71807763e-01,  2.17333914e+00,  2.79290115e+00,
        1.53071416e+00,  1.99654586e+00,  2.78486954e+00,  1.87059411e+00,
        9.24794474e-01, -7.37364428e-01, -9.87018018e-01, -3.48160710e-01,
        6.58885445e-02,  4.97736059e+00,  1.71608193e+00,  5.67330106e+00,
        2.09914185e-01,  6.34561550e+00,  1.98622166e-01, -2.02914750e+00,
       -2.13757464e+00,  4.63323308e+00,  3.94049194e+00,  4.28115005e+00,
        2.43006782e+00,  3.44197511e+00, -3.95819443e+00, -1.69663561e-01,
        4.21237547e+00,  3.82825909e+00,  4.76688628e+00, -1.06260488e+00,
        5.22691137e+00,  6.06129863e-01, -4.35568339e-01, -6.57269627e-02,
        7.24139481e+00,  5.57782546e+00,  3.21373178e+00, -3.84939232e+00,
        5.39299122e+00, -2.58048246e+00, -2.24922302e+00, -2.47015865e+00,
       -1.12528785e-01, -2.84826481e+00,  6.05640247e+00,  8.01476332e+00,
        2.82295977e+00,  5.20095319e+00,  9.81681521e+00,  1.74027880e+00,
       -1.13526189e+00,  6.31721721e-01,  3.56074962e+00,  1.67607901e-02,
       -1.13177515e-01, -9.50783840e+00, -1.43965007e+00,  9.18807778e+00,
       -2.81796032e+00,  2.39238358e+00, -2.39823871e+00,  5.24260815e+00,
       -4.72501605e+00, -3.68613685e+00, -3.85984722e+00, -2.76240663e-01,
        4.77002633e-01, -7.67725398e-01,  2.35546262e-01,  6.64831724e+00,
        5.68813813e+00,  6.79208861e+00,  2.89449515e-01,  1.67116475e+00,
       -6.24139858e-01,  9.15075820e+00, -5.66666627e+00,  2.49097950e+00,
       -1.04160511e+00,  1.65596056e+00,  1.35517421e+00,  4.79580032e+00,
        1.40504619e+00,  2.36274979e+00, -2.27981695e+00,  3.96288736e+00,
        8.66015872e+00, -9.10239583e+00, -5.77500628e+00,  1.99679345e+00,
       -2.97745016e+00, -8.25261938e-01,  7.85592250e+00, -7.54723139e-01,
        5.10928306e+00,  5.06805807e+00, -4.21052250e+00,  6.87375660e+00,
        1.87175436e+00,  4.59540427e-01, -3.04892620e+00,  1.33311835e+00,
        5.19365869e+00,  4.14299316e+00,  3.07152985e+00,  9.24065267e-01,
        3.14606763e+00,  2.27394880e-01, -7.21569124e+00, -5.66792865e+00,
       -8.37424911e-01,  9.36648188e+00,  3.67567145e+00, -7.57903930e-01,
        3.10825119e+00,  9.09652320e+00,  1.20019563e+00,  5.82340912e-01,
       -3.01948580e-01, -7.30431019e+00, -8.36254147e-02, -1.15103935e+00,
        3.47324697e-01,  1.59540748e+00, -2.87687825e+00,  3.46876965e+00,
        5.45461987e+00, -1.37892740e+00, -2.35919419e+00,  4.99867380e+00,
        2.27287004e+00,  8.41620701e+00,  2.61641022e+00, -7.82499517e-01,
       -1.81691320e+00,  4.05452283e+00,  7.13683134e+00,  4.71951389e+00,
       -3.55835901e+00,  1.97468620e+00,  4.11422389e+00,  4.92249893e+00,
        4.46950685e+00,  1.06256966e+00,  2.53380849e+00,  4.05737185e+00,
        5.14688275e+00, -2.24973175e+00,  2.24461953e-01,  2.70416530e+00,
        1.67921175e-01, -1.47334007e-02, -2.33558856e+00,  2.48559608e-01,
        2.34266351e+00,  6.38413980e+00, -5.82647469e-01, -1.77483173e+00,
       -5.28151607e-01,  6.07489149e+00,  4.03634800e+00,  5.82680726e+00,
        2.34039505e+00,  3.09847871e+00, -3.05891790e+00, -2.68619172e+00,
        5.30060508e+00, -6.81304840e-01, -1.77320591e+00,  3.12261825e+00,
        6.43760505e+00,  4.65699287e+00,  5.10478899e+00,  7.92713166e-01,
        4.91990757e-01, -1.62753524e+00,  4.47056095e+00,  4.06314228e+00,
        2.92198442e+00,  1.09276266e-01,  9.15765220e+00, -4.66236528e-01,
        1.30234392e+00, -1.88560995e+00,  1.31179367e+00,  8.20128891e-01,
        7.52698700e+00, -2.75279436e+00, -3.39373587e+00,  5.51599736e-01,
       -3.46503944e+00, -6.10847389e+00, -2.99843068e+00,  1.28343671e+00,
       -1.67064371e+00,  3.16289080e+00,  3.18170566e+00,  2.26700642e+00,
        2.10628790e+00,  3.65686914e+00,  3.73500156e+00, -1.51890252e+00,
        4.54697015e+00,  3.04099046e+00,  3.69978560e+00, -5.80276354e+00,
       -1.61983972e+00, -7.92306717e-01,  2.72400065e+00,  2.05627482e+00,
        4.17010544e+00,  2.90288243e+00, -3.44141629e+00,  2.52982054e+00,
       -1.36738798e+00,  5.56035200e+00,  3.48930186e+00,  1.57273302e+00,
       -2.81374928e+00, -5.91484726e+00, -1.76809154e-01,  2.72442542e+00,
        7.04370167e-01,  1.67141507e+00, -8.59952105e-01,  3.62732526e+00,
        1.58486214e+00,  5.10665461e+00,  4.39542480e-01,  4.66993002e+00,
       -7.31833437e+00,  7.91227778e-01, -3.85145111e-01, -5.20589214e-01,
        7.31283059e+00, -4.07824981e+00,  8.94487893e+00, -3.22189731e-01,
       -5.39582895e+00, -1.82961277e+00,  6.03146723e-01,  8.87850457e+00,
       -6.88037625e+00,  1.22698739e+01, -2.84773205e+00, -1.79888135e+00,
        1.96507257e+00,  3.77227426e+00, -3.85136120e+00, -5.17469464e+00,
       -7.50548272e+00,  9.75634852e-01,  5.13871777e-01,  7.25952529e-01,
       -7.02133710e-01,  3.84935331e+00,  4.36144931e+00,  1.42397063e+00,
       -8.07344626e+00,  4.94812160e+00,  9.08845296e-01,  5.13891955e+00,
        9.80235969e-01, -8.19239705e-01, -1.11939774e-01, -4.28955682e+00,
        9.22073124e+00,  2.83200669e+00, -4.70703950e+00, -6.88830754e+00,
        3.04076930e+00, -1.32300483e+00, -8.22161635e-01, -2.01481712e+00,
       -7.70678345e-01,  8.12106856e+00,  2.00227512e+00,  3.34511874e+00,
        3.22136323e+00,  3.74643234e+00,  5.31833222e+00,  1.80475518e+00,
       -4.00645165e-01, -3.62273989e+00,  1.90580925e+00,  4.23919229e+00,
        9.78570988e+00, -2.00371486e+00,  2.22458914e+00, -1.06703080e+00,
        1.20017994e+00,  4.05297545e+00,  4.48815015e+00,  1.82357313e+00,
        3.31112306e+00, -2.80916781e+00,  8.76633038e+00,  2.64929614e+00,
       -2.12155211e+00,  9.85464761e+00,  3.34363941e+00,  6.42666528e-01,
        7.85287146e-01, -6.48450804e+00, -1.33542511e+00, -2.13889165e+00,
        1.47324223e-01,  5.06814281e+00,  3.36842543e+00, -1.36755179e+00,
        2.42750080e+00,  5.05059408e+00, -7.87963726e-01,  2.81559795e+00,
        4.96798972e+00,  4.41598203e+00, -1.20528770e+00, -2.26971784e+00,
        2.25262614e+00,  3.96364874e+00,  5.27461710e+00, -2.79972175e+00,
        1.68723995e+00, -1.53155689e+00,  3.03364849e+00, -6.95224467e-01,
        7.31794096e+00,  8.54863573e+00,  1.36775850e+00,  1.80459936e-01,
       -1.51097141e+00,  2.68404386e+00,  1.50564815e-01,  6.86766584e-01,
        4.84916152e+00,  2.99319109e+00, -1.73904121e+00, -3.53502460e+00,
        4.25318321e+00,  3.23388674e-01,  1.48048923e+01,  6.35786389e+00,
        2.62812369e+00,  3.60035308e+00,  1.33298527e+00,  8.90820521e-01,
        4.88096921e-02, -5.34567462e-01, -3.78054602e+00,  1.06959192e+00,
       -8.14022159e+00,  6.94009359e+00,  8.02267810e-01,  4.53864495e-02,
        2.50825219e-01,  1.97046672e+00,  9.05476015e-01,  1.21178282e+01,
        3.43851802e+00,  3.69946026e-01, -5.37199614e+00,  5.74806703e+00,
        1.52660476e+00, -3.26307274e+00, -1.46041961e+00,  8.60652139e+00,
        1.76400115e+00, -1.99838672e-01,  3.30949183e+00, -6.55787536e+00,
        4.03774442e-01, -4.10418506e+00, -5.59783298e+00,  1.12203634e+00,
       -1.76198923e+00,  1.61295749e+00, -1.63468030e+00,  5.46196063e+00,
        2.87377107e+00,  5.95044363e+00, -5.15892000e+00,  3.10706402e+00,
        6.23720004e+00, -3.86962637e-01,  7.59539807e-01, -1.06331469e+00,
        1.67322645e-01,  6.08411888e+00,  8.64499877e+00,  2.13305309e+00,
       -2.77811829e+00, -3.30535125e+00,  3.84918059e+00,  6.66527852e+00,
       -2.58538613e+00,  5.03997091e+00,  2.36410889e+00,  2.15554752e+00,
        2.80738617e+00, -1.83653675e+00,  4.78547427e+00,  8.16271431e+00,
        1.57010259e+00, -2.24551830e+00, -1.32191761e-01,  3.41553277e+00,
       -1.29487508e+00, -4.36754487e+00,  6.71617172e+00, -4.00559546e+00,
        1.31792076e+01, -7.26970633e-01, -3.27645732e+00,  3.71867696e+00,
       -8.24328661e-01, -1.46400621e+00, -2.93803690e+00, -5.47629057e-01,
        3.72490747e+00, -3.59172240e-02,  1.60852089e+00,  4.98987341e+00,
       -5.72373111e-01,  4.21205564e+00, -5.55427430e-01,  4.32336302e+00,
        5.76610763e+00, -5.29840226e-01,  3.63794536e+00, -4.87081961e-01,
       -5.47587487e+00,  4.52848754e+00,  6.64266992e+00, -5.23327247e+00,
        2.54250827e+00,  1.80157283e+00,  4.60248122e+00,  4.43554639e-01,
        1.36877286e+00,  2.39148634e+00,  1.99556568e+00,  1.14816316e+00,
        3.50294466e+00, -4.60396968e+00, -1.33335964e+00,  5.35548090e+00,
        3.34949334e+00,  4.85463686e+00,  4.18916441e+00, -1.80199292e+00,
        4.34388052e+00,  3.23354960e+00,  3.63034508e+00, -5.72459280e+00,
        4.24345710e+00,  3.18853688e+00, -1.87551633e-01, -2.19913613e+00,
       -2.19215745e+00,  3.15955582e+00,  9.02184416e+00,  6.50220022e+00,
       -4.19513389e+00, -2.03715281e+00,  2.21322511e+00, -3.78001754e-01,
       -2.64685211e+00, -1.01820945e+00,  3.33238397e+00,  4.71966083e+00,
        7.78547705e+00, -1.44251315e+00,  4.55489971e+00,  4.22684652e-01,
        3.64251155e+00,  4.31745372e+00,  1.76835018e+00,  1.35611325e+00,
       -8.10158516e+00,  2.07834226e+00,  6.83733855e-01,  4.19089633e-01,
        2.45295460e+00,  4.33874924e+00, -1.97957747e+00,  3.19146161e+00,
        1.64276949e+00,  3.37478093e-01, -9.85107289e-01, -4.71585163e+00,
        6.19795399e+00,  4.58285316e+00, -1.28106665e-01, -2.92278593e+00,
        1.75038157e+00,  6.54971868e-02, -1.23356507e+00, -2.57995396e+00,
       -4.29744809e+00,  1.07802166e+00,  1.89718603e+00, -5.80131889e+00,
        3.11266316e+00,  6.19476029e+00,  4.02476848e+00,  5.69340621e+00,
        6.07690046e+00,  1.54053268e+00,  1.50136099e+00,  2.61744491e+00,
        2.13179262e+00, -4.56158167e+00,  8.49796490e+00, -1.72100311e+00,
        5.51852074e+00,  3.62556400e+00,  2.18905945e+00,  4.28523832e+00,
       -5.25564318e+00,  2.82844972e+00, -2.51171910e+00,  2.86958992e+00,
        9.05807631e+00, -1.96994877e-01,  9.63622346e+00, -1.82962249e+00,
       -2.75105247e+00,  2.32194462e+00,  9.89501355e-01,  4.65626765e+00,
       -3.58983030e+00,  9.74081714e-01,  6.95336604e+00,  4.33185614e+00,
        2.11414916e+00,  6.51738594e+00,  5.91435616e+00,  5.39263340e+00,
       -1.85188369e+00,  4.85405037e+00,  4.75007206e+00, -1.66931804e+00,
       -1.41349075e+00, -5.23303259e+00,  1.51324870e+00, -4.48130423e+00,
        1.14810500e+00, -3.85578564e-01,  2.79284038e+00,  2.93575714e-02,
        4.93129412e+00, -7.35664086e-01, -1.25902411e+00, -1.82784669e+00,
        3.02030248e+00,  1.56593472e+00,  1.97983902e+00,  6.18738412e+00,
       -5.46891176e+00,  2.94437107e+00,  3.37883669e+00,  8.31956716e+00,
       -9.40158266e+00, -1.36569159e+00, -3.49064053e+00,  8.15346313e+00,
        1.15419371e+00,  4.72519140e-01,  6.97609354e+00, -5.33271244e-01,
        7.09312645e+00, -6.74461107e+00,  4.21966681e+00, -6.43315323e-01,
       -1.83887332e+00,  6.56387056e+00,  2.78603472e+00,  5.43452753e+00,
        8.59936939e+00,  3.59284534e+00, -5.31427597e-01,  2.12413899e+00,
        8.50543545e+00,  3.27459541e+00,  1.77729076e+00,  7.51486152e+00,
        1.27253856e+00,  2.90599947e+00,  1.30773206e+00, -1.84277812e+00,
        2.53196679e+00,  2.72229956e+00,  6.00819109e+00,  8.79084813e+00,
       -2.74907077e+00,  4.27356889e+00,  4.38398517e+00, -4.43757770e+00,
        3.87814571e-01, -4.14815415e-01,  5.49382452e+00,  5.67967335e+00,
       -7.00061250e-01, -3.96545681e+00,  1.73425727e+00,  2.86810491e-01]), array([-8.59567683e-01,  4.99972319e+00,  8.17271405e+00,  1.24973406e+00,
       -2.86530119e+00, -8.73575878e-01, -3.11448493e+00,  7.27031234e+00,
        3.90217986e+00,  2.86645080e+00, -4.55568177e+00,  2.73855912e+00,
        3.70494080e+00,  6.87165744e-01,  1.54516200e+00, -3.68795929e+00,
        3.00746263e+00,  6.25652417e+00,  4.05331558e+00,  1.73512292e+00,
        1.25520000e+00, -3.58070670e-01, -3.00236220e+00, -3.68382491e+00,
        6.05023244e+00,  2.74105070e+00, -1.04539796e+00,  1.96711440e+00,
        2.40234479e+00,  2.09230875e+00,  2.23504234e+00,  5.32551456e+00,
        3.37973166e+00, -2.61034951e+00,  1.01529403e+00, -1.67749853e+00,
        2.85806957e+00,  2.67388914e+00,  3.20603931e+00, -4.33302406e-01,
       -3.91343139e+00, -5.43573838e-01,  4.95268683e+00,  4.04418768e+00,
       -5.46079529e+00,  7.16367140e+00,  1.70469578e+00,  1.61819622e+01,
        2.52210111e-01,  7.91925361e+00,  4.74680685e+00, -4.12882919e-01,
       -2.93529159e+00,  8.14594710e+00,  5.31366319e+00,  6.77231127e+00,
        2.30730645e+00,  3.16349304e-01, -3.66834068e+00,  8.79897169e+00,
        2.76957295e+00,  6.05359959e+00,  4.77178520e+00,  3.13897568e+00,
        3.38442812e+00,  8.10358523e+00, -7.79428988e+00,  2.86142522e+00,
        2.97740350e+00,  1.43625775e+01,  1.68757582e-01,  2.65710039e+00,
        1.25684225e-01, -5.33992672e+00,  5.30576696e+00,  8.14361948e-01,
        5.74762923e+00,  4.37071299e+00,  3.83075658e+00,  2.36340690e+00,
        4.26771828e+00,  3.94404761e+00, -3.59951190e+00,  1.47215377e+00,
        8.23825630e+00, -2.58078458e+00,  5.52862689e+00, -6.03826906e+00,
        1.39443271e+00,  2.67068406e+00,  6.74390741e-01,  2.50523899e+00,
       -1.60310867e+00,  6.84283856e+00,  9.88829408e-01,  4.55778368e+00,
        4.87638328e+00, -6.05903037e+00,  6.09649788e+00, -3.53786496e+00,
        4.30503644e+00,  6.81303985e+00, -6.19942753e-01,  9.30413204e+00,
        3.06905974e+00,  4.74861320e+00,  2.42044135e+00,  1.14153941e+00,
       -2.05627084e+00, -1.51764464e+00,  4.44206551e+00,  6.87988652e+00,
        3.15131407e+00,  1.43328670e+00,  5.00048001e+00,  4.71546732e+00,
       -1.51939870e-01,  4.34655469e+00,  1.00384142e+01,  4.19896442e+00,
        6.24596528e-01, -1.72011430e+00,  1.40519974e+00,  3.91365610e-01,
        5.41411505e+00,  7.91605464e+00, -1.67851183e+00,  4.80372701e+00,
        2.06018773e+00,  7.37084476e+00,  8.61072480e-01, -2.76726687e+00,
        6.89769756e+00, -4.77893790e+00,  5.35159967e+00,  7.31955302e+00,
        5.52831028e+00,  9.48554074e-01, -1.39656480e+00,  4.01182443e+00,
       -1.85233256e+00,  6.60831186e+00, -4.58175555e+00, -7.28954150e-01,
        6.34011132e+00,  3.69158223e+00,  5.94216653e+00, -5.93066585e-01,
        5.73465281e+00,  7.22077165e+00,  4.68215693e+00,  1.60447806e+00,
        6.48104831e+00,  2.48200186e+00,  5.67130246e+00,  2.42762113e+00,
       -2.02218213e+00,  1.96245993e+00, -1.09081137e+00,  3.13724590e+00,
        1.52635141e+00,  3.81353801e+00,  5.54429588e-01,  3.54564928e+00,
        5.54099493e+00,  4.97289617e+00,  2.18802964e+00,  3.59252410e+00,
        4.22230478e+00,  1.84115284e+00, -2.57561885e+00,  6.11958667e+00,
        2.74641714e+00,  3.87655597e+00,  5.38272134e+00, -5.58500696e-01,
        7.38226504e+00, -3.90514547e+00,  8.01596240e+00,  2.72692591e+00,
        1.09725276e+00, -8.90923833e-01, -3.08390757e+00,  2.00012679e+00,
        3.75851013e+00,  3.33685888e+00,  1.80439680e+00,  3.17599190e+00,
        3.81308801e+00,  4.70741056e-01, -2.69674836e+00,  2.66888921e+00,
        6.98109419e-01,  6.79407858e-01,  2.83597599e+00,  3.71853015e+00,
        2.34171050e+00,  2.52928083e+00,  3.68006345e+00,  2.23090017e+00,
        2.04755697e+00,  2.84221583e-01, -4.00662079e-01,  2.58367474e-01,
        9.32084858e-01,  5.63352841e+00,  2.61889404e+00,  6.26795325e+00,
        8.69662899e-01,  6.92224199e+00,  1.26431325e+00, -1.36961645e+00,
       -1.44403509e+00,  5.26036502e+00,  4.54637093e+00,  5.34417452e+00,
        3.82493421e+00,  4.66728979e+00, -2.95933569e+00,  2.85614494e-01,
        4.86790964e+00,  4.75090356e+00,  5.93826426e+00,  1.10311081e-01,
        5.67275392e+00,  1.21081505e+00,  7.62023122e-01,  6.58143831e-01,
        7.57182763e+00,  6.13329256e+00,  3.92577791e+00, -2.98998419e+00,
        6.20187724e+00, -2.57674118e+00, -1.20059875e+00, -1.38314014e+00,
        6.50368822e-01, -1.89174624e+00,  6.92539489e+00,  8.51588827e+00,
        3.52363754e+00,  5.97083975e+00,  1.03415468e+01,  3.09628090e+00,
       -2.27091973e-01,  1.20203200e+00,  4.38973078e+00,  4.79589713e-01,
        5.09588394e-01, -7.94880182e+00, -4.72459221e-01,  9.91889303e+00,
       -2.35656642e+00,  2.97731522e+00, -1.54112333e+00,  5.48740656e+00,
       -3.12510646e+00, -3.38108270e+00, -2.97380433e+00,  5.51518398e-01,
        9.81582142e-01,  2.93359662e-01,  1.14872551e+00,  7.91107294e+00,
        6.06925867e+00,  6.88478772e+00,  7.08807068e-01,  2.13207109e+00,
       -9.52950106e-02,  1.02754231e+01, -4.57676805e+00,  3.09645852e+00,
       -2.61104877e-01,  2.50953552e+00,  1.78037781e+00,  6.01567668e+00,
        2.87376038e+00,  3.40397445e+00, -1.42903641e+00,  4.63871871e+00,
        9.14059711e+00, -8.21599965e+00, -4.94944820e+00,  2.75449374e+00,
       -2.21762526e+00, -2.54437441e-01,  8.46054990e+00,  3.04079634e-01,
        6.28315303e+00,  6.16007540e+00, -3.41904881e+00,  7.67682019e+00,
        2.55257460e+00,  1.21247879e+00, -2.11402181e+00,  2.17409383e+00,
        6.03445527e+00,  4.61602249e+00,  3.23165261e+00,  2.00782482e+00,
        4.05960688e+00,  1.16229346e-01, -7.01304013e+00, -4.06409954e+00,
        4.02294380e-01,  9.49256463e+00,  4.45682463e+00, -6.43340946e-01,
        3.97642531e+00,  9.92246713e+00,  1.58280163e+00,  6.68340005e-01,
        2.87157257e-01, -6.47724438e+00,  6.30526915e-01, -7.03650769e-01,
        4.38548059e-01,  2.25009654e+00, -2.40554931e+00,  4.01009879e+00,
        5.94509259e+00, -5.61088462e-01, -1.40949895e+00,  5.75193926e+00,
        2.88372860e+00,  9.52501222e+00,  3.35475021e+00,  4.26807562e-02,
       -1.23992195e+00,  4.32375805e+00,  7.66390924e+00,  5.20406828e+00,
       -2.99256635e+00,  2.31391784e+00,  4.86545653e+00,  5.45639567e+00,
        4.69629413e+00,  1.92150086e+00,  3.12546601e+00,  4.08778278e+00,
        5.56083869e+00, -1.43663150e+00,  8.75413447e-01,  3.41432130e+00,
        8.34840609e-01,  4.36853637e-01, -1.66362919e+00,  8.90117642e-01,
        3.70771621e+00,  7.17460042e+00, -3.06942477e-01, -7.37225377e-01,
        1.02257321e-01,  7.41710543e+00,  4.49551606e+00,  6.03502392e+00,
        3.77738362e+00,  4.18525259e+00, -1.61252256e+00, -1.47641853e+00,
        5.58194764e+00, -4.66784922e-01, -4.30759711e-01,  3.57829703e+00,
        6.78310114e+00,  5.44339024e+00,  5.46540906e+00,  1.56130633e+00,
        1.25013629e+00, -1.22682397e+00,  5.56246427e+00,  4.73035105e+00,
        3.21626686e+00,  1.06675636e+00,  9.86129707e+00,  1.52912479e-01,
        1.24688623e+00, -1.28742904e+00,  2.24143223e+00,  1.49661707e+00,
        8.46235819e+00, -2.02544986e+00, -2.73372050e+00,  1.84978859e+00,
       -2.63966473e+00, -5.19034500e+00, -2.02374991e+00,  2.34093236e+00,
       -5.27840645e-01,  4.09108195e+00,  3.99017134e+00,  2.89601208e+00,
        2.51312484e+00,  4.87413272e+00,  4.56277919e+00, -1.00607878e+00,
        5.06304406e+00,  4.15834936e+00,  5.03444668e+00, -5.61496186e+00,
       -6.46694375e-01,  2.57428852e-01,  4.03496191e+00,  3.56182802e+00,
        4.33737087e+00,  3.73184434e+00, -2.36295724e+00,  3.56293913e+00,
       -5.65343538e-01,  6.29863606e+00,  3.95987109e+00,  2.13224932e+00,
       -2.26897074e+00, -5.38030794e+00,  9.97592688e-01,  3.66431687e+00,
        1.57925054e+00,  2.53012046e+00,  1.76513082e-01,  4.79613812e+00,
        2.28658757e+00,  5.75121573e+00,  1.58973455e+00,  5.15330643e+00,
       -6.74321098e+00,  1.85268184e+00,  1.20521436e-01,  6.24173445e-01,
        7.79906911e+00, -3.27375223e+00,  9.43109889e+00,  8.33036730e-01,
       -4.31411630e+00, -9.43459469e-01,  1.23040914e+00,  8.82063214e+00,
       -5.54076062e+00,  1.19938495e+01, -1.77049359e+00, -1.11719336e+00,
        2.77816101e+00,  3.98095008e+00, -2.72855420e+00, -4.55619997e+00,
       -6.51867782e+00,  1.63520186e+00,  2.10059411e+00,  1.47510150e+00,
        1.07848547e-01,  4.77881857e+00,  5.07281675e+00,  2.77346408e+00,
       -7.91936116e+00,  5.56929217e+00,  1.67545829e+00,  5.72139175e+00,
        1.58629300e+00,  1.38830764e-01,  4.36128944e-01, -4.19481194e+00,
        9.12493862e+00,  3.51053035e+00, -3.94365277e+00, -5.77345902e+00,
        3.78950777e+00, -1.88642221e-01,  1.79819474e-01, -1.16804420e+00,
        3.60195755e-02,  8.83414275e+00,  2.85991911e+00,  3.86753226e+00,
        3.86865944e+00,  5.06997797e+00,  5.56728120e+00,  1.94688818e+00,
        1.16577321e+00, -2.33971963e+00,  3.04653333e+00,  5.17487893e+00,
        1.01510568e+01, -1.37505401e+00,  2.54852792e+00, -5.24270739e-01,
        1.73984387e+00,  4.64409030e+00,  5.53382653e+00,  2.36842585e+00,
        4.28571196e+00, -1.93884723e+00,  8.75161620e+00,  3.64841969e+00,
       -1.68292751e+00,  9.99695560e+00,  3.10780839e+00,  1.13486859e+00,
        1.68449209e+00, -5.26994377e+00, -1.08745782e-01, -1.04739209e+00,
        1.21822566e+00,  5.96027889e+00,  3.84845059e+00, -1.51714163e+00,
        3.19437980e+00,  5.47407346e+00, -3.68653447e-01,  3.48769875e+00,
        5.62004737e+00,  5.23546415e+00, -4.90976212e-01, -1.80852378e+00,
        3.31947493e+00,  4.62186142e+00,  5.52439370e+00, -2.05728541e+00,
        2.38115059e+00, -4.20766569e-01,  4.18912896e+00,  9.31431681e-02,
        8.07385590e+00,  8.90601156e+00,  2.32168083e+00,  5.88373399e-01,
       -3.65281155e-01,  3.45334342e+00,  3.58250225e-01,  1.08973277e+00,
        5.34471619e+00,  3.94510271e+00, -6.57762510e-01, -2.47481703e+00,
        5.07657623e+00,  9.58812240e-01,  1.45978241e+01,  6.78542154e+00,
        2.89142362e+00,  3.50713528e+00,  1.98551162e+00,  9.75313973e-01,
        8.05094652e-01,  4.56923635e-01, -2.82669316e+00,  1.38878708e+00,
       -7.31126305e+00,  7.84226136e+00,  1.21818728e+00,  7.89464434e-01,
        1.07891062e+00,  1.87545283e+00,  1.19274386e+00,  1.22535249e+01,
        4.40493538e+00,  7.02247860e-01, -4.17955442e+00,  5.85825617e+00,
        2.04144586e+00, -2.34378590e+00, -4.40045579e-01,  8.95974002e+00,
        2.53860578e+00,  4.64232593e-01,  4.21274961e+00, -5.87981567e+00,
        1.79558698e+00, -3.16459769e+00, -4.80647844e+00,  1.57140696e+00,
       -9.14844003e-01,  2.20880775e+00, -8.53992878e-01,  5.97600117e+00,
        3.30431989e+00,  6.24054686e+00, -3.87208465e+00,  3.88963386e+00,
        6.63148017e+00,  5.59752590e-01,  1.46069156e+00,  1.30481433e-01,
        7.72627923e-01,  7.26678540e+00,  9.41782799e+00,  2.48858015e+00,
       -1.72509334e+00, -2.52001932e+00,  3.94494791e+00,  8.11435775e+00,
       -2.29412167e+00,  5.58502362e+00,  3.03696992e+00,  2.96578906e+00,
        3.91559302e+00, -1.30128940e+00,  5.03004331e+00,  9.18234134e+00,
        2.27976708e+00, -8.47784205e-01,  9.51112483e-01,  4.21654863e+00,
       -7.79221690e-01, -2.72859627e+00,  7.32684321e+00, -3.00502745e+00,
        1.33587692e+01,  4.95618902e-01, -2.48926730e+00,  4.43228351e+00,
        5.90345762e-03, -5.87628794e-01, -1.63106443e+00,  4.40945491e-01,
        4.37553417e+00,  1.33936103e+00,  2.41225670e+00,  5.61754502e+00,
        4.87612077e-01,  5.40985159e+00, -7.18838282e-01,  5.13334649e+00,
        6.00124898e+00,  1.11510107e+00,  4.28110180e+00,  3.63458549e-01,
       -4.58733029e+00,  4.89194955e+00,  6.61139116e+00, -4.32739598e+00,
        3.21324728e+00,  2.15409811e+00,  4.95419277e+00,  8.39123114e-01,
        1.80374117e+00,  2.74102274e+00,  3.37526448e+00,  2.33096631e+00,
        3.99075029e+00, -3.70188963e+00, -1.53283707e+00,  5.91746086e+00,
        3.64240192e+00,  5.71163399e+00,  4.65227629e+00, -1.03901685e+00,
        4.84247332e+00,  3.92950174e+00,  4.32633722e+00, -5.09393577e+00,
        5.08817737e+00,  3.75616124e+00,  7.64859287e-01, -1.92058464e+00,
       -1.35555713e+00,  3.36166705e+00,  1.00307654e+01,  7.09395546e+00,
       -2.79544208e+00, -1.34913870e+00,  2.62123847e+00,  1.52198470e-01,
       -2.30887126e+00, -7.50585606e-01,  4.49018944e+00,  5.19183078e+00,
        8.92840106e+00, -3.27420185e-01,  5.48972513e+00,  1.15434764e+00,
        4.15239932e+00,  4.61945652e+00,  2.16965085e+00,  2.08569755e+00,
       -7.35064856e+00,  3.39854168e+00,  5.49263081e-01,  1.31501148e+00,
        2.69949108e+00,  4.97040314e+00, -1.47962894e+00,  3.90634863e+00,
        1.67377879e+00,  4.69844863e-01,  1.42945082e-01, -3.46460934e+00,
        6.65716588e+00,  5.22035620e+00,  8.28065844e-01, -2.45959485e+00,
        1.93840447e+00,  9.63929392e-01, -3.04203817e-02, -1.56305943e+00,
       -3.10341478e+00,  1.77626281e+00,  2.20243949e+00, -4.69083333e+00,
        3.94326057e+00,  6.75504177e+00,  4.78438380e+00,  6.82665362e+00,
        6.70399369e+00,  1.92919636e+00,  1.95283033e+00,  2.90934212e+00,
        1.83849379e+00, -3.64880884e+00,  8.82988613e+00, -4.46931450e-01,
        6.03578903e+00,  3.70673513e+00,  2.91398345e+00,  4.58690820e+00,
       -4.34849029e+00,  3.78354561e+00, -1.05102562e+00,  3.99033166e+00,
        9.88488329e+00,  4.14206585e-01,  1.03553769e+01, -9.66745999e-01,
       -1.79614212e+00,  3.12126608e+00,  2.25646583e+00,  4.88832297e+00,
       -2.72539793e+00,  2.15068865e+00,  7.45663751e+00,  5.36920048e+00,
        2.62132320e+00,  7.19936786e+00,  6.43901731e+00,  6.20900551e+00,
       -9.94912810e-01,  5.21728025e+00,  5.63138653e+00, -8.24569674e-01,
       -6.43863035e-01, -4.16774611e+00,  2.01015784e+00, -2.99877044e+00,
        1.86658316e+00,  4.64740437e-01,  3.43988412e+00,  9.15101998e-01,
        5.60994992e+00,  2.73934119e-01, -3.72949792e-01, -6.11129039e-01,
        3.34201934e+00,  2.19547290e+00,  3.08109909e+00,  6.73828588e+00,
       -4.46105929e+00,  4.25301032e+00,  4.13232551e+00,  8.30581132e+00,
       -8.24908906e+00, -6.49382664e-01, -2.68498530e+00,  9.11164671e+00,
        1.95031510e+00,  1.01506450e+00,  7.99831438e+00,  3.04357369e-01,
        7.67422695e+00, -5.19621612e+00,  4.05471279e+00,  8.44209079e-04,
       -1.37725589e+00,  6.78072830e+00,  3.38234963e+00,  6.02666600e+00,
        9.21911730e+00,  4.40747784e+00,  4.12399892e-01,  2.79208626e+00,
        9.30113891e+00,  3.79761767e+00,  2.78222517e+00,  7.95081542e+00,
        1.89952489e+00,  4.13456579e+00,  2.49022221e+00, -8.12997169e-01,
        3.63934565e+00,  3.63136098e+00,  6.16598715e+00,  9.39499505e+00,
       -1.96964389e+00,  4.86576561e+00,  5.19092344e+00, -3.54593100e+00,
        1.16225240e+00,  2.72364589e-01,  5.84168445e+00,  6.51591197e+00,
       -1.97246797e-01, -3.15970116e+00,  2.25340997e+00,  1.29251736e+00]), array([-9.73060359e-02,  5.93470266e+00,  8.43659527e+00,  1.12883135e+00,
       -1.65542718e+00,  1.23121429e-02, -1.95236916e+00,  7.96112766e+00,
        4.03194396e+00,  3.85721993e+00, -3.82112316e+00,  3.89700133e+00,
        4.34430061e+00,  5.60819104e-01,  2.15281038e+00, -3.11537124e+00,
        3.74984680e+00,  7.12965475e+00,  4.92127573e+00,  2.78509864e+00,
        2.10008254e+00, -1.28620377e-02, -2.02042956e+00, -2.55486395e+00,
        6.22765362e+00,  3.32667329e+00, -8.64792681e-01,  2.46262584e+00,
        3.24331412e+00,  2.12606683e+00,  3.04810535e+00,  5.51036969e+00,
        3.91293063e+00, -1.42428268e+00,  1.35042529e+00, -6.20675400e-01,
        3.72056323e+00,  3.08245321e+00,  3.62784526e+00,  1.44677888e-01,
       -3.19241401e+00,  2.22704052e-01,  5.27036129e+00,  4.56448693e+00,
       -4.38926297e+00,  7.66349969e+00,  1.98705135e+00,  1.64672682e+01,
        9.47997728e-01,  8.44031946e+00,  5.42156318e+00,  5.10497444e-01,
       -2.10371770e+00,  8.64327390e+00,  6.02244501e+00,  6.53578768e+00,
        2.85220326e+00,  1.08974671e+00, -2.76320196e+00,  9.81334633e+00,
        3.27342548e+00,  6.32472696e+00,  6.41352136e+00,  3.77134991e+00,
        3.89642049e+00,  8.43320452e+00, -6.75501894e+00,  3.70449072e+00,
        3.15042495e+00,  1.47597296e+01,  1.13211973e+00,  3.30175997e+00,
        1.13896262e+00, -4.03391211e+00,  5.94138289e+00,  1.29168620e+00,
        6.15185784e+00,  5.06868186e+00,  4.57245319e+00,  3.23744236e+00,
        4.75642603e+00,  4.08277866e+00, -2.52500250e+00,  2.55170395e+00,
        8.81618071e+00, -1.16009652e+00,  6.44245742e+00, -5.44020896e+00,
        2.06325841e+00,  3.45651733e+00,  8.76298472e-01,  3.56080713e+00,
       -4.61232399e-01,  7.18159707e+00,  2.06017090e+00,  4.75512020e+00,
        5.36598874e+00, -5.51883302e+00,  6.79878998e+00, -3.10253972e+00,
        5.24281785e+00,  7.12546296e+00,  2.68447390e-01,  9.92718533e+00,
        4.09813061e+00,  5.16271290e+00,  3.06691146e+00,  1.47557273e+00,
       -9.32336447e-01, -8.09703634e-01,  4.21109137e+00,  7.92493974e+00,
        4.39706528e+00,  2.40446665e+00,  5.23866800e+00,  5.00900867e+00,
        4.06283806e-01,  4.92750475e+00,  1.03187010e+01,  4.76306006e+00,
        1.15458350e+00, -9.83839753e-01,  1.76948905e+00,  1.96727669e-01,
        6.26378256e+00,  8.68547779e+00, -7.80209429e-01,  4.95634890e+00,
        2.71862495e+00,  7.47620537e+00,  2.16324758e+00, -1.54388421e+00,
        7.63147217e+00, -4.05733715e+00,  6.06389724e+00,  7.68860524e+00,
        6.05932995e+00,  1.87625072e+00, -5.84984247e-01,  4.88638431e+00,
       -1.11683930e+00,  6.99548128e+00, -3.50886001e+00,  6.32865745e-01,
        7.12829179e+00,  4.42954672e+00,  6.82095007e+00,  4.35530793e-01,
        6.54821814e+00,  7.14280289e+00,  5.03784312e+00,  1.95734979e+00,
        7.23160862e+00,  2.78093237e+00,  5.79280606e+00,  3.40603092e+00,
       -1.15510330e+00,  2.50631663e+00, -3.42734769e-02,  3.53083906e+00,
        2.35592142e+00,  4.43156316e+00,  1.01799036e+00,  4.11575236e+00,
        5.63581065e+00,  4.87289172e+00,  2.75749157e+00,  4.14390247e+00,
        4.59520026e+00,  2.96519108e+00, -1.72859202e+00,  7.21505606e+00,
        3.09319942e+00,  4.55824739e+00,  6.28469631e+00,  2.26465726e-01,
        7.66212227e+00, -2.75748073e+00,  8.43925863e+00,  3.52207051e+00,
        2.07484845e+00, -3.14917998e-01, -2.34116630e+00,  2.86352857e+00,
        4.72422425e+00,  4.26597661e+00,  3.13940539e+00,  3.51418485e+00,
        4.51164656e+00,  1.61372069e+00, -1.95095074e+00,  3.25171841e+00,
        1.56778874e+00,  1.06464238e+00,  3.49921974e+00,  4.63677364e+00,
        3.12621830e+00,  3.03088673e+00,  4.56444727e+00,  2.58790934e+00,
        3.14991266e+00,  1.28537771e+00,  1.63730404e-01,  8.59389145e-01,
        1.77096288e+00,  6.26636336e+00,  3.51276593e+00,  6.82051720e+00,
        1.48519703e+00,  7.49239064e+00,  2.29406402e+00, -7.36030894e-01,
       -7.83622341e-01,  5.88056534e+00,  5.13963022e+00,  6.44383641e+00,
        5.25264321e+00,  5.89905585e+00, -1.96902263e+00,  7.18476306e-01,
        5.51395185e+00,  5.65125749e+00,  7.11568052e+00,  1.24456078e+00,
        6.11202511e+00,  1.74877744e+00,  1.94793229e+00,  1.34425315e+00,
        7.89919411e+00,  6.64458336e+00,  4.59838976e+00, -2.15514423e+00,
        6.98616327e+00, -2.60628459e+00, -1.91941046e-01, -3.20725896e-01,
        1.37672418e+00, -9.72442952e-01,  7.80420208e+00,  9.04541852e+00,
        4.17433081e+00,  6.75650017e+00,  1.08728369e+01,  4.46506879e+00,
        6.67451953e-01,  1.75104787e+00,  5.18870295e+00,  8.94874408e-01,
        1.10831413e+00, -6.40119975e+00,  4.71236623e-01,  1.06805967e+01,
       -1.92209704e+00,  3.55441858e+00, -6.96498264e-01,  5.67962031e+00,
       -1.52617632e+00, -3.10169791e+00, -2.10851392e+00,  1.33809368e+00,
        1.43174674e+00,  1.35019402e+00,  2.05755387e+00,  9.20768655e+00,
        6.44073333e+00,  6.94386675e+00,  1.10136575e+00,  2.58775576e+00,
        4.39827786e-01,  1.14635189e+01, -3.50309376e+00,  3.70397284e+00,
        5.02871254e-01,  3.35411630e+00,  2.20833200e+00,  7.22341072e+00,
        4.34242000e+00,  4.44030503e+00, -6.30445361e-01,  5.28891969e+00,
        9.61376246e+00, -7.35423657e+00, -4.19187436e+00,  3.48884814e+00,
       -1.50795418e+00,  2.80144932e-01,  9.04643661e+00,  1.31502246e+00,
        7.45852597e+00,  7.25845282e+00, -2.65881645e+00,  8.52060043e+00,
        3.22559246e+00,  1.94198334e+00, -1.20228999e+00,  3.02076170e+00,
        6.89273763e+00,  5.05163545e+00,  3.35804036e+00,  3.08623594e+00,
        4.96279618e+00, -7.85117646e-02, -6.84477690e+00, -2.45832051e+00,
        1.63861311e+00,  9.62397088e+00,  5.22133882e+00, -5.74535345e-01,
        4.88087881e+00,  1.07063415e+01,  1.93983065e+00,  7.31650873e-01,
        8.20371549e-01, -5.69549693e+00,  1.32523127e+00, -3.01919764e-01,
        4.84097783e-01,  2.87214438e+00, -1.97697231e+00,  4.53699454e+00,
        6.41583208e+00,  2.39703187e-01, -4.83178260e-01,  6.48338108e+00,
        3.47177683e+00,  1.06712629e+01,  4.04940238e+00,  8.31482167e-01,
       -7.17609286e-01,  4.56835966e+00,  8.18348469e+00,  5.68787965e+00,
       -2.46120820e+00,  2.64829840e+00,  5.62329078e+00,  5.97557542e+00,
        4.89208241e+00,  2.74943371e+00,  3.70772437e+00,  4.06621698e+00,
        5.92130788e+00, -6.62002517e-01,  1.52141989e+00,  4.10566224e+00,
        1.47354382e+00,  8.53206030e-01, -1.02273597e+00,  1.50735951e+00,
        5.11125047e+00,  7.97149167e+00, -4.24337146e-02,  2.54534059e-01,
        7.01806435e-01,  8.76256183e+00,  4.94661322e+00,  6.18613555e+00,
        5.21767222e+00,  5.29038145e+00, -1.49358948e-01, -3.08571940e-01,
        5.86583032e+00, -2.97132986e-01,  8.81265575e-01,  4.01096637e+00,
        7.12461433e+00,  6.22318003e+00,  5.81643704e+00,  2.29783468e+00,
        1.96682653e+00, -8.50307836e-01,  6.63712948e+00,  5.37468512e+00,
        3.48110846e+00,  1.99346266e+00,  1.05744412e+01,  7.73945764e-01,
        1.18655491e+00, -7.50984874e-01,  3.17114330e+00,  2.15410913e+00,
        9.43737072e+00, -1.31706885e+00, -2.15687313e+00,  3.14324563e+00,
       -1.83669447e+00, -4.29718947e+00, -1.04641278e+00,  3.37057743e+00,
        5.87459073e-01,  5.03497501e+00,  4.78947982e+00,  3.53623615e+00,
        2.89947165e+00,  6.08110482e+00,  5.38249628e+00, -5.29224605e-01,
        5.56922805e+00,  5.25897358e+00,  6.33528723e+00, -5.47836280e+00,
        3.49298043e-01,  1.29866708e+00,  5.34089703e+00,  5.07373717e+00,
        4.47067292e+00,  4.58541476e+00, -1.27818663e+00,  4.61549235e+00,
        1.75152850e-01,  7.03386113e+00,  4.41909593e+00,  2.63432169e+00,
       -1.75120545e+00, -4.90939560e+00,  2.15723082e+00,  4.59775746e+00,
        2.40745201e+00,  3.35382524e+00,  1.20623045e+00,  5.97623763e+00,
        2.97547736e+00,  6.36073635e+00,  2.74886628e+00,  5.63461978e+00,
       -6.19979133e+00,  2.88450724e+00,  5.91115862e-01,  1.74055150e+00,
        8.25348947e+00, -2.47234025e+00,  9.92935517e+00,  1.93806090e+00,
       -3.23549436e+00, -1.12011611e-01,  1.86232945e+00,  8.71498079e+00,
       -4.24321351e+00,  1.16897532e+01, -6.91256342e-01, -4.43793617e-01,
        3.61323571e+00,  4.18037951e+00, -1.63392032e+00, -3.99751366e+00,
       -5.56253501e+00,  2.28122571e+00,  3.72455627e+00,  2.24173814e+00,
        9.15849426e-01,  5.69974684e+00,  5.80703006e+00,  4.13485010e+00,
       -7.84464648e+00,  6.17579758e+00,  2.41167524e+00,  6.31602272e+00,
        2.14683999e+00,  1.07829874e+00,  9.69613333e-01, -4.14516587e+00,
        9.02082877e+00,  4.20463842e+00, -3.20824291e+00, -4.70453679e+00,
        4.49869624e+00,  9.33542969e-01,  1.16076621e+00, -3.34470557e-01,
        8.12754355e-01,  9.56804804e+00,  3.69293749e+00,  4.34579247e+00,
        4.49610940e+00,  6.39597640e+00,  5.79585107e+00,  2.04416087e+00,
        2.71335798e+00, -1.07871304e+00,  4.17604260e+00,  6.09801740e+00,
        1.05127056e+01, -7.78666711e-01,  2.86235059e+00, -2.30997108e-02,
        2.24066510e+00,  5.17167693e+00,  6.55874415e+00,  2.92958358e+00,
        5.22069143e+00, -1.11928867e+00,  8.73609594e+00,  4.59997541e+00,
       -1.26536649e+00,  1.01298996e+01,  2.83186637e+00,  1.61675803e+00,
        2.56111503e+00, -4.07005691e+00,  1.12271292e+00,  9.68781423e-03,
        2.22879237e+00,  6.87066948e+00,  4.31921334e+00, -1.69928781e+00,
        3.94560065e+00,  5.85506395e+00, -5.11308289e-03,  4.13791758e+00,
        6.29204871e+00,  6.06981329e+00,  1.93811017e-01, -1.39086270e+00,
        4.34669250e+00,  5.24259102e+00,  5.77972724e+00, -1.35892570e+00,
        3.07865183e+00,  6.78291160e-01,  5.33971241e+00,  8.71585598e-01,
        8.83765720e+00,  9.24726396e+00,  3.26917875e+00,  9.56078608e-01,
        7.54847729e-01,  4.20577993e+00,  5.43861993e-01,  1.46850035e+00,
        5.79109371e+00,  4.90624659e+00,  4.14932893e-01, -1.40786390e+00,
        5.90410030e+00,  1.56683979e+00,  1.43679395e+01,  7.18236277e+00,
        3.13294570e+00,  3.40129169e+00,  2.64695397e+00,  9.95985243e-01,
        1.56661078e+00,  1.41054288e+00, -1.85916034e+00,  1.67382379e+00,
       -6.49697273e+00,  8.71089508e+00,  1.60020162e+00,  1.50954991e+00,
        1.85709039e+00,  1.72956285e+00,  1.45171075e+00,  1.23765097e+01,
        5.29967457e+00,  9.87382723e-01, -3.02479086e+00,  5.98740121e+00,
        2.54716304e+00, -1.47487902e+00,  5.73112563e-01,  9.30847514e+00,
        3.28676654e+00,  1.08842763e+00,  5.13167020e+00, -5.23080478e+00,
        3.19189888e+00, -2.30205377e+00, -4.05492022e+00,  2.00496115e+00,
       -8.58601803e-02,  2.78624107e+00, -7.46564688e-02,  6.47313277e+00,
        3.72180188e+00,  6.53115584e+00, -2.60042414e+00,  4.66507346e+00,
        7.04317705e+00,  1.51122309e+00,  2.13843927e+00,  1.26948931e+00,
        1.35769981e+00,  8.45243472e+00,  1.01719358e+01,  2.79488868e+00,
       -7.06666321e-01, -1.76575052e+00,  4.01095364e+00,  9.59007373e+00,
       -2.05906274e+00,  6.12615821e+00,  3.68632583e+00,  3.74518566e+00,
        5.01658567e+00, -7.78746461e-01,  5.24364039e+00,  1.02148229e+01,
        2.94758635e+00,  5.26824310e-01,  2.03129608e+00,  4.99546961e+00,
       -3.07098638e-01, -1.14640168e+00,  7.92423592e+00, -2.02587544e+00,
        1.35015567e+01,  1.68901089e+00, -1.75695791e+00,  5.13619225e+00,
        8.21043894e-01,  2.53324253e-01, -3.64527062e-01,  1.42120625e+00,
        4.99767004e+00,  2.71779240e+00,  3.18589808e+00,  6.27370022e+00,
        1.52124653e+00,  6.60083021e+00, -9.45393828e-01,  5.94714849e+00,
        6.21512019e+00,  2.78711063e+00,  4.88830053e+00,  1.20516690e+00,
       -3.74522702e+00,  5.25733157e+00,  6.53429412e+00, -3.41725353e+00,
        3.87687232e+00,  2.48360883e+00,  5.27367080e+00,  1.17883640e+00,
        2.20317579e+00,  3.07869729e+00,  4.75157907e+00,  3.55565140e+00,
        4.44887821e+00, -2.84117078e+00, -1.78503891e+00,  6.47366793e+00,
        3.96570215e+00,  6.58746541e+00,  5.08496683e+00, -3.32486857e-01,
        5.35089409e+00,  4.61296955e+00,  5.02677125e+00, -4.46470934e+00,
        5.90129808e+00,  4.29338173e+00,  1.70297787e+00, -1.68395797e+00,
       -5.21023442e-01,  3.52639173e+00,  1.10569063e+01,  7.67426180e+00,
       -1.41348560e+00, -6.76291632e-01,  3.01764300e+00,  6.67879113e-01,
       -2.01071744e+00, -5.27700785e-01,  5.63666281e+00,  5.67792842e+00,
        1.00722556e+01,  7.56717036e-01,  6.42635446e+00,  1.88785477e+00,
        4.61187003e+00,  4.91203927e+00,  2.50910984e+00,  2.77720314e+00,
       -6.63077415e+00,  4.71526854e+00,  3.91379394e-01,  2.19123235e+00,
        2.90698839e+00,  5.59295578e+00, -9.88702947e-01,  4.61519458e+00,
        1.67040095e+00,  5.37943505e-01,  1.25577481e+00, -2.25306329e+00,
        7.12746459e+00,  5.84074346e+00,  1.73886375e+00, -2.05130542e+00,
        2.11177874e+00,  1.86616242e+00,  1.14870941e+00, -5.71451752e-01,
       -1.92660970e+00,  2.48898691e+00,  2.48713854e+00, -3.57841129e+00,
        4.75619259e+00,  7.28813357e+00,  5.53934802e+00,  7.98095643e+00,
        7.29411651e+00,  2.28842156e+00,  2.36573093e+00,  3.20071805e+00,
        1.49440826e+00, -2.73302327e+00,  9.15556180e+00,  8.12949683e-01,
        6.55014200e+00,  3.73941577e+00,  3.63534902e+00,  4.85964944e+00,
       -3.48750434e+00,  4.69777485e+00,  3.88869671e-01,  5.10104000e+00,
        1.06903719e+01,  1.03107059e+00,  1.11051027e+01, -1.16728964e-01,
       -9.06390670e-01,  3.90660348e+00,  3.52299694e+00,  5.07677214e+00,
       -1.90871273e+00,  3.33472802e+00,  7.93827956e+00,  6.40268263e+00,
        3.09689486e+00,  7.89907952e+00,  6.92904425e+00,  7.00946412e+00,
       -1.59637663e-01,  5.55797359e+00,  6.48686004e+00, -2.73560236e-02,
        1.31820280e-01, -3.12059676e+00,  2.47925131e+00, -1.53494477e+00,
        2.58757584e+00,  1.29680810e+00,  4.03889215e+00,  1.74232955e+00,
        6.25869743e+00,  1.29177537e+00,  5.09668711e-01,  5.81273163e-01,
        3.62885979e+00,  2.75023398e+00,  4.16689488e+00,  7.27818993e+00,
       -3.49982986e+00,  5.57742982e+00,  4.89319116e+00,  8.24586052e+00,
       -7.15126597e+00,  4.15490234e-02, -1.88370384e+00,  1.00867454e+01,
        2.73928464e+00,  1.53216506e+00,  9.01859691e+00,  1.12699194e+00,
        8.21742746e+00, -3.64273718e+00,  3.85472196e+00,  6.02730013e-01,
       -9.52606099e-01,  6.99467134e+00,  3.95400290e+00,  6.61335312e+00,
        9.80688676e+00,  5.20690337e+00,  1.29770685e+00,  3.45926433e+00,
        1.01015618e+01,  4.29895119e+00,  3.77661802e+00,  8.39307599e+00,
        2.50850306e+00,  5.34905420e+00,  3.68407608e+00,  2.12053238e-01,
        4.75863181e+00,  4.52012620e+00,  6.26043958e+00,  1.00152635e+01,
       -1.19620458e+00,  5.43033938e+00,  5.98271669e+00, -2.69931090e+00,
        1.87557654e+00,  9.64400738e-01,  6.15733824e+00,  7.36126660e+00,
        2.86075513e-01, -2.38989833e+00,  2.73961887e+00,  2.26774307e+00]), array([ 6.64320374e-01,  6.84521778e+00,  8.68069932e+00,  1.01488743e+00,
       -4.51773888e-01,  9.00663204e-01, -7.86860632e-01,  8.63467805e+00,
        4.15857868e+00,  4.83713652e+00, -3.07951044e+00,  5.03777778e+00,
        4.97283953e+00,  4.38016056e-01,  2.75148097e+00, -2.53283026e+00,
        4.47795900e+00,  7.98011113e+00,  5.77586974e+00,  3.82088383e+00,
        2.93525350e+00,  3.31784136e-01, -1.03546683e+00, -1.42094669e+00,
        6.39240948e+00,  3.90527358e+00, -6.78790852e-01,  2.95334528e+00,
        4.07496800e+00,  2.16048134e+00,  3.85447142e+00,  5.68361658e+00,
        4.43670403e+00, -2.37586503e-01,  1.68678861e+00,  4.36433717e-01,
        4.57039205e+00,  3.48657399e+00,  4.04322487e+00,  7.20704976e-01,
       -2.47038510e+00,  9.89403502e-01,  5.58076526e+00,  5.07567892e+00,
       -3.30862793e+00,  8.14788266e+00,  2.26212162e+00,  1.67185633e+01,
        1.63567326e+00,  8.93854400e+00,  6.08624237e+00,  1.42391112e+00,
       -1.26764161e+00,  9.12388552e+00,  6.71220503e+00,  6.28877187e+00,
        3.38805208e+00,  1.85541946e+00, -1.85261043e+00,  1.07990920e+01,
        3.76701224e+00,  6.58693979e+00,  8.02944362e+00,  4.39071191e+00,
        4.40322274e+00,  8.74456344e+00, -5.70368389e+00,  4.53889398e+00,
        3.31646813e+00,  1.51192879e+01,  2.09139934e+00,  3.94361329e+00,
        2.13984449e+00, -2.72430079e+00,  6.56173817e+00,  1.77273063e+00,
        6.54246293e+00,  5.75361559e+00,  5.30523280e+00,  4.10370381e+00,
        5.23783599e+00,  4.21078932e+00, -1.45436894e+00,  3.62124900e+00,
        9.37303922e+00,  2.51787291e-01,  7.34336184e+00, -4.83463938e+00,
        2.72883712e+00,  4.23147801e+00,  1.07374979e+00,  4.60441608e+00,
        6.80060751e-01,  7.50850738e+00,  3.11355924e+00,  4.95107906e+00,
        5.84253915e+00, -4.96852408e+00,  7.48471087e+00, -2.65980539e+00,
        6.16602828e+00,  7.42649797e+00,  1.15488404e+00,  1.05218699e+01,
        5.11462338e+00,  5.56011975e+00,  3.70315375e+00,  1.81060069e+00,
        1.90794465e-01, -1.00864199e-01,  3.97447562e+00,  8.94822177e+00,
        5.62896148e+00,  3.36935636e+00,  5.46435702e+00,  5.28653061e+00,
        9.61547774e-01,  5.49692502e+00,  1.05771513e+01,  5.31658038e+00,
        1.68092546e+00, -2.42679427e-01,  2.13394683e+00,  6.44832261e-03,
        7.09087004e+00,  9.43666213e+00,  1.17433641e-01,  5.10022185e+00,
        3.36638765e+00,  7.56773834e+00,  3.45436441e+00, -3.23958070e-01,
        8.34335795e+00, -3.33249678e+00,  6.76235634e+00,  8.03913278e+00,
        6.58096781e+00,  2.79728169e+00,  2.26919544e-01,  5.74657190e+00,
       -3.82623633e-01,  7.37020452e+00, -2.42572830e+00,  1.98946437e+00,
        7.90192036e+00,  5.15982059e+00,  7.68123500e+00,  1.45959627e+00,
        7.34410197e+00,  7.04916797e+00,  5.37941467e+00,  2.30679118e+00,
        7.96450287e+00,  3.07779774e+00,  5.90250811e+00,  4.37350751e+00,
       -2.85450704e-01,  3.04143512e+00,  1.02195551e+00,  3.91910817e+00,
        3.17526258e+00,  5.03837664e+00,  1.48348843e+00,  4.67544922e+00,
        5.72246573e+00,  4.77007088e+00,  3.31792737e+00,  4.68779966e+00,
        4.96861729e+00,  4.07665222e+00, -8.81345779e-01,  8.28605722e+00,
        3.43559456e+00,  5.23336625e+00,  7.16520474e+00,  1.01228896e+00,
        7.91559820e+00, -1.60809989e+00,  8.84344376e+00,  4.30727501e+00,
        3.04256463e+00,  2.59360810e-01, -1.59405306e+00,  3.72166249e+00,
        5.67828503e+00,  5.17399681e+00,  4.46273298e+00,  3.85128962e+00,
        5.19437083e+00,  2.74903671e+00, -1.20088248e+00,  3.82913607e+00,
        2.42884045e+00,  1.44997471e+00,  4.15650296e+00,  5.54155008e+00,
        3.90421885e+00,  3.53038268e+00,  5.43511498e+00,  2.94056798e+00,
        4.24268325e+00,  2.28273725e+00,  7.25383599e-01,  1.45830421e+00,
        2.60657411e+00,  6.88665086e+00,  4.40129344e+00,  7.36098189e+00,
        2.09632859e+00,  8.04102998e+00,  3.31991276e+00, -9.53816726e-02,
       -1.21800059e-01,  6.48573158e+00,  5.71737404e+00,  7.52313652e+00,
        6.66553044e+00,  7.11541745e+00, -9.77537446e-01,  1.14843975e+00,
        6.13902867e+00,  6.53798040e+00,  8.27118944e+00,  2.37159708e+00,
        6.53526178e+00,  2.28410532e+00,  3.11887084e+00,  2.02714334e+00,
        8.20942208e+00,  7.13698386e+00,  5.25912295e+00, -1.31214131e+00,
        7.75500300e+00, -2.62364099e+00,  8.12665350e-01,  7.35660230e-01,
        2.10230129e+00, -5.19116528e-02,  8.65897834e+00,  9.55233616e+00,
        4.81314637e+00,  7.52316008e+00,  1.13845754e+01,  5.81306141e+00,
        1.55990123e+00,  2.29294068e+00,  5.97063086e+00,  1.30904929e+00,
        1.69793730e+00, -4.84722964e+00,  1.41432568e+00,  1.14128900e+01,
       -1.47817216e+00,  4.12376002e+00,  1.41408978e-01,  5.86564604e+00,
        6.55493929e-02, -2.81486047e+00, -1.23856804e+00,  2.12503098e+00,
        1.87867489e+00,  2.40164459e+00,  2.95248403e+00,  1.04723914e+01,
        6.79553236e+00,  6.98777550e+00,  1.49021512e+00,  3.03910911e+00,
        9.74479801e-01,  1.26185880e+01, -2.42737464e+00,  4.30438797e+00,
        1.26405685e+00,  4.18564344e+00,  2.62702841e+00,  8.41037292e+00,
        5.79101755e+00,  5.45770594e+00,  1.67078854e-01,  5.92567023e+00,
        1.00634384e+01, -6.47553835e+00, -3.42314980e+00,  4.21176642e+00,
       -7.94005639e-01,  8.09156870e-01,  9.61571905e+00,  2.32248417e+00,
        8.60153595e+00,  8.33265817e+00, -1.89104900e+00,  9.34021542e+00,
        3.88556588e+00,  2.66489695e+00, -2.90353854e-01,  3.85801382e+00,
        7.72955979e+00,  5.47443477e+00,  3.48313690e+00,  4.15462972e+00,
        5.85409669e+00, -2.60790994e-01, -6.66115202e+00, -8.52142336e-01,
        2.86417126e+00,  9.72942250e+00,  5.97418397e+00, -5.02863235e-01,
        5.76748286e+00,  1.14667744e+01,  2.29110424e+00,  7.99667673e-01,
        1.35638178e+00, -4.90022683e+00,  2.02079752e+00,  1.04113402e-01,
        5.26335030e-01,  3.48294340e+00, -1.54051577e+00,  5.05121630e+00,
        6.87271298e+00,  1.03547645e+00,  4.39483279e-01,  7.19859967e+00,
        4.05222206e+00,  1.17915828e+01,  4.72934772e+00,  1.61849001e+00,
       -1.89554249e-01,  4.80120794e+00,  8.68053685e+00,  6.15425497e+00,
       -1.92808646e+00,  2.97777590e+00,  6.36624642e+00,  6.48112719e+00,
        5.08162126e+00,  3.56977340e+00,  4.28134138e+00,  4.03920803e+00,
        6.27007742e+00,  1.15199518e-01,  2.17090431e+00,  4.78149269e+00,
        2.10762840e+00,  1.27031731e+00, -3.78513954e-01,  2.12228822e+00,
        6.49290033e+00,  8.74814632e+00,  2.25787703e-01,  1.24254589e+00,
        1.29988116e+00,  1.00813676e+01,  5.39102812e+00,  6.32438225e+00,
        6.63692884e+00,  6.38049511e+00,  1.30386209e+00,  8.52303068e-01,
        6.13354021e+00, -1.16620278e-01,  2.18630233e+00,  4.43542760e+00,
        7.44913551e+00,  6.99187216e+00,  6.15372171e+00,  3.02841940e+00,
        2.68123331e+00, -4.66876759e-01,  7.69529855e+00,  6.00698542e+00,
        3.74154530e+00,  2.91134226e+00,  1.12615164e+01,  1.39057239e+00,
        1.12725569e+00, -2.05200280e-01,  4.09054458e+00,  2.80359232e+00,
        1.03884853e+01, -6.08835163e-01, -1.57188172e+00,  4.42432567e+00,
       -1.02938678e+00, -3.39710106e+00, -7.65417832e-02,  4.38355263e+00,
        1.69085826e+00,  5.96259146e+00,  5.58071691e+00,  4.16552144e+00,
        3.27735068e+00,  7.26503039e+00,  6.18431721e+00, -4.82889137e-02,
        6.05765636e+00,  6.34386107e+00,  7.61771783e+00, -5.32079462e+00,
        1.33944713e+00,  2.32967576e+00,  6.62313437e+00,  6.56223788e+00,
        4.59440900e+00,  5.42397773e+00, -1.93209229e-01,  5.64796985e+00,
        9.14812381e-01,  7.75564124e+00,  4.86827611e+00,  3.13102514e+00,
       -1.22978623e+00, -4.42296562e+00,  3.30824450e+00,  5.51666127e+00,
        3.22725018e+00,  4.16868666e+00,  2.22822375e+00,  7.13510004e+00,
        3.65605367e+00,  6.95416764e+00,  3.89566693e+00,  6.10201441e+00,
       -5.63734599e+00,  3.90530317e+00,  1.06400231e+00,  2.84808523e+00,
        8.69122617e+00, -1.67128997e+00,  1.04080607e+01,  3.03714512e+00,
       -2.15008605e+00,  7.20197305e-01,  2.48598416e+00,  8.59438340e+00,
       -2.94078072e+00,  1.13656578e+01,  3.85683370e-01,  2.29258028e-01,
        4.43513393e+00,  4.37041845e+00, -5.34829142e-01, -3.42216136e+00,
       -4.59802306e+00,  2.92270033e+00,  5.33098131e+00,  3.00534392e+00,
        1.71981540e+00,  6.60759673e+00,  6.52152362e+00,  5.47948254e+00,
       -7.74853593e+00,  6.76858148e+00,  3.14698259e+00,  6.89593528e+00,
        2.70690424e+00,  2.01268362e+00,  1.49638283e+00, -4.08764403e+00,
        8.89863495e+00,  4.88736768e+00, -2.46992314e+00, -3.62626405e+00,
        5.19723450e+00,  2.05089316e+00,  2.13751607e+00,  5.00955196e-01,
        1.58902292e+00,  1.02766047e+01,  4.51562544e+00,  4.81521939e+00,
        5.11089645e+00,  7.69614552e+00,  6.02267091e+00,  2.14581872e+00,
        4.24570669e+00,  1.82630988e-01,  5.29084591e+00,  7.00123233e+00,
        1.08523732e+01, -1.75800294e-01,  3.17311624e+00,  4.77455892e-01,
        2.74092909e+00,  5.68420161e+00,  7.56809708e+00,  3.48257871e+00,
        6.13960834e+00, -2.99441192e-01,  8.70399492e+00,  5.53394619e+00,
       -8.44063218e-01,  1.02364378e+01,  2.55430145e+00,  2.10030646e+00,
        3.42823695e+00, -2.86577494e+00,  2.34048345e+00,  1.06945700e+00,
        3.23250698e+00,  7.76901897e+00,  4.78210457e+00, -1.86767434e+00,
        4.68543290e+00,  6.22248299e+00,  3.64840022e-01,  4.77924723e+00,
        6.94879530e+00,  6.88554742e+00,  8.73992595e-01, -9.69200500e-01,
        5.36522557e+00,  5.85354534e+00,  6.02312308e+00, -6.61626966e-01,
        3.76531768e+00,  1.77256260e+00,  6.47348045e+00,  1.64679769e+00,
        9.57543897e+00,  9.56229311e+00,  4.19937444e+00,  1.32347950e+00,
        1.86421407e+00,  4.94458684e+00,  7.32306631e-01,  1.84691125e+00,
        6.22805161e+00,  5.85234618e+00,  1.48321246e+00, -3.45075262e-01,
        6.71656200e+00,  2.17215571e+00,  1.41103816e+01,  7.56489585e+00,
        3.36886203e+00,  3.29264890e+00,  3.30039628e+00,  1.01525329e+00,
        2.32268963e+00,  2.35929652e+00, -8.91021966e-01,  1.95940326e+00,
       -5.66908793e+00,  9.55873167e+00,  1.98183279e+00,  2.22761687e+00,
        2.62747900e+00,  1.58483526e+00,  1.70895441e+00,  1.24734854e+01,
        6.18395370e+00,  1.27653708e+00, -1.86357074e+00,  6.10549240e+00,
        3.04730789e+00, -6.05632645e-01,  1.57658940e+00,  9.63540992e+00,
        4.03126013e+00,  1.70904401e+00,  6.03812202e+00, -4.56476974e+00,
        4.57008158e+00, -1.43205916e+00, -3.29054488e+00,  2.43329033e+00,
        7.40301955e-01,  3.35374157e+00,  7.01872000e-01,  6.95204797e+00,
        4.12818372e+00,  6.80738477e+00, -1.32641589e+00,  5.42663094e+00,
        7.43616960e+00,  2.45874441e+00,  2.81266346e+00,  2.40113354e+00,
        1.94204556e+00,  9.61216029e+00,  1.08990692e+01,  3.09689050e+00,
        3.12337623e-01, -1.01189800e+00,  4.07074679e+00,  1.10337376e+01,
       -1.81467696e+00,  6.65425604e+00,  4.32670083e+00,  4.51776086e+00,
        6.10060005e+00, -2.59104214e-01,  5.44507346e+00,  1.12180858e+01,
        3.60768159e+00,  1.88938569e+00,  3.09961036e+00,  5.76341573e+00,
        1.63874685e-01,  4.32405726e-01,  8.49753174e+00, -1.04052568e+00,
        1.36164016e+01,  2.87417673e+00, -1.01907972e+00,  5.82509950e+00,
        1.63195601e+00,  1.08967122e+00,  9.00867158e-01,  2.39112048e+00,
        5.60975710e+00,  4.08132234e+00,  3.95228293e+00,  6.91413879e+00,
        2.55078847e+00,  7.77182195e+00, -1.15937331e+00,  6.73975864e+00,
        6.41595466e+00,  4.44599222e+00,  5.48140772e+00,  2.03995868e+00,
       -2.89924132e+00,  5.60764313e+00,  6.44694543e+00, -2.49992230e+00,
        4.53361747e+00,  2.80828250e+00,  5.58493947e+00,  1.52571225e+00,
        2.59441613e+00,  3.41382332e+00,  6.10982198e+00,  4.76804280e+00,
        4.90092906e+00, -1.97352472e+00, -2.03169533e+00,  7.01465556e+00,
        4.27648567e+00,  7.44602712e+00,  5.50807521e+00,  3.68803228e-01,
        5.83913203e+00,  5.28075529e+00,  5.71656724e+00, -3.82448615e+00,
        6.69695696e+00,  4.81978795e+00,  2.63065727e+00, -1.44200779e+00,
        3.13893745e-01,  3.68372046e+00,  1.20561821e+01,  8.23794254e+00,
       -3.34623462e-02, -2.99224074e-03,  3.40896624e+00,  1.18625900e+00,
       -1.70454468e+00, -3.01149672e-01,  6.76526859e+00,  6.15274554e+00,
        1.11843453e+01,  1.83639861e+00,  7.34503969e+00,  2.62102451e+00,
        5.06128139e+00,  5.19343556e+00,  2.85014650e+00,  3.46175629e+00,
       -5.89720174e+00,  6.02056258e+00,  2.37702526e-01,  3.05538745e+00,
        3.11005391e+00,  6.20260635e+00, -4.94698977e-01,  5.31493827e+00,
        1.66800464e+00,  6.17174286e-01,  2.36621252e+00, -1.04132146e+00,
        7.58419871e+00,  6.44339957e+00,  2.64390383e+00, -1.63547661e+00,
        2.28398194e+00,  2.75956050e+00,  2.31991538e+00,  4.16409973e-01,
       -7.52084774e-01,  3.19194949e+00,  2.76567891e+00, -2.46090859e+00,
        5.56115528e+00,  7.80593408e+00,  6.28040090e+00,  9.11051772e+00,
        7.86890917e+00,  2.64551175e+00,  2.77070392e+00,  3.48034955e+00,
        1.15769120e+00, -1.80931789e+00,  9.45618598e+00,  2.06552807e+00,
        7.05010036e+00,  3.76702484e+00,  4.35122988e+00,  5.12204363e+00,
       -2.61753142e+00,  5.59714956e+00,  1.82261631e+00,  6.19472969e+00,
        1.14702942e+01,  1.63924116e+00,  1.18227899e+01,  7.33294618e-01,
       -1.19784782e-02,  4.67947765e+00,  4.77311214e+00,  5.25336160e+00,
       -1.08626470e+00,  4.50493622e+00,  8.40401139e+00,  7.41540032e+00,
        3.56397301e+00,  8.57421158e+00,  7.40334112e+00,  7.79616821e+00,
        6.75689620e-01,  5.88801624e+00,  7.32414874e+00,  7.66903058e-01,
        9.11197207e-01, -2.06901856e+00,  2.94370304e+00, -7.77402009e-02,
        3.30106646e+00,  2.11950866e+00,  4.62592056e+00,  2.56792361e+00,
        6.89545668e+00,  2.29777847e+00,  1.39469135e+00,  1.77126200e+00,
        3.91088888e+00,  3.30189607e+00,  5.23656818e+00,  7.80089121e+00,
       -2.53878737e+00,  6.88167269e+00,  5.63952681e+00,  8.17788424e+00,
       -6.04053405e+00,  7.31648069e-01, -1.08585983e+00,  1.10364634e+01,
        3.51900536e+00,  2.04995716e+00,  1.00131841e+01,  1.94687582e+00,
        8.73978042e+00, -2.08570220e+00,  3.65182644e+00,  1.20429918e+00,
       -5.18733896e-01,  7.19118933e+00,  4.51633422e+00,  7.17849473e+00,
        1.03702627e+01,  5.99763095e+00,  2.17848027e+00,  4.11142519e+00,
        1.08725579e+01,  4.79026456e+00,  4.75824987e+00,  8.81535829e+00,
        3.10578676e+00,  6.54778615e+00,  4.86564254e+00,  1.23145379e+00,
        5.86184414e+00,  5.39413089e+00,  6.34094453e+00,  1.06094268e+01,
       -4.23741230e-01,  5.98308854e+00,  6.76063558e+00, -1.85104820e+00,
        2.58406341e+00,  1.64701030e+00,  6.45983140e+00,  8.19111182e+00,
        7.68465984e-01, -1.61521104e+00,  3.22272987e+00,  3.23484520e+00]), array([ 1.56622587e+00,  7.86579191e+00,  9.04660234e+00,  1.07590229e+00,
        9.20782992e-01,  1.85512530e+00,  5.57092671e-01,  9.41387378e+00,
        4.44254406e+00,  5.93245319e+00, -2.21462278e+00,  6.33332661e+00,
        5.72788499e+00,  4.79637147e-01,  3.46896987e+00, -1.82595756e+00,
        5.31217422e+00,  8.97200240e+00,  6.72868215e+00,  5.00521622e+00,
        3.85501878e+00,  8.01555313e-01,  6.24655993e-02, -1.72627997e-01,
        6.68015728e+00,  4.60791566e+00, -3.89772718e-01,  3.53554058e+00,
        5.05284204e+00,  2.33437182e+00,  4.79400175e+00,  5.96193637e+00,
        5.05051393e+00,  1.01627667e+00,  2.17694883e+00,  1.61153763e+00,
        5.50908626e+00,  4.02854288e+00,  4.56612332e+00,  1.45427254e+00,
       -1.57990611e+00,  1.88136052e+00,  6.00202158e+00,  5.73603101e+00,
       -2.14375776e+00,  8.69772983e+00,  2.69835338e+00,  1.70406813e+01,
        2.43435358e+00,  9.55925412e+00,  6.87631756e+00,  2.44548636e+00,
       -2.91631687e-01,  9.70154508e+00,  7.54338147e+00,  6.18442163e+00,
        4.05175217e+00,  2.71762438e+00, -8.22745518e-01,  1.19042482e+01,
        4.36578497e+00,  7.00665368e+00,  9.72218520e+00,  5.12159062e+00,
        5.01795235e+00,  9.15963742e+00, -4.50058555e+00,  5.47921166e+00,
        3.61334894e+00,  1.55510924e+01,  3.17755808e+00,  4.69058531e+00,
        3.23020027e+00, -1.27462347e+00,  7.27563959e+00,  2.34285507e+00,
        7.07998220e+00,  6.58110570e+00,  6.13365487e+00,  5.09283087e+00,
        5.84042382e+00,  4.43349138e+00, -2.90532911e-01,  4.78623808e+00,
        1.00580901e+01,  1.75007313e+00,  8.37479467e+00, -4.06892873e+00,
        3.49002471e+00,  5.15558551e+00,  1.39247936e+00,  5.76330992e+00,
        1.95614029e+00,  7.94034749e+00,  4.25419864e+00,  5.29374792e+00,
        6.39424857e+00, -4.29649299e+00,  8.28474536e+00, -2.12506534e+00,
        7.20685028e+00,  7.84371887e+00,  2.13883308e+00,  1.12257518e+01,
        6.22920750e+00,  6.11765889e+00,  4.49164397e+00,  2.27300684e+00,
        1.43939929e+00,  7.04652740e-01,  3.90956624e+00,  1.00940399e+01,
        6.94022271e+00,  4.45771777e+00,  5.82871610e+00,  5.72473006e+00,
        1.66587464e+00,  6.18705474e+00,  1.09262129e+01,  5.95999582e+00,
        2.36304661e+00,  6.15102263e-01,  2.61521643e+00, -8.88460489e-03,
        8.04088468e+00,  1.02736075e+01,  1.15498233e+00,  5.29606517e+00,
        4.12423207e+00,  7.76800698e+00,  4.83480007e+00,  9.85544974e-01,
        9.20201407e+00, -2.43734436e+00,  7.55875334e+00,  8.52109474e+00,
        7.22066875e+00,  3.85677074e+00,  1.18546459e+00,  6.71086395e+00,
        4.65412543e-01,  7.83502705e+00, -1.20771911e+00,  3.47729539e+00,
        8.77270349e+00,  6.01546349e+00,  8.63404181e+00,  2.59234768e+00,
        8.24057929e+00,  7.06693199e+00,  5.88638471e+00,  2.81764222e+00,
        8.81663040e+00,  3.52039044e+00,  6.12123809e+00,  5.43732688e+00,
        6.73286147e-01,  3.71967239e+00,  2.22307645e+00,  4.40167182e+00,
        4.10845580e+00,  5.75019897e+00,  2.08485963e+00,  5.34625016e+00,
        5.94938308e+00,  4.81001093e+00,  4.00135438e+00,  5.34663230e+00,
        5.44336242e+00,  5.29135925e+00,  1.00492330e-01,  9.46781066e+00,
        3.89090534e+00,  6.00043420e+00,  8.15992018e+00,  1.91630759e+00,
        8.30240071e+00, -3.61639624e-01,  9.32545205e+00,  5.20388836e+00,
        4.12480151e+00,  9.32747319e-01, -7.34908385e-01,  4.68961197e+00,
        6.70404960e+00,  6.19352331e+00,  5.85095337e+00,  4.30872572e+00,
        6.00006562e+00,  3.96301305e+00, -3.23963323e-01,  4.51503562e+00,
        3.41835926e+00,  1.95140471e+00,  4.89639477e+00,  6.54712846e+00,
        4.79746145e+00,  4.14504444e+00,  6.41301167e+00,  3.39128391e+00,
        5.44411347e+00,  3.38660216e+00,  1.41368823e+00,  2.15607258e+00,
        3.55617323e+00,  7.61947075e+00,  5.37434819e+00,  8.03256088e+00,
        2.85401698e+00,  8.70532749e+00,  4.46212502e+00,  6.48224987e-01,
        6.70014803e-01,  7.19603023e+00,  6.41501781e+00,  8.65576126e+00,
        8.11656723e+00,  8.40373124e+00,  1.15063807e-01,  1.70588398e+00,
        6.89429070e+00,  7.53622896e+00,  9.51344185e+00,  3.63422255e+00,
        7.07033984e+00,  2.98663719e+00,  4.41314539e+00,  2.84398442e+00,
        8.62084917e+00,  7.78849264e+00,  6.06049352e+00, -3.66770240e-01,
        8.63751033e+00, -2.51220964e+00,  1.95853683e+00,  1.92140503e+00,
        2.95068048e+00,  9.97542729e-01,  9.60710377e+00,  1.01272579e+01,
        5.60883064e+00,  8.37008739e+00,  1.19654167e+01,  7.25063653e+00,
        2.55315270e+00,  2.96382133e+00,  6.89126807e+00,  1.87317781e+00,
        2.42985134e+00, -3.18937115e+00,  2.46471285e+00,  1.22136404e+01,
       -9.23061224e-01,  4.79385015e+00,  1.10639280e+00,  6.19480714e+00,
        1.75589310e+00, -2.39775937e+00, -2.60142509e-01,  3.03479318e+00,
        2.48558382e+00,  3.54388154e+00,  3.96618590e+00,  1.18054902e+01,
        7.26747834e+00,  7.17740934e+00,  2.01269718e+00,  3.58769077e+00,
        1.59392838e+00,  1.37973312e+01, -1.23531264e+00,  4.98972390e+00,
        2.13702612e+00,  5.13053248e+00,  3.15404898e+00,  9.69971278e+00,
        7.33960012e+00,  6.58936102e+00,  1.11982403e+00,  6.68764772e+00,
        1.06230936e+01, -5.48501386e+00, -2.49350475e+00,  5.06166562e+00,
        6.41678602e-02,  1.49107263e+00,  1.02860081e+01,  3.46687867e+00,
        9.86934990e+00,  9.50220272e+00, -1.00486441e+00,  1.02131399e+01,
        4.66370091e+00,  3.51052487e+00,  7.39565171e-01,  4.78168212e+00,
        8.64970186e+00,  6.04243600e+00,  3.73262058e+00,  5.31678490e+00,
        6.84228708e+00, -2.70837089e-01, -6.33173249e+00,  8.30475453e-01,
        4.19000342e+00,  9.94883366e+00,  6.83276922e+00, -2.74921944e-01,
        6.71727739e+00,  1.23597850e+01,  2.77615679e+00,  9.80965773e-01,
        2.03586247e+00, -3.96772334e+00,  2.81502993e+00,  6.49195999e-01,
        7.38219997e-01,  4.23909568e+00, -9.68471703e-01,  5.68449773e+00,
        7.44615736e+00,  1.95206568e+00,  1.48746212e+00,  8.03233689e+00,
        4.75066699e+00,  1.29492807e+01,  5.56798742e+00,  2.53381290e+00,
        4.82718990e-01,  5.17028819e+00,  9.29411669e+00,  6.73229545e+00,
       -1.24784523e+00,  3.40921992e+00,  7.19578217e+00,  7.09850328e+00,
        5.39523262e+00,  4.51585125e+00,  4.95918024e+00,  4.17099886e+00,
        6.77467195e+00,  1.02028246e+00,  2.89326809e+00,  5.58936887e+00,
        2.86970695e+00,  1.81698516e+00,  3.89238100e-01,  2.85326360e+00,
        7.93180500e+00,  9.61049697e+00,  5.97023424e-01,  2.37475465e+00,
        2.02552068e+00,  1.14884575e+01,  5.92600270e+00,  6.63097620e+00,
        8.14968997e+00,  7.53588100e+00,  2.83782873e+00,  2.16263401e+00,
        6.50955292e+00,  1.86904771e-01,  3.61390133e+00,  4.98077614e+00,
        7.88093543e+00,  7.84451914e+00,  6.60359052e+00,  3.88666439e+00,
        3.52503599e+00,  2.66939619e-02,  8.85590052e+00,  6.75603053e+00,
        4.12670848e+00,  3.96164517e+00,  1.20330210e+01,  2.10524132e+00,
        1.17314485e+00,  4.80707475e-01,  5.10225589e+00,  3.57597353e+00,
        1.13822291e+01,  2.20743284e-01, -8.08165596e-01,  5.79941991e+00,
       -1.10777322e-01, -2.37537775e+00,  1.00388440e+00,  5.53834581e+00,
        2.93826945e+00,  6.96971886e+00,  6.45905113e+00,  4.88226987e+00,
        3.78398645e+00,  8.56563798e+00,  7.09998699e+00,  5.60581896e-01,
        6.66973363e+00,  7.53779775e+00,  9.02381474e+00, -5.02625853e+00,
        2.39983228e+00,  3.47367378e+00,  8.02076042e+00,  8.14762341e+00,
        4.86202238e+00,  6.33356874e+00,  9.70625232e-01,  6.76833718e+00,
        1.81543910e+00,  8.56031295e+00,  5.42699433e+00,  3.78764993e+00,
       -5.81325034e-01, -3.78120859e+00,  4.56394399e+00,  6.53872594e+00,
        4.19644106e+00,  5.11367964e+00,  3.35375773e+00,  8.38096563e+00,
        4.44611256e+00,  7.68575489e+00,  5.12749064e+00,  6.67121377e+00,
       -4.96101569e+00,  5.05459139e+00,  1.66142784e+00,  4.08146162e+00,
        9.25559356e+00, -7.60690392e-01,  1.09577113e+01,  4.27655834e+00,
       -9.81890029e-01,  1.69941090e+00,  3.20880968e+00,  8.62673521e+00,
       -1.50259740e+00,  1.11718408e+01,  1.55064765e+00,  1.00624636e+00,
        5.33294957e+00,  4.67509562e+00,  6.71435482e-01, -2.70948822e+00,
       -3.50231383e+00,  3.66839262e+00,  6.98531975e+00,  3.82843485e+00,
        2.61828513e+00,  7.60805042e+00,  7.31930719e+00,  6.90383927e+00,
       -7.46399419e+00,  7.46924507e+00,  3.99012821e+00,  7.55507216e+00,
        3.39839909e+00,  3.05925826e+00,  2.14939137e+00, -3.86359800e+00,
        8.89153879e+00,  5.64718292e+00, -1.59639878e+00, -2.41231068e+00,
        6.03204162e+00,  3.26762671e+00,  3.22440153e+00,  1.43288824e+00,
        2.48214387e+00,  1.10610084e+01,  5.45847589e+00,  5.42836984e+00,
        5.84826815e+00,  9.10147715e+00,  6.33803474e+00,  2.37662746e+00,
        5.89372968e+00,  1.54854658e+00,  6.51218997e+00,  8.02174467e+00,
        1.12892646e+01,  5.40847927e-01,  3.58474317e+00,  1.12375686e+00,
        3.36619658e+00,  6.37627880e+00,  8.68296437e+00,  4.11478111e+00,
        7.20072710e+00,  6.72486192e-01,  8.77262215e+00,  6.62880453e+00,
       -3.03626404e-01,  1.04716803e+01,  2.42600107e+00,  2.67342552e+00,
        4.41767665e+00, -1.55440469e+00,  3.66297473e+00,  2.23821506e+00,
        4.39211568e+00,  8.71654051e+00,  5.34517336e+00, -1.91573088e+00,
        5.53909600e+00,  6.73909557e+00,  8.77405689e-01,  5.53483589e+00,
        7.67531318e+00,  7.78508154e+00,  1.69205267e+00, -4.02091979e-01,
        6.50493699e+00,  6.59239802e+00,  6.35852033e+00,  1.90045509e-01,
        4.54975999e+00,  2.96819583e+00,  7.70398074e+00,  2.52430917e+00,
        1.04111307e+01,  1.00137064e+01,  5.25179863e+00,  1.83053201e+00,
        3.11004970e+00,  5.80417267e+00,  1.03735066e+00,  2.34219748e+00,
        6.80647482e+00,  6.88180459e+00,  2.65074892e+00,  8.12373062e-01,
        7.61482922e+00,  2.89828536e+00,  1.39801084e+01,  8.07493136e+00,
        3.72799821e+00,  3.29560535e+00,  4.04022673e+00,  1.21573846e+00,
        3.16602320e+00,  3.43901992e+00,  1.54056177e-01,  2.37173234e+00,
       -4.73484137e+00,  1.05329527e+01,  2.49065083e+00,  3.05720096e+00,
        3.55470337e+00,  1.59700487e+00,  2.09626552e+00,  1.26848188e+01,
        7.22955990e+00,  1.70113553e+00, -5.82013186e-01,  6.29921775e+00,
        3.65221369e+00,  4.16295688e-01,  2.69612505e+00,  1.00694980e+01,
        4.88122545e+00,  2.47114541e+00,  7.01128415e+00, -3.79183498e+00,
        6.04742813e+00, -3.95754255e-01, -2.40465026e+00,  2.97937737e+00,
        1.68279211e+00,  4.04756436e+00,  1.57648870e+00,  7.55771098e+00,
        4.65629937e+00,  7.18292870e+00,  4.87252267e-02,  6.29423714e+00,
        7.91572892e+00,  3.48367357e+00,  3.59927594e+00,  3.68735775e+00,
        2.63443826e+00,  1.08652717e+01,  1.17484684e+01,  3.55036762e+00,
        1.45434683e+00, -1.19629745e-01,  4.26375827e+00,  1.25463115e+01,
       -1.41735360e+00,  7.27775041e+00,  5.08702701e+00,  5.40713708e+00,
        7.28859214e+00,  3.85427526e-01,  5.78729598e+00,  1.23055135e+01,
        4.40998765e+00,  3.38389363e+00,  4.27337493e+00,  6.64241624e+00,
        7.87728321e-01,  2.15963831e+00,  9.19902711e+00,  4.47576191e-02,
        1.38709985e+01,  4.18208941e+00, -1.34605214e-01,  6.62540788e+00,
        2.55383795e+00,  2.06556233e+00,  2.29169714e+00,  3.47512724e+00,
        6.34200426e+00,  5.53885983e+00,  4.84052532e+00,  7.61656507e+00,
        3.69194811e+00,  9.04160598e+00, -1.21773956e+00,  7.63934081e+00,
        6.74174863e+00,  6.15547937e+00,  6.21834657e+00,  2.98374263e+00,
       -1.89892483e+00,  6.06543233e+00,  6.51023570e+00, -1.50321486e+00,
        5.28218452e+00,  3.25731292e+00,  6.02164451e+00,  2.00441963e+00,
        3.13598660e+00,  3.84774390e+00,  7.56489359e+00,  6.01869258e+00,
        5.47031655e+00, -9.75264080e-01, -2.10392615e+00,  7.65745705e+00,
        4.66406581e+00,  8.37397808e+00,  6.05713401e+00,  1.24491121e+00,
        6.43780896e+00,  6.07012878e+00,  6.48745866e+00, -3.09450215e+00,
        7.62869950e+00,  5.47916392e+00,  3.67884790e+00, -1.05318474e+00,
        1.23868617e+00,  3.98786746e+00,  1.31203134e+01,  8.90487722e+00,
        1.45268514e+00,  7.81367539e-01,  3.90602263e+00,  1.80184610e+00,
       -1.26242998e+00,  7.27170665e-02,  7.99952343e+00,  6.70130822e+00,
        1.24008156e+01,  3.03861842e+00,  8.35465178e+00,  3.42656200e+00,
        5.66440539e+00,  5.58729063e+00,  3.33868746e+00,  4.28209905e+00,
       -5.03457298e+00,  7.40245162e+00,  2.09199349e-01,  4.05001123e+00,
        3.45529199e+00,  6.91484998e+00,  1.02267734e-01,  6.10572222e+00,
        1.79997225e+00,  8.37846063e-01,  3.56914891e+00,  3.06621974e-01,
        8.11508558e+00,  7.17248957e+00,  3.69047747e+00, -1.06753935e+00,
        2.56600401e+00,  3.74677319e+00,  3.61137319e+00,  1.53079825e+00,
        5.39339719e-01,  3.98039963e+00,  3.17151115e+00, -1.25912609e+00,
        6.46264116e+00,  8.44525461e+00,  7.11863167e+00,  1.03129439e+01,
        8.57498362e+00,  3.12591560e+00,  3.32699182e+00,  3.87709052e+00,
        9.64647580e-01, -8.12660076e-01,  9.87888246e+00,  3.42489986e+00,
        7.64644113e+00,  3.94895735e+00,  5.15015620e+00,  5.51783986e+00,
       -1.61334894e+00,  6.64075271e+00,  3.36472500e+00,  7.39488060e+00,
        1.23652137e+01,  2.35368610e+00,  1.26152965e+01,  1.68349458e+00,
        1.03277163e+00,  5.56711735e+00,  6.12378360e+00,  5.58650678e+00,
       -1.27615476e-01,  5.76174546e+00,  8.98345180e+00,  8.53241454e+00,
        4.16862961e+00,  9.34004730e+00,  8.01339753e+00,  8.68001093e+00,
        1.62213276e+00,  6.33759902e+00,  8.28746140e+00,  1.71274838e+00,
        1.75657550e+00, -9.09042156e-01,  3.53322856e+00,  1.50099729e+00,
        4.10537229e+00,  3.07006925e+00,  5.37050291e+00,  3.53897981e+00,
        7.65010733e+00,  3.40343247e+00,  2.35501544e+00,  3.06717638e+00,
        4.32355937e+00,  4.02354542e+00,  6.42393390e+00,  8.43253900e+00,
       -1.41496786e+00,  8.26274099e+00,  6.47586275e+00,  8.23982267e+00,
       -4.77806844e+00,  1.54301440e+00, -1.71076736e-01,  1.20553703e+01,
        4.40348991e+00,  2.67782661e+00,  1.11068384e+01,  2.87004874e+00,
        9.40750047e+00, -4.55879699e-01,  3.58644589e+00,  1.94353247e+00,
        3.17047945e-02,  7.50009244e+00,  5.20143949e+00,  7.86445097e+00,
        1.10705335e+01,  6.88143207e+00,  3.21615480e+00,  4.87859146e+00,
        1.17458697e+01,  5.40274368e+00,  5.84624988e+00,  9.33020226e+00,
        3.83603430e+00,  7.84836662e+00,  6.12102728e+00,  2.35279315e+00,
        7.04507578e+00,  6.39017308e+00,  6.60189730e+00,  1.12875323e+01,
        4.54807869e-01,  6.65942649e+00,  7.64333477e+00, -8.50691344e-01,
        3.45432558e+00,  2.43752938e+00,  6.89780438e+00,  9.09074183e+00,
        1.37005233e+00, -7.10003030e-01,  3.82916590e+00,  4.32806988e+00]), array([ 2.36044235e+00,  8.84033878e+00,  9.32357866e+00,  9.65625643e-01,
        2.17391547e+00,  2.78376928e+00,  1.73402718e+00,  1.01070270e+01,
        4.57776276e+00,  6.94110614e+00, -1.42086016e+00,  7.51124471e+00,
        6.38699985e+00,  3.85326760e-01,  4.12054716e+00, -1.20671230e+00,
        6.09600073e+00,  9.85584013e+00,  7.61980117e+00,  6.08282927e+00,
        4.75086261e+00,  1.19665776e+00,  1.09009260e+00,  9.96971679e-01,
        6.87719374e+00,  5.21617224e+00, -1.54607145e-01,  4.07141073e+00,
        5.90839691e+00,  2.39392803e+00,  5.62124926e+00,  6.17769239e+00,
        5.62054241e+00,  2.25770449e+00,  2.53031037e+00,  2.70168618e+00,
        6.41035813e+00,  4.45560560e+00,  5.01631915e+00,  2.06554303e+00,
       -8.03568704e-01,  2.67756591e+00,  6.33338232e+00,  6.26408759e+00,
       -1.01020498e+00,  9.21815638e+00,  3.01729022e+00,  1.73048938e+01,
        3.18556874e+00,  1.00942143e+01,  7.55480969e+00,  3.42878904e+00,
        5.77561837e-01,  1.02007638e+01,  8.27010381e+00,  5.96386976e+00,
        4.63135355e+00,  3.54602075e+00,  1.29701976e-01,  1.29189610e+01,
        4.91243398e+00,  7.26923528e+00,  1.13901354e+01,  5.79295059e+00,
        5.54808915e+00,  9.50176682e+00, -3.40287257e+00,  6.34333315e+00,
        3.82231926e+00,  1.59546369e+01,  4.16701018e+00,  5.34957732e+00,
        4.30707742e+00,  7.91298179e-02,  7.93753093e+00,  2.84921766e+00,
        7.49182644e+00,  7.28955695e+00,  6.89379092e+00,  5.98375137e+00,
        6.33974925e+00,  4.62258325e+00,  8.61275007e-01,  5.90066391e+00,
        1.06359367e+01,  3.23809628e+00,  9.27935695e+00, -3.40209111e+00,
        4.19191607e+00,  5.95916038e+00,  1.65200318e+00,  6.84167505e+00,
        3.12345902e+00,  8.28569375e+00,  5.39444140e+00,  5.48384622e+00,
        6.92137202e+00, -3.67938501e+00,  8.99712625e+00, -1.61934928e+00,
        8.15861962e+00,  8.15888865e+00,  3.06972812e+00,  1.18635549e+01,
        7.28349424e+00,  6.55590915e+00,  5.16203925e+00,  2.63380711e+00,
        2.59896452e+00,  1.46532374e+00,  3.69677059e+00,  1.11383420e+01,
        8.21097934e+00,  5.44763986e+00,  6.09031971e+00,  6.04596200e+00,
        2.26104978e+00,  6.78698354e+00,  1.12139249e+01,  6.55338636e+00,
        2.92177352e+00,  1.38572171e+00,  3.00804789e+00, -1.71106107e-01,
        8.91858585e+00,  1.10441121e+01,  2.08909319e+00,  5.49689012e+00,
        4.82653451e+00,  7.88908714e+00,  6.17455198e+00,  2.26948425e+00,
        9.94078718e+00, -1.65775361e+00,  8.28729811e+00,  8.90138079e+00,
        7.75295367e+00,  4.80691003e+00,  2.02795254e+00,  7.60988463e+00,
        1.25723686e+00,  8.23647532e+00, -1.04682526e-01,  4.85998385e+00,
        9.56438846e+00,  6.75943467e+00,  9.53103122e+00,  3.66098517e+00,
        9.07238676e+00,  7.01962113e+00,  6.25970447e+00,  3.19289184e+00,
        9.57277504e+00,  3.83483450e+00,  6.27159313e+00,  6.44635770e+00,
        1.58932387e+00,  4.29608676e+00,  3.29838489e+00,  4.82691745e+00,
        4.97781706e+00,  6.39640155e+00,  2.57041481e+00,  5.94523581e+00,
        6.05342646e+00,  4.71715763e+00,  4.60747024e+00,  5.91663642e+00,
        5.81501084e+00,  6.44920393e+00,  9.95478561e-01,  1.05819572e+01,
        4.26666647e+00,  6.69664938e+00,  9.08748949e+00,  2.73163865e+00,
        8.62082717e+00,  8.44724480e-01,  9.76981259e+00,  6.02596158e+00,
        5.13929523e+00,  1.56735847e+00,  6.14288235e-02,  5.57141320e+00,
        7.69592577e+00,  7.17127474e+00,  7.22127743e+00,  4.65817136e+00,
        6.73141614e+00,  5.14849444e+00,  4.65788471e-01,  5.12187029e+00,
        4.32577233e+00,  2.37339173e+00,  5.58879442e+00,  7.48967561e+00,
        5.60184783e+00,  4.66327391e+00,  7.32222377e+00,  3.78806612e+00,
        6.56747879e+00,  4.41699184e+00,  2.02488388e+00,  2.80209812e+00,
        4.41958505e+00,  8.25960157e+00,  6.28693264e+00,  8.58054274e+00,
        3.49710164e+00,  9.29728206e+00,  5.50496738e+00,  1.31453939e+00,
        1.37115280e+00,  7.83897671e+00,  7.03712904e+00,  9.79038139e+00,
        9.57046433e+00,  9.65046391e+00,  1.16017253e+00,  2.18349551e+00,
        7.57649186e+00,  8.44610237e+00,  1.07083501e+01,  4.79433126e+00,
        7.53640319e+00,  3.53878451e+00,  5.64347050e+00,  3.55767488e+00,
        8.96454297e+00,  8.31023928e+00,  6.74709305e+00,  5.07834824e-01,
        9.42416241e+00, -2.48974774e+00,  3.00248670e+00,  3.02925210e+00,
        3.69911552e+00,  1.95216509e+00,  1.05094630e+01,  1.06815181e+01,
        6.27362854e+00,  9.18369235e+00,  1.24894966e+01,  8.65777750e+00,
        3.48451415e+00,  3.55412868e+00,  7.70988520e+00,  2.31819059e+00,
        3.07747509e+00, -1.56978710e+00,  3.43898443e+00,  1.29940089e+01,
       -4.45452095e-01,  5.40162857e+00,  2.01116019e+00,  6.38527337e+00,
        3.41130023e+00, -2.05634055e+00,  6.52235400e-01,  3.83831254e+00,
        2.96107032e+00,  4.63781889e+00,  4.92555943e+00,  1.31284830e+01,
        7.66422561e+00,  7.25138869e+00,  2.44716100e+00,  4.08009801e+00,
        2.18104414e+00,  1.50075971e+01, -9.93348865e-02,  5.62856971e+00,
        2.94247589e+00,  6.01151761e+00,  3.63580008e+00,  1.09135947e+01,
        8.83880963e+00,  7.66089153e+00,  1.95166692e+00,  7.35465892e+00,
        1.11041223e+01, -4.55307191e+00, -1.69912452e+00,  5.82462138e+00,
        8.07588345e-01,  2.07176977e+00,  1.08642815e+01,  4.49472777e+00,
        1.10777424e+01,  1.06231067e+01, -2.00002895e-01,  1.10875073e+01,
        5.37865804e+00,  4.27355559e+00,  1.69666948e+00,  5.66666600e+00,
        9.53855134e+00,  6.49583868e+00,  3.87839300e+00,  6.42434062e+00,
        7.76278454e+00, -4.54404694e-01, -6.08326454e+00,  2.48750614e+00,
        5.46759501e+00,  1.01057097e+01,  7.61232005e+00, -1.61999448e-01,
        7.67052780e+00,  1.31200500e+01,  3.17262435e+00,  1.08221235e+00,
        2.58575787e+00, -3.13114715e+00,  3.53677516e+00,  1.08222155e+00,
        8.30744169e-01,  4.89383777e+00, -4.99489358e-01,  6.24102026e+00,
        7.93050859e+00,  2.80010090e+00,  2.45964959e+00,  8.77466435e+00,
        5.36347458e+00,  1.41014542e+01,  6.28503721e+00,  3.35040501e+00,
        1.03094948e+00,  5.44462164e+00,  9.83179535e+00,  7.25096354e+00,
       -6.58505168e-01,  3.78377273e+00,  7.98087059e+00,  7.63588602e+00,
        5.60544699e+00,  5.36646767e+00,  5.57165785e+00,  4.16627501e+00,
        7.13779917e+00,  1.82746164e+00,  3.56638788e+00,  6.31440380e+00,
        3.54250922e+00,  2.26479280e+00,  1.07059282e+00,  3.50184505e+00,
        9.37955008e+00,  1.04224072e+01,  9.08758472e-01,  3.39504356e+00,
        2.65996586e+00,  1.28404904e+01,  6.39547783e+00,  6.78782112e+00,
        9.61631852e+00,  8.66858706e+00,  4.36038092e+00,  3.36819154e+00,
        6.83001646e+00,  3.80497875e-01,  4.95407413e+00,  5.43781306e+00,
        8.24498480e+00,  8.63267988e+00,  6.98041558e+00,  4.64845887e+00,
        4.25949186e+00,  4.43809985e-01,  9.93468634e+00,  7.41485748e+00,
        4.41453221e+00,  4.91833541e+00,  1.27516115e+01,  2.77915448e+00,
        1.16380858e+00,  1.03311453e+00,  6.06646976e+00,  4.27124465e+00,
        1.23753921e+01,  9.82563035e-01, -2.09629016e-01,  7.12152062e+00,
        7.38112848e-01, -1.42164095e+00,  2.04927598e+00,  6.59945381e+00,
        4.09971653e+00,  7.94859057e+00,  7.27261796e+00,  5.56593249e+00,
        4.20760368e+00,  9.79459942e+00,  7.94772500e+00,  1.07353786e+00,
        7.20825912e+00,  8.65346536e+00,  1.03234499e+01, -4.83930123e+00,
        3.45557034e+00,  4.56061879e+00,  9.35675237e+00,  9.69150458e+00,
        5.02036955e+00,  7.22947989e+00,  2.10961362e+00,  7.86629123e+00,
        2.57874383e+00,  9.30344625e+00,  5.91457084e+00,  4.30565577e+00,
       -1.25379819e-02, -3.26714686e+00,  5.75293512e+00,  7.49897052e+00,
        5.04567496e+00,  5.95537037e+00,  4.42609841e+00,  9.58990380e+00,
        5.16756388e+00,  8.30438664e+00,  6.32745731e+00,  7.18049273e+00,
       -4.35794023e+00,  6.11054721e+00,  2.16174389e+00,  5.22690108e+00,
        9.70753942e+00,  1.09695363e-01,  1.14604987e+01,  5.39444921e+00,
        1.52503127e-01,  2.55394096e+00,  3.89196723e+00,  8.51703418e+00,
       -1.57068802e-01,  1.08585314e+01,  2.68193077e+00,  1.73052552e+00,
        6.21514222e+00,  4.91053092e+00,  1.80092997e+00, -2.11879135e+00,
       -2.48040933e+00,  4.34671414e+00,  8.65235087e+00,  4.63471741e+00,
        3.47131852e+00,  8.54212090e+00,  8.09574227e+00,  8.29851440e+00,
       -7.32790957e+00,  8.09032829e+00,  4.74136497e+00,  8.17616793e+00,
        3.97337420e+00,  4.03454616e+00,  2.73371359e+00, -3.74581774e+00,
        8.80279311e+00,  6.37995661e+00, -8.00288430e-01, -1.29630225e+00,
        6.75285954e+00,  4.42499044e+00,  4.23673320e+00,  2.30638583e+00,
        3.28713325e+00,  1.18124518e+01,  6.31328106e+00,  5.91944459e+00,
        6.50122031e+00,  1.04545253e+01,  6.56741248e+00,  2.49045199e+00,
        7.46805865e+00,  2.84610671e+00,  7.66637680e+00,  8.96607163e+00,
        1.16514507e+01,  1.16976006e+00,  3.93144041e+00,  1.66270268e+00,
        3.88479464e+00,  6.91220340e+00,  9.71058630e+00,  4.72342491e+00,
        8.14613378e+00,  1.52728416e+00,  8.77322981e+00,  7.59590978e+00,
        1.64966972e-01,  1.06202445e+01,  2.18145476e+00,  3.18662346e+00,
        5.32481637e+00, -2.93780354e-01,  4.94969365e+00,  3.31666213e+00,
        5.41263082e+00,  9.63835725e+00,  5.84154099e+00, -2.05363496e+00,
        6.31734666e+00,  7.13106432e+00,  1.26207228e+00,  6.20513039e+00,
        8.37648993e+00,  8.65152339e+00,  2.42121815e+00,  5.80717443e-02,
        7.53412544e+00,  7.21897636e+00,  6.64480075e+00,  9.33986655e-01,
        5.29033380e+00,  4.10540987e+00,  8.87468582e+00,  3.34403632e+00,
        1.11946008e+01,  1.03709493e+01,  6.24355394e+00,  2.22988909e+00,
        4.27322371e+00,  6.58510149e+00,  1.26380749e+00,  2.75425720e+00,
        7.25206716e+00,  7.87366994e+00,  3.76520075e+00,  1.94390548e+00,
        8.46477838e+00,  3.53683140e+00,  1.37316821e+01,  8.47666452e+00,
        4.00174980e+00,  3.22557484e+00,  4.74617568e+00,  1.26802906e+00,
        3.97328038e+00,  4.41675229e+00,  1.18607567e+00,  2.68443485e+00,
       -3.84662961e+00,  1.13928866e+01,  2.90074588e+00,  3.80583825e+00,
        4.35763345e+00,  1.47994139e+00,  2.39238953e+00,  1.28006474e+01,
        8.11079913e+00,  2.00816622e+00,  6.11356440e-01,  6.46397274e+00,
        4.19474116e+00,  1.32268580e+00,  3.76180697e+00,  1.04295649e+01,
        5.64303990e+00,  3.12653512e+00,  7.95736107e+00, -3.08953379e+00,
        7.48467151e+00,  4.87241496e-01, -1.60916942e+00,  3.45298681e+00,
        2.55663913e+00,  4.66272815e+00,  2.40854929e+00,  8.07703276e+00,
        5.11091538e+00,  7.49944101e+00,  1.36967502e+00,  7.09786009e+00,
        8.36124103e+00,  4.47399665e+00,  4.30388718e+00,  4.84559082e+00,
        3.25151969e+00,  1.20624511e+01,  1.25010756e+01,  3.87681575e+00,
        2.50573574e+00,  6.86789027e-01,  4.35573259e+00,  1.40381440e+01,
       -1.14509830e+00,  7.83844839e+00,  5.76018671e+00,  6.19961766e+00,
        8.41319780e+00,  9.68568562e-01,  6.02327136e+00,  1.33471236e+01,
        5.09808852e+00,  4.80143604e+00,  5.39700083e+00,  7.43455302e+00,
        1.30117319e+00,  3.76487348e+00,  9.81589992e+00,  1.06436205e+00,
        1.39896975e+01,  5.40173738e+00,  6.28787861e-01,  7.35588843e+00,
        3.40975049e+00,  2.94440517e+00,  3.58340918e+00,  4.50163831e+00,
        6.97644303e+00,  6.95614302e+00,  5.63373307e+00,  8.30682084e+00,
        4.75005402e+00,  1.02455263e+01, -1.41622922e+00,  8.48737867e+00,
        6.97465210e+00,  7.86536541e+00,  6.84408185e+00,  3.86989158e+00,
       -1.00300056e+00,  6.46878746e+00,  6.44027669e+00, -5.29593458e-01,
        5.97009935e+00,  3.62108070e+00,  6.35255583e+00,  2.35330028e+00,
        3.57217404e+00,  4.21403486e+00,  8.96477748e+00,  7.28863537e+00,
        5.94126471e+00, -7.34352468e-02, -2.30163279e+00,  8.23318646e+00,
        5.04490545e+00,  9.27514217e+00,  6.50388863e+00,  1.99045453e+00,
        6.99337022e+00,  6.78568337e+00,  7.21277557e+00, -2.39553339e+00,
        8.45470017e+00,  6.03786211e+00,  4.65929048e+00, -7.69185826e-01,
        2.12228630e+00,  4.18003589e+00,  1.41450742e+01,  9.49345633e+00,
        2.87777723e+00,  1.50288230e+00,  4.33535825e+00,  2.35311981e+00,
       -9.19691502e-01,  3.34652738e-01,  9.16288906e+00,  7.21622053e+00,
        1.35527302e+01,  4.15201440e+00,  9.31109916e+00,  4.19206800e+00,
        6.13449051e+00,  5.91043798e+00,  3.68348347e+00,  4.99495861e+00,
       -4.24430796e+00,  8.73136591e+00,  9.80863672e-02,  4.96640212e+00,
        3.68852508e+00,  7.55769487e+00,  6.46227116e-01,  6.83578311e+00,
        1.82984794e+00,  9.15964001e-01,  4.70833837e+00,  1.55978959e+00,
        8.60442080e+00,  7.81711825e+00,  4.62199145e+00, -6.21995324e-01,
        2.77683706e+00,  4.69487300e+00,  4.82362162e+00,  2.56700705e+00,
        1.76956270e+00,  4.74367136e+00,  3.49504519e+00, -8.31104821e-02,
        7.28615498e+00,  8.98221684e+00,  7.89519637e+00,  1.14889281e+01,
        9.16371235e+00,  3.51261079e+00,  3.77306837e+00,  4.21967658e+00,
        6.43903237e-01,  1.58178611e-01,  1.02234897e+01,  4.72199054e+00,
        8.18010079e+00,  4.00098490e+00,  5.89546566e+00,  5.81245853e+00,
       -7.11265552e-01,  7.56784726e+00,  4.83673735e+00,  8.52712557e+00,
        1.31594047e+01,  3.03109387e+00,  1.33850449e+01,  2.57480369e+00,
        1.93973778e+00,  6.38186955e+00,  7.42572387e+00,  5.79368949e+00,
        7.22192518e-01,  6.98294668e+00,  9.46757780e+00,  9.58696675e+00,
        4.67313328e+00,  1.00707849e+01,  8.50941849e+00,  9.48248493e+00,
        2.49572977e+00,  6.69536203e+00,  9.15319570e+00,  2.54325367e+00,
        2.57341774e+00,  1.91998377e-01,  4.03112298e+00,  3.01603978e+00,
        4.86648469e+00,  3.94690318e+00,  5.98703607e+00,  4.37531231e+00,
        8.30207766e+00,  4.47757196e+00,  3.27151412e+00,  4.28672857e+00,
        4.63008991e+00,  4.58043515e+00,  7.53652172e+00,  8.98662156e+00,
       -3.96973171e-01,  9.61619919e+00,  7.27032431e+00,  8.16621206e+00,
       -3.62165594e+00,  2.27389009e+00,  6.99226432e-01,  1.30362101e+01,
        5.22911312e+00,  3.22193933e+00,  1.21346684e+01,  3.72758646e+00,
        9.95224231e+00,  1.15611229e+00,  3.41123069e+00,  2.57424391e+00,
        4.87068638e-01,  7.74194397e+00,  5.79636223e+00,  8.48122134e+00,
        1.16534625e+01,  7.68999511e+00,  4.11907255e+00,  5.59241762e+00,
        1.25587939e+01,  5.92831726e+00,  6.86853660e+00,  9.79101589e+00,
        4.48823319e+00,  9.07561664e+00,  7.34715604e+00,  3.42655522e+00,
        8.19599765e+00,  7.30225123e+00,  6.70224657e+00,  1.19233122e+01,
        1.28602543e+00,  7.23742565e+00,  8.44741945e+00,  4.49123486e-02,
        4.18331451e+00,  3.19014041e+00,  7.22650224e+00,  9.94750726e+00,
        1.89833538e+00,  1.04992291e-01,  4.33624675e+00,  5.32837804e+00]), array([ 3.18202116e+00,  9.81286603e+00,  9.63610393e+00,  9.23388600e-01,
        3.45166580e+00,  3.69690648e+00,  2.97866792e+00,  1.08451398e+01,
        4.77791218e+00,  7.98220778e+00, -6.38957150e-01,  8.73421074e+00,
        7.07948340e+00,  3.26343275e-01,  4.77208140e+00, -5.82581816e-01,
        6.87644533e+00,  1.07876602e+01,  8.52828739e+00,  7.19329276e+00,
        5.62422881e+00,  1.58854801e+00,  2.11836335e+00,  2.17541125e+00,
        7.10401215e+00,  5.85417613e+00,  6.36472982e-02,  4.60145682e+00,
        6.81327097e+00,  2.48607948e+00,  6.49369752e+00,  6.40186341e+00,
        6.18724823e+00,  3.46854049e+00,  2.93310136e+00,  3.80964651e+00,
        7.30549245e+00,  4.92356997e+00,  5.48171676e+00,  2.70848906e+00,
       -1.75493704e-02,  3.49787328e+00,  6.69934897e+00,  6.85024234e+00,
        9.37113938e-02,  9.74363871e+00,  3.36236265e+00,  1.76224512e+01,
        3.91950948e+00,  1.06639283e+01,  8.28695158e+00,  4.38815745e+00,
        1.46872602e+00,  1.07414274e+01,  9.03620524e+00,  5.78504303e+00,
        5.22611192e+00,  4.35212722e+00,  1.08385974e+00,  1.39843001e+01,
        5.45404354e+00,  7.61322670e+00,  1.30614810e+01,  6.46629624e+00,
        6.10736113e+00,  9.87346674e+00, -2.30151166e+00,  7.23213313e+00,
        4.04540871e+00,  1.63764042e+01,  5.18535216e+00,  6.04266734e+00,
        5.34716182e+00,  1.44349697e+00,  8.60941617e+00,  3.36590046e+00,
        7.95910251e+00,  8.04927507e+00,  7.67723294e+00,  6.91205768e+00,
        6.88246604e+00,  4.79119024e+00,  1.96345347e+00,  7.01830788e+00,
        1.12694501e+01,  4.68599833e+00,  1.02561599e+01, -2.74441709e+00,
        4.90010995e+00,  6.80853317e+00,  1.89509603e+00,  7.94606956e+00,
        4.32556902e+00,  8.67079103e+00,  6.48861312e+00,  5.75145338e+00,
        7.43679681e+00, -3.09699380e+00,  9.74844720e+00, -1.15360883e+00,
        9.14727984e+00,  8.52339360e+00,  3.99694976e+00,  1.25280903e+01,
        8.35333559e+00,  7.03305215e+00,  5.87135080e+00,  3.02219660e+00,
        3.77638642e+00,  2.20925439e+00,  3.53650533e+00,  1.22383227e+01,
        9.49020555e+00,  6.47368559e+00,  6.38362571e+00,  6.40158920e+00,
        2.87934143e+00,  7.41842513e+00,  1.15308991e+01,  7.15270817e+00,
        3.51649744e+00,  2.17262572e+00,  3.42168885e+00, -2.94123134e-01,
        9.81454836e+00,  1.18529334e+01,  3.04600760e+00,  5.66303916e+00,
        5.52489549e+00,  8.03836653e+00,  7.51203359e+00,  3.52426716e+00,
        1.07367469e+01, -8.70368564e-01,  9.04114993e+00,  9.32436106e+00,
        8.33870085e+00,  5.79437119e+00,  2.90225915e+00,  8.52673959e+00,
        2.03420346e+00,  8.66175673e+00,  1.03052751e+00,  6.28109105e+00,
        1.03972999e+01,  7.55517890e+00,  1.04476779e+01,  4.73336125e+00,
        9.92716658e+00,  6.98133612e+00,  6.68301085e+00,  3.61396745e+00,
        1.03754499e+01,  4.19760807e+00,  6.43430350e+00,  7.46370645e+00,
        2.49142069e+00,  4.89678838e+00,  4.42091319e+00,  5.25801809e+00,
        5.85075071e+00,  7.05618405e+00,  3.09392202e+00,  6.55951032e+00,
        6.20876820e+00,  4.68031922e+00,  5.22435664e+00,  6.51744591e+00,
        6.23909260e+00,  7.61416173e+00,  1.89572957e+00,  1.17215165e+01,
        4.65950497e+00,  7.42017594e+00,  1.00333817e+01,  3.56781327e+00,
        8.94505782e+00,  2.02881858e+00,  1.02222459e+01,  6.86691761e+00,
        6.16197673e+00,  2.17741028e+00,  8.47538479e-01,  6.48407599e+00,
        8.69133201e+00,  8.13716899e+00,  8.58203780e+00,  5.05134630e+00,
        7.47666665e+00,  6.32157826e+00,  1.26366471e+00,  5.75080690e+00,
        5.24608326e+00,  2.80551056e+00,  6.28618340e+00,  8.44935351e+00,
        6.43675537e+00,  5.21653856e+00,  8.25034575e+00,  4.18212035e+00,
        7.71736694e+00,  5.46409851e+00,  2.63751639e+00,  3.44071620e+00,
        5.30835312e+00,  8.94257607e+00,  7.21962830e+00,  9.19399004e+00,
        4.17395368e+00,  9.91173581e+00,  6.58918643e+00,  1.99389200e+00,
        2.08455710e+00,  8.50120435e+00,  7.67659785e+00,  1.09073821e+01,
        1.10146654e+01,  1.09148040e+01,  2.18887973e+00,  2.66495870e+00,
        8.26940357e+00,  9.39620670e+00,  1.19214143e+01,  5.98681606e+00,
        8.01837615e+00,  4.15051030e+00,  6.87515381e+00,  4.30054096e+00,
        9.33227836e+00,  8.88749758e+00,  7.47999961e+00,  1.38739605e+00,
        1.02599954e+01, -2.46884385e+00,  4.06974503e+00,  4.14214757e+00,
        4.48007144e+00,  2.92637988e+00,  1.14231987e+01,  1.12343738e+01,
        6.99120483e+00,  9.99900673e+00,  1.30542444e+01,  1.00588015e+01,
        4.42076608e+00,  4.15233975e+00,  8.56558290e+00,  2.79595308e+00,
        3.72835496e+00,  1.64648082e-02,  4.42943515e+00,  1.37794824e+01,
        3.54129071e-02,  6.01904119e+00,  2.90030408e+00,  6.64318612e+00,
        5.04661774e+00, -1.72904180e+00,  1.56173872e+00,  4.68148915e+00,
        3.47847360e+00,  5.73166212e+00,  5.87594716e+00,  1.44478974e+01,
        8.08054253e+00,  7.36926455e+00,  2.89121564e+00,  4.57368322e+00,
        2.74636203e+00,  1.62004044e+01,  1.01757922e+00,  6.27001223e+00,
        3.75071919e+00,  6.89930096e+00,  4.09987640e+00,  1.21669938e+01,
        1.03467264e+01,  8.73988731e+00,  2.81538326e+00,  8.05742586e+00,
        1.16220178e+01, -3.64793532e+00, -8.71154296e-01,  6.61004382e+00,
        1.57914667e+00,  2.66457166e+00,  1.14980803e+01,  5.56766535e+00,
        1.22968052e+01,  1.17582759e+01,  6.09774414e-01,  1.19476055e+01,
        6.09472887e+00,  5.05261302e+00,  2.65570428e+00,  6.54610305e+00,
        1.04264925e+01,  6.99141642e+00,  4.05838319e+00,  7.54169682e+00,
        8.70815581e+00, -5.70209471e-01, -5.86340239e+00,  4.12446941e+00,
        6.74259572e+00,  1.02766397e+01,  8.42284656e+00, -3.19766558e-02,
        8.59274917e+00,  1.39676808e+01,  3.58107199e+00,  1.19125740e+00,
        3.18403629e+00, -2.29279685e+00,  4.27519561e+00,  1.54324078e+00,
        9.40133342e-01,  5.57307560e+00, -1.42438472e-02,  6.81426173e+00,
        8.45030799e+00,  3.64672407e+00,  3.43494536e+00,  9.55689383e+00,
        6.00065070e+00,  1.52646678e+01,  7.04430538e+00,  4.19442936e+00,
        1.61706263e+00,  5.74189177e+00,  1.03965176e+01,  7.77491864e+00,
       -7.21241647e-02,  4.15643798e+00,  8.77241013e+00,  8.20117909e+00,
        5.85467170e+00,  6.24817435e+00,  6.19551156e+00,  4.21129070e+00,
        7.56681245e+00,  2.65723295e+00,  4.24612947e+00,  7.05601878e+00,
        4.23310556e+00,  2.73535519e+00,  1.76244286e+00,  4.16747824e+00,
        1.08001551e+01,  1.12543320e+01,  1.21265811e+00,  4.44848576e+00,
        3.31190836e+00,  1.42242449e+01,  6.88590423e+00,  7.01065506e+00,
        1.10939057e+01,  9.79977378e+00,  5.85035932e+00,  4.59698749e+00,
        7.15186657e+00,  6.06120579e-01,  6.31906641e+00,  5.92013545e+00,
        8.62779352e+00,  9.45154124e+00,  7.37515260e+00,  5.43906149e+00,
        5.03414202e+00,  8.65925943e-01,  1.10565097e+01,  8.10933040e+00,
        4.73162372e+00,  5.89955281e+00,  1.34996277e+01,  3.43462806e+00,
        1.14065996e+00,  1.63560827e+00,  7.03242845e+00,  4.97647829e+00,
        1.33662586e+01,  1.73658098e+00,  4.47404627e-01,  8.45417747e+00,
        1.58644271e+00, -4.81646335e-01,  3.06240865e+00,  7.68487774e+00,
        5.26960932e+00,  8.92140096e+00,  8.11176977e+00,  6.23670420e+00,
        4.64309652e+00,  1.10480920e+01,  8.81142865e+00,  1.60399280e+00,
        7.76019309e+00,  9.80136350e+00,  1.16818612e+01, -4.64491890e+00,
        4.47357159e+00,  5.64404118e+00,  1.07066365e+01,  1.12400602e+01,
        5.21107866e+00,  8.10655497e+00,  3.22377600e+00,  8.94754116e+00,
        3.38943129e+00,  1.00764901e+01,  6.41717481e+00,  4.87697579e+00,
        5.54423156e-01, -2.72948344e+00,  6.95673121e+00,  8.47384419e+00,
        5.93759660e+00,  6.83550822e+00,  5.49572017e+00,  1.08029126e+01,
        5.90008730e+00,  8.97287710e+00,  7.51829058e+00,  7.70089997e+00,
       -3.76792810e+00,  7.19650896e+00,  2.68565343e+00,  6.39601790e+00,
        1.02185450e+01,  9.47934604e-01,  1.19896676e+01,  6.56350102e+00,
        1.26386772e+00,  3.45060480e+00,  4.55800535e+00,  8.47776694e+00,
        1.19737780e+00,  1.06104600e+01,  3.79408609e+00,  2.44287449e+00,
        7.07498075e+00,  5.15262655e+00,  2.94333412e+00, -1.49706361e+00,
       -1.47417814e+00,  5.03535425e+00,  1.02920857e+01,  5.42445752e+00,
        4.31523964e+00,  9.50426422e+00,  8.85655832e+00,  9.69074711e+00,
       -7.17724024e+00,  8.74259304e+00,  5.52791267e+00,  8.80113230e+00,
        4.59364443e+00,  5.01987284e+00,  3.31274709e+00, -3.63565100e+00,
        8.74314660e+00,  7.10167631e+00, -1.43802222e-02, -1.69636219e-01,
        7.52171935e+00,  5.58867770e+00,  5.26433897e+00,  3.18013006e+00,
        4.11462684e+00,  1.25747215e+01,  7.19712980e+00,  6.45987988e+00,
        7.17796439e+00,  1.18204370e+01,  6.84005132e+00,  2.64582847e+00,
        9.06429389e+00,  4.15260418e+00,  8.83995874e+00,  9.93618544e+00,
        1.20546370e+01,  1.81610800e+00,  4.28560409e+00,  2.22291227e+00,
        4.44153278e+00,  7.51609565e+00,  1.07844422e+01,  5.31124925e+00,
        9.14260622e+00,  2.41065730e+00,  8.79685699e+00,  8.61484179e+00,
        6.28115611e-01,  1.08013268e+01,  1.96453375e+00,  3.70679473e+00,
        6.25122674e+00,  9.47192170e-01,  6.21689248e+00,  4.42519864e+00,
        6.49379242e+00,  1.05728024e+01,  6.35332358e+00, -2.18676407e+00,
        7.11471107e+00,  7.57506279e+00,  1.68968511e+00,  6.90400780e+00,
        9.07429564e+00,  9.51616684e+00,  3.15936585e+00,  5.34581782e-01,
        8.61922644e+00,  7.89745185e+00,  6.93419284e+00,  1.69341044e+00,
        6.02298495e+00,  5.24590962e+00,  1.00659097e+01,  4.16279004e+00,
        1.19951856e+01,  1.07642390e+01,  7.23476229e+00,  2.65538788e+00,
        5.44606667e+00,  7.38541788e+00,  1.49556719e+00,  3.18099460e+00,
        7.76306429e+00,  8.86694459e+00,  4.87751798e+00,  3.04245529e+00,
        9.32719404e+00,  4.19527532e+00,  1.35568566e+01,  8.92911948e+00,
        4.29190962e+00,  3.16224473e+00,  5.43848074e+00,  1.36201838e+00,
        4.76689755e+00,  5.42728167e+00,  2.17912307e+00,  3.02299449e+00,
       -2.99351461e+00,  1.23198626e+01,  3.33640332e+00,  4.57367793e+00,
        5.20161530e+00,  1.39831948e+00,  2.70283086e+00,  1.29721188e+01,
        9.08311626e+00,  2.35312615e+00,  1.81919084e+00,  6.61898122e+00,
        4.74121963e+00,  2.25524612e+00,  4.81664514e+00,  1.08210214e+01,
        6.44005861e+00,  3.80927007e+00,  8.90320087e+00, -2.39535900e+00,
        8.91745738e+00,  1.42600768e+00, -8.04882224e-01,  3.93163606e+00,
        3.43107653e+00,  5.28839922e+00,  3.22349913e+00,  8.62376095e+00,
        5.57392704e+00,  7.82781930e+00,  2.68265615e+00,  7.91518397e+00,
        8.80231817e+00,  5.45656347e+00,  5.02955346e+00,  6.05244050e+00,
        3.88190401e+00,  1.32868116e+01,  1.33074111e+01,  4.24737290e+00,
        3.57742133e+00,  1.49417200e+00,  4.47535347e+00,  1.55402704e+01,
       -8.45574502e-01,  8.41882188e+00,  6.45950658e+00,  7.03177758e+00,
        9.55663833e+00,  1.53467553e+00,  6.29316253e+00,  1.44135079e+01,
        5.82649918e+00,  6.22743668e+00,  6.51647277e+00,  8.26245628e+00,
        1.83403478e+00,  5.41428259e+00,  1.04626520e+01,  2.08692761e+00,
        1.41954813e+01,  6.64783917e+00,  1.42519620e+00,  8.10369454e+00,
        4.26872650e+00,  3.84174198e+00,  4.90666791e+00,  5.52412762e+00,
        7.65129493e+00,  8.37048335e+00,  6.46030240e+00,  8.98402065e+00,
        5.83306303e+00,  1.14790448e+01, -1.57537004e+00,  9.33953311e+00,
        7.23890277e+00,  9.55730008e+00,  7.51068843e+00,  4.75283481e+00,
       -9.99229202e-02,  6.87208337e+00,  6.42723133e+00,  4.09304263e-01,
        6.67269054e+00,  3.99972713e+00,  6.72665428e+00,  2.75603806e+00,
        4.02993955e+00,  4.59260787e+00,  1.03812555e+01,  8.52477152e+00,
        6.45150880e+00,  8.42988340e-01, -2.48823666e+00,  8.83062778e+00,
        5.38883565e+00,  1.01777493e+01,  6.99066293e+00,  2.76692000e+00,
        7.53728139e+00,  7.51545810e+00,  7.94648193e+00, -1.73474269e+00,
        9.32521140e+00,  6.63003261e+00,  5.64316601e+00, -4.74673301e-01,
        2.99129215e+00,  4.40356359e+00,  1.52007499e+01,  1.01182668e+01,
        4.30377730e+00,  2.21848138e+00,  4.77373610e+00,  2.90954104e+00,
       -5.66291469e-01,  6.17264978e-01,  1.03541970e+01,  7.73048707e+00,
        1.47386931e+01,  5.28880264e+00,  1.02848925e+01,  4.95683748e+00,
        6.66038252e+00,  6.24601361e+00,  4.09163095e+00,  5.74445611e+00,
       -3.47559685e+00,  1.00849618e+01, -1.25306175e-02,  5.89230927e+00,
        3.95450717e+00,  8.22260453e+00,  1.17557389e+00,  7.58353955e+00,
        1.88070165e+00,  1.05113130e+00,  5.86299154e+00,  2.82828036e+00,
        9.10489581e+00,  8.48703127e+00,  5.59452907e+00, -1.49549983e-01,
        2.99311142e+00,  5.63127859e+00,  6.05261739e+00,  3.60864449e+00,
        2.99119972e+00,  5.48485588e+00,  3.82824850e+00,  1.06011049e+00,
        8.14390257e+00,  9.56881346e+00,  8.69008277e+00,  1.26709924e+01,
        9.81299509e+00,  3.92338332e+00,  4.24581410e+00,  4.55017794e+00,
        3.61431777e-01,  1.10261468e+00,  1.05948262e+01,  6.02557539e+00,
        8.73362216e+00,  4.09804267e+00,  6.65294177e+00,  6.13939813e+00,
        2.07593617e-01,  8.54406718e+00,  6.32341019e+00,  9.68189264e+00,
        1.40174317e+01,  3.68228760e+00,  1.41598868e+01,  3.46558635e+00,
        2.89917498e+00,  7.21286071e+00,  8.73088804e+00,  6.04593741e+00,
        1.59850780e+00,  8.19993176e+00,  9.99948176e+00,  1.06622189e+01,
        5.20407472e+00,  1.08014642e+01,  9.05794895e+00,  1.03283803e+01,
        3.37705268e+00,  7.08598554e+00,  1.00625347e+01,  3.40345304e+00,
        3.37673764e+00,  1.28207826e+00,  4.55170732e+00,  4.52683303e+00,
        5.62174144e+00,  4.82706182e+00,  6.65205805e+00,  5.27010330e+00,
        9.00452489e+00,  5.52860141e+00,  4.18755121e+00,  5.52656936e+00,
        4.97246181e+00,  5.21328671e+00,  8.66979145e+00,  9.57143857e+00,
        6.27015088e-01,  1.09701548e+01,  8.06471369e+00,  8.16819578e+00,
       -2.46130011e+00,  3.01379561e+00,  1.53935688e+00,  1.40410032e+01,
        6.05871909e+00,  3.78676291e+00,  1.31965526e+01,  4.59299286e+00,
        1.05576267e+01,  2.73814788e+00,  3.26706275e+00,  3.23472933e+00,
        9.63591628e-01,  7.99721997e+00,  6.41889032e+00,  9.11214668e+00,
        1.23006428e+01,  8.53291340e+00,  5.07361546e+00,  6.29939594e+00,
        1.33987729e+01,  6.47910851e+00,  7.90620220e+00,  1.02689625e+01,
        5.14623683e+00,  1.03354388e+01,  8.57054978e+00,  4.48986525e+00,
        9.34603170e+00,  8.24095016e+00,  6.87280582e+00,  1.25751675e+01,
        2.09759218e+00,  7.85502780e+00,  9.28494585e+00,  9.52172517e-01,
        4.96767956e+00,  3.91720823e+00,  7.59883704e+00,  1.08240449e+01,
        2.42761711e+00,  9.28344131e-01,  4.87594764e+00,  6.35725415e+00]), array([ 4.07842176, 10.87439696, 10.00454792,  0.93219519,  4.84831971,
        4.64410023,  4.31899983, 11.63122326,  5.03154484,  9.08962609,
        0.21581868, 10.06163471,  7.83677959,  0.32869016,  5.49631057,
        0.09952564,  7.72885511, 11.80664443,  9.49443347,  8.40289802,
        6.56004985,  2.04521805,  3.21510752,  3.42218165,  7.38213919,
        6.55191615,  0.32472595,  5.17678894,  7.79655655,  2.62676358,
        7.43240862,  6.67215726,  6.80175433,  4.73255091,  3.39671988,
        4.98621919,  8.26145124,  5.44997467,  5.99464571,  3.4344584 ,
        0.87383652,  4.38099948,  7.10343157,  7.50307519,  1.25441622,
       10.29562557,  3.79198937, 17.95572291,  4.73011322, 11.30084287,
        9.07308351,  5.4335182 ,  2.43492193, 11.31820213,  9.8858301 ,
        5.6540981 ,  5.89176989,  5.22702672,  2.1070215 , 15.12579293,
        6.05715377,  8.01157102, 14.81288493,  7.20916778,  6.7091019 ,
       10.28930079, -1.10577163,  8.17678677,  4.32959406, 16.83932053,
        6.27516582,  6.77527207,  6.46847058,  2.90377484,  9.33331813,
        3.90991607,  8.4927935 ,  8.88210301,  8.50558232,  7.90449251,
        7.47285057,  5.00956734,  3.15126343,  8.2019472 , 11.96464942,
        6.22338639, 11.29147455, -1.98807522,  5.65487698,  7.74027217,
        2.20535487,  9.12281733,  5.60535608,  9.09078196,  7.67322371,
        6.05759228,  7.99324845, -2.4398445 , 10.55766034, -0.63682099,
       10.20342954,  8.92640635,  4.98294938, 13.26019781,  9.48582081,
        7.59923363,  6.66446515,  3.46000384,  5.03174536,  3.01007901,
        3.4396507 , 13.40973506, 10.827176  ,  7.56669024,  6.74240446,
        6.8448262 ,  3.57798204,  8.10948962, 11.88243912,  7.79689826,
        4.19051726,  3.01426068,  3.88072516, -0.35148209, 10.79611107,
       12.69921031,  4.08384166,  5.84826393,  6.29338212,  8.22633655,
        8.92060564,  4.85527956, 11.61493247,  0.02308734,  9.84411226,
        9.81000267,  8.96734335,  6.86005591,  3.85525846,  9.50711184,
        2.88447481,  9.11924658,  2.23367009,  7.78547405, 11.27343471,
        8.40573641, 11.42056499,  5.87671001, 10.84078742,  6.98981511,
        7.19032072,  4.10868262, 11.23908902,  4.61652411,  6.64279053,
        8.54297506,  3.44583918,  5.57656254,  5.62068555,  5.72827774,
        6.79798761,  7.77207226,  3.67196641,  7.23213968,  6.41304689,
        4.68183363,  5.91091905,  7.16899565,  6.67917028,  8.85332589,
        2.87897658, 12.94155146,  5.09959091,  8.17963566, 11.05799269,
        4.46259639,  9.3562418 ,  3.28546754, 10.71103992,  7.77102377,
        7.26133746,  2.84866161,  1.69853846,  7.45055886,  9.73016716,
        9.19530608,  9.99813792,  5.48156161,  8.29957401,  7.55412481,
        2.13000119,  6.42857367,  6.24836138,  3.28852594,  7.02176538,
        9.47062219,  7.32898721,  5.81258878,  9.24386401,  4.6210102 ,
        8.93308151,  6.57226994,  3.32227957,  4.13266798,  6.25490444,
        9.67480763,  8.19088055,  9.85836245,  4.92652164, 10.59411214,
        7.73134584,  2.71298819,  2.86685373,  9.22002081,  8.38590407,
       12.07411484, 12.49673744, 12.22676322,  3.28636006,  3.21422468,
        9.05051785, 10.40496744, 13.19834346,  7.26423217,  8.55982159,
        4.83874471,  8.20507745,  5.11176045,  9.74378876,  9.54923042,
        8.28515782,  2.31541734, 11.14981667, -2.40280418,  5.22499186,
        5.34536443,  5.3172697 ,  3.97276528, 12.40273873, 11.8261058 ,
        7.79101713, 10.86679218, 13.63491294, 11.54327053,  5.41457058,
        4.82461953,  9.50469415,  3.34409197,  4.47023692,  1.69483056,
        5.47750246, 14.61358556,  0.56007375,  6.68678418,  3.88236129,
        6.94556114,  6.77573056, -1.33571333,  2.53278561,  5.5781503 ,
        4.07303286,  6.88462481,  6.91670136, 15.83844554,  8.55752999,
        7.54934076,  3.40490834,  5.11235177,  3.35691139, 17.4306989 ,
        2.21945696,  6.95213229,  4.62367333,  7.86214941,  4.63144496,
       13.48677718, 11.94186376,  9.90506114,  3.76590588,  8.82522698,
       12.19441267, -2.67663653,  0.03615369,  7.46959298,  2.4228171 ,
        3.34809807, 12.16679599,  6.71339409, 13.62492193, 12.96619532,
        1.48009612, 12.85123675,  6.88771855,  5.90119453,  3.68712781,
        7.48075957, 11.37509897,  7.55893822,  4.27754473,  8.72023504,
        9.70604831, -0.64400489, -5.56679237,  5.83000248,  8.09602703,
       10.50889558,  9.28604466,  0.16806312,  9.57201963, 14.8728253 ,
        4.05872095,  1.33644054,  3.83944048, -1.38053687,  5.05486853,
        2.06274386,  1.13563203,  6.33765158,  0.53027755,  7.45256734,
        9.02282056,  4.57092283,  4.49200784, 10.40105781,  6.6956708 ,
       16.45543485,  7.89643726,  5.10473984,  2.26347884,  6.10656319,
       11.02693329,  8.36610638,  0.60141792,  4.57665209,  9.61513378,
        8.82020808,  6.14660704,  7.19813954,  6.87268446,  4.31617334,
        8.06164796,  3.55128624,  4.94644227,  7.88122956,  4.99247933,
        3.26232956,  2.5163414 ,  4.88943214, 12.28909885, 12.13545921,
        1.55869887,  5.58666775,  4.02859623, 15.67531659,  7.40747749,
        7.30470426, 12.65197022, 10.97844038,  7.42336319,  5.92806546,
        7.53298687,  0.86194217,  7.76679387,  6.45816077,  9.06258134,
       10.30449402,  7.82441097,  6.29660505,  5.86776818,  1.3304476 ,
       12.23539375,  8.86024757,  5.09746119,  6.96210102, 14.29336074,
        4.15087726,  1.15706092,  2.28609126,  8.05820173,  5.75350555,
       14.38911927,  2.56501362,  1.18350204,  9.85628204,  2.49595961,
        0.53563003,  4.16733809,  8.86947662,  6.54719103,  9.95244253,
        8.98835467,  6.96241141,  5.14668993, 12.38974939,  9.74927615,
        2.19116454,  8.38645767, 11.01763455, 13.11595194, -4.40533364,
        5.55074442,  6.81098292, 12.15249787, 12.87933206,  5.46578562,
        9.03729709,  4.39553204, 10.10607221,  4.2820392 , 10.88374795,
        6.9732923 ,  5.52295623,  1.18874187, -2.12447361,  8.22981005,
        9.51495871,  6.91287406,  7.78485948,  6.63789377, 12.08668527,
        6.69352355,  9.71132675,  8.77679222,  8.27407995, -3.12827637,
        8.36264626,  3.26158227,  7.64695436, 10.78078735,  1.86580749,
       12.54260721,  7.81005987,  2.42957773,  4.42125954,  5.28868328,
        8.48828385,  2.64355675, 10.39364367,  4.97074436,  3.21591377,
        7.99237868,  5.44852205,  4.14518605, -0.82555073, -0.38079245,
        5.77632478, 11.99518412,  6.24412831,  5.21745616, 10.51515516,
        9.68030655, 11.15248069, -6.94305001,  9.44624393,  6.35684734,
        9.46724889,  5.26584846,  6.07376657,  3.96938581, -3.43888608,
        8.72448305,  7.87047717,  0.85730272,  1.03721055,  8.35826554,
        6.81710168,  6.35658842,  4.10495774,  4.99959606, 13.38481204,
        8.14794227,  7.06527628,  7.92221105, 13.27646293,  7.11995191,
        2.83509862, 10.75282427,  5.52678527, 10.08628477, 10.98321678,
       12.49466201,  2.50863008,  4.67944759,  2.85788507,  5.0465952 ,
        8.21295444, 11.91410464,  5.94624943, 10.22163873,  3.37930772,
        8.85361915,  9.73376072,  1.15059264, 11.04743194,  1.79969506,
        4.25828829,  7.25202922,  2.2672972 ,  7.57725423,  5.58636802,
        7.65893215, 11.52537915,  6.90891019, -2.29113385,  7.97708546,
        8.08842066,  2.16832336,  7.65832177,  9.81159064, 10.43923316,
        3.98062488,  1.0817161 ,  9.76295248,  8.63108155,  7.26357459,
        2.54423122,  6.81853034,  6.45365329, 11.3232911 ,  5.04083176,
       12.8607924 , 11.23344625,  8.31903354,  3.14367524,  6.71869235,
        8.25848665,  1.77282295,  3.65717336,  8.32846627,  9.9174394 ,
        6.05692518,  4.21944302, 10.23931698,  4.91274328, 13.41513602,
        9.43416187,  4.63636632,  3.13539328,  6.18335055,  1.53707739,
        5.61467202,  6.5111733 ,  3.23145556,  3.41022205, -2.07333343,
       13.30968769,  3.82494062,  5.39569567,  6.13415814,  1.37292208,
        3.07177277, 13.18391553, 10.12816353,  2.74516544,  3.09710695,
        6.8019379 ,  5.34038046,  3.2762607 ,  5.96005512, 11.26218427,
        7.28016079,  4.56619962,  9.88937887, -1.65520076, 10.43965611,
        2.44372126,  0.05593988,  4.47111314,  4.37722133,  5.98773957,
        4.10199573,  9.24048099,  6.10392412,  8.20112445,  4.06759296,
        8.79640924,  9.29292777,  6.48629527,  5.80919737,  7.3525369 ,
        4.56135043, 14.57977076, 14.18157702,  4.68325426,  4.71936077,
        2.38776943,  4.64738549, 17.11241745, -0.48449692,  9.04317841,
        7.22043104,  7.91805606, 10.77196002,  2.17966784,  6.62820171,
       15.53997079,  6.62792789,  7.75866664,  7.71585917,  9.14500714,
        2.44829938,  7.16387108, 11.18733035,  3.16285692, 14.44962478,
        7.9734839 ,  2.29286828,  8.91694778,  5.19431971,  4.82347137,
        6.30543704,  6.62960565,  8.38076727,  9.86579471,  7.34873375,
        9.69886333,  6.97858741, 12.77974943, -1.69337678, 10.26854022,
        7.55676076, 11.30789955,  8.25494618,  5.7069379 ,  0.89890997,
        7.33619558,  6.46577359,  1.40017034,  7.41724292,  4.436418  ,
        7.14786764,  3.19365845,  4.5695545 ,  5.00692815, 11.87379541,
        9.80291173,  7.00626267,  1.82903169, -2.59807148,  9.47880999,
        5.78256916, 11.12487811,  7.53115214,  3.64823712,  8.15902467,
        8.32095958,  8.72039742, -1.02293981, 10.27388165,  7.28944067,
        6.71056444, -0.11188937,  3.91449311,  4.69324376, 16.29464348,
       10.78957892,  5.80840925,  2.99713993,  5.2593516 ,  3.50490743,
       -0.15449448,  0.96434288, 11.61630339,  8.27735506, 16.00285161,
        6.50006729, 11.31600174,  5.75130697,  7.256999  ,  6.63488972,
        4.54796937,  6.56338914, -2.63014256, 11.48578113, -0.07930807,
        6.90670298,  4.28074261,  8.93878941,  1.75778739,  8.37427446,
        1.98021715,  1.2163253 ,  7.06949543,  4.18699292,  9.63377599,
        9.23103552,  6.64477952,  0.39062191,  3.25198616,  6.63355733,
        7.3632658 ,  4.7339389 ,  4.29967855,  6.28514055,  4.22442813,
        2.26636681,  9.04310139, 10.2082415 ,  9.53831858, 13.91283266,
       10.51968209,  4.38525309,  4.79884727,  4.95086139,  0.11123929,
        2.08883224, 11.03308035,  7.40637327,  9.33221467,  4.25483408,
        7.44668255,  6.5262045 ,  1.19632846,  9.60393598,  7.88892398,
       10.90912402, 14.93227314,  4.40874761, 14.99067229,  4.41303737,
        3.9286857 ,  8.11305083, 10.11742447,  6.37018955,  2.54284042,
        9.48544732, 10.57743204, 11.8098314 ,  5.80598639, 11.59657591,
        9.669148  , 11.21606882,  4.319759  ,  7.52659734, 11.04373643,
        4.34999011,  4.20867203,  2.44338745,  5.13100548,  6.13849652,
        6.43077322,  5.79302418,  7.40061908,  6.23114872,  9.75695758,
        6.66230472,  5.13783843,  6.82973843,  5.36631725,  5.91760367,
        9.88460075, 10.20970926,  1.76158793, 12.391394  ,  8.91633619,
        8.19313104, -1.20569326,  3.8195473 ,  2.46703902, 15.08849437,
        6.95257834,  4.3953971 , 14.32326594,  5.51496623, 11.2356845 ,
        4.38642475,  3.16650808,  3.96148751,  1.47933114,  8.30810544,
        7.10266653,  9.82018761, 13.01570492,  9.41446686,  6.11188097,
        7.08611127, 14.30646318,  7.08945749,  9.01281824, 10.79261268,
        5.88842553, 11.66071255,  9.84974807,  5.62640076, 10.55719581,
        9.2548453 ,  7.1220303 , 13.27635001,  2.97914591,  8.53036898,
       10.17573671,  1.95299571,  5.83313985,  4.72347567,  8.03072078,
       11.73373652,  3.01890332,  1.82339293,  5.46703218,  7.46086484]), array([ 4.89776438e+00,  1.18451195e+01,  1.03097963e+01,  8.84626234e-01,
        6.10442062e+00,  5.59527578e+00,  5.52032778e+00,  1.23487412e+01,
        5.21614417e+00,  1.01143250e+01,  1.03208185e+00,  1.12431568e+01,
        8.51999655e+00,  2.85691997e-01,  6.16498975e+00,  7.53203402e-01,
        8.52271201e+00,  1.27007019e+01,  1.04007790e+01,  9.48704649e+00,
        7.46428941e+00,  2.46948760e+00,  4.26081710e+00,  4.60985920e+00,
        7.61366126e+00,  7.18811933e+00,  5.97615764e-01,  5.73877510e+00,
        8.67393950e+00,  2.73400747e+00,  8.28517774e+00,  6.91913899e+00,
        7.39406123e+00,  5.98191480e+00,  3.79316408e+00,  6.09480191e+00,
        9.17270311e+00,  5.91325702e+00,  6.47572109e+00,  4.07337135e+00,
        1.66768875e+00,  5.20445142e+00,  7.47341891e+00,  8.06412453e+00,
        2.40361716e+00,  1.08408089e+01,  4.13980847e+00,  1.82495819e+01,
        5.49253563e+00,  1.18542180e+01,  9.78195276e+00,  6.41867313e+00,
        3.32996928e+00,  1.18477249e+01,  1.06275162e+01,  5.48169238e+00,
        6.49350192e+00,  6.06556105e+00,  3.08097337e+00,  1.61463098e+01,
        6.62322482e+00,  8.32011905e+00,  1.64637820e+01,  7.89542115e+00,
        7.27306295e+00,  1.06601587e+01,  1.07493786e-02,  9.06180551e+00,
        4.57166359e+00,  1.72551390e+01,  7.28406285e+00,  7.46849897e+00,
        7.54164274e+00,  4.26617383e+00,  1.00135506e+01,  4.45545004e+00,
        8.93653586e+00,  9.61436670e+00,  9.29034305e+00,  8.81754878e+00,
        8.00730239e+00,  5.22434321e+00,  4.30010606e+00,  9.32461248e+00,
        1.25665776e+01,  7.69909633e+00,  1.22226731e+01, -1.29967292e+00,
        6.38267121e+00,  8.56429203e+00,  2.49110763e+00,  1.02125388e+01,
        6.79080975e+00,  9.47296463e+00,  8.80099215e+00,  6.30237792e+00,
        8.54052611e+00, -1.79945509e+00,  1.12915790e+01, -1.04173284e-01,
        1.11706539e+01,  9.28075965e+00,  5.93141184e+00,  1.39086409e+01,
        1.05510750e+01,  8.05921804e+00,  7.35693100e+00,  3.86098540e+00,
        6.20585187e+00,  3.79154586e+00,  3.27768627e+00,  1.44658040e+01,
        1.21027092e+01,  8.57685393e+00,  7.03510552e+00,  7.19009636e+00,
        4.19912980e+00,  8.73484482e+00,  1.21992344e+01,  8.41373902e+00,
        4.77843406e+00,  3.81553005e+00,  4.31176204e+00, -4.60310509e-01,
        1.16782506e+01,  1.34921984e+01,  5.03799158e+00,  6.07831763e+00,
        7.01015746e+00,  8.38465140e+00,  1.02609345e+01,  6.13965152e+00,
        1.23704193e+01,  8.21128988e-01,  1.05942671e+01,  1.02174917e+01,
        9.53557528e+00,  7.82929950e+00,  4.72273681e+00,  1.04195589e+01,
        3.69241827e+00,  9.55303013e+00,  3.36483107e+00,  9.17822082e+00,
        1.20892650e+01,  9.17976227e+00,  1.23298659e+01,  6.95756253e+00,
        1.16871169e+01,  6.97666185e+00,  7.59177684e+00,  4.52031553e+00,
        1.20159886e+01,  4.97323000e+00,  6.82654657e+00,  9.56368746e+00,
        4.38185391e+00,  6.17586415e+00,  6.71900362e+00,  6.18521451e+00,
        7.67934934e+00,  8.43976472e+00,  4.19692111e+00,  7.85415255e+00,
        6.56163017e+00,  4.64431978e+00,  6.53789930e+00,  7.76927566e+00,
        7.10158601e+00,  1.00160710e+01,  3.79139336e+00,  1.40561296e+01,
        5.50968861e+00,  8.90590079e+00,  1.19909147e+01,  5.30511761e+00,
        9.68575679e+00,  4.49959400e+00,  1.11781810e+01,  8.61151725e+00,
        8.28547715e+00,  3.50259124e+00,  2.51723695e+00,  8.35686434e+00,
        1.07358681e+01,  1.01688294e+01,  1.13692022e+01,  5.87559400e+00,
        9.04365032e+00,  8.74578178e+00,  2.94541834e+00,  7.06481215e+00,
        7.16865506e+00,  3.74481677e+00,  7.73961902e+00,  1.04264665e+01,
        8.15801320e+00,  6.36819945e+00,  1.01666256e+01,  5.04795677e+00,
        1.00697159e+01,  7.62069361e+00,  3.95614345e+00,  4.80250686e+00,
        7.14273148e+00,  1.03430154e+01,  9.12768883e+00,  1.04411919e+01,
        5.59661284e+00,  1.12014531e+01,  8.79762359e+00,  3.41567670e+00,
        3.59440984e+00,  9.88301990e+00,  9.02543902e+00,  1.32079246e+01,
        1.39504735e+01,  1.34814458e+01,  4.34425705e+00,  3.71856449e+00,
        9.74045158e+00,  1.13341153e+01,  1.43951030e+01,  8.43629091e+00,
        9.04786419e+00,  5.42637470e+00,  9.43162443e+00,  5.85207612e+00,
        1.01158466e+01,  1.00937002e+01,  8.99594465e+00,  3.21939282e+00,
        1.19598782e+01, -2.33052775e+00,  6.28312848e+00,  6.46040097e+00,
        6.09609960e+00,  4.94914988e+00,  1.33100617e+01,  1.23959227e+01,
        8.48007012e+00,  1.16910607e+01,  1.41902228e+01,  1.29398514e+01,
        6.36541200e+00,  5.43605842e+00,  1.03371760e+01,  3.82339351e+00,
        5.13241632e+00,  3.31062307e+00,  6.47370963e+00,  1.53995910e+01,
        1.07701081e+00,  7.31944365e+00,  4.79343581e+00,  7.18423883e+00,
        8.41974829e+00, -9.60982591e-01,  3.46734482e+00,  6.41364339e+00,
        4.58141819e+00,  7.99093604e+00,  7.87812063e+00,  1.71477912e+01,
        8.97787706e+00,  7.65979673e+00,  3.86736225e+00,  5.63364262e+00,
        3.96864461e+00,  1.86320280e+01,  3.36342615e+00,  7.61586804e+00,
        5.44914565e+00,  8.75348933e+00,  5.13099579e+00,  1.47069285e+01,
        1.34314730e+01,  1.09769593e+01,  4.62059148e+00,  9.51482842e+00,
        1.26972735e+01, -1.72036754e+00,  8.64253591e-01,  8.25003503e+00,
        3.19647771e+00,  3.94913601e+00,  1.27769115e+01,  7.76344464e+00,
        1.48181255e+01,  1.40866088e+01,  2.31326101e+00,  1.37296268e+01,
        7.61510998e+00,  6.68449315e+00,  4.66148209e+00,  8.37942195e+00,
        1.22692925e+01,  8.04012491e+00,  4.46979900e+00,  9.83840826e+00,
        1.06446388e+01, -7.57960241e-01, -5.28251868e+00,  7.48529505e+00,
        9.37437998e+00,  1.06869267e+01,  1.00881514e+01,  3.21968416e-01,
        1.05259958e+01,  1.56589997e+01,  4.48317848e+00,  1.48422421e+00,
        4.42966753e+00, -5.15264061e-01,  5.80803043e+00,  2.53513492e+00,
        1.26244377e+00,  7.01079590e+00,  1.03769115e+00,  8.03059481e+00,
        9.53555662e+00,  5.43336685e+00,  5.47705574e+00,  1.11638626e+01,
        7.33513078e+00,  1.76125555e+01,  8.63056489e+00,  5.94670424e+00,
        2.85132583e+00,  6.41004332e+00,  1.15818300e+01,  8.90104264e+00,
        1.21340302e+00,  4.98116852e+00,  1.04155574e+01,  9.38321699e+00,
        6.39888747e+00,  8.06983298e+00,  7.50917552e+00,  4.35794777e+00,
        8.46135424e+00,  4.38637337e+00,  5.65537208e+00,  8.61886207e+00,
        5.68936204e+00,  3.74601560e+00,  3.22669836e+00,  5.56624937e+00,
        1.37229058e+01,  1.29616533e+01,  1.90737489e+00,  6.62451178e+00,
        4.69076143e+00,  1.70247860e+01,  7.91134936e+00,  7.50086598e+00,
        1.41107067e+01,  1.21178331e+01,  8.93480523e+00,  7.13975926e+00,
        7.87546889e+00,  1.11044533e+00,  9.11396714e+00,  6.94538255e+00,
        9.45209003e+00,  1.11186472e+01,  8.22801886e+00,  7.08228586e+00,
        6.63302042e+00,  1.78707269e+00,  1.33287013e+01,  9.54431148e+00,
        5.42381566e+00,  7.93302790e+00,  1.50268541e+01,  4.84278203e+00,
        1.18898504e+00,  2.88524128e+00,  9.03448517e+00,  6.46786199e+00,
        1.53884767e+01,  3.34566682e+00,  1.82323062e+00,  1.11814281e+01,
        3.36873891e+00,  1.50714082e+00,  5.21217222e+00,  9.93397450e+00,
        7.70827801e+00,  1.09376099e+01,  9.82777125e+00,  7.66157478e+00,
        5.59602087e+00,  1.36160830e+01,  1.06068599e+01,  2.73970636e+00,
        8.94105471e+00,  1.21432684e+01,  1.44240268e+01, -4.16422265e+00,
        6.61143641e+00,  7.90208801e+00,  1.34794735e+01,  1.44088815e+01,
        5.65987987e+00,  9.94029143e+00,  5.54481781e+00,  1.11995227e+01,
        5.07395901e+00,  1.16520511e+01,  7.48736032e+00,  6.07431728e+00,
        1.78566033e+00, -1.56760144e+00,  9.42822891e+00,  1.04860334e+01,
        7.78242772e+00,  8.64834244e+00,  7.71854052e+00,  1.32934445e+01,
        7.43544354e+00,  1.03538834e+01,  9.97865299e+00,  8.80603278e+00,
       -2.48649573e+00,  9.43053411e+00,  3.79864477e+00,  8.80226271e+00,
        1.12651134e+01,  2.74647891e+00,  1.30726898e+01,  8.94695746e+00,
        3.57983505e+00,  5.30382290e+00,  5.98657854e+00,  8.42697729e+00,
        3.99917626e+00,  1.01318607e+01,  6.11075007e+00,  3.96126268e+00,
        8.88177840e+00,  5.71454975e+00,  5.29571426e+00, -1.88243872e-01,
        6.56240022e-01,  6.47999271e+00,  1.36473554e+01,  7.07233735e+00,
        6.08725694e+00,  1.14675498e+01,  1.04622181e+01,  1.25428805e+01,
       -6.75669255e+00,  1.00921799e+01,  7.14136807e+00,  1.01085758e+01,
        5.87863157e+00,  7.06466621e+00,  4.57184643e+00, -3.28492883e+00,
        8.67438265e+00,  8.61916252e+00,  1.67108463e+00,  2.17375771e+00,
        9.10454533e+00,  7.98619777e+00,  7.38613353e+00,  5.00206455e+00,
        5.83164214e+00,  1.41466532e+01,  9.02165421e+00,  7.58879795e+00,
        8.59564322e+00,  1.46194842e+01,  7.40123711e+00,  3.00246952e+00,
        1.23211159e+01,  6.83661669e+00,  1.12468348e+01,  1.19354818e+01,
        1.28862866e+01,  3.17411310e+00,  5.06134040e+00,  3.42622911e+00,
        5.60330477e+00,  8.77503993e+00,  1.29588908e+01,  6.57362901e+00,
        1.11819308e+01,  4.25695747e+00,  8.89207662e+00,  1.07113120e+01,
        1.65020885e+00,  1.12202539e+01,  1.60618820e+00,  4.80768473e+00,
        8.17413859e+00,  3.53573268e+00,  8.85635699e+00,  6.69056456e+00,
        8.70078943e+00,  1.24686660e+01,  7.43487003e+00, -2.37043738e+00,
        8.77343166e+00,  8.51151663e+00,  2.59931895e+00,  8.35445377e+00,
        1.05296658e+01,  1.13136662e+01,  4.72826615e+00,  1.57585002e+00,
        1.08155296e+01,  9.28879410e+00,  7.57929585e+00,  3.30866126e+00,
        7.57307944e+00,  7.60198652e+00,  1.24999567e+01,  5.88013742e+00,
        1.36517846e+01,  1.16093641e+01,  9.31109649e+00,  3.57881536e+00,
        7.88390658e+00,  9.05460264e+00,  2.03963670e+00,  4.10465465e+00,
        8.81233463e+00,  1.09179157e+01,  7.18212995e+00,  5.35302881e+00,
        1.11045973e+01,  5.57958973e+00,  1.32129981e+01,  9.86893031e+00,
        4.94444030e+00,  3.11017122e+00,  6.90659459e+00,  1.63195654e+00,
        6.43850598e+00,  7.50855506e+00,  4.27308707e+00,  3.76360630e+00,
       -1.16404406e+00,  1.41899631e+01,  4.27216402e+00,  6.17143463e+00,
        6.95756559e+00,  1.30695826e+00,  3.40321368e+00,  1.33342226e+01,
        1.10396843e+01,  3.09820816e+00,  4.30994260e+00,  6.99879869e+00,
        5.90909255e+00,  4.20335069e+00,  7.02829865e+00,  1.16475589e+01,
        8.07299244e+00,  5.24781199e+00,  1.08494678e+01, -9.16031417e-01,
        1.18668090e+01,  3.36071574e+00,  8.85079726e-01,  4.97142621e+00,
        5.26788509e+00,  6.62218735e+00,  4.94950679e+00,  9.77968878e+00,
        6.58124109e+00,  8.54571557e+00,  5.39737163e+00,  9.61492418e+00,
        9.75651021e+00,  7.49272518e+00,  6.54125728e+00,  8.52460395e+00,
        5.20893486e+00,  1.57770585e+01,  1.49489296e+01,  5.04765258e+00,
        5.79045584e+00,  3.21162699e+00,  4.77990434e+00,  1.85899626e+01,
       -1.66641113e-01,  9.62939607e+00,  7.91770139e+00,  8.73771387e+00,
        1.19020459e+01,  2.78089075e+00,  6.89658306e+00,  1.65838016e+01,
        7.34163578e+00,  9.17063678e+00,  8.84223058e+00,  9.96056190e+00,
        2.98976436e+00,  8.77381928e+00,  1.18170569e+01,  4.20605342e+00,
        1.46066095e+01,  9.20280418e+00,  3.08813137e+00,  9.66362670e+00,
        6.06789425e+00,  5.71932143e+00,  7.61190479e+00,  7.66149503e+00,
        9.04365954e+00,  1.12774475e+01,  8.16610391e+00,  1.04042256e+01,
        8.05538993e+00,  1.39884638e+01, -1.82767827e+00,  1.11211828e+01,
        7.82304033e+00,  1.30078207e+01,  8.90256963e+00,  6.60612564e+00,
        1.81289632e+00,  7.75995115e+00,  6.44340335e+00,  2.39137507e+00,
        8.13145015e+00,  4.83209951e+00,  7.51698441e+00,  3.59531217e+00,
        5.03097928e+00,  5.41004868e+00,  1.32712323e+01,  1.10726076e+01,
        7.51348662e+00,  2.75707632e+00, -2.74868372e+00,  1.00774683e+01,
        6.18024224e+00,  1.20373469e+01,  8.01082503e+00,  4.41223573e+00,
        8.72272889e+00,  9.05009575e+00,  9.46760483e+00, -2.98381334e-01,
        1.11157946e+01,  7.87401409e+00,  7.69879464e+00,  2.09993297e-01,
        4.81680140e+00,  4.92132264e+00,  1.73287672e+01,  1.14036503e+01,
        7.23782309e+00,  3.74118004e+00,  5.71969706e+00,  4.09053448e+00,
        2.28483146e-01,  1.26631634e+00,  1.27858078e+01,  8.81772154e+00,
        1.71515949e+01,  7.62827726e+00,  1.22831757e+01,  6.54483867e+00,
        7.75948138e+00,  6.98679910e+00,  4.94143809e+00,  7.30170985e+00,
       -1.81546884e+00,  1.28251482e+01, -1.42524871e-01,  7.83155538e+00,
        4.55236659e+00,  9.60467828e+00,  2.32989483e+00,  9.12864521e+00,
        2.05617860e+00,  1.35733860e+00,  8.22669202e+00,  5.45065105e+00,
        1.01507762e+01,  9.89199537e+00,  7.59729380e+00,  8.75614981e-01,
        3.50130956e+00,  7.59118650e+00,  8.58313775e+00,  5.78171501e+00,
        5.53475647e+00,  7.06032263e+00,  4.57787153e+00,  3.45258053e+00,
        9.89342857e+00,  1.07744306e+01,  1.03331821e+01,  1.50873160e+01,
        1.11379782e+01,  4.80838487e+00,  5.27147792e+00,  5.31325744e+00,
       -1.44899166e-01,  3.08137082e+00,  1.13970722e+01,  8.70830277e+00,
        9.89089497e+00,  4.35141738e+00,  8.21847794e+00,  6.85380403e+00,
        2.12644898e+00,  1.05465404e+01,  9.36420704e+00,  1.20473288e+01,
        1.57453519e+01,  5.09692881e+00,  1.57631877e+01,  5.32515223e+00,
        4.86809350e+00,  8.94302370e+00,  1.14164219e+01,  6.61174405e+00,
        3.42198377e+00,  1.07079358e+01,  1.10923156e+01,  1.28690921e+01,
        6.33699043e+00,  1.23334559e+01,  1.01938458e+01,  1.20437165e+01,
        5.21547920e+00,  7.91762682e+00,  1.19249499e+01,  5.20169624e+00,
        5.05269388e+00,  3.55894887e+00,  5.65956673e+00,  7.64767328e+00,
        7.20975201e+00,  6.68019990e+00,  8.04124978e+00,  7.09907173e+00,
        1.04386097e+01,  7.73580503e+00,  6.08022398e+00,  8.06452544e+00,
        5.71159324e+00,  6.51389585e+00,  1.10021953e+01,  1.07872481e+01,
        2.78933845e+00,  1.37401330e+01,  9.72372518e+00,  8.17771674e+00,
       -3.12574255e-02,  4.57451645e+00,  3.34453335e+00,  1.60784087e+01,
        7.79368760e+00,  4.97505554e+00,  1.53571448e+01,  6.39393495e+00,
        1.18044775e+01,  5.99815109e+00,  3.04217002e+00,  4.62310782e+00,
        1.97892406e+00,  8.57600171e+00,  7.72352866e+00,  1.04483981e+01,
        1.36210326e+01,  1.02501915e+01,  7.03842622e+00,  7.80886818e+00,
        1.51255499e+01,  7.64179093e+00,  1.00454870e+01,  1.12755086e+01,
        6.55504597e+00,  1.28960863e+01,  1.10806808e+01,  6.70811413e+00,
        1.17113999e+01,  1.01795826e+01,  7.26174763e+00,  1.39253533e+01,
        3.82541432e+00,  9.13610384e+00,  1.10007468e+01,  2.86646772e+00,
        6.59057160e+00,  5.48417240e+00,  8.39216889e+00,  1.26098468e+01,
        3.57459161e+00,  2.66340357e+00,  6.00902765e+00,  8.47696497e+00])]
WARNING:root:[array([-1.66501844e+00,  4.07230412e+00,  7.89388947e+00,  1.29079894e+00,
       -4.12819157e+00, -1.75203708e+00, -4.36242188e+00,  6.56307698e+00,
        3.71126731e+00,  1.85144356e+00, -5.31594810e+00,  1.53722728e+00,
        3.03772790e+00,  7.56457572e-01,  9.26129253e-01, -4.29595038e+00,
        2.26590381e+00,  5.35266456e+00,  3.17933796e+00,  6.47666988e-01,
        4.24518557e-01, -7.23345678e-01, -4.00781704e+00, -4.84344649e+00,
        5.85302232e+00,  2.12677677e+00, -1.23448238e+00,  1.47242296e+00,
        1.51423301e+00,  2.01676244e+00,  1.38045267e+00,  5.13767619e+00,
        2.85149143e+00, -3.78300313e+00,  6.21651722e-01, -2.76535369e+00,
        2.00356722e+00,  2.22361393e+00,  2.77031784e+00, -1.06221369e+00,
       -4.68513807e+00, -1.34543776e+00,  4.61262351e+00,  3.47333568e+00,
       -6.53560305e+00,  6.68352591e+00,  1.37937684e+00,  1.59132994e+01,
       -4.45168691e-01,  7.38477670e+00,  4.03499711e+00, -1.33312891e+00,
       -3.81326990e+00,  7.63855481e+00,  4.57516229e+00,  6.97470269e+00,
        1.74053912e+00, -4.50322726e-01, -4.60253022e+00,  7.76865994e+00,
        2.26509954e+00,  5.71917462e+00,  3.14836636e+00,  2.50187779e+00,
        2.85046985e+00,  7.76842682e+00, -8.88688187e+00,  2.00077224e+00,
        2.78172807e+00,  1.39995080e+01, -8.29665690e-01,  1.98641524e+00,
       -8.67893729e-01, -6.68957107e+00,  4.67299846e+00,  3.23432225e-01,
        5.30045877e+00,  3.63126285e+00,  3.07796163e+00,  1.45694774e+00,
        3.74675702e+00,  3.81923594e+00, -4.65972579e+00,  3.89258170e-01,
        7.63293782e+00, -3.98509838e+00,  4.56863890e+00, -6.68073733e+00,
        7.16503787e-01,  1.83975084e+00,  4.64893770e-01,  1.42898669e+00,
       -2.79115685e+00,  6.48691668e+00, -5.23885160e-02,  4.29681098e+00,
        4.40658805e+00, -6.61622699e+00,  5.37527553e+00, -3.97003131e+00,
        3.34417491e+00,  6.47353594e+00, -1.51676856e+00,  8.68262311e+00,
        2.03299054e+00,  4.29536973e+00,  1.73055046e+00,  7.71521458e-01,
       -3.21419920e+00, -2.22976446e+00,  4.61510552e+00,  5.80796284e+00,
        1.91067441e+00,  4.27797362e-01,  4.73349492e+00,  4.38452736e+00,
       -7.52119368e-01,  3.74246810e+00,  9.76307637e+00,  3.63688736e+00,
        4.47091711e-02, -2.48879337e+00,  1.01364836e+00,  5.21751623e-01,
        4.55559957e+00,  7.14325356e+00, -2.61868731e+00,  4.68981639e+00,
        1.39771919e+00,  7.25495959e+00, -4.39423176e-01, -3.98479670e+00,
        6.12669897e+00, -5.55360946e+00,  4.63146062e+00,  6.92583815e+00,
        4.96407744e+00, -2.05983399e-02, -2.25764709e+00,  3.12917386e+00,
       -2.59909516e+00,  6.21837105e+00, -5.71040762e+00, -2.13340957e+00,
        5.53785288e+00,  2.91453922e+00,  5.06434754e+00, -1.63697093e+00,
        4.91626805e+00,  7.29823961e+00,  4.27769937e+00,  1.19562182e+00,
        5.70681631e+00,  2.13257247e+00,  5.54378929e+00,  1.44481811e+00,
       -2.89367833e+00,  1.38505495e+00, -2.20354384e+00,  2.73924980e+00,
        6.86136377e-01,  3.18719239e+00,  4.44952371e-02,  2.96299914e+00,
        5.40460089e+00,  5.02381454e+00,  1.60077687e+00,  3.01715367e+00,
        3.81561164e+00,  7.10652853e-01, -3.45494278e+00,  5.01849178e+00,
        2.38066506e+00,  3.18180575e+00,  4.47464013e+00, -1.37477659e+00,
        7.10137433e+00, -5.05841042e+00,  7.60928124e+00,  1.91563698e+00,
        1.05402564e-01, -1.46538860e+00, -3.84489115e+00,  1.11095904e+00,
        2.80327205e+00,  2.41542490e+00,  4.86527662e-01,  2.80038687e+00,
        3.10157183e+00, -6.63484412e-01, -3.47583233e+00,  2.06664062e+00,
       -1.95244745e-01,  2.71807763e-01,  2.17333914e+00,  2.79290115e+00,
        1.53071416e+00,  1.99654586e+00,  2.78486954e+00,  1.87059411e+00,
        9.24794474e-01, -7.37364428e-01, -9.87018018e-01, -3.48160710e-01,
        6.58885445e-02,  4.97736059e+00,  1.71608193e+00,  5.67330106e+00,
        2.09914185e-01,  6.34561550e+00,  1.98622166e-01, -2.02914750e+00,
       -2.13757464e+00,  4.63323308e+00,  3.94049194e+00,  4.28115005e+00,
        2.43006782e+00,  3.44197511e+00, -3.95819443e+00, -1.69663561e-01,
        4.21237547e+00,  3.82825909e+00,  4.76688628e+00, -1.06260488e+00,
        5.22691137e+00,  6.06129863e-01, -4.35568339e-01, -6.57269627e-02,
        7.24139481e+00,  5.57782546e+00,  3.21373178e+00, -3.84939232e+00,
        5.39299122e+00, -2.58048246e+00, -2.24922302e+00, -2.47015865e+00,
       -1.12528785e-01, -2.84826481e+00,  6.05640247e+00,  8.01476332e+00,
        2.82295977e+00,  5.20095319e+00,  9.81681521e+00,  1.74027880e+00,
       -1.13526189e+00,  6.31721721e-01,  3.56074962e+00,  1.67607901e-02,
       -1.13177515e-01, -9.50783840e+00, -1.43965007e+00,  9.18807778e+00,
       -2.81796032e+00,  2.39238358e+00, -2.39823871e+00,  5.24260815e+00,
       -4.72501605e+00, -3.68613685e+00, -3.85984722e+00, -2.76240663e-01,
        4.77002633e-01, -7.67725398e-01,  2.35546262e-01,  6.64831724e+00,
        5.68813813e+00,  6.79208861e+00,  2.89449515e-01,  1.67116475e+00,
       -6.24139858e-01,  9.15075820e+00, -5.66666627e+00,  2.49097950e+00,
       -1.04160511e+00,  1.65596056e+00,  1.35517421e+00,  4.79580032e+00,
        1.40504619e+00,  2.36274979e+00, -2.27981695e+00,  3.96288736e+00,
        8.66015872e+00, -9.10239583e+00, -5.77500628e+00,  1.99679345e+00,
       -2.97745016e+00, -8.25261938e-01,  7.85592250e+00, -7.54723139e-01,
        5.10928306e+00,  5.06805807e+00, -4.21052250e+00,  6.87375660e+00,
        1.87175436e+00,  4.59540427e-01, -3.04892620e+00,  1.33311835e+00,
        5.19365869e+00,  4.14299316e+00,  3.07152985e+00,  9.24065267e-01,
        3.14606763e+00,  2.27394880e-01, -7.21569124e+00, -5.66792865e+00,
       -8.37424911e-01,  9.36648188e+00,  3.67567145e+00, -7.57903930e-01,
        3.10825119e+00,  9.09652320e+00,  1.20019563e+00,  5.82340912e-01,
       -3.01948580e-01, -7.30431019e+00, -8.36254147e-02, -1.15103935e+00,
        3.47324697e-01,  1.59540748e+00, -2.87687825e+00,  3.46876965e+00,
        5.45461987e+00, -1.37892740e+00, -2.35919419e+00,  4.99867380e+00,
        2.27287004e+00,  8.41620701e+00,  2.61641022e+00, -7.82499517e-01,
       -1.81691320e+00,  4.05452283e+00,  7.13683134e+00,  4.71951389e+00,
       -3.55835901e+00,  1.97468620e+00,  4.11422389e+00,  4.92249893e+00,
        4.46950685e+00,  1.06256966e+00,  2.53380849e+00,  4.05737185e+00,
        5.14688275e+00, -2.24973175e+00,  2.24461953e-01,  2.70416530e+00,
        1.67921175e-01, -1.47334007e-02, -2.33558856e+00,  2.48559608e-01,
        2.34266351e+00,  6.38413980e+00, -5.82647469e-01, -1.77483173e+00,
       -5.28151607e-01,  6.07489149e+00,  4.03634800e+00,  5.82680726e+00,
        2.34039505e+00,  3.09847871e+00, -3.05891790e+00, -2.68619172e+00,
        5.30060508e+00, -6.81304840e-01, -1.77320591e+00,  3.12261825e+00,
        6.43760505e+00,  4.65699287e+00,  5.10478899e+00,  7.92713166e-01,
        4.91990757e-01, -1.62753524e+00,  4.47056095e+00,  4.06314228e+00,
        2.92198442e+00,  1.09276266e-01,  9.15765220e+00, -4.66236528e-01,
        1.30234392e+00, -1.88560995e+00,  1.31179367e+00,  8.20128891e-01,
        7.52698700e+00, -2.75279436e+00, -3.39373587e+00,  5.51599736e-01,
       -3.46503944e+00, -6.10847389e+00, -2.99843068e+00,  1.28343671e+00,
       -1.67064371e+00,  3.16289080e+00,  3.18170566e+00,  2.26700642e+00,
        2.10628790e+00,  3.65686914e+00,  3.73500156e+00, -1.51890252e+00,
        4.54697015e+00,  3.04099046e+00,  3.69978560e+00, -5.80276354e+00,
       -1.61983972e+00, -7.92306717e-01,  2.72400065e+00,  2.05627482e+00,
        4.17010544e+00,  2.90288243e+00, -3.44141629e+00,  2.52982054e+00,
       -1.36738798e+00,  5.56035200e+00,  3.48930186e+00,  1.57273302e+00,
       -2.81374928e+00, -5.91484726e+00, -1.76809154e-01,  2.72442542e+00,
        7.04370167e-01,  1.67141507e+00, -8.59952105e-01,  3.62732526e+00,
        1.58486214e+00,  5.10665461e+00,  4.39542480e-01,  4.66993002e+00,
       -7.31833437e+00,  7.91227778e-01, -3.85145111e-01, -5.20589214e-01,
        7.31283059e+00, -4.07824981e+00,  8.94487893e+00, -3.22189731e-01,
       -5.39582895e+00, -1.82961277e+00,  6.03146723e-01,  8.87850457e+00,
       -6.88037625e+00,  1.22698739e+01, -2.84773205e+00, -1.79888135e+00,
        1.96507257e+00,  3.77227426e+00, -3.85136120e+00, -5.17469464e+00,
       -7.50548272e+00,  9.75634852e-01,  5.13871777e-01,  7.25952529e-01,
       -7.02133710e-01,  3.84935331e+00,  4.36144931e+00,  1.42397063e+00,
       -8.07344626e+00,  4.94812160e+00,  9.08845296e-01,  5.13891955e+00,
        9.80235969e-01, -8.19239705e-01, -1.11939774e-01, -4.28955682e+00,
        9.22073124e+00,  2.83200669e+00, -4.70703950e+00, -6.88830754e+00,
        3.04076930e+00, -1.32300483e+00, -8.22161635e-01, -2.01481712e+00,
       -7.70678345e-01,  8.12106856e+00,  2.00227512e+00,  3.34511874e+00,
        3.22136323e+00,  3.74643234e+00,  5.31833222e+00,  1.80475518e+00,
       -4.00645165e-01, -3.62273989e+00,  1.90580925e+00,  4.23919229e+00,
        9.78570988e+00, -2.00371486e+00,  2.22458914e+00, -1.06703080e+00,
        1.20017994e+00,  4.05297545e+00,  4.48815015e+00,  1.82357313e+00,
        3.31112306e+00, -2.80916781e+00,  8.76633038e+00,  2.64929614e+00,
       -2.12155211e+00,  9.85464761e+00,  3.34363941e+00,  6.42666528e-01,
        7.85287146e-01, -6.48450804e+00, -1.33542511e+00, -2.13889165e+00,
        1.47324223e-01,  5.06814281e+00,  3.36842543e+00, -1.36755179e+00,
        2.42750080e+00,  5.05059408e+00, -7.87963726e-01,  2.81559795e+00,
        4.96798972e+00,  4.41598203e+00, -1.20528770e+00, -2.26971784e+00,
        2.25262614e+00,  3.96364874e+00,  5.27461710e+00, -2.79972175e+00,
        1.68723995e+00, -1.53155689e+00,  3.03364849e+00, -6.95224467e-01,
        7.31794096e+00,  8.54863573e+00,  1.36775850e+00,  1.80459936e-01,
       -1.51097141e+00,  2.68404386e+00,  1.50564815e-01,  6.86766584e-01,
        4.84916152e+00,  2.99319109e+00, -1.73904121e+00, -3.53502460e+00,
        4.25318321e+00,  3.23388674e-01,  1.48048923e+01,  6.35786389e+00,
        2.62812369e+00,  3.60035308e+00,  1.33298527e+00,  8.90820521e-01,
        4.88096921e-02, -5.34567462e-01, -3.78054602e+00,  1.06959192e+00,
       -8.14022159e+00,  6.94009359e+00,  8.02267810e-01,  4.53864495e-02,
        2.50825219e-01,  1.97046672e+00,  9.05476015e-01,  1.21178282e+01,
        3.43851802e+00,  3.69946026e-01, -5.37199614e+00,  5.74806703e+00,
        1.52660476e+00, -3.26307274e+00, -1.46041961e+00,  8.60652139e+00,
        1.76400115e+00, -1.99838672e-01,  3.30949183e+00, -6.55787536e+00,
        4.03774442e-01, -4.10418506e+00, -5.59783298e+00,  1.12203634e+00,
       -1.76198923e+00,  1.61295749e+00, -1.63468030e+00,  5.46196063e+00,
        2.87377107e+00,  5.95044363e+00, -5.15892000e+00,  3.10706402e+00,
        6.23720004e+00, -3.86962637e-01,  7.59539807e-01, -1.06331469e+00,
        1.67322645e-01,  6.08411888e+00,  8.64499877e+00,  2.13305309e+00,
       -2.77811829e+00, -3.30535125e+00,  3.84918059e+00,  6.66527852e+00,
       -2.58538613e+00,  5.03997091e+00,  2.36410889e+00,  2.15554752e+00,
        2.80738617e+00, -1.83653675e+00,  4.78547427e+00,  8.16271431e+00,
        1.57010259e+00, -2.24551830e+00, -1.32191761e-01,  3.41553277e+00,
       -1.29487508e+00, -4.36754487e+00,  6.71617172e+00, -4.00559546e+00,
        1.31792076e+01, -7.26970633e-01, -3.27645732e+00,  3.71867696e+00,
       -8.24328661e-01, -1.46400621e+00, -2.93803690e+00, -5.47629057e-01,
        3.72490747e+00, -3.59172240e-02,  1.60852089e+00,  4.98987341e+00,
       -5.72373111e-01,  4.21205564e+00, -5.55427430e-01,  4.32336302e+00,
        5.76610763e+00, -5.29840226e-01,  3.63794536e+00, -4.87081961e-01,
       -5.47587487e+00,  4.52848754e+00,  6.64266992e+00, -5.23327247e+00,
        2.54250827e+00,  1.80157283e+00,  4.60248122e+00,  4.43554639e-01,
        1.36877286e+00,  2.39148634e+00,  1.99556568e+00,  1.14816316e+00,
        3.50294466e+00, -4.60396968e+00, -1.33335964e+00,  5.35548090e+00,
        3.34949334e+00,  4.85463686e+00,  4.18916441e+00, -1.80199292e+00,
        4.34388052e+00,  3.23354960e+00,  3.63034508e+00, -5.72459280e+00,
        4.24345710e+00,  3.18853688e+00, -1.87551633e-01, -2.19913613e+00,
       -2.19215745e+00,  3.15955582e+00,  9.02184416e+00,  6.50220022e+00,
       -4.19513389e+00, -2.03715281e+00,  2.21322511e+00, -3.78001754e-01,
       -2.64685211e+00, -1.01820945e+00,  3.33238397e+00,  4.71966083e+00,
        7.78547705e+00, -1.44251315e+00,  4.55489971e+00,  4.22684652e-01,
        3.64251155e+00,  4.31745372e+00,  1.76835018e+00,  1.35611325e+00,
       -8.10158516e+00,  2.07834226e+00,  6.83733855e-01,  4.19089633e-01,
        2.45295460e+00,  4.33874924e+00, -1.97957747e+00,  3.19146161e+00,
        1.64276949e+00,  3.37478093e-01, -9.85107289e-01, -4.71585163e+00,
        6.19795399e+00,  4.58285316e+00, -1.28106665e-01, -2.92278593e+00,
        1.75038157e+00,  6.54971868e-02, -1.23356507e+00, -2.57995396e+00,
       -4.29744809e+00,  1.07802166e+00,  1.89718603e+00, -5.80131889e+00,
        3.11266316e+00,  6.19476029e+00,  4.02476848e+00,  5.69340621e+00,
        6.07690046e+00,  1.54053268e+00,  1.50136099e+00,  2.61744491e+00,
        2.13179262e+00, -4.56158167e+00,  8.49796490e+00, -1.72100311e+00,
        5.51852074e+00,  3.62556400e+00,  2.18905945e+00,  4.28523832e+00,
       -5.25564318e+00,  2.82844972e+00, -2.51171910e+00,  2.86958992e+00,
        9.05807631e+00, -1.96994877e-01,  9.63622346e+00, -1.82962249e+00,
       -2.75105247e+00,  2.32194462e+00,  9.89501355e-01,  4.65626765e+00,
       -3.58983030e+00,  9.74081714e-01,  6.95336604e+00,  4.33185614e+00,
        2.11414916e+00,  6.51738594e+00,  5.91435616e+00,  5.39263340e+00,
       -1.85188369e+00,  4.85405037e+00,  4.75007206e+00, -1.66931804e+00,
       -1.41349075e+00, -5.23303259e+00,  1.51324870e+00, -4.48130423e+00,
        1.14810500e+00, -3.85578564e-01,  2.79284038e+00,  2.93575714e-02,
        4.93129412e+00, -7.35664086e-01, -1.25902411e+00, -1.82784669e+00,
        3.02030248e+00,  1.56593472e+00,  1.97983902e+00,  6.18738412e+00,
       -5.46891176e+00,  2.94437107e+00,  3.37883669e+00,  8.31956716e+00,
       -9.40158266e+00, -1.36569159e+00, -3.49064053e+00,  8.15346313e+00,
        1.15419371e+00,  4.72519140e-01,  6.97609354e+00, -5.33271244e-01,
        7.09312645e+00, -6.74461107e+00,  4.21966681e+00, -6.43315323e-01,
       -1.83887332e+00,  6.56387056e+00,  2.78603472e+00,  5.43452753e+00,
        8.59936939e+00,  3.59284534e+00, -5.31427597e-01,  2.12413899e+00,
        8.50543545e+00,  3.27459541e+00,  1.77729076e+00,  7.51486152e+00,
        1.27253856e+00,  2.90599947e+00,  1.30773206e+00, -1.84277812e+00,
        2.53196679e+00,  2.72229956e+00,  6.00819109e+00,  8.79084813e+00,
       -2.74907077e+00,  4.27356889e+00,  4.38398517e+00, -4.43757770e+00,
        3.87814571e-01, -4.14815415e-01,  5.49382452e+00,  5.67967335e+00,
       -7.00061250e-01, -3.96545681e+00,  1.73425727e+00,  2.86810491e-01]), array([-8.59567683e-01,  4.99972319e+00,  8.17271405e+00,  1.24973406e+00,
       -2.86530119e+00, -8.73575878e-01, -3.11448493e+00,  7.27031234e+00,
        3.90217986e+00,  2.86645080e+00, -4.55568177e+00,  2.73855912e+00,
        3.70494080e+00,  6.87165744e-01,  1.54516200e+00, -3.68795929e+00,
        3.00746263e+00,  6.25652417e+00,  4.05331558e+00,  1.73512292e+00,
        1.25520000e+00, -3.58070670e-01, -3.00236220e+00, -3.68382491e+00,
        6.05023244e+00,  2.74105070e+00, -1.04539796e+00,  1.96711440e+00,
        2.40234479e+00,  2.09230875e+00,  2.23504234e+00,  5.32551456e+00,
        3.37973166e+00, -2.61034951e+00,  1.01529403e+00, -1.67749853e+00,
        2.85806957e+00,  2.67388914e+00,  3.20603931e+00, -4.33302406e-01,
       -3.91343139e+00, -5.43573838e-01,  4.95268683e+00,  4.04418768e+00,
       -5.46079529e+00,  7.16367140e+00,  1.70469578e+00,  1.61819622e+01,
        2.52210111e-01,  7.91925361e+00,  4.74680685e+00, -4.12882919e-01,
       -2.93529159e+00,  8.14594710e+00,  5.31366319e+00,  6.77231127e+00,
        2.30730645e+00,  3.16349304e-01, -3.66834068e+00,  8.79897169e+00,
        2.76957295e+00,  6.05359959e+00,  4.77178520e+00,  3.13897568e+00,
        3.38442812e+00,  8.10358523e+00, -7.79428988e+00,  2.86142522e+00,
        2.97740350e+00,  1.43625775e+01,  1.68757582e-01,  2.65710039e+00,
        1.25684225e-01, -5.33992672e+00,  5.30576696e+00,  8.14361948e-01,
        5.74762923e+00,  4.37071299e+00,  3.83075658e+00,  2.36340690e+00,
        4.26771828e+00,  3.94404761e+00, -3.59951190e+00,  1.47215377e+00,
        8.23825630e+00, -2.58078458e+00,  5.52862689e+00, -6.03826906e+00,
        1.39443271e+00,  2.67068406e+00,  6.74390741e-01,  2.50523899e+00,
       -1.60310867e+00,  6.84283856e+00,  9.88829408e-01,  4.55778368e+00,
        4.87638328e+00, -6.05903037e+00,  6.09649788e+00, -3.53786496e+00,
        4.30503644e+00,  6.81303985e+00, -6.19942753e-01,  9.30413204e+00,
        3.06905974e+00,  4.74861320e+00,  2.42044135e+00,  1.14153941e+00,
       -2.05627084e+00, -1.51764464e+00,  4.44206551e+00,  6.87988652e+00,
        3.15131407e+00,  1.43328670e+00,  5.00048001e+00,  4.71546732e+00,
       -1.51939870e-01,  4.34655469e+00,  1.00384142e+01,  4.19896442e+00,
        6.24596528e-01, -1.72011430e+00,  1.40519974e+00,  3.91365610e-01,
        5.41411505e+00,  7.91605464e+00, -1.67851183e+00,  4.80372701e+00,
        2.06018773e+00,  7.37084476e+00,  8.61072480e-01, -2.76726687e+00,
        6.89769756e+00, -4.77893790e+00,  5.35159967e+00,  7.31955302e+00,
        5.52831028e+00,  9.48554074e-01, -1.39656480e+00,  4.01182443e+00,
       -1.85233256e+00,  6.60831186e+00, -4.58175555e+00, -7.28954150e-01,
        6.34011132e+00,  3.69158223e+00,  5.94216653e+00, -5.93066585e-01,
        5.73465281e+00,  7.22077165e+00,  4.68215693e+00,  1.60447806e+00,
        6.48104831e+00,  2.48200186e+00,  5.67130246e+00,  2.42762113e+00,
       -2.02218213e+00,  1.96245993e+00, -1.09081137e+00,  3.13724590e+00,
        1.52635141e+00,  3.81353801e+00,  5.54429588e-01,  3.54564928e+00,
        5.54099493e+00,  4.97289617e+00,  2.18802964e+00,  3.59252410e+00,
        4.22230478e+00,  1.84115284e+00, -2.57561885e+00,  6.11958667e+00,
        2.74641714e+00,  3.87655597e+00,  5.38272134e+00, -5.58500696e-01,
        7.38226504e+00, -3.90514547e+00,  8.01596240e+00,  2.72692591e+00,
        1.09725276e+00, -8.90923833e-01, -3.08390757e+00,  2.00012679e+00,
        3.75851013e+00,  3.33685888e+00,  1.80439680e+00,  3.17599190e+00,
        3.81308801e+00,  4.70741056e-01, -2.69674836e+00,  2.66888921e+00,
        6.98109419e-01,  6.79407858e-01,  2.83597599e+00,  3.71853015e+00,
        2.34171050e+00,  2.52928083e+00,  3.68006345e+00,  2.23090017e+00,
        2.04755697e+00,  2.84221583e-01, -4.00662079e-01,  2.58367474e-01,
        9.32084858e-01,  5.63352841e+00,  2.61889404e+00,  6.26795325e+00,
        8.69662899e-01,  6.92224199e+00,  1.26431325e+00, -1.36961645e+00,
       -1.44403509e+00,  5.26036502e+00,  4.54637093e+00,  5.34417452e+00,
        3.82493421e+00,  4.66728979e+00, -2.95933569e+00,  2.85614494e-01,
        4.86790964e+00,  4.75090356e+00,  5.93826426e+00,  1.10311081e-01,
        5.67275392e+00,  1.21081505e+00,  7.62023122e-01,  6.58143831e-01,
        7.57182763e+00,  6.13329256e+00,  3.92577791e+00, -2.98998419e+00,
        6.20187724e+00, -2.57674118e+00, -1.20059875e+00, -1.38314014e+00,
        6.50368822e-01, -1.89174624e+00,  6.92539489e+00,  8.51588827e+00,
        3.52363754e+00,  5.97083975e+00,  1.03415468e+01,  3.09628090e+00,
       -2.27091973e-01,  1.20203200e+00,  4.38973078e+00,  4.79589713e-01,
        5.09588394e-01, -7.94880182e+00, -4.72459221e-01,  9.91889303e+00,
       -2.35656642e+00,  2.97731522e+00, -1.54112333e+00,  5.48740656e+00,
       -3.12510646e+00, -3.38108270e+00, -2.97380433e+00,  5.51518398e-01,
        9.81582142e-01,  2.93359662e-01,  1.14872551e+00,  7.91107294e+00,
        6.06925867e+00,  6.88478772e+00,  7.08807068e-01,  2.13207109e+00,
       -9.52950106e-02,  1.02754231e+01, -4.57676805e+00,  3.09645852e+00,
       -2.61104877e-01,  2.50953552e+00,  1.78037781e+00,  6.01567668e+00,
        2.87376038e+00,  3.40397445e+00, -1.42903641e+00,  4.63871871e+00,
        9.14059711e+00, -8.21599965e+00, -4.94944820e+00,  2.75449374e+00,
       -2.21762526e+00, -2.54437441e-01,  8.46054990e+00,  3.04079634e-01,
        6.28315303e+00,  6.16007540e+00, -3.41904881e+00,  7.67682019e+00,
        2.55257460e+00,  1.21247879e+00, -2.11402181e+00,  2.17409383e+00,
        6.03445527e+00,  4.61602249e+00,  3.23165261e+00,  2.00782482e+00,
        4.05960688e+00,  1.16229346e-01, -7.01304013e+00, -4.06409954e+00,
        4.02294380e-01,  9.49256463e+00,  4.45682463e+00, -6.43340946e-01,
        3.97642531e+00,  9.92246713e+00,  1.58280163e+00,  6.68340005e-01,
        2.87157257e-01, -6.47724438e+00,  6.30526915e-01, -7.03650769e-01,
        4.38548059e-01,  2.25009654e+00, -2.40554931e+00,  4.01009879e+00,
        5.94509259e+00, -5.61088462e-01, -1.40949895e+00,  5.75193926e+00,
        2.88372860e+00,  9.52501222e+00,  3.35475021e+00,  4.26807562e-02,
       -1.23992195e+00,  4.32375805e+00,  7.66390924e+00,  5.20406828e+00,
       -2.99256635e+00,  2.31391784e+00,  4.86545653e+00,  5.45639567e+00,
        4.69629413e+00,  1.92150086e+00,  3.12546601e+00,  4.08778278e+00,
        5.56083869e+00, -1.43663150e+00,  8.75413447e-01,  3.41432130e+00,
        8.34840609e-01,  4.36853637e-01, -1.66362919e+00,  8.90117642e-01,
        3.70771621e+00,  7.17460042e+00, -3.06942477e-01, -7.37225377e-01,
        1.02257321e-01,  7.41710543e+00,  4.49551606e+00,  6.03502392e+00,
        3.77738362e+00,  4.18525259e+00, -1.61252256e+00, -1.47641853e+00,
        5.58194764e+00, -4.66784922e-01, -4.30759711e-01,  3.57829703e+00,
        6.78310114e+00,  5.44339024e+00,  5.46540906e+00,  1.56130633e+00,
        1.25013629e+00, -1.22682397e+00,  5.56246427e+00,  4.73035105e+00,
        3.21626686e+00,  1.06675636e+00,  9.86129707e+00,  1.52912479e-01,
        1.24688623e+00, -1.28742904e+00,  2.24143223e+00,  1.49661707e+00,
        8.46235819e+00, -2.02544986e+00, -2.73372050e+00,  1.84978859e+00,
       -2.63966473e+00, -5.19034500e+00, -2.02374991e+00,  2.34093236e+00,
       -5.27840645e-01,  4.09108195e+00,  3.99017134e+00,  2.89601208e+00,
        2.51312484e+00,  4.87413272e+00,  4.56277919e+00, -1.00607878e+00,
        5.06304406e+00,  4.15834936e+00,  5.03444668e+00, -5.61496186e+00,
       -6.46694375e-01,  2.57428852e-01,  4.03496191e+00,  3.56182802e+00,
        4.33737087e+00,  3.73184434e+00, -2.36295724e+00,  3.56293913e+00,
       -5.65343538e-01,  6.29863606e+00,  3.95987109e+00,  2.13224932e+00,
       -2.26897074e+00, -5.38030794e+00,  9.97592688e-01,  3.66431687e+00,
        1.57925054e+00,  2.53012046e+00,  1.76513082e-01,  4.79613812e+00,
        2.28658757e+00,  5.75121573e+00,  1.58973455e+00,  5.15330643e+00,
       -6.74321098e+00,  1.85268184e+00,  1.20521436e-01,  6.24173445e-01,
        7.79906911e+00, -3.27375223e+00,  9.43109889e+00,  8.33036730e-01,
       -4.31411630e+00, -9.43459469e-01,  1.23040914e+00,  8.82063214e+00,
       -5.54076062e+00,  1.19938495e+01, -1.77049359e+00, -1.11719336e+00,
        2.77816101e+00,  3.98095008e+00, -2.72855420e+00, -4.55619997e+00,
       -6.51867782e+00,  1.63520186e+00,  2.10059411e+00,  1.47510150e+00,
        1.07848547e-01,  4.77881857e+00,  5.07281675e+00,  2.77346408e+00,
       -7.91936116e+00,  5.56929217e+00,  1.67545829e+00,  5.72139175e+00,
        1.58629300e+00,  1.38830764e-01,  4.36128944e-01, -4.19481194e+00,
        9.12493862e+00,  3.51053035e+00, -3.94365277e+00, -5.77345902e+00,
        3.78950777e+00, -1.88642221e-01,  1.79819474e-01, -1.16804420e+00,
        3.60195755e-02,  8.83414275e+00,  2.85991911e+00,  3.86753226e+00,
        3.86865944e+00,  5.06997797e+00,  5.56728120e+00,  1.94688818e+00,
        1.16577321e+00, -2.33971963e+00,  3.04653333e+00,  5.17487893e+00,
        1.01510568e+01, -1.37505401e+00,  2.54852792e+00, -5.24270739e-01,
        1.73984387e+00,  4.64409030e+00,  5.53382653e+00,  2.36842585e+00,
        4.28571196e+00, -1.93884723e+00,  8.75161620e+00,  3.64841969e+00,
       -1.68292751e+00,  9.99695560e+00,  3.10780839e+00,  1.13486859e+00,
        1.68449209e+00, -5.26994377e+00, -1.08745782e-01, -1.04739209e+00,
        1.21822566e+00,  5.96027889e+00,  3.84845059e+00, -1.51714163e+00,
        3.19437980e+00,  5.47407346e+00, -3.68653447e-01,  3.48769875e+00,
        5.62004737e+00,  5.23546415e+00, -4.90976212e-01, -1.80852378e+00,
        3.31947493e+00,  4.62186142e+00,  5.52439370e+00, -2.05728541e+00,
        2.38115059e+00, -4.20766569e-01,  4.18912896e+00,  9.31431681e-02,
        8.07385590e+00,  8.90601156e+00,  2.32168083e+00,  5.88373399e-01,
       -3.65281155e-01,  3.45334342e+00,  3.58250225e-01,  1.08973277e+00,
        5.34471619e+00,  3.94510271e+00, -6.57762510e-01, -2.47481703e+00,
        5.07657623e+00,  9.58812240e-01,  1.45978241e+01,  6.78542154e+00,
        2.89142362e+00,  3.50713528e+00,  1.98551162e+00,  9.75313973e-01,
        8.05094652e-01,  4.56923635e-01, -2.82669316e+00,  1.38878708e+00,
       -7.31126305e+00,  7.84226136e+00,  1.21818728e+00,  7.89464434e-01,
        1.07891062e+00,  1.87545283e+00,  1.19274386e+00,  1.22535249e+01,
        4.40493538e+00,  7.02247860e-01, -4.17955442e+00,  5.85825617e+00,
        2.04144586e+00, -2.34378590e+00, -4.40045579e-01,  8.95974002e+00,
        2.53860578e+00,  4.64232593e-01,  4.21274961e+00, -5.87981567e+00,
        1.79558698e+00, -3.16459769e+00, -4.80647844e+00,  1.57140696e+00,
       -9.14844003e-01,  2.20880775e+00, -8.53992878e-01,  5.97600117e+00,
        3.30431989e+00,  6.24054686e+00, -3.87208465e+00,  3.88963386e+00,
        6.63148017e+00,  5.59752590e-01,  1.46069156e+00,  1.30481433e-01,
        7.72627923e-01,  7.26678540e+00,  9.41782799e+00,  2.48858015e+00,
       -1.72509334e+00, -2.52001932e+00,  3.94494791e+00,  8.11435775e+00,
       -2.29412167e+00,  5.58502362e+00,  3.03696992e+00,  2.96578906e+00,
        3.91559302e+00, -1.30128940e+00,  5.03004331e+00,  9.18234134e+00,
        2.27976708e+00, -8.47784205e-01,  9.51112483e-01,  4.21654863e+00,
       -7.79221690e-01, -2.72859627e+00,  7.32684321e+00, -3.00502745e+00,
        1.33587692e+01,  4.95618902e-01, -2.48926730e+00,  4.43228351e+00,
        5.90345762e-03, -5.87628794e-01, -1.63106443e+00,  4.40945491e-01,
        4.37553417e+00,  1.33936103e+00,  2.41225670e+00,  5.61754502e+00,
        4.87612077e-01,  5.40985159e+00, -7.18838282e-01,  5.13334649e+00,
        6.00124898e+00,  1.11510107e+00,  4.28110180e+00,  3.63458549e-01,
       -4.58733029e+00,  4.89194955e+00,  6.61139116e+00, -4.32739598e+00,
        3.21324728e+00,  2.15409811e+00,  4.95419277e+00,  8.39123114e-01,
        1.80374117e+00,  2.74102274e+00,  3.37526448e+00,  2.33096631e+00,
        3.99075029e+00, -3.70188963e+00, -1.53283707e+00,  5.91746086e+00,
        3.64240192e+00,  5.71163399e+00,  4.65227629e+00, -1.03901685e+00,
        4.84247332e+00,  3.92950174e+00,  4.32633722e+00, -5.09393577e+00,
        5.08817737e+00,  3.75616124e+00,  7.64859287e-01, -1.92058464e+00,
       -1.35555713e+00,  3.36166705e+00,  1.00307654e+01,  7.09395546e+00,
       -2.79544208e+00, -1.34913870e+00,  2.62123847e+00,  1.52198470e-01,
       -2.30887126e+00, -7.50585606e-01,  4.49018944e+00,  5.19183078e+00,
        8.92840106e+00, -3.27420185e-01,  5.48972513e+00,  1.15434764e+00,
        4.15239932e+00,  4.61945652e+00,  2.16965085e+00,  2.08569755e+00,
       -7.35064856e+00,  3.39854168e+00,  5.49263081e-01,  1.31501148e+00,
        2.69949108e+00,  4.97040314e+00, -1.47962894e+00,  3.90634863e+00,
        1.67377879e+00,  4.69844863e-01,  1.42945082e-01, -3.46460934e+00,
        6.65716588e+00,  5.22035620e+00,  8.28065844e-01, -2.45959485e+00,
        1.93840447e+00,  9.63929392e-01, -3.04203817e-02, -1.56305943e+00,
       -3.10341478e+00,  1.77626281e+00,  2.20243949e+00, -4.69083333e+00,
        3.94326057e+00,  6.75504177e+00,  4.78438380e+00,  6.82665362e+00,
        6.70399369e+00,  1.92919636e+00,  1.95283033e+00,  2.90934212e+00,
        1.83849379e+00, -3.64880884e+00,  8.82988613e+00, -4.46931450e-01,
        6.03578903e+00,  3.70673513e+00,  2.91398345e+00,  4.58690820e+00,
       -4.34849029e+00,  3.78354561e+00, -1.05102562e+00,  3.99033166e+00,
        9.88488329e+00,  4.14206585e-01,  1.03553769e+01, -9.66745999e-01,
       -1.79614212e+00,  3.12126608e+00,  2.25646583e+00,  4.88832297e+00,
       -2.72539793e+00,  2.15068865e+00,  7.45663751e+00,  5.36920048e+00,
        2.62132320e+00,  7.19936786e+00,  6.43901731e+00,  6.20900551e+00,
       -9.94912810e-01,  5.21728025e+00,  5.63138653e+00, -8.24569674e-01,
       -6.43863035e-01, -4.16774611e+00,  2.01015784e+00, -2.99877044e+00,
        1.86658316e+00,  4.64740437e-01,  3.43988412e+00,  9.15101998e-01,
        5.60994992e+00,  2.73934119e-01, -3.72949792e-01, -6.11129039e-01,
        3.34201934e+00,  2.19547290e+00,  3.08109909e+00,  6.73828588e+00,
       -4.46105929e+00,  4.25301032e+00,  4.13232551e+00,  8.30581132e+00,
       -8.24908906e+00, -6.49382664e-01, -2.68498530e+00,  9.11164671e+00,
        1.95031510e+00,  1.01506450e+00,  7.99831438e+00,  3.04357369e-01,
        7.67422695e+00, -5.19621612e+00,  4.05471279e+00,  8.44209079e-04,
       -1.37725589e+00,  6.78072830e+00,  3.38234963e+00,  6.02666600e+00,
        9.21911730e+00,  4.40747784e+00,  4.12399892e-01,  2.79208626e+00,
        9.30113891e+00,  3.79761767e+00,  2.78222517e+00,  7.95081542e+00,
        1.89952489e+00,  4.13456579e+00,  2.49022221e+00, -8.12997169e-01,
        3.63934565e+00,  3.63136098e+00,  6.16598715e+00,  9.39499505e+00,
       -1.96964389e+00,  4.86576561e+00,  5.19092344e+00, -3.54593100e+00,
        1.16225240e+00,  2.72364589e-01,  5.84168445e+00,  6.51591197e+00,
       -1.97246797e-01, -3.15970116e+00,  2.25340997e+00,  1.29251736e+00]), array([-9.73060359e-02,  5.93470266e+00,  8.43659527e+00,  1.12883135e+00,
       -1.65542718e+00,  1.23121429e-02, -1.95236916e+00,  7.96112766e+00,
        4.03194396e+00,  3.85721993e+00, -3.82112316e+00,  3.89700133e+00,
        4.34430061e+00,  5.60819104e-01,  2.15281038e+00, -3.11537124e+00,
        3.74984680e+00,  7.12965475e+00,  4.92127573e+00,  2.78509864e+00,
        2.10008254e+00, -1.28620377e-02, -2.02042956e+00, -2.55486395e+00,
        6.22765362e+00,  3.32667329e+00, -8.64792681e-01,  2.46262584e+00,
        3.24331412e+00,  2.12606683e+00,  3.04810535e+00,  5.51036969e+00,
        3.91293063e+00, -1.42428268e+00,  1.35042529e+00, -6.20675400e-01,
        3.72056323e+00,  3.08245321e+00,  3.62784526e+00,  1.44677888e-01,
       -3.19241401e+00,  2.22704052e-01,  5.27036129e+00,  4.56448693e+00,
       -4.38926297e+00,  7.66349969e+00,  1.98705135e+00,  1.64672682e+01,
        9.47997728e-01,  8.44031946e+00,  5.42156318e+00,  5.10497444e-01,
       -2.10371770e+00,  8.64327390e+00,  6.02244501e+00,  6.53578768e+00,
        2.85220326e+00,  1.08974671e+00, -2.76320196e+00,  9.81334633e+00,
        3.27342548e+00,  6.32472696e+00,  6.41352136e+00,  3.77134991e+00,
        3.89642049e+00,  8.43320452e+00, -6.75501894e+00,  3.70449072e+00,
        3.15042495e+00,  1.47597296e+01,  1.13211973e+00,  3.30175997e+00,
        1.13896262e+00, -4.03391211e+00,  5.94138289e+00,  1.29168620e+00,
        6.15185784e+00,  5.06868186e+00,  4.57245319e+00,  3.23744236e+00,
        4.75642603e+00,  4.08277866e+00, -2.52500250e+00,  2.55170395e+00,
        8.81618071e+00, -1.16009652e+00,  6.44245742e+00, -5.44020896e+00,
        2.06325841e+00,  3.45651733e+00,  8.76298472e-01,  3.56080713e+00,
       -4.61232399e-01,  7.18159707e+00,  2.06017090e+00,  4.75512020e+00,
        5.36598874e+00, -5.51883302e+00,  6.79878998e+00, -3.10253972e+00,
        5.24281785e+00,  7.12546296e+00,  2.68447390e-01,  9.92718533e+00,
        4.09813061e+00,  5.16271290e+00,  3.06691146e+00,  1.47557273e+00,
       -9.32336447e-01, -8.09703634e-01,  4.21109137e+00,  7.92493974e+00,
        4.39706528e+00,  2.40446665e+00,  5.23866800e+00,  5.00900867e+00,
        4.06283806e-01,  4.92750475e+00,  1.03187010e+01,  4.76306006e+00,
        1.15458350e+00, -9.83839753e-01,  1.76948905e+00,  1.96727669e-01,
        6.26378256e+00,  8.68547779e+00, -7.80209429e-01,  4.95634890e+00,
        2.71862495e+00,  7.47620537e+00,  2.16324758e+00, -1.54388421e+00,
        7.63147217e+00, -4.05733715e+00,  6.06389724e+00,  7.68860524e+00,
        6.05932995e+00,  1.87625072e+00, -5.84984247e-01,  4.88638431e+00,
       -1.11683930e+00,  6.99548128e+00, -3.50886001e+00,  6.32865745e-01,
        7.12829179e+00,  4.42954672e+00,  6.82095007e+00,  4.35530793e-01,
        6.54821814e+00,  7.14280289e+00,  5.03784312e+00,  1.95734979e+00,
        7.23160862e+00,  2.78093237e+00,  5.79280606e+00,  3.40603092e+00,
       -1.15510330e+00,  2.50631663e+00, -3.42734769e-02,  3.53083906e+00,
        2.35592142e+00,  4.43156316e+00,  1.01799036e+00,  4.11575236e+00,
        5.63581065e+00,  4.87289172e+00,  2.75749157e+00,  4.14390247e+00,
        4.59520026e+00,  2.96519108e+00, -1.72859202e+00,  7.21505606e+00,
        3.09319942e+00,  4.55824739e+00,  6.28469631e+00,  2.26465726e-01,
        7.66212227e+00, -2.75748073e+00,  8.43925863e+00,  3.52207051e+00,
        2.07484845e+00, -3.14917998e-01, -2.34116630e+00,  2.86352857e+00,
        4.72422425e+00,  4.26597661e+00,  3.13940539e+00,  3.51418485e+00,
        4.51164656e+00,  1.61372069e+00, -1.95095074e+00,  3.25171841e+00,
        1.56778874e+00,  1.06464238e+00,  3.49921974e+00,  4.63677364e+00,
        3.12621830e+00,  3.03088673e+00,  4.56444727e+00,  2.58790934e+00,
        3.14991266e+00,  1.28537771e+00,  1.63730404e-01,  8.59389145e-01,
        1.77096288e+00,  6.26636336e+00,  3.51276593e+00,  6.82051720e+00,
        1.48519703e+00,  7.49239064e+00,  2.29406402e+00, -7.36030894e-01,
       -7.83622341e-01,  5.88056534e+00,  5.13963022e+00,  6.44383641e+00,
        5.25264321e+00,  5.89905585e+00, -1.96902263e+00,  7.18476306e-01,
        5.51395185e+00,  5.65125749e+00,  7.11568052e+00,  1.24456078e+00,
        6.11202511e+00,  1.74877744e+00,  1.94793229e+00,  1.34425315e+00,
        7.89919411e+00,  6.64458336e+00,  4.59838976e+00, -2.15514423e+00,
        6.98616327e+00, -2.60628459e+00, -1.91941046e-01, -3.20725896e-01,
        1.37672418e+00, -9.72442952e-01,  7.80420208e+00,  9.04541852e+00,
        4.17433081e+00,  6.75650017e+00,  1.08728369e+01,  4.46506879e+00,
        6.67451953e-01,  1.75104787e+00,  5.18870295e+00,  8.94874408e-01,
        1.10831413e+00, -6.40119975e+00,  4.71236623e-01,  1.06805967e+01,
       -1.92209704e+00,  3.55441858e+00, -6.96498264e-01,  5.67962031e+00,
       -1.52617632e+00, -3.10169791e+00, -2.10851392e+00,  1.33809368e+00,
        1.43174674e+00,  1.35019402e+00,  2.05755387e+00,  9.20768655e+00,
        6.44073333e+00,  6.94386675e+00,  1.10136575e+00,  2.58775576e+00,
        4.39827786e-01,  1.14635189e+01, -3.50309376e+00,  3.70397284e+00,
        5.02871254e-01,  3.35411630e+00,  2.20833200e+00,  7.22341072e+00,
        4.34242000e+00,  4.44030503e+00, -6.30445361e-01,  5.28891969e+00,
        9.61376246e+00, -7.35423657e+00, -4.19187436e+00,  3.48884814e+00,
       -1.50795418e+00,  2.80144932e-01,  9.04643661e+00,  1.31502246e+00,
        7.45852597e+00,  7.25845282e+00, -2.65881645e+00,  8.52060043e+00,
        3.22559246e+00,  1.94198334e+00, -1.20228999e+00,  3.02076170e+00,
        6.89273763e+00,  5.05163545e+00,  3.35804036e+00,  3.08623594e+00,
        4.96279618e+00, -7.85117646e-02, -6.84477690e+00, -2.45832051e+00,
        1.63861311e+00,  9.62397088e+00,  5.22133882e+00, -5.74535345e-01,
        4.88087881e+00,  1.07063415e+01,  1.93983065e+00,  7.31650873e-01,
        8.20371549e-01, -5.69549693e+00,  1.32523127e+00, -3.01919764e-01,
        4.84097783e-01,  2.87214438e+00, -1.97697231e+00,  4.53699454e+00,
        6.41583208e+00,  2.39703187e-01, -4.83178260e-01,  6.48338108e+00,
        3.47177683e+00,  1.06712629e+01,  4.04940238e+00,  8.31482167e-01,
       -7.17609286e-01,  4.56835966e+00,  8.18348469e+00,  5.68787965e+00,
       -2.46120820e+00,  2.64829840e+00,  5.62329078e+00,  5.97557542e+00,
        4.89208241e+00,  2.74943371e+00,  3.70772437e+00,  4.06621698e+00,
        5.92130788e+00, -6.62002517e-01,  1.52141989e+00,  4.10566224e+00,
        1.47354382e+00,  8.53206030e-01, -1.02273597e+00,  1.50735951e+00,
        5.11125047e+00,  7.97149167e+00, -4.24337146e-02,  2.54534059e-01,
        7.01806435e-01,  8.76256183e+00,  4.94661322e+00,  6.18613555e+00,
        5.21767222e+00,  5.29038145e+00, -1.49358948e-01, -3.08571940e-01,
        5.86583032e+00, -2.97132986e-01,  8.81265575e-01,  4.01096637e+00,
        7.12461433e+00,  6.22318003e+00,  5.81643704e+00,  2.29783468e+00,
        1.96682653e+00, -8.50307836e-01,  6.63712948e+00,  5.37468512e+00,
        3.48110846e+00,  1.99346266e+00,  1.05744412e+01,  7.73945764e-01,
        1.18655491e+00, -7.50984874e-01,  3.17114330e+00,  2.15410913e+00,
        9.43737072e+00, -1.31706885e+00, -2.15687313e+00,  3.14324563e+00,
       -1.83669447e+00, -4.29718947e+00, -1.04641278e+00,  3.37057743e+00,
        5.87459073e-01,  5.03497501e+00,  4.78947982e+00,  3.53623615e+00,
        2.89947165e+00,  6.08110482e+00,  5.38249628e+00, -5.29224605e-01,
        5.56922805e+00,  5.25897358e+00,  6.33528723e+00, -5.47836280e+00,
        3.49298043e-01,  1.29866708e+00,  5.34089703e+00,  5.07373717e+00,
        4.47067292e+00,  4.58541476e+00, -1.27818663e+00,  4.61549235e+00,
        1.75152850e-01,  7.03386113e+00,  4.41909593e+00,  2.63432169e+00,
       -1.75120545e+00, -4.90939560e+00,  2.15723082e+00,  4.59775746e+00,
        2.40745201e+00,  3.35382524e+00,  1.20623045e+00,  5.97623763e+00,
        2.97547736e+00,  6.36073635e+00,  2.74886628e+00,  5.63461978e+00,
       -6.19979133e+00,  2.88450724e+00,  5.91115862e-01,  1.74055150e+00,
        8.25348947e+00, -2.47234025e+00,  9.92935517e+00,  1.93806090e+00,
       -3.23549436e+00, -1.12011611e-01,  1.86232945e+00,  8.71498079e+00,
       -4.24321351e+00,  1.16897532e+01, -6.91256342e-01, -4.43793617e-01,
        3.61323571e+00,  4.18037951e+00, -1.63392032e+00, -3.99751366e+00,
       -5.56253501e+00,  2.28122571e+00,  3.72455627e+00,  2.24173814e+00,
        9.15849426e-01,  5.69974684e+00,  5.80703006e+00,  4.13485010e+00,
       -7.84464648e+00,  6.17579758e+00,  2.41167524e+00,  6.31602272e+00,
        2.14683999e+00,  1.07829874e+00,  9.69613333e-01, -4.14516587e+00,
        9.02082877e+00,  4.20463842e+00, -3.20824291e+00, -4.70453679e+00,
        4.49869624e+00,  9.33542969e-01,  1.16076621e+00, -3.34470557e-01,
        8.12754355e-01,  9.56804804e+00,  3.69293749e+00,  4.34579247e+00,
        4.49610940e+00,  6.39597640e+00,  5.79585107e+00,  2.04416087e+00,
        2.71335798e+00, -1.07871304e+00,  4.17604260e+00,  6.09801740e+00,
        1.05127056e+01, -7.78666711e-01,  2.86235059e+00, -2.30997108e-02,
        2.24066510e+00,  5.17167693e+00,  6.55874415e+00,  2.92958358e+00,
        5.22069143e+00, -1.11928867e+00,  8.73609594e+00,  4.59997541e+00,
       -1.26536649e+00,  1.01298996e+01,  2.83186637e+00,  1.61675803e+00,
        2.56111503e+00, -4.07005691e+00,  1.12271292e+00,  9.68781423e-03,
        2.22879237e+00,  6.87066948e+00,  4.31921334e+00, -1.69928781e+00,
        3.94560065e+00,  5.85506395e+00, -5.11308289e-03,  4.13791758e+00,
        6.29204871e+00,  6.06981329e+00,  1.93811017e-01, -1.39086270e+00,
        4.34669250e+00,  5.24259102e+00,  5.77972724e+00, -1.35892570e+00,
        3.07865183e+00,  6.78291160e-01,  5.33971241e+00,  8.71585598e-01,
        8.83765720e+00,  9.24726396e+00,  3.26917875e+00,  9.56078608e-01,
        7.54847729e-01,  4.20577993e+00,  5.43861993e-01,  1.46850035e+00,
        5.79109371e+00,  4.90624659e+00,  4.14932893e-01, -1.40786390e+00,
        5.90410030e+00,  1.56683979e+00,  1.43679395e+01,  7.18236277e+00,
        3.13294570e+00,  3.40129169e+00,  2.64695397e+00,  9.95985243e-01,
        1.56661078e+00,  1.41054288e+00, -1.85916034e+00,  1.67382379e+00,
       -6.49697273e+00,  8.71089508e+00,  1.60020162e+00,  1.50954991e+00,
        1.85709039e+00,  1.72956285e+00,  1.45171075e+00,  1.23765097e+01,
        5.29967457e+00,  9.87382723e-01, -3.02479086e+00,  5.98740121e+00,
        2.54716304e+00, -1.47487902e+00,  5.73112563e-01,  9.30847514e+00,
        3.28676654e+00,  1.08842763e+00,  5.13167020e+00, -5.23080478e+00,
        3.19189888e+00, -2.30205377e+00, -4.05492022e+00,  2.00496115e+00,
       -8.58601803e-02,  2.78624107e+00, -7.46564688e-02,  6.47313277e+00,
        3.72180188e+00,  6.53115584e+00, -2.60042414e+00,  4.66507346e+00,
        7.04317705e+00,  1.51122309e+00,  2.13843927e+00,  1.26948931e+00,
        1.35769981e+00,  8.45243472e+00,  1.01719358e+01,  2.79488868e+00,
       -7.06666321e-01, -1.76575052e+00,  4.01095364e+00,  9.59007373e+00,
       -2.05906274e+00,  6.12615821e+00,  3.68632583e+00,  3.74518566e+00,
        5.01658567e+00, -7.78746461e-01,  5.24364039e+00,  1.02148229e+01,
        2.94758635e+00,  5.26824310e-01,  2.03129608e+00,  4.99546961e+00,
       -3.07098638e-01, -1.14640168e+00,  7.92423592e+00, -2.02587544e+00,
        1.35015567e+01,  1.68901089e+00, -1.75695791e+00,  5.13619225e+00,
        8.21043894e-01,  2.53324253e-01, -3.64527062e-01,  1.42120625e+00,
        4.99767004e+00,  2.71779240e+00,  3.18589808e+00,  6.27370022e+00,
        1.52124653e+00,  6.60083021e+00, -9.45393828e-01,  5.94714849e+00,
        6.21512019e+00,  2.78711063e+00,  4.88830053e+00,  1.20516690e+00,
       -3.74522702e+00,  5.25733157e+00,  6.53429412e+00, -3.41725353e+00,
        3.87687232e+00,  2.48360883e+00,  5.27367080e+00,  1.17883640e+00,
        2.20317579e+00,  3.07869729e+00,  4.75157907e+00,  3.55565140e+00,
        4.44887821e+00, -2.84117078e+00, -1.78503891e+00,  6.47366793e+00,
        3.96570215e+00,  6.58746541e+00,  5.08496683e+00, -3.32486857e-01,
        5.35089409e+00,  4.61296955e+00,  5.02677125e+00, -4.46470934e+00,
        5.90129808e+00,  4.29338173e+00,  1.70297787e+00, -1.68395797e+00,
       -5.21023442e-01,  3.52639173e+00,  1.10569063e+01,  7.67426180e+00,
       -1.41348560e+00, -6.76291632e-01,  3.01764300e+00,  6.67879113e-01,
       -2.01071744e+00, -5.27700785e-01,  5.63666281e+00,  5.67792842e+00,
        1.00722556e+01,  7.56717036e-01,  6.42635446e+00,  1.88785477e+00,
        4.61187003e+00,  4.91203927e+00,  2.50910984e+00,  2.77720314e+00,
       -6.63077415e+00,  4.71526854e+00,  3.91379394e-01,  2.19123235e+00,
        2.90698839e+00,  5.59295578e+00, -9.88702947e-01,  4.61519458e+00,
        1.67040095e+00,  5.37943505e-01,  1.25577481e+00, -2.25306329e+00,
        7.12746459e+00,  5.84074346e+00,  1.73886375e+00, -2.05130542e+00,
        2.11177874e+00,  1.86616242e+00,  1.14870941e+00, -5.71451752e-01,
       -1.92660970e+00,  2.48898691e+00,  2.48713854e+00, -3.57841129e+00,
        4.75619259e+00,  7.28813357e+00,  5.53934802e+00,  7.98095643e+00,
        7.29411651e+00,  2.28842156e+00,  2.36573093e+00,  3.20071805e+00,
        1.49440826e+00, -2.73302327e+00,  9.15556180e+00,  8.12949683e-01,
        6.55014200e+00,  3.73941577e+00,  3.63534902e+00,  4.85964944e+00,
       -3.48750434e+00,  4.69777485e+00,  3.88869671e-01,  5.10104000e+00,
        1.06903719e+01,  1.03107059e+00,  1.11051027e+01, -1.16728964e-01,
       -9.06390670e-01,  3.90660348e+00,  3.52299694e+00,  5.07677214e+00,
       -1.90871273e+00,  3.33472802e+00,  7.93827956e+00,  6.40268263e+00,
        3.09689486e+00,  7.89907952e+00,  6.92904425e+00,  7.00946412e+00,
       -1.59637663e-01,  5.55797359e+00,  6.48686004e+00, -2.73560236e-02,
        1.31820280e-01, -3.12059676e+00,  2.47925131e+00, -1.53494477e+00,
        2.58757584e+00,  1.29680810e+00,  4.03889215e+00,  1.74232955e+00,
        6.25869743e+00,  1.29177537e+00,  5.09668711e-01,  5.81273163e-01,
        3.62885979e+00,  2.75023398e+00,  4.16689488e+00,  7.27818993e+00,
       -3.49982986e+00,  5.57742982e+00,  4.89319116e+00,  8.24586052e+00,
       -7.15126597e+00,  4.15490234e-02, -1.88370384e+00,  1.00867454e+01,
        2.73928464e+00,  1.53216506e+00,  9.01859691e+00,  1.12699194e+00,
        8.21742746e+00, -3.64273718e+00,  3.85472196e+00,  6.02730013e-01,
       -9.52606099e-01,  6.99467134e+00,  3.95400290e+00,  6.61335312e+00,
        9.80688676e+00,  5.20690337e+00,  1.29770685e+00,  3.45926433e+00,
        1.01015618e+01,  4.29895119e+00,  3.77661802e+00,  8.39307599e+00,
        2.50850306e+00,  5.34905420e+00,  3.68407608e+00,  2.12053238e-01,
        4.75863181e+00,  4.52012620e+00,  6.26043958e+00,  1.00152635e+01,
       -1.19620458e+00,  5.43033938e+00,  5.98271669e+00, -2.69931090e+00,
        1.87557654e+00,  9.64400738e-01,  6.15733824e+00,  7.36126660e+00,
        2.86075513e-01, -2.38989833e+00,  2.73961887e+00,  2.26774307e+00]), array([ 6.64320374e-01,  6.84521778e+00,  8.68069932e+00,  1.01488743e+00,
       -4.51773888e-01,  9.00663204e-01, -7.86860632e-01,  8.63467805e+00,
        4.15857868e+00,  4.83713652e+00, -3.07951044e+00,  5.03777778e+00,
        4.97283953e+00,  4.38016056e-01,  2.75148097e+00, -2.53283026e+00,
        4.47795900e+00,  7.98011113e+00,  5.77586974e+00,  3.82088383e+00,
        2.93525350e+00,  3.31784136e-01, -1.03546683e+00, -1.42094669e+00,
        6.39240948e+00,  3.90527358e+00, -6.78790852e-01,  2.95334528e+00,
        4.07496800e+00,  2.16048134e+00,  3.85447142e+00,  5.68361658e+00,
        4.43670403e+00, -2.37586503e-01,  1.68678861e+00,  4.36433717e-01,
        4.57039205e+00,  3.48657399e+00,  4.04322487e+00,  7.20704976e-01,
       -2.47038510e+00,  9.89403502e-01,  5.58076526e+00,  5.07567892e+00,
       -3.30862793e+00,  8.14788266e+00,  2.26212162e+00,  1.67185633e+01,
        1.63567326e+00,  8.93854400e+00,  6.08624237e+00,  1.42391112e+00,
       -1.26764161e+00,  9.12388552e+00,  6.71220503e+00,  6.28877187e+00,
        3.38805208e+00,  1.85541946e+00, -1.85261043e+00,  1.07990920e+01,
        3.76701224e+00,  6.58693979e+00,  8.02944362e+00,  4.39071191e+00,
        4.40322274e+00,  8.74456344e+00, -5.70368389e+00,  4.53889398e+00,
        3.31646813e+00,  1.51192879e+01,  2.09139934e+00,  3.94361329e+00,
        2.13984449e+00, -2.72430079e+00,  6.56173817e+00,  1.77273063e+00,
        6.54246293e+00,  5.75361559e+00,  5.30523280e+00,  4.10370381e+00,
        5.23783599e+00,  4.21078932e+00, -1.45436894e+00,  3.62124900e+00,
        9.37303922e+00,  2.51787291e-01,  7.34336184e+00, -4.83463938e+00,
        2.72883712e+00,  4.23147801e+00,  1.07374979e+00,  4.60441608e+00,
        6.80060751e-01,  7.50850738e+00,  3.11355924e+00,  4.95107906e+00,
        5.84253915e+00, -4.96852408e+00,  7.48471087e+00, -2.65980539e+00,
        6.16602828e+00,  7.42649797e+00,  1.15488404e+00,  1.05218699e+01,
        5.11462338e+00,  5.56011975e+00,  3.70315375e+00,  1.81060069e+00,
        1.90794465e-01, -1.00864199e-01,  3.97447562e+00,  8.94822177e+00,
        5.62896148e+00,  3.36935636e+00,  5.46435702e+00,  5.28653061e+00,
        9.61547774e-01,  5.49692502e+00,  1.05771513e+01,  5.31658038e+00,
        1.68092546e+00, -2.42679427e-01,  2.13394683e+00,  6.44832261e-03,
        7.09087004e+00,  9.43666213e+00,  1.17433641e-01,  5.10022185e+00,
        3.36638765e+00,  7.56773834e+00,  3.45436441e+00, -3.23958070e-01,
        8.34335795e+00, -3.33249678e+00,  6.76235634e+00,  8.03913278e+00,
        6.58096781e+00,  2.79728169e+00,  2.26919544e-01,  5.74657190e+00,
       -3.82623633e-01,  7.37020452e+00, -2.42572830e+00,  1.98946437e+00,
        7.90192036e+00,  5.15982059e+00,  7.68123500e+00,  1.45959627e+00,
        7.34410197e+00,  7.04916797e+00,  5.37941467e+00,  2.30679118e+00,
        7.96450287e+00,  3.07779774e+00,  5.90250811e+00,  4.37350751e+00,
       -2.85450704e-01,  3.04143512e+00,  1.02195551e+00,  3.91910817e+00,
        3.17526258e+00,  5.03837664e+00,  1.48348843e+00,  4.67544922e+00,
        5.72246573e+00,  4.77007088e+00,  3.31792737e+00,  4.68779966e+00,
        4.96861729e+00,  4.07665222e+00, -8.81345779e-01,  8.28605722e+00,
        3.43559456e+00,  5.23336625e+00,  7.16520474e+00,  1.01228896e+00,
        7.91559820e+00, -1.60809989e+00,  8.84344376e+00,  4.30727501e+00,
        3.04256463e+00,  2.59360810e-01, -1.59405306e+00,  3.72166249e+00,
        5.67828503e+00,  5.17399681e+00,  4.46273298e+00,  3.85128962e+00,
        5.19437083e+00,  2.74903671e+00, -1.20088248e+00,  3.82913607e+00,
        2.42884045e+00,  1.44997471e+00,  4.15650296e+00,  5.54155008e+00,
        3.90421885e+00,  3.53038268e+00,  5.43511498e+00,  2.94056798e+00,
        4.24268325e+00,  2.28273725e+00,  7.25383599e-01,  1.45830421e+00,
        2.60657411e+00,  6.88665086e+00,  4.40129344e+00,  7.36098189e+00,
        2.09632859e+00,  8.04102998e+00,  3.31991276e+00, -9.53816726e-02,
       -1.21800059e-01,  6.48573158e+00,  5.71737404e+00,  7.52313652e+00,
        6.66553044e+00,  7.11541745e+00, -9.77537446e-01,  1.14843975e+00,
        6.13902867e+00,  6.53798040e+00,  8.27118944e+00,  2.37159708e+00,
        6.53526178e+00,  2.28410532e+00,  3.11887084e+00,  2.02714334e+00,
        8.20942208e+00,  7.13698386e+00,  5.25912295e+00, -1.31214131e+00,
        7.75500300e+00, -2.62364099e+00,  8.12665350e-01,  7.35660230e-01,
        2.10230129e+00, -5.19116528e-02,  8.65897834e+00,  9.55233616e+00,
        4.81314637e+00,  7.52316008e+00,  1.13845754e+01,  5.81306141e+00,
        1.55990123e+00,  2.29294068e+00,  5.97063086e+00,  1.30904929e+00,
        1.69793730e+00, -4.84722964e+00,  1.41432568e+00,  1.14128900e+01,
       -1.47817216e+00,  4.12376002e+00,  1.41408978e-01,  5.86564604e+00,
        6.55493929e-02, -2.81486047e+00, -1.23856804e+00,  2.12503098e+00,
        1.87867489e+00,  2.40164459e+00,  2.95248403e+00,  1.04723914e+01,
        6.79553236e+00,  6.98777550e+00,  1.49021512e+00,  3.03910911e+00,
        9.74479801e-01,  1.26185880e+01, -2.42737464e+00,  4.30438797e+00,
        1.26405685e+00,  4.18564344e+00,  2.62702841e+00,  8.41037292e+00,
        5.79101755e+00,  5.45770594e+00,  1.67078854e-01,  5.92567023e+00,
        1.00634384e+01, -6.47553835e+00, -3.42314980e+00,  4.21176642e+00,
       -7.94005639e-01,  8.09156870e-01,  9.61571905e+00,  2.32248417e+00,
        8.60153595e+00,  8.33265817e+00, -1.89104900e+00,  9.34021542e+00,
        3.88556588e+00,  2.66489695e+00, -2.90353854e-01,  3.85801382e+00,
        7.72955979e+00,  5.47443477e+00,  3.48313690e+00,  4.15462972e+00,
        5.85409669e+00, -2.60790994e-01, -6.66115202e+00, -8.52142336e-01,
        2.86417126e+00,  9.72942250e+00,  5.97418397e+00, -5.02863235e-01,
        5.76748286e+00,  1.14667744e+01,  2.29110424e+00,  7.99667673e-01,
        1.35638178e+00, -4.90022683e+00,  2.02079752e+00,  1.04113402e-01,
        5.26335030e-01,  3.48294340e+00, -1.54051577e+00,  5.05121630e+00,
        6.87271298e+00,  1.03547645e+00,  4.39483279e-01,  7.19859967e+00,
        4.05222206e+00,  1.17915828e+01,  4.72934772e+00,  1.61849001e+00,
       -1.89554249e-01,  4.80120794e+00,  8.68053685e+00,  6.15425497e+00,
       -1.92808646e+00,  2.97777590e+00,  6.36624642e+00,  6.48112719e+00,
        5.08162126e+00,  3.56977340e+00,  4.28134138e+00,  4.03920803e+00,
        6.27007742e+00,  1.15199518e-01,  2.17090431e+00,  4.78149269e+00,
        2.10762840e+00,  1.27031731e+00, -3.78513954e-01,  2.12228822e+00,
        6.49290033e+00,  8.74814632e+00,  2.25787703e-01,  1.24254589e+00,
        1.29988116e+00,  1.00813676e+01,  5.39102812e+00,  6.32438225e+00,
        6.63692884e+00,  6.38049511e+00,  1.30386209e+00,  8.52303068e-01,
        6.13354021e+00, -1.16620278e-01,  2.18630233e+00,  4.43542760e+00,
        7.44913551e+00,  6.99187216e+00,  6.15372171e+00,  3.02841940e+00,
        2.68123331e+00, -4.66876759e-01,  7.69529855e+00,  6.00698542e+00,
        3.74154530e+00,  2.91134226e+00,  1.12615164e+01,  1.39057239e+00,
        1.12725569e+00, -2.05200280e-01,  4.09054458e+00,  2.80359232e+00,
        1.03884853e+01, -6.08835163e-01, -1.57188172e+00,  4.42432567e+00,
       -1.02938678e+00, -3.39710106e+00, -7.65417832e-02,  4.38355263e+00,
        1.69085826e+00,  5.96259146e+00,  5.58071691e+00,  4.16552144e+00,
        3.27735068e+00,  7.26503039e+00,  6.18431721e+00, -4.82889137e-02,
        6.05765636e+00,  6.34386107e+00,  7.61771783e+00, -5.32079462e+00,
        1.33944713e+00,  2.32967576e+00,  6.62313437e+00,  6.56223788e+00,
        4.59440900e+00,  5.42397773e+00, -1.93209229e-01,  5.64796985e+00,
        9.14812381e-01,  7.75564124e+00,  4.86827611e+00,  3.13102514e+00,
       -1.22978623e+00, -4.42296562e+00,  3.30824450e+00,  5.51666127e+00,
        3.22725018e+00,  4.16868666e+00,  2.22822375e+00,  7.13510004e+00,
        3.65605367e+00,  6.95416764e+00,  3.89566693e+00,  6.10201441e+00,
       -5.63734599e+00,  3.90530317e+00,  1.06400231e+00,  2.84808523e+00,
        8.69122617e+00, -1.67128997e+00,  1.04080607e+01,  3.03714512e+00,
       -2.15008605e+00,  7.20197305e-01,  2.48598416e+00,  8.59438340e+00,
       -2.94078072e+00,  1.13656578e+01,  3.85683370e-01,  2.29258028e-01,
        4.43513393e+00,  4.37041845e+00, -5.34829142e-01, -3.42216136e+00,
       -4.59802306e+00,  2.92270033e+00,  5.33098131e+00,  3.00534392e+00,
        1.71981540e+00,  6.60759673e+00,  6.52152362e+00,  5.47948254e+00,
       -7.74853593e+00,  6.76858148e+00,  3.14698259e+00,  6.89593528e+00,
        2.70690424e+00,  2.01268362e+00,  1.49638283e+00, -4.08764403e+00,
        8.89863495e+00,  4.88736768e+00, -2.46992314e+00, -3.62626405e+00,
        5.19723450e+00,  2.05089316e+00,  2.13751607e+00,  5.00955196e-01,
        1.58902292e+00,  1.02766047e+01,  4.51562544e+00,  4.81521939e+00,
        5.11089645e+00,  7.69614552e+00,  6.02267091e+00,  2.14581872e+00,
        4.24570669e+00,  1.82630988e-01,  5.29084591e+00,  7.00123233e+00,
        1.08523732e+01, -1.75800294e-01,  3.17311624e+00,  4.77455892e-01,
        2.74092909e+00,  5.68420161e+00,  7.56809708e+00,  3.48257871e+00,
        6.13960834e+00, -2.99441192e-01,  8.70399492e+00,  5.53394619e+00,
       -8.44063218e-01,  1.02364378e+01,  2.55430145e+00,  2.10030646e+00,
        3.42823695e+00, -2.86577494e+00,  2.34048345e+00,  1.06945700e+00,
        3.23250698e+00,  7.76901897e+00,  4.78210457e+00, -1.86767434e+00,
        4.68543290e+00,  6.22248299e+00,  3.64840022e-01,  4.77924723e+00,
        6.94879530e+00,  6.88554742e+00,  8.73992595e-01, -9.69200500e-01,
        5.36522557e+00,  5.85354534e+00,  6.02312308e+00, -6.61626966e-01,
        3.76531768e+00,  1.77256260e+00,  6.47348045e+00,  1.64679769e+00,
        9.57543897e+00,  9.56229311e+00,  4.19937444e+00,  1.32347950e+00,
        1.86421407e+00,  4.94458684e+00,  7.32306631e-01,  1.84691125e+00,
        6.22805161e+00,  5.85234618e+00,  1.48321246e+00, -3.45075262e-01,
        6.71656200e+00,  2.17215571e+00,  1.41103816e+01,  7.56489585e+00,
        3.36886203e+00,  3.29264890e+00,  3.30039628e+00,  1.01525329e+00,
        2.32268963e+00,  2.35929652e+00, -8.91021966e-01,  1.95940326e+00,
       -5.66908793e+00,  9.55873167e+00,  1.98183279e+00,  2.22761687e+00,
        2.62747900e+00,  1.58483526e+00,  1.70895441e+00,  1.24734854e+01,
        6.18395370e+00,  1.27653708e+00, -1.86357074e+00,  6.10549240e+00,
        3.04730789e+00, -6.05632645e-01,  1.57658940e+00,  9.63540992e+00,
        4.03126013e+00,  1.70904401e+00,  6.03812202e+00, -4.56476974e+00,
        4.57008158e+00, -1.43205916e+00, -3.29054488e+00,  2.43329033e+00,
        7.40301955e-01,  3.35374157e+00,  7.01872000e-01,  6.95204797e+00,
        4.12818372e+00,  6.80738477e+00, -1.32641589e+00,  5.42663094e+00,
        7.43616960e+00,  2.45874441e+00,  2.81266346e+00,  2.40113354e+00,
        1.94204556e+00,  9.61216029e+00,  1.08990692e+01,  3.09689050e+00,
        3.12337623e-01, -1.01189800e+00,  4.07074679e+00,  1.10337376e+01,
       -1.81467696e+00,  6.65425604e+00,  4.32670083e+00,  4.51776086e+00,
        6.10060005e+00, -2.59104214e-01,  5.44507346e+00,  1.12180858e+01,
        3.60768159e+00,  1.88938569e+00,  3.09961036e+00,  5.76341573e+00,
        1.63874685e-01,  4.32405726e-01,  8.49753174e+00, -1.04052568e+00,
        1.36164016e+01,  2.87417673e+00, -1.01907972e+00,  5.82509950e+00,
        1.63195601e+00,  1.08967122e+00,  9.00867158e-01,  2.39112048e+00,
        5.60975710e+00,  4.08132234e+00,  3.95228293e+00,  6.91413879e+00,
        2.55078847e+00,  7.77182195e+00, -1.15937331e+00,  6.73975864e+00,
        6.41595466e+00,  4.44599222e+00,  5.48140772e+00,  2.03995868e+00,
       -2.89924132e+00,  5.60764313e+00,  6.44694543e+00, -2.49992230e+00,
        4.53361747e+00,  2.80828250e+00,  5.58493947e+00,  1.52571225e+00,
        2.59441613e+00,  3.41382332e+00,  6.10982198e+00,  4.76804280e+00,
        4.90092906e+00, -1.97352472e+00, -2.03169533e+00,  7.01465556e+00,
        4.27648567e+00,  7.44602712e+00,  5.50807521e+00,  3.68803228e-01,
        5.83913203e+00,  5.28075529e+00,  5.71656724e+00, -3.82448615e+00,
        6.69695696e+00,  4.81978795e+00,  2.63065727e+00, -1.44200779e+00,
        3.13893745e-01,  3.68372046e+00,  1.20561821e+01,  8.23794254e+00,
       -3.34623462e-02, -2.99224074e-03,  3.40896624e+00,  1.18625900e+00,
       -1.70454468e+00, -3.01149672e-01,  6.76526859e+00,  6.15274554e+00,
        1.11843453e+01,  1.83639861e+00,  7.34503969e+00,  2.62102451e+00,
        5.06128139e+00,  5.19343556e+00,  2.85014650e+00,  3.46175629e+00,
       -5.89720174e+00,  6.02056258e+00,  2.37702526e-01,  3.05538745e+00,
        3.11005391e+00,  6.20260635e+00, -4.94698977e-01,  5.31493827e+00,
        1.66800464e+00,  6.17174286e-01,  2.36621252e+00, -1.04132146e+00,
        7.58419871e+00,  6.44339957e+00,  2.64390383e+00, -1.63547661e+00,
        2.28398194e+00,  2.75956050e+00,  2.31991538e+00,  4.16409973e-01,
       -7.52084774e-01,  3.19194949e+00,  2.76567891e+00, -2.46090859e+00,
        5.56115528e+00,  7.80593408e+00,  6.28040090e+00,  9.11051772e+00,
        7.86890917e+00,  2.64551175e+00,  2.77070392e+00,  3.48034955e+00,
        1.15769120e+00, -1.80931789e+00,  9.45618598e+00,  2.06552807e+00,
        7.05010036e+00,  3.76702484e+00,  4.35122988e+00,  5.12204363e+00,
       -2.61753142e+00,  5.59714956e+00,  1.82261631e+00,  6.19472969e+00,
        1.14702942e+01,  1.63924116e+00,  1.18227899e+01,  7.33294618e-01,
       -1.19784782e-02,  4.67947765e+00,  4.77311214e+00,  5.25336160e+00,
       -1.08626470e+00,  4.50493622e+00,  8.40401139e+00,  7.41540032e+00,
        3.56397301e+00,  8.57421158e+00,  7.40334112e+00,  7.79616821e+00,
        6.75689620e-01,  5.88801624e+00,  7.32414874e+00,  7.66903058e-01,
        9.11197207e-01, -2.06901856e+00,  2.94370304e+00, -7.77402009e-02,
        3.30106646e+00,  2.11950866e+00,  4.62592056e+00,  2.56792361e+00,
        6.89545668e+00,  2.29777847e+00,  1.39469135e+00,  1.77126200e+00,
        3.91088888e+00,  3.30189607e+00,  5.23656818e+00,  7.80089121e+00,
       -2.53878737e+00,  6.88167269e+00,  5.63952681e+00,  8.17788424e+00,
       -6.04053405e+00,  7.31648069e-01, -1.08585983e+00,  1.10364634e+01,
        3.51900536e+00,  2.04995716e+00,  1.00131841e+01,  1.94687582e+00,
        8.73978042e+00, -2.08570220e+00,  3.65182644e+00,  1.20429918e+00,
       -5.18733896e-01,  7.19118933e+00,  4.51633422e+00,  7.17849473e+00,
        1.03702627e+01,  5.99763095e+00,  2.17848027e+00,  4.11142519e+00,
        1.08725579e+01,  4.79026456e+00,  4.75824987e+00,  8.81535829e+00,
        3.10578676e+00,  6.54778615e+00,  4.86564254e+00,  1.23145379e+00,
        5.86184414e+00,  5.39413089e+00,  6.34094453e+00,  1.06094268e+01,
       -4.23741230e-01,  5.98308854e+00,  6.76063558e+00, -1.85104820e+00,
        2.58406341e+00,  1.64701030e+00,  6.45983140e+00,  8.19111182e+00,
        7.68465984e-01, -1.61521104e+00,  3.22272987e+00,  3.23484520e+00]), array([ 1.56622587e+00,  7.86579191e+00,  9.04660234e+00,  1.07590229e+00,
        9.20782992e-01,  1.85512530e+00,  5.57092671e-01,  9.41387378e+00,
        4.44254406e+00,  5.93245319e+00, -2.21462278e+00,  6.33332661e+00,
        5.72788499e+00,  4.79637147e-01,  3.46896987e+00, -1.82595756e+00,
        5.31217422e+00,  8.97200240e+00,  6.72868215e+00,  5.00521622e+00,
        3.85501878e+00,  8.01555313e-01,  6.24655993e-02, -1.72627997e-01,
        6.68015728e+00,  4.60791566e+00, -3.89772718e-01,  3.53554058e+00,
        5.05284204e+00,  2.33437182e+00,  4.79400175e+00,  5.96193637e+00,
        5.05051393e+00,  1.01627667e+00,  2.17694883e+00,  1.61153763e+00,
        5.50908626e+00,  4.02854288e+00,  4.56612332e+00,  1.45427254e+00,
       -1.57990611e+00,  1.88136052e+00,  6.00202158e+00,  5.73603101e+00,
       -2.14375776e+00,  8.69772983e+00,  2.69835338e+00,  1.70406813e+01,
        2.43435358e+00,  9.55925412e+00,  6.87631756e+00,  2.44548636e+00,
       -2.91631687e-01,  9.70154508e+00,  7.54338147e+00,  6.18442163e+00,
        4.05175217e+00,  2.71762438e+00, -8.22745518e-01,  1.19042482e+01,
        4.36578497e+00,  7.00665368e+00,  9.72218520e+00,  5.12159062e+00,
        5.01795235e+00,  9.15963742e+00, -4.50058555e+00,  5.47921166e+00,
        3.61334894e+00,  1.55510924e+01,  3.17755808e+00,  4.69058531e+00,
        3.23020027e+00, -1.27462347e+00,  7.27563959e+00,  2.34285507e+00,
        7.07998220e+00,  6.58110570e+00,  6.13365487e+00,  5.09283087e+00,
        5.84042382e+00,  4.43349138e+00, -2.90532911e-01,  4.78623808e+00,
        1.00580901e+01,  1.75007313e+00,  8.37479467e+00, -4.06892873e+00,
        3.49002471e+00,  5.15558551e+00,  1.39247936e+00,  5.76330992e+00,
        1.95614029e+00,  7.94034749e+00,  4.25419864e+00,  5.29374792e+00,
        6.39424857e+00, -4.29649299e+00,  8.28474536e+00, -2.12506534e+00,
        7.20685028e+00,  7.84371887e+00,  2.13883308e+00,  1.12257518e+01,
        6.22920750e+00,  6.11765889e+00,  4.49164397e+00,  2.27300684e+00,
        1.43939929e+00,  7.04652740e-01,  3.90956624e+00,  1.00940399e+01,
        6.94022271e+00,  4.45771777e+00,  5.82871610e+00,  5.72473006e+00,
        1.66587464e+00,  6.18705474e+00,  1.09262129e+01,  5.95999582e+00,
        2.36304661e+00,  6.15102263e-01,  2.61521643e+00, -8.88460489e-03,
        8.04088468e+00,  1.02736075e+01,  1.15498233e+00,  5.29606517e+00,
        4.12423207e+00,  7.76800698e+00,  4.83480007e+00,  9.85544974e-01,
        9.20201407e+00, -2.43734436e+00,  7.55875334e+00,  8.52109474e+00,
        7.22066875e+00,  3.85677074e+00,  1.18546459e+00,  6.71086395e+00,
        4.65412543e-01,  7.83502705e+00, -1.20771911e+00,  3.47729539e+00,
        8.77270349e+00,  6.01546349e+00,  8.63404181e+00,  2.59234768e+00,
        8.24057929e+00,  7.06693199e+00,  5.88638471e+00,  2.81764222e+00,
        8.81663040e+00,  3.52039044e+00,  6.12123809e+00,  5.43732688e+00,
        6.73286147e-01,  3.71967239e+00,  2.22307645e+00,  4.40167182e+00,
        4.10845580e+00,  5.75019897e+00,  2.08485963e+00,  5.34625016e+00,
        5.94938308e+00,  4.81001093e+00,  4.00135438e+00,  5.34663230e+00,
        5.44336242e+00,  5.29135925e+00,  1.00492330e-01,  9.46781066e+00,
        3.89090534e+00,  6.00043420e+00,  8.15992018e+00,  1.91630759e+00,
        8.30240071e+00, -3.61639624e-01,  9.32545205e+00,  5.20388836e+00,
        4.12480151e+00,  9.32747319e-01, -7.34908385e-01,  4.68961197e+00,
        6.70404960e+00,  6.19352331e+00,  5.85095337e+00,  4.30872572e+00,
        6.00006562e+00,  3.96301305e+00, -3.23963323e-01,  4.51503562e+00,
        3.41835926e+00,  1.95140471e+00,  4.89639477e+00,  6.54712846e+00,
        4.79746145e+00,  4.14504444e+00,  6.41301167e+00,  3.39128391e+00,
        5.44411347e+00,  3.38660216e+00,  1.41368823e+00,  2.15607258e+00,
        3.55617323e+00,  7.61947075e+00,  5.37434819e+00,  8.03256088e+00,
        2.85401698e+00,  8.70532749e+00,  4.46212502e+00,  6.48224987e-01,
        6.70014803e-01,  7.19603023e+00,  6.41501781e+00,  8.65576126e+00,
        8.11656723e+00,  8.40373124e+00,  1.15063807e-01,  1.70588398e+00,
        6.89429070e+00,  7.53622896e+00,  9.51344185e+00,  3.63422255e+00,
        7.07033984e+00,  2.98663719e+00,  4.41314539e+00,  2.84398442e+00,
        8.62084917e+00,  7.78849264e+00,  6.06049352e+00, -3.66770240e-01,
        8.63751033e+00, -2.51220964e+00,  1.95853683e+00,  1.92140503e+00,
        2.95068048e+00,  9.97542729e-01,  9.60710377e+00,  1.01272579e+01,
        5.60883064e+00,  8.37008739e+00,  1.19654167e+01,  7.25063653e+00,
        2.55315270e+00,  2.96382133e+00,  6.89126807e+00,  1.87317781e+00,
        2.42985134e+00, -3.18937115e+00,  2.46471285e+00,  1.22136404e+01,
       -9.23061224e-01,  4.79385015e+00,  1.10639280e+00,  6.19480714e+00,
        1.75589310e+00, -2.39775937e+00, -2.60142509e-01,  3.03479318e+00,
        2.48558382e+00,  3.54388154e+00,  3.96618590e+00,  1.18054902e+01,
        7.26747834e+00,  7.17740934e+00,  2.01269718e+00,  3.58769077e+00,
        1.59392838e+00,  1.37973312e+01, -1.23531264e+00,  4.98972390e+00,
        2.13702612e+00,  5.13053248e+00,  3.15404898e+00,  9.69971278e+00,
        7.33960012e+00,  6.58936102e+00,  1.11982403e+00,  6.68764772e+00,
        1.06230936e+01, -5.48501386e+00, -2.49350475e+00,  5.06166562e+00,
        6.41678602e-02,  1.49107263e+00,  1.02860081e+01,  3.46687867e+00,
        9.86934990e+00,  9.50220272e+00, -1.00486441e+00,  1.02131399e+01,
        4.66370091e+00,  3.51052487e+00,  7.39565171e-01,  4.78168212e+00,
        8.64970186e+00,  6.04243600e+00,  3.73262058e+00,  5.31678490e+00,
        6.84228708e+00, -2.70837089e-01, -6.33173249e+00,  8.30475453e-01,
        4.19000342e+00,  9.94883366e+00,  6.83276922e+00, -2.74921944e-01,
        6.71727739e+00,  1.23597850e+01,  2.77615679e+00,  9.80965773e-01,
        2.03586247e+00, -3.96772334e+00,  2.81502993e+00,  6.49195999e-01,
        7.38219997e-01,  4.23909568e+00, -9.68471703e-01,  5.68449773e+00,
        7.44615736e+00,  1.95206568e+00,  1.48746212e+00,  8.03233689e+00,
        4.75066699e+00,  1.29492807e+01,  5.56798742e+00,  2.53381290e+00,
        4.82718990e-01,  5.17028819e+00,  9.29411669e+00,  6.73229545e+00,
       -1.24784523e+00,  3.40921992e+00,  7.19578217e+00,  7.09850328e+00,
        5.39523262e+00,  4.51585125e+00,  4.95918024e+00,  4.17099886e+00,
        6.77467195e+00,  1.02028246e+00,  2.89326809e+00,  5.58936887e+00,
        2.86970695e+00,  1.81698516e+00,  3.89238100e-01,  2.85326360e+00,
        7.93180500e+00,  9.61049697e+00,  5.97023424e-01,  2.37475465e+00,
        2.02552068e+00,  1.14884575e+01,  5.92600270e+00,  6.63097620e+00,
        8.14968997e+00,  7.53588100e+00,  2.83782873e+00,  2.16263401e+00,
        6.50955292e+00,  1.86904771e-01,  3.61390133e+00,  4.98077614e+00,
        7.88093543e+00,  7.84451914e+00,  6.60359052e+00,  3.88666439e+00,
        3.52503599e+00,  2.66939619e-02,  8.85590052e+00,  6.75603053e+00,
        4.12670848e+00,  3.96164517e+00,  1.20330210e+01,  2.10524132e+00,
        1.17314485e+00,  4.80707475e-01,  5.10225589e+00,  3.57597353e+00,
        1.13822291e+01,  2.20743284e-01, -8.08165596e-01,  5.79941991e+00,
       -1.10777322e-01, -2.37537775e+00,  1.00388440e+00,  5.53834581e+00,
        2.93826945e+00,  6.96971886e+00,  6.45905113e+00,  4.88226987e+00,
        3.78398645e+00,  8.56563798e+00,  7.09998699e+00,  5.60581896e-01,
        6.66973363e+00,  7.53779775e+00,  9.02381474e+00, -5.02625853e+00,
        2.39983228e+00,  3.47367378e+00,  8.02076042e+00,  8.14762341e+00,
        4.86202238e+00,  6.33356874e+00,  9.70625232e-01,  6.76833718e+00,
        1.81543910e+00,  8.56031295e+00,  5.42699433e+00,  3.78764993e+00,
       -5.81325034e-01, -3.78120859e+00,  4.56394399e+00,  6.53872594e+00,
        4.19644106e+00,  5.11367964e+00,  3.35375773e+00,  8.38096563e+00,
        4.44611256e+00,  7.68575489e+00,  5.12749064e+00,  6.67121377e+00,
       -4.96101569e+00,  5.05459139e+00,  1.66142784e+00,  4.08146162e+00,
        9.25559356e+00, -7.60690392e-01,  1.09577113e+01,  4.27655834e+00,
       -9.81890029e-01,  1.69941090e+00,  3.20880968e+00,  8.62673521e+00,
       -1.50259740e+00,  1.11718408e+01,  1.55064765e+00,  1.00624636e+00,
        5.33294957e+00,  4.67509562e+00,  6.71435482e-01, -2.70948822e+00,
       -3.50231383e+00,  3.66839262e+00,  6.98531975e+00,  3.82843485e+00,
        2.61828513e+00,  7.60805042e+00,  7.31930719e+00,  6.90383927e+00,
       -7.46399419e+00,  7.46924507e+00,  3.99012821e+00,  7.55507216e+00,
        3.39839909e+00,  3.05925826e+00,  2.14939137e+00, -3.86359800e+00,
        8.89153879e+00,  5.64718292e+00, -1.59639878e+00, -2.41231068e+00,
        6.03204162e+00,  3.26762671e+00,  3.22440153e+00,  1.43288824e+00,
        2.48214387e+00,  1.10610084e+01,  5.45847589e+00,  5.42836984e+00,
        5.84826815e+00,  9.10147715e+00,  6.33803474e+00,  2.37662746e+00,
        5.89372968e+00,  1.54854658e+00,  6.51218997e+00,  8.02174467e+00,
        1.12892646e+01,  5.40847927e-01,  3.58474317e+00,  1.12375686e+00,
        3.36619658e+00,  6.37627880e+00,  8.68296437e+00,  4.11478111e+00,
        7.20072710e+00,  6.72486192e-01,  8.77262215e+00,  6.62880453e+00,
       -3.03626404e-01,  1.04716803e+01,  2.42600107e+00,  2.67342552e+00,
        4.41767665e+00, -1.55440469e+00,  3.66297473e+00,  2.23821506e+00,
        4.39211568e+00,  8.71654051e+00,  5.34517336e+00, -1.91573088e+00,
        5.53909600e+00,  6.73909557e+00,  8.77405689e-01,  5.53483589e+00,
        7.67531318e+00,  7.78508154e+00,  1.69205267e+00, -4.02091979e-01,
        6.50493699e+00,  6.59239802e+00,  6.35852033e+00,  1.90045509e-01,
        4.54975999e+00,  2.96819583e+00,  7.70398074e+00,  2.52430917e+00,
        1.04111307e+01,  1.00137064e+01,  5.25179863e+00,  1.83053201e+00,
        3.11004970e+00,  5.80417267e+00,  1.03735066e+00,  2.34219748e+00,
        6.80647482e+00,  6.88180459e+00,  2.65074892e+00,  8.12373062e-01,
        7.61482922e+00,  2.89828536e+00,  1.39801084e+01,  8.07493136e+00,
        3.72799821e+00,  3.29560535e+00,  4.04022673e+00,  1.21573846e+00,
        3.16602320e+00,  3.43901992e+00,  1.54056177e-01,  2.37173234e+00,
       -4.73484137e+00,  1.05329527e+01,  2.49065083e+00,  3.05720096e+00,
        3.55470337e+00,  1.59700487e+00,  2.09626552e+00,  1.26848188e+01,
        7.22955990e+00,  1.70113553e+00, -5.82013186e-01,  6.29921775e+00,
        3.65221369e+00,  4.16295688e-01,  2.69612505e+00,  1.00694980e+01,
        4.88122545e+00,  2.47114541e+00,  7.01128415e+00, -3.79183498e+00,
        6.04742813e+00, -3.95754255e-01, -2.40465026e+00,  2.97937737e+00,
        1.68279211e+00,  4.04756436e+00,  1.57648870e+00,  7.55771098e+00,
        4.65629937e+00,  7.18292870e+00,  4.87252267e-02,  6.29423714e+00,
        7.91572892e+00,  3.48367357e+00,  3.59927594e+00,  3.68735775e+00,
        2.63443826e+00,  1.08652717e+01,  1.17484684e+01,  3.55036762e+00,
        1.45434683e+00, -1.19629745e-01,  4.26375827e+00,  1.25463115e+01,
       -1.41735360e+00,  7.27775041e+00,  5.08702701e+00,  5.40713708e+00,
        7.28859214e+00,  3.85427526e-01,  5.78729598e+00,  1.23055135e+01,
        4.40998765e+00,  3.38389363e+00,  4.27337493e+00,  6.64241624e+00,
        7.87728321e-01,  2.15963831e+00,  9.19902711e+00,  4.47576191e-02,
        1.38709985e+01,  4.18208941e+00, -1.34605214e-01,  6.62540788e+00,
        2.55383795e+00,  2.06556233e+00,  2.29169714e+00,  3.47512724e+00,
        6.34200426e+00,  5.53885983e+00,  4.84052532e+00,  7.61656507e+00,
        3.69194811e+00,  9.04160598e+00, -1.21773956e+00,  7.63934081e+00,
        6.74174863e+00,  6.15547937e+00,  6.21834657e+00,  2.98374263e+00,
       -1.89892483e+00,  6.06543233e+00,  6.51023570e+00, -1.50321486e+00,
        5.28218452e+00,  3.25731292e+00,  6.02164451e+00,  2.00441963e+00,
        3.13598660e+00,  3.84774390e+00,  7.56489359e+00,  6.01869258e+00,
        5.47031655e+00, -9.75264080e-01, -2.10392615e+00,  7.65745705e+00,
        4.66406581e+00,  8.37397808e+00,  6.05713401e+00,  1.24491121e+00,
        6.43780896e+00,  6.07012878e+00,  6.48745866e+00, -3.09450215e+00,
        7.62869950e+00,  5.47916392e+00,  3.67884790e+00, -1.05318474e+00,
        1.23868617e+00,  3.98786746e+00,  1.31203134e+01,  8.90487722e+00,
        1.45268514e+00,  7.81367539e-01,  3.90602263e+00,  1.80184610e+00,
       -1.26242998e+00,  7.27170665e-02,  7.99952343e+00,  6.70130822e+00,
        1.24008156e+01,  3.03861842e+00,  8.35465178e+00,  3.42656200e+00,
        5.66440539e+00,  5.58729063e+00,  3.33868746e+00,  4.28209905e+00,
       -5.03457298e+00,  7.40245162e+00,  2.09199349e-01,  4.05001123e+00,
        3.45529199e+00,  6.91484998e+00,  1.02267734e-01,  6.10572222e+00,
        1.79997225e+00,  8.37846063e-01,  3.56914891e+00,  3.06621974e-01,
        8.11508558e+00,  7.17248957e+00,  3.69047747e+00, -1.06753935e+00,
        2.56600401e+00,  3.74677319e+00,  3.61137319e+00,  1.53079825e+00,
        5.39339719e-01,  3.98039963e+00,  3.17151115e+00, -1.25912609e+00,
        6.46264116e+00,  8.44525461e+00,  7.11863167e+00,  1.03129439e+01,
        8.57498362e+00,  3.12591560e+00,  3.32699182e+00,  3.87709052e+00,
        9.64647580e-01, -8.12660076e-01,  9.87888246e+00,  3.42489986e+00,
        7.64644113e+00,  3.94895735e+00,  5.15015620e+00,  5.51783986e+00,
       -1.61334894e+00,  6.64075271e+00,  3.36472500e+00,  7.39488060e+00,
        1.23652137e+01,  2.35368610e+00,  1.26152965e+01,  1.68349458e+00,
        1.03277163e+00,  5.56711735e+00,  6.12378360e+00,  5.58650678e+00,
       -1.27615476e-01,  5.76174546e+00,  8.98345180e+00,  8.53241454e+00,
        4.16862961e+00,  9.34004730e+00,  8.01339753e+00,  8.68001093e+00,
        1.62213276e+00,  6.33759902e+00,  8.28746140e+00,  1.71274838e+00,
        1.75657550e+00, -9.09042156e-01,  3.53322856e+00,  1.50099729e+00,
        4.10537229e+00,  3.07006925e+00,  5.37050291e+00,  3.53897981e+00,
        7.65010733e+00,  3.40343247e+00,  2.35501544e+00,  3.06717638e+00,
        4.32355937e+00,  4.02354542e+00,  6.42393390e+00,  8.43253900e+00,
       -1.41496786e+00,  8.26274099e+00,  6.47586275e+00,  8.23982267e+00,
       -4.77806844e+00,  1.54301440e+00, -1.71076736e-01,  1.20553703e+01,
        4.40348991e+00,  2.67782661e+00,  1.11068384e+01,  2.87004874e+00,
        9.40750047e+00, -4.55879699e-01,  3.58644589e+00,  1.94353247e+00,
        3.17047945e-02,  7.50009244e+00,  5.20143949e+00,  7.86445097e+00,
        1.10705335e+01,  6.88143207e+00,  3.21615480e+00,  4.87859146e+00,
        1.17458697e+01,  5.40274368e+00,  5.84624988e+00,  9.33020226e+00,
        3.83603430e+00,  7.84836662e+00,  6.12102728e+00,  2.35279315e+00,
        7.04507578e+00,  6.39017308e+00,  6.60189730e+00,  1.12875323e+01,
        4.54807869e-01,  6.65942649e+00,  7.64333477e+00, -8.50691344e-01,
        3.45432558e+00,  2.43752938e+00,  6.89780438e+00,  9.09074183e+00,
        1.37005233e+00, -7.10003030e-01,  3.82916590e+00,  4.32806988e+00]), array([ 2.36044235e+00,  8.84033878e+00,  9.32357866e+00,  9.65625643e-01,
        2.17391547e+00,  2.78376928e+00,  1.73402718e+00,  1.01070270e+01,
        4.57776276e+00,  6.94110614e+00, -1.42086016e+00,  7.51124471e+00,
        6.38699985e+00,  3.85326760e-01,  4.12054716e+00, -1.20671230e+00,
        6.09600073e+00,  9.85584013e+00,  7.61980117e+00,  6.08282927e+00,
        4.75086261e+00,  1.19665776e+00,  1.09009260e+00,  9.96971679e-01,
        6.87719374e+00,  5.21617224e+00, -1.54607145e-01,  4.07141073e+00,
        5.90839691e+00,  2.39392803e+00,  5.62124926e+00,  6.17769239e+00,
        5.62054241e+00,  2.25770449e+00,  2.53031037e+00,  2.70168618e+00,
        6.41035813e+00,  4.45560560e+00,  5.01631915e+00,  2.06554303e+00,
       -8.03568704e-01,  2.67756591e+00,  6.33338232e+00,  6.26408759e+00,
       -1.01020498e+00,  9.21815638e+00,  3.01729022e+00,  1.73048938e+01,
        3.18556874e+00,  1.00942143e+01,  7.55480969e+00,  3.42878904e+00,
        5.77561837e-01,  1.02007638e+01,  8.27010381e+00,  5.96386976e+00,
        4.63135355e+00,  3.54602075e+00,  1.29701976e-01,  1.29189610e+01,
        4.91243398e+00,  7.26923528e+00,  1.13901354e+01,  5.79295059e+00,
        5.54808915e+00,  9.50176682e+00, -3.40287257e+00,  6.34333315e+00,
        3.82231926e+00,  1.59546369e+01,  4.16701018e+00,  5.34957732e+00,
        4.30707742e+00,  7.91298179e-02,  7.93753093e+00,  2.84921766e+00,
        7.49182644e+00,  7.28955695e+00,  6.89379092e+00,  5.98375137e+00,
        6.33974925e+00,  4.62258325e+00,  8.61275007e-01,  5.90066391e+00,
        1.06359367e+01,  3.23809628e+00,  9.27935695e+00, -3.40209111e+00,
        4.19191607e+00,  5.95916038e+00,  1.65200318e+00,  6.84167505e+00,
        3.12345902e+00,  8.28569375e+00,  5.39444140e+00,  5.48384622e+00,
        6.92137202e+00, -3.67938501e+00,  8.99712625e+00, -1.61934928e+00,
        8.15861962e+00,  8.15888865e+00,  3.06972812e+00,  1.18635549e+01,
        7.28349424e+00,  6.55590915e+00,  5.16203925e+00,  2.63380711e+00,
        2.59896452e+00,  1.46532374e+00,  3.69677059e+00,  1.11383420e+01,
        8.21097934e+00,  5.44763986e+00,  6.09031971e+00,  6.04596200e+00,
        2.26104978e+00,  6.78698354e+00,  1.12139249e+01,  6.55338636e+00,
        2.92177352e+00,  1.38572171e+00,  3.00804789e+00, -1.71106107e-01,
        8.91858585e+00,  1.10441121e+01,  2.08909319e+00,  5.49689012e+00,
        4.82653451e+00,  7.88908714e+00,  6.17455198e+00,  2.26948425e+00,
        9.94078718e+00, -1.65775361e+00,  8.28729811e+00,  8.90138079e+00,
        7.75295367e+00,  4.80691003e+00,  2.02795254e+00,  7.60988463e+00,
        1.25723686e+00,  8.23647532e+00, -1.04682526e-01,  4.85998385e+00,
        9.56438846e+00,  6.75943467e+00,  9.53103122e+00,  3.66098517e+00,
        9.07238676e+00,  7.01962113e+00,  6.25970447e+00,  3.19289184e+00,
        9.57277504e+00,  3.83483450e+00,  6.27159313e+00,  6.44635770e+00,
        1.58932387e+00,  4.29608676e+00,  3.29838489e+00,  4.82691745e+00,
        4.97781706e+00,  6.39640155e+00,  2.57041481e+00,  5.94523581e+00,
        6.05342646e+00,  4.71715763e+00,  4.60747024e+00,  5.91663642e+00,
        5.81501084e+00,  6.44920393e+00,  9.95478561e-01,  1.05819572e+01,
        4.26666647e+00,  6.69664938e+00,  9.08748949e+00,  2.73163865e+00,
        8.62082717e+00,  8.44724480e-01,  9.76981259e+00,  6.02596158e+00,
        5.13929523e+00,  1.56735847e+00,  6.14288235e-02,  5.57141320e+00,
        7.69592577e+00,  7.17127474e+00,  7.22127743e+00,  4.65817136e+00,
        6.73141614e+00,  5.14849444e+00,  4.65788471e-01,  5.12187029e+00,
        4.32577233e+00,  2.37339173e+00,  5.58879442e+00,  7.48967561e+00,
        5.60184783e+00,  4.66327391e+00,  7.32222377e+00,  3.78806612e+00,
        6.56747879e+00,  4.41699184e+00,  2.02488388e+00,  2.80209812e+00,
        4.41958505e+00,  8.25960157e+00,  6.28693264e+00,  8.58054274e+00,
        3.49710164e+00,  9.29728206e+00,  5.50496738e+00,  1.31453939e+00,
        1.37115280e+00,  7.83897671e+00,  7.03712904e+00,  9.79038139e+00,
        9.57046433e+00,  9.65046391e+00,  1.16017253e+00,  2.18349551e+00,
        7.57649186e+00,  8.44610237e+00,  1.07083501e+01,  4.79433126e+00,
        7.53640319e+00,  3.53878451e+00,  5.64347050e+00,  3.55767488e+00,
        8.96454297e+00,  8.31023928e+00,  6.74709305e+00,  5.07834824e-01,
        9.42416241e+00, -2.48974774e+00,  3.00248670e+00,  3.02925210e+00,
        3.69911552e+00,  1.95216509e+00,  1.05094630e+01,  1.06815181e+01,
        6.27362854e+00,  9.18369235e+00,  1.24894966e+01,  8.65777750e+00,
        3.48451415e+00,  3.55412868e+00,  7.70988520e+00,  2.31819059e+00,
        3.07747509e+00, -1.56978710e+00,  3.43898443e+00,  1.29940089e+01,
       -4.45452095e-01,  5.40162857e+00,  2.01116019e+00,  6.38527337e+00,
        3.41130023e+00, -2.05634055e+00,  6.52235400e-01,  3.83831254e+00,
        2.96107032e+00,  4.63781889e+00,  4.92555943e+00,  1.31284830e+01,
        7.66422561e+00,  7.25138869e+00,  2.44716100e+00,  4.08009801e+00,
        2.18104414e+00,  1.50075971e+01, -9.93348865e-02,  5.62856971e+00,
        2.94247589e+00,  6.01151761e+00,  3.63580008e+00,  1.09135947e+01,
        8.83880963e+00,  7.66089153e+00,  1.95166692e+00,  7.35465892e+00,
        1.11041223e+01, -4.55307191e+00, -1.69912452e+00,  5.82462138e+00,
        8.07588345e-01,  2.07176977e+00,  1.08642815e+01,  4.49472777e+00,
        1.10777424e+01,  1.06231067e+01, -2.00002895e-01,  1.10875073e+01,
        5.37865804e+00,  4.27355559e+00,  1.69666948e+00,  5.66666600e+00,
        9.53855134e+00,  6.49583868e+00,  3.87839300e+00,  6.42434062e+00,
        7.76278454e+00, -4.54404694e-01, -6.08326454e+00,  2.48750614e+00,
        5.46759501e+00,  1.01057097e+01,  7.61232005e+00, -1.61999448e-01,
        7.67052780e+00,  1.31200500e+01,  3.17262435e+00,  1.08221235e+00,
        2.58575787e+00, -3.13114715e+00,  3.53677516e+00,  1.08222155e+00,
        8.30744169e-01,  4.89383777e+00, -4.99489358e-01,  6.24102026e+00,
        7.93050859e+00,  2.80010090e+00,  2.45964959e+00,  8.77466435e+00,
        5.36347458e+00,  1.41014542e+01,  6.28503721e+00,  3.35040501e+00,
        1.03094948e+00,  5.44462164e+00,  9.83179535e+00,  7.25096354e+00,
       -6.58505168e-01,  3.78377273e+00,  7.98087059e+00,  7.63588602e+00,
        5.60544699e+00,  5.36646767e+00,  5.57165785e+00,  4.16627501e+00,
        7.13779917e+00,  1.82746164e+00,  3.56638788e+00,  6.31440380e+00,
        3.54250922e+00,  2.26479280e+00,  1.07059282e+00,  3.50184505e+00,
        9.37955008e+00,  1.04224072e+01,  9.08758472e-01,  3.39504356e+00,
        2.65996586e+00,  1.28404904e+01,  6.39547783e+00,  6.78782112e+00,
        9.61631852e+00,  8.66858706e+00,  4.36038092e+00,  3.36819154e+00,
        6.83001646e+00,  3.80497875e-01,  4.95407413e+00,  5.43781306e+00,
        8.24498480e+00,  8.63267988e+00,  6.98041558e+00,  4.64845887e+00,
        4.25949186e+00,  4.43809985e-01,  9.93468634e+00,  7.41485748e+00,
        4.41453221e+00,  4.91833541e+00,  1.27516115e+01,  2.77915448e+00,
        1.16380858e+00,  1.03311453e+00,  6.06646976e+00,  4.27124465e+00,
        1.23753921e+01,  9.82563035e-01, -2.09629016e-01,  7.12152062e+00,
        7.38112848e-01, -1.42164095e+00,  2.04927598e+00,  6.59945381e+00,
        4.09971653e+00,  7.94859057e+00,  7.27261796e+00,  5.56593249e+00,
        4.20760368e+00,  9.79459942e+00,  7.94772500e+00,  1.07353786e+00,
        7.20825912e+00,  8.65346536e+00,  1.03234499e+01, -4.83930123e+00,
        3.45557034e+00,  4.56061879e+00,  9.35675237e+00,  9.69150458e+00,
        5.02036955e+00,  7.22947989e+00,  2.10961362e+00,  7.86629123e+00,
        2.57874383e+00,  9.30344625e+00,  5.91457084e+00,  4.30565577e+00,
       -1.25379819e-02, -3.26714686e+00,  5.75293512e+00,  7.49897052e+00,
        5.04567496e+00,  5.95537037e+00,  4.42609841e+00,  9.58990380e+00,
        5.16756388e+00,  8.30438664e+00,  6.32745731e+00,  7.18049273e+00,
       -4.35794023e+00,  6.11054721e+00,  2.16174389e+00,  5.22690108e+00,
        9.70753942e+00,  1.09695363e-01,  1.14604987e+01,  5.39444921e+00,
        1.52503127e-01,  2.55394096e+00,  3.89196723e+00,  8.51703418e+00,
       -1.57068802e-01,  1.08585314e+01,  2.68193077e+00,  1.73052552e+00,
        6.21514222e+00,  4.91053092e+00,  1.80092997e+00, -2.11879135e+00,
       -2.48040933e+00,  4.34671414e+00,  8.65235087e+00,  4.63471741e+00,
        3.47131852e+00,  8.54212090e+00,  8.09574227e+00,  8.29851440e+00,
       -7.32790957e+00,  8.09032829e+00,  4.74136497e+00,  8.17616793e+00,
        3.97337420e+00,  4.03454616e+00,  2.73371359e+00, -3.74581774e+00,
        8.80279311e+00,  6.37995661e+00, -8.00288430e-01, -1.29630225e+00,
        6.75285954e+00,  4.42499044e+00,  4.23673320e+00,  2.30638583e+00,
        3.28713325e+00,  1.18124518e+01,  6.31328106e+00,  5.91944459e+00,
        6.50122031e+00,  1.04545253e+01,  6.56741248e+00,  2.49045199e+00,
        7.46805865e+00,  2.84610671e+00,  7.66637680e+00,  8.96607163e+00,
        1.16514507e+01,  1.16976006e+00,  3.93144041e+00,  1.66270268e+00,
        3.88479464e+00,  6.91220340e+00,  9.71058630e+00,  4.72342491e+00,
        8.14613378e+00,  1.52728416e+00,  8.77322981e+00,  7.59590978e+00,
        1.64966972e-01,  1.06202445e+01,  2.18145476e+00,  3.18662346e+00,
        5.32481637e+00, -2.93780354e-01,  4.94969365e+00,  3.31666213e+00,
        5.41263082e+00,  9.63835725e+00,  5.84154099e+00, -2.05363496e+00,
        6.31734666e+00,  7.13106432e+00,  1.26207228e+00,  6.20513039e+00,
        8.37648993e+00,  8.65152339e+00,  2.42121815e+00,  5.80717443e-02,
        7.53412544e+00,  7.21897636e+00,  6.64480075e+00,  9.33986655e-01,
        5.29033380e+00,  4.10540987e+00,  8.87468582e+00,  3.34403632e+00,
        1.11946008e+01,  1.03709493e+01,  6.24355394e+00,  2.22988909e+00,
        4.27322371e+00,  6.58510149e+00,  1.26380749e+00,  2.75425720e+00,
        7.25206716e+00,  7.87366994e+00,  3.76520075e+00,  1.94390548e+00,
        8.46477838e+00,  3.53683140e+00,  1.37316821e+01,  8.47666452e+00,
        4.00174980e+00,  3.22557484e+00,  4.74617568e+00,  1.26802906e+00,
        3.97328038e+00,  4.41675229e+00,  1.18607567e+00,  2.68443485e+00,
       -3.84662961e+00,  1.13928866e+01,  2.90074588e+00,  3.80583825e+00,
        4.35763345e+00,  1.47994139e+00,  2.39238953e+00,  1.28006474e+01,
        8.11079913e+00,  2.00816622e+00,  6.11356440e-01,  6.46397274e+00,
        4.19474116e+00,  1.32268580e+00,  3.76180697e+00,  1.04295649e+01,
        5.64303990e+00,  3.12653512e+00,  7.95736107e+00, -3.08953379e+00,
        7.48467151e+00,  4.87241496e-01, -1.60916942e+00,  3.45298681e+00,
        2.55663913e+00,  4.66272815e+00,  2.40854929e+00,  8.07703276e+00,
        5.11091538e+00,  7.49944101e+00,  1.36967502e+00,  7.09786009e+00,
        8.36124103e+00,  4.47399665e+00,  4.30388718e+00,  4.84559082e+00,
        3.25151969e+00,  1.20624511e+01,  1.25010756e+01,  3.87681575e+00,
        2.50573574e+00,  6.86789027e-01,  4.35573259e+00,  1.40381440e+01,
       -1.14509830e+00,  7.83844839e+00,  5.76018671e+00,  6.19961766e+00,
        8.41319780e+00,  9.68568562e-01,  6.02327136e+00,  1.33471236e+01,
        5.09808852e+00,  4.80143604e+00,  5.39700083e+00,  7.43455302e+00,
        1.30117319e+00,  3.76487348e+00,  9.81589992e+00,  1.06436205e+00,
        1.39896975e+01,  5.40173738e+00,  6.28787861e-01,  7.35588843e+00,
        3.40975049e+00,  2.94440517e+00,  3.58340918e+00,  4.50163831e+00,
        6.97644303e+00,  6.95614302e+00,  5.63373307e+00,  8.30682084e+00,
        4.75005402e+00,  1.02455263e+01, -1.41622922e+00,  8.48737867e+00,
        6.97465210e+00,  7.86536541e+00,  6.84408185e+00,  3.86989158e+00,
       -1.00300056e+00,  6.46878746e+00,  6.44027669e+00, -5.29593458e-01,
        5.97009935e+00,  3.62108070e+00,  6.35255583e+00,  2.35330028e+00,
        3.57217404e+00,  4.21403486e+00,  8.96477748e+00,  7.28863537e+00,
        5.94126471e+00, -7.34352468e-02, -2.30163279e+00,  8.23318646e+00,
        5.04490545e+00,  9.27514217e+00,  6.50388863e+00,  1.99045453e+00,
        6.99337022e+00,  6.78568337e+00,  7.21277557e+00, -2.39553339e+00,
        8.45470017e+00,  6.03786211e+00,  4.65929048e+00, -7.69185826e-01,
        2.12228630e+00,  4.18003589e+00,  1.41450742e+01,  9.49345633e+00,
        2.87777723e+00,  1.50288230e+00,  4.33535825e+00,  2.35311981e+00,
       -9.19691502e-01,  3.34652738e-01,  9.16288906e+00,  7.21622053e+00,
        1.35527302e+01,  4.15201440e+00,  9.31109916e+00,  4.19206800e+00,
        6.13449051e+00,  5.91043798e+00,  3.68348347e+00,  4.99495861e+00,
       -4.24430796e+00,  8.73136591e+00,  9.80863672e-02,  4.96640212e+00,
        3.68852508e+00,  7.55769487e+00,  6.46227116e-01,  6.83578311e+00,
        1.82984794e+00,  9.15964001e-01,  4.70833837e+00,  1.55978959e+00,
        8.60442080e+00,  7.81711825e+00,  4.62199145e+00, -6.21995324e-01,
        2.77683706e+00,  4.69487300e+00,  4.82362162e+00,  2.56700705e+00,
        1.76956270e+00,  4.74367136e+00,  3.49504519e+00, -8.31104821e-02,
        7.28615498e+00,  8.98221684e+00,  7.89519637e+00,  1.14889281e+01,
        9.16371235e+00,  3.51261079e+00,  3.77306837e+00,  4.21967658e+00,
        6.43903237e-01,  1.58178611e-01,  1.02234897e+01,  4.72199054e+00,
        8.18010079e+00,  4.00098490e+00,  5.89546566e+00,  5.81245853e+00,
       -7.11265552e-01,  7.56784726e+00,  4.83673735e+00,  8.52712557e+00,
        1.31594047e+01,  3.03109387e+00,  1.33850449e+01,  2.57480369e+00,
        1.93973778e+00,  6.38186955e+00,  7.42572387e+00,  5.79368949e+00,
        7.22192518e-01,  6.98294668e+00,  9.46757780e+00,  9.58696675e+00,
        4.67313328e+00,  1.00707849e+01,  8.50941849e+00,  9.48248493e+00,
        2.49572977e+00,  6.69536203e+00,  9.15319570e+00,  2.54325367e+00,
        2.57341774e+00,  1.91998377e-01,  4.03112298e+00,  3.01603978e+00,
        4.86648469e+00,  3.94690318e+00,  5.98703607e+00,  4.37531231e+00,
        8.30207766e+00,  4.47757196e+00,  3.27151412e+00,  4.28672857e+00,
        4.63008991e+00,  4.58043515e+00,  7.53652172e+00,  8.98662156e+00,
       -3.96973171e-01,  9.61619919e+00,  7.27032431e+00,  8.16621206e+00,
       -3.62165594e+00,  2.27389009e+00,  6.99226432e-01,  1.30362101e+01,
        5.22911312e+00,  3.22193933e+00,  1.21346684e+01,  3.72758646e+00,
        9.95224231e+00,  1.15611229e+00,  3.41123069e+00,  2.57424391e+00,
        4.87068638e-01,  7.74194397e+00,  5.79636223e+00,  8.48122134e+00,
        1.16534625e+01,  7.68999511e+00,  4.11907255e+00,  5.59241762e+00,
        1.25587939e+01,  5.92831726e+00,  6.86853660e+00,  9.79101589e+00,
        4.48823319e+00,  9.07561664e+00,  7.34715604e+00,  3.42655522e+00,
        8.19599765e+00,  7.30225123e+00,  6.70224657e+00,  1.19233122e+01,
        1.28602543e+00,  7.23742565e+00,  8.44741945e+00,  4.49123486e-02,
        4.18331451e+00,  3.19014041e+00,  7.22650224e+00,  9.94750726e+00,
        1.89833538e+00,  1.04992291e-01,  4.33624675e+00,  5.32837804e+00]), array([ 3.18202116e+00,  9.81286603e+00,  9.63610393e+00,  9.23388600e-01,
        3.45166580e+00,  3.69690648e+00,  2.97866792e+00,  1.08451398e+01,
        4.77791218e+00,  7.98220778e+00, -6.38957150e-01,  8.73421074e+00,
        7.07948340e+00,  3.26343275e-01,  4.77208140e+00, -5.82581816e-01,
        6.87644533e+00,  1.07876602e+01,  8.52828739e+00,  7.19329276e+00,
        5.62422881e+00,  1.58854801e+00,  2.11836335e+00,  2.17541125e+00,
        7.10401215e+00,  5.85417613e+00,  6.36472982e-02,  4.60145682e+00,
        6.81327097e+00,  2.48607948e+00,  6.49369752e+00,  6.40186341e+00,
        6.18724823e+00,  3.46854049e+00,  2.93310136e+00,  3.80964651e+00,
        7.30549245e+00,  4.92356997e+00,  5.48171676e+00,  2.70848906e+00,
       -1.75493704e-02,  3.49787328e+00,  6.69934897e+00,  6.85024234e+00,
        9.37113938e-02,  9.74363871e+00,  3.36236265e+00,  1.76224512e+01,
        3.91950948e+00,  1.06639283e+01,  8.28695158e+00,  4.38815745e+00,
        1.46872602e+00,  1.07414274e+01,  9.03620524e+00,  5.78504303e+00,
        5.22611192e+00,  4.35212722e+00,  1.08385974e+00,  1.39843001e+01,
        5.45404354e+00,  7.61322670e+00,  1.30614810e+01,  6.46629624e+00,
        6.10736113e+00,  9.87346674e+00, -2.30151166e+00,  7.23213313e+00,
        4.04540871e+00,  1.63764042e+01,  5.18535216e+00,  6.04266734e+00,
        5.34716182e+00,  1.44349697e+00,  8.60941617e+00,  3.36590046e+00,
        7.95910251e+00,  8.04927507e+00,  7.67723294e+00,  6.91205768e+00,
        6.88246604e+00,  4.79119024e+00,  1.96345347e+00,  7.01830788e+00,
        1.12694501e+01,  4.68599833e+00,  1.02561599e+01, -2.74441709e+00,
        4.90010995e+00,  6.80853317e+00,  1.89509603e+00,  7.94606956e+00,
        4.32556902e+00,  8.67079103e+00,  6.48861312e+00,  5.75145338e+00,
        7.43679681e+00, -3.09699380e+00,  9.74844720e+00, -1.15360883e+00,
        9.14727984e+00,  8.52339360e+00,  3.99694976e+00,  1.25280903e+01,
        8.35333559e+00,  7.03305215e+00,  5.87135080e+00,  3.02219660e+00,
        3.77638642e+00,  2.20925439e+00,  3.53650533e+00,  1.22383227e+01,
        9.49020555e+00,  6.47368559e+00,  6.38362571e+00,  6.40158920e+00,
        2.87934143e+00,  7.41842513e+00,  1.15308991e+01,  7.15270817e+00,
        3.51649744e+00,  2.17262572e+00,  3.42168885e+00, -2.94123134e-01,
        9.81454836e+00,  1.18529334e+01,  3.04600760e+00,  5.66303916e+00,
        5.52489549e+00,  8.03836653e+00,  7.51203359e+00,  3.52426716e+00,
        1.07367469e+01, -8.70368564e-01,  9.04114993e+00,  9.32436106e+00,
        8.33870085e+00,  5.79437119e+00,  2.90225915e+00,  8.52673959e+00,
        2.03420346e+00,  8.66175673e+00,  1.03052751e+00,  6.28109105e+00,
        1.03972999e+01,  7.55517890e+00,  1.04476779e+01,  4.73336125e+00,
        9.92716658e+00,  6.98133612e+00,  6.68301085e+00,  3.61396745e+00,
        1.03754499e+01,  4.19760807e+00,  6.43430350e+00,  7.46370645e+00,
        2.49142069e+00,  4.89678838e+00,  4.42091319e+00,  5.25801809e+00,
        5.85075071e+00,  7.05618405e+00,  3.09392202e+00,  6.55951032e+00,
        6.20876820e+00,  4.68031922e+00,  5.22435664e+00,  6.51744591e+00,
        6.23909260e+00,  7.61416173e+00,  1.89572957e+00,  1.17215165e+01,
        4.65950497e+00,  7.42017594e+00,  1.00333817e+01,  3.56781327e+00,
        8.94505782e+00,  2.02881858e+00,  1.02222459e+01,  6.86691761e+00,
        6.16197673e+00,  2.17741028e+00,  8.47538479e-01,  6.48407599e+00,
        8.69133201e+00,  8.13716899e+00,  8.58203780e+00,  5.05134630e+00,
        7.47666665e+00,  6.32157826e+00,  1.26366471e+00,  5.75080690e+00,
        5.24608326e+00,  2.80551056e+00,  6.28618340e+00,  8.44935351e+00,
        6.43675537e+00,  5.21653856e+00,  8.25034575e+00,  4.18212035e+00,
        7.71736694e+00,  5.46409851e+00,  2.63751639e+00,  3.44071620e+00,
        5.30835312e+00,  8.94257607e+00,  7.21962830e+00,  9.19399004e+00,
        4.17395368e+00,  9.91173581e+00,  6.58918643e+00,  1.99389200e+00,
        2.08455710e+00,  8.50120435e+00,  7.67659785e+00,  1.09073821e+01,
        1.10146654e+01,  1.09148040e+01,  2.18887973e+00,  2.66495870e+00,
        8.26940357e+00,  9.39620670e+00,  1.19214143e+01,  5.98681606e+00,
        8.01837615e+00,  4.15051030e+00,  6.87515381e+00,  4.30054096e+00,
        9.33227836e+00,  8.88749758e+00,  7.47999961e+00,  1.38739605e+00,
        1.02599954e+01, -2.46884385e+00,  4.06974503e+00,  4.14214757e+00,
        4.48007144e+00,  2.92637988e+00,  1.14231987e+01,  1.12343738e+01,
        6.99120483e+00,  9.99900673e+00,  1.30542444e+01,  1.00588015e+01,
        4.42076608e+00,  4.15233975e+00,  8.56558290e+00,  2.79595308e+00,
        3.72835496e+00,  1.64648082e-02,  4.42943515e+00,  1.37794824e+01,
        3.54129071e-02,  6.01904119e+00,  2.90030408e+00,  6.64318612e+00,
        5.04661774e+00, -1.72904180e+00,  1.56173872e+00,  4.68148915e+00,
        3.47847360e+00,  5.73166212e+00,  5.87594716e+00,  1.44478974e+01,
        8.08054253e+00,  7.36926455e+00,  2.89121564e+00,  4.57368322e+00,
        2.74636203e+00,  1.62004044e+01,  1.01757922e+00,  6.27001223e+00,
        3.75071919e+00,  6.89930096e+00,  4.09987640e+00,  1.21669938e+01,
        1.03467264e+01,  8.73988731e+00,  2.81538326e+00,  8.05742586e+00,
        1.16220178e+01, -3.64793532e+00, -8.71154296e-01,  6.61004382e+00,
        1.57914667e+00,  2.66457166e+00,  1.14980803e+01,  5.56766535e+00,
        1.22968052e+01,  1.17582759e+01,  6.09774414e-01,  1.19476055e+01,
        6.09472887e+00,  5.05261302e+00,  2.65570428e+00,  6.54610305e+00,
        1.04264925e+01,  6.99141642e+00,  4.05838319e+00,  7.54169682e+00,
        8.70815581e+00, -5.70209471e-01, -5.86340239e+00,  4.12446941e+00,
        6.74259572e+00,  1.02766397e+01,  8.42284656e+00, -3.19766558e-02,
        8.59274917e+00,  1.39676808e+01,  3.58107199e+00,  1.19125740e+00,
        3.18403629e+00, -2.29279685e+00,  4.27519561e+00,  1.54324078e+00,
        9.40133342e-01,  5.57307560e+00, -1.42438472e-02,  6.81426173e+00,
        8.45030799e+00,  3.64672407e+00,  3.43494536e+00,  9.55689383e+00,
        6.00065070e+00,  1.52646678e+01,  7.04430538e+00,  4.19442936e+00,
        1.61706263e+00,  5.74189177e+00,  1.03965176e+01,  7.77491864e+00,
       -7.21241647e-02,  4.15643798e+00,  8.77241013e+00,  8.20117909e+00,
        5.85467170e+00,  6.24817435e+00,  6.19551156e+00,  4.21129070e+00,
        7.56681245e+00,  2.65723295e+00,  4.24612947e+00,  7.05601878e+00,
        4.23310556e+00,  2.73535519e+00,  1.76244286e+00,  4.16747824e+00,
        1.08001551e+01,  1.12543320e+01,  1.21265811e+00,  4.44848576e+00,
        3.31190836e+00,  1.42242449e+01,  6.88590423e+00,  7.01065506e+00,
        1.10939057e+01,  9.79977378e+00,  5.85035932e+00,  4.59698749e+00,
        7.15186657e+00,  6.06120579e-01,  6.31906641e+00,  5.92013545e+00,
        8.62779352e+00,  9.45154124e+00,  7.37515260e+00,  5.43906149e+00,
        5.03414202e+00,  8.65925943e-01,  1.10565097e+01,  8.10933040e+00,
        4.73162372e+00,  5.89955281e+00,  1.34996277e+01,  3.43462806e+00,
        1.14065996e+00,  1.63560827e+00,  7.03242845e+00,  4.97647829e+00,
        1.33662586e+01,  1.73658098e+00,  4.47404627e-01,  8.45417747e+00,
        1.58644271e+00, -4.81646335e-01,  3.06240865e+00,  7.68487774e+00,
        5.26960932e+00,  8.92140096e+00,  8.11176977e+00,  6.23670420e+00,
        4.64309652e+00,  1.10480920e+01,  8.81142865e+00,  1.60399280e+00,
        7.76019309e+00,  9.80136350e+00,  1.16818612e+01, -4.64491890e+00,
        4.47357159e+00,  5.64404118e+00,  1.07066365e+01,  1.12400602e+01,
        5.21107866e+00,  8.10655497e+00,  3.22377600e+00,  8.94754116e+00,
        3.38943129e+00,  1.00764901e+01,  6.41717481e+00,  4.87697579e+00,
        5.54423156e-01, -2.72948344e+00,  6.95673121e+00,  8.47384419e+00,
        5.93759660e+00,  6.83550822e+00,  5.49572017e+00,  1.08029126e+01,
        5.90008730e+00,  8.97287710e+00,  7.51829058e+00,  7.70089997e+00,
       -3.76792810e+00,  7.19650896e+00,  2.68565343e+00,  6.39601790e+00,
        1.02185450e+01,  9.47934604e-01,  1.19896676e+01,  6.56350102e+00,
        1.26386772e+00,  3.45060480e+00,  4.55800535e+00,  8.47776694e+00,
        1.19737780e+00,  1.06104600e+01,  3.79408609e+00,  2.44287449e+00,
        7.07498075e+00,  5.15262655e+00,  2.94333412e+00, -1.49706361e+00,
       -1.47417814e+00,  5.03535425e+00,  1.02920857e+01,  5.42445752e+00,
        4.31523964e+00,  9.50426422e+00,  8.85655832e+00,  9.69074711e+00,
       -7.17724024e+00,  8.74259304e+00,  5.52791267e+00,  8.80113230e+00,
        4.59364443e+00,  5.01987284e+00,  3.31274709e+00, -3.63565100e+00,
        8.74314660e+00,  7.10167631e+00, -1.43802222e-02, -1.69636219e-01,
        7.52171935e+00,  5.58867770e+00,  5.26433897e+00,  3.18013006e+00,
        4.11462684e+00,  1.25747215e+01,  7.19712980e+00,  6.45987988e+00,
        7.17796439e+00,  1.18204370e+01,  6.84005132e+00,  2.64582847e+00,
        9.06429389e+00,  4.15260418e+00,  8.83995874e+00,  9.93618544e+00,
        1.20546370e+01,  1.81610800e+00,  4.28560409e+00,  2.22291227e+00,
        4.44153278e+00,  7.51609565e+00,  1.07844422e+01,  5.31124925e+00,
        9.14260622e+00,  2.41065730e+00,  8.79685699e+00,  8.61484179e+00,
        6.28115611e-01,  1.08013268e+01,  1.96453375e+00,  3.70679473e+00,
        6.25122674e+00,  9.47192170e-01,  6.21689248e+00,  4.42519864e+00,
        6.49379242e+00,  1.05728024e+01,  6.35332358e+00, -2.18676407e+00,
        7.11471107e+00,  7.57506279e+00,  1.68968511e+00,  6.90400780e+00,
        9.07429564e+00,  9.51616684e+00,  3.15936585e+00,  5.34581782e-01,
        8.61922644e+00,  7.89745185e+00,  6.93419284e+00,  1.69341044e+00,
        6.02298495e+00,  5.24590962e+00,  1.00659097e+01,  4.16279004e+00,
        1.19951856e+01,  1.07642390e+01,  7.23476229e+00,  2.65538788e+00,
        5.44606667e+00,  7.38541788e+00,  1.49556719e+00,  3.18099460e+00,
        7.76306429e+00,  8.86694459e+00,  4.87751798e+00,  3.04245529e+00,
        9.32719404e+00,  4.19527532e+00,  1.35568566e+01,  8.92911948e+00,
        4.29190962e+00,  3.16224473e+00,  5.43848074e+00,  1.36201838e+00,
        4.76689755e+00,  5.42728167e+00,  2.17912307e+00,  3.02299449e+00,
       -2.99351461e+00,  1.23198626e+01,  3.33640332e+00,  4.57367793e+00,
        5.20161530e+00,  1.39831948e+00,  2.70283086e+00,  1.29721188e+01,
        9.08311626e+00,  2.35312615e+00,  1.81919084e+00,  6.61898122e+00,
        4.74121963e+00,  2.25524612e+00,  4.81664514e+00,  1.08210214e+01,
        6.44005861e+00,  3.80927007e+00,  8.90320087e+00, -2.39535900e+00,
        8.91745738e+00,  1.42600768e+00, -8.04882224e-01,  3.93163606e+00,
        3.43107653e+00,  5.28839922e+00,  3.22349913e+00,  8.62376095e+00,
        5.57392704e+00,  7.82781930e+00,  2.68265615e+00,  7.91518397e+00,
        8.80231817e+00,  5.45656347e+00,  5.02955346e+00,  6.05244050e+00,
        3.88190401e+00,  1.32868116e+01,  1.33074111e+01,  4.24737290e+00,
        3.57742133e+00,  1.49417200e+00,  4.47535347e+00,  1.55402704e+01,
       -8.45574502e-01,  8.41882188e+00,  6.45950658e+00,  7.03177758e+00,
        9.55663833e+00,  1.53467553e+00,  6.29316253e+00,  1.44135079e+01,
        5.82649918e+00,  6.22743668e+00,  6.51647277e+00,  8.26245628e+00,
        1.83403478e+00,  5.41428259e+00,  1.04626520e+01,  2.08692761e+00,
        1.41954813e+01,  6.64783917e+00,  1.42519620e+00,  8.10369454e+00,
        4.26872650e+00,  3.84174198e+00,  4.90666791e+00,  5.52412762e+00,
        7.65129493e+00,  8.37048335e+00,  6.46030240e+00,  8.98402065e+00,
        5.83306303e+00,  1.14790448e+01, -1.57537004e+00,  9.33953311e+00,
        7.23890277e+00,  9.55730008e+00,  7.51068843e+00,  4.75283481e+00,
       -9.99229202e-02,  6.87208337e+00,  6.42723133e+00,  4.09304263e-01,
        6.67269054e+00,  3.99972713e+00,  6.72665428e+00,  2.75603806e+00,
        4.02993955e+00,  4.59260787e+00,  1.03812555e+01,  8.52477152e+00,
        6.45150880e+00,  8.42988340e-01, -2.48823666e+00,  8.83062778e+00,
        5.38883565e+00,  1.01777493e+01,  6.99066293e+00,  2.76692000e+00,
        7.53728139e+00,  7.51545810e+00,  7.94648193e+00, -1.73474269e+00,
        9.32521140e+00,  6.63003261e+00,  5.64316601e+00, -4.74673301e-01,
        2.99129215e+00,  4.40356359e+00,  1.52007499e+01,  1.01182668e+01,
        4.30377730e+00,  2.21848138e+00,  4.77373610e+00,  2.90954104e+00,
       -5.66291469e-01,  6.17264978e-01,  1.03541970e+01,  7.73048707e+00,
        1.47386931e+01,  5.28880264e+00,  1.02848925e+01,  4.95683748e+00,
        6.66038252e+00,  6.24601361e+00,  4.09163095e+00,  5.74445611e+00,
       -3.47559685e+00,  1.00849618e+01, -1.25306175e-02,  5.89230927e+00,
        3.95450717e+00,  8.22260453e+00,  1.17557389e+00,  7.58353955e+00,
        1.88070165e+00,  1.05113130e+00,  5.86299154e+00,  2.82828036e+00,
        9.10489581e+00,  8.48703127e+00,  5.59452907e+00, -1.49549983e-01,
        2.99311142e+00,  5.63127859e+00,  6.05261739e+00,  3.60864449e+00,
        2.99119972e+00,  5.48485588e+00,  3.82824850e+00,  1.06011049e+00,
        8.14390257e+00,  9.56881346e+00,  8.69008277e+00,  1.26709924e+01,
        9.81299509e+00,  3.92338332e+00,  4.24581410e+00,  4.55017794e+00,
        3.61431777e-01,  1.10261468e+00,  1.05948262e+01,  6.02557539e+00,
        8.73362216e+00,  4.09804267e+00,  6.65294177e+00,  6.13939813e+00,
        2.07593617e-01,  8.54406718e+00,  6.32341019e+00,  9.68189264e+00,
        1.40174317e+01,  3.68228760e+00,  1.41598868e+01,  3.46558635e+00,
        2.89917498e+00,  7.21286071e+00,  8.73088804e+00,  6.04593741e+00,
        1.59850780e+00,  8.19993176e+00,  9.99948176e+00,  1.06622189e+01,
        5.20407472e+00,  1.08014642e+01,  9.05794895e+00,  1.03283803e+01,
        3.37705268e+00,  7.08598554e+00,  1.00625347e+01,  3.40345304e+00,
        3.37673764e+00,  1.28207826e+00,  4.55170732e+00,  4.52683303e+00,
        5.62174144e+00,  4.82706182e+00,  6.65205805e+00,  5.27010330e+00,
        9.00452489e+00,  5.52860141e+00,  4.18755121e+00,  5.52656936e+00,
        4.97246181e+00,  5.21328671e+00,  8.66979145e+00,  9.57143857e+00,
        6.27015088e-01,  1.09701548e+01,  8.06471369e+00,  8.16819578e+00,
       -2.46130011e+00,  3.01379561e+00,  1.53935688e+00,  1.40410032e+01,
        6.05871909e+00,  3.78676291e+00,  1.31965526e+01,  4.59299286e+00,
        1.05576267e+01,  2.73814788e+00,  3.26706275e+00,  3.23472933e+00,
        9.63591628e-01,  7.99721997e+00,  6.41889032e+00,  9.11214668e+00,
        1.23006428e+01,  8.53291340e+00,  5.07361546e+00,  6.29939594e+00,
        1.33987729e+01,  6.47910851e+00,  7.90620220e+00,  1.02689625e+01,
        5.14623683e+00,  1.03354388e+01,  8.57054978e+00,  4.48986525e+00,
        9.34603170e+00,  8.24095016e+00,  6.87280582e+00,  1.25751675e+01,
        2.09759218e+00,  7.85502780e+00,  9.28494585e+00,  9.52172517e-01,
        4.96767956e+00,  3.91720823e+00,  7.59883704e+00,  1.08240449e+01,
        2.42761711e+00,  9.28344131e-01,  4.87594764e+00,  6.35725415e+00]), array([ 4.07842176, 10.87439696, 10.00454792,  0.93219519,  4.84831971,
        4.64410023,  4.31899983, 11.63122326,  5.03154484,  9.08962609,
        0.21581868, 10.06163471,  7.83677959,  0.32869016,  5.49631057,
        0.09952564,  7.72885511, 11.80664443,  9.49443347,  8.40289802,
        6.56004985,  2.04521805,  3.21510752,  3.42218165,  7.38213919,
        6.55191615,  0.32472595,  5.17678894,  7.79655655,  2.62676358,
        7.43240862,  6.67215726,  6.80175433,  4.73255091,  3.39671988,
        4.98621919,  8.26145124,  5.44997467,  5.99464571,  3.4344584 ,
        0.87383652,  4.38099948,  7.10343157,  7.50307519,  1.25441622,
       10.29562557,  3.79198937, 17.95572291,  4.73011322, 11.30084287,
        9.07308351,  5.4335182 ,  2.43492193, 11.31820213,  9.8858301 ,
        5.6540981 ,  5.89176989,  5.22702672,  2.1070215 , 15.12579293,
        6.05715377,  8.01157102, 14.81288493,  7.20916778,  6.7091019 ,
       10.28930079, -1.10577163,  8.17678677,  4.32959406, 16.83932053,
        6.27516582,  6.77527207,  6.46847058,  2.90377484,  9.33331813,
        3.90991607,  8.4927935 ,  8.88210301,  8.50558232,  7.90449251,
        7.47285057,  5.00956734,  3.15126343,  8.2019472 , 11.96464942,
        6.22338639, 11.29147455, -1.98807522,  5.65487698,  7.74027217,
        2.20535487,  9.12281733,  5.60535608,  9.09078196,  7.67322371,
        6.05759228,  7.99324845, -2.4398445 , 10.55766034, -0.63682099,
       10.20342954,  8.92640635,  4.98294938, 13.26019781,  9.48582081,
        7.59923363,  6.66446515,  3.46000384,  5.03174536,  3.01007901,
        3.4396507 , 13.40973506, 10.827176  ,  7.56669024,  6.74240446,
        6.8448262 ,  3.57798204,  8.10948962, 11.88243912,  7.79689826,
        4.19051726,  3.01426068,  3.88072516, -0.35148209, 10.79611107,
       12.69921031,  4.08384166,  5.84826393,  6.29338212,  8.22633655,
        8.92060564,  4.85527956, 11.61493247,  0.02308734,  9.84411226,
        9.81000267,  8.96734335,  6.86005591,  3.85525846,  9.50711184,
        2.88447481,  9.11924658,  2.23367009,  7.78547405, 11.27343471,
        8.40573641, 11.42056499,  5.87671001, 10.84078742,  6.98981511,
        7.19032072,  4.10868262, 11.23908902,  4.61652411,  6.64279053,
        8.54297506,  3.44583918,  5.57656254,  5.62068555,  5.72827774,
        6.79798761,  7.77207226,  3.67196641,  7.23213968,  6.41304689,
        4.68183363,  5.91091905,  7.16899565,  6.67917028,  8.85332589,
        2.87897658, 12.94155146,  5.09959091,  8.17963566, 11.05799269,
        4.46259639,  9.3562418 ,  3.28546754, 10.71103992,  7.77102377,
        7.26133746,  2.84866161,  1.69853846,  7.45055886,  9.73016716,
        9.19530608,  9.99813792,  5.48156161,  8.29957401,  7.55412481,
        2.13000119,  6.42857367,  6.24836138,  3.28852594,  7.02176538,
        9.47062219,  7.32898721,  5.81258878,  9.24386401,  4.6210102 ,
        8.93308151,  6.57226994,  3.32227957,  4.13266798,  6.25490444,
        9.67480763,  8.19088055,  9.85836245,  4.92652164, 10.59411214,
        7.73134584,  2.71298819,  2.86685373,  9.22002081,  8.38590407,
       12.07411484, 12.49673744, 12.22676322,  3.28636006,  3.21422468,
        9.05051785, 10.40496744, 13.19834346,  7.26423217,  8.55982159,
        4.83874471,  8.20507745,  5.11176045,  9.74378876,  9.54923042,
        8.28515782,  2.31541734, 11.14981667, -2.40280418,  5.22499186,
        5.34536443,  5.3172697 ,  3.97276528, 12.40273873, 11.8261058 ,
        7.79101713, 10.86679218, 13.63491294, 11.54327053,  5.41457058,
        4.82461953,  9.50469415,  3.34409197,  4.47023692,  1.69483056,
        5.47750246, 14.61358556,  0.56007375,  6.68678418,  3.88236129,
        6.94556114,  6.77573056, -1.33571333,  2.53278561,  5.5781503 ,
        4.07303286,  6.88462481,  6.91670136, 15.83844554,  8.55752999,
        7.54934076,  3.40490834,  5.11235177,  3.35691139, 17.4306989 ,
        2.21945696,  6.95213229,  4.62367333,  7.86214941,  4.63144496,
       13.48677718, 11.94186376,  9.90506114,  3.76590588,  8.82522698,
       12.19441267, -2.67663653,  0.03615369,  7.46959298,  2.4228171 ,
        3.34809807, 12.16679599,  6.71339409, 13.62492193, 12.96619532,
        1.48009612, 12.85123675,  6.88771855,  5.90119453,  3.68712781,
        7.48075957, 11.37509897,  7.55893822,  4.27754473,  8.72023504,
        9.70604831, -0.64400489, -5.56679237,  5.83000248,  8.09602703,
       10.50889558,  9.28604466,  0.16806312,  9.57201963, 14.8728253 ,
        4.05872095,  1.33644054,  3.83944048, -1.38053687,  5.05486853,
        2.06274386,  1.13563203,  6.33765158,  0.53027755,  7.45256734,
        9.02282056,  4.57092283,  4.49200784, 10.40105781,  6.6956708 ,
       16.45543485,  7.89643726,  5.10473984,  2.26347884,  6.10656319,
       11.02693329,  8.36610638,  0.60141792,  4.57665209,  9.61513378,
        8.82020808,  6.14660704,  7.19813954,  6.87268446,  4.31617334,
        8.06164796,  3.55128624,  4.94644227,  7.88122956,  4.99247933,
        3.26232956,  2.5163414 ,  4.88943214, 12.28909885, 12.13545921,
        1.55869887,  5.58666775,  4.02859623, 15.67531659,  7.40747749,
        7.30470426, 12.65197022, 10.97844038,  7.42336319,  5.92806546,
        7.53298687,  0.86194217,  7.76679387,  6.45816077,  9.06258134,
       10.30449402,  7.82441097,  6.29660505,  5.86776818,  1.3304476 ,
       12.23539375,  8.86024757,  5.09746119,  6.96210102, 14.29336074,
        4.15087726,  1.15706092,  2.28609126,  8.05820173,  5.75350555,
       14.38911927,  2.56501362,  1.18350204,  9.85628204,  2.49595961,
        0.53563003,  4.16733809,  8.86947662,  6.54719103,  9.95244253,
        8.98835467,  6.96241141,  5.14668993, 12.38974939,  9.74927615,
        2.19116454,  8.38645767, 11.01763455, 13.11595194, -4.40533364,
        5.55074442,  6.81098292, 12.15249787, 12.87933206,  5.46578562,
        9.03729709,  4.39553204, 10.10607221,  4.2820392 , 10.88374795,
        6.9732923 ,  5.52295623,  1.18874187, -2.12447361,  8.22981005,
        9.51495871,  6.91287406,  7.78485948,  6.63789377, 12.08668527,
        6.69352355,  9.71132675,  8.77679222,  8.27407995, -3.12827637,
        8.36264626,  3.26158227,  7.64695436, 10.78078735,  1.86580749,
       12.54260721,  7.81005987,  2.42957773,  4.42125954,  5.28868328,
        8.48828385,  2.64355675, 10.39364367,  4.97074436,  3.21591377,
        7.99237868,  5.44852205,  4.14518605, -0.82555073, -0.38079245,
        5.77632478, 11.99518412,  6.24412831,  5.21745616, 10.51515516,
        9.68030655, 11.15248069, -6.94305001,  9.44624393,  6.35684734,
        9.46724889,  5.26584846,  6.07376657,  3.96938581, -3.43888608,
        8.72448305,  7.87047717,  0.85730272,  1.03721055,  8.35826554,
        6.81710168,  6.35658842,  4.10495774,  4.99959606, 13.38481204,
        8.14794227,  7.06527628,  7.92221105, 13.27646293,  7.11995191,
        2.83509862, 10.75282427,  5.52678527, 10.08628477, 10.98321678,
       12.49466201,  2.50863008,  4.67944759,  2.85788507,  5.0465952 ,
        8.21295444, 11.91410464,  5.94624943, 10.22163873,  3.37930772,
        8.85361915,  9.73376072,  1.15059264, 11.04743194,  1.79969506,
        4.25828829,  7.25202922,  2.2672972 ,  7.57725423,  5.58636802,
        7.65893215, 11.52537915,  6.90891019, -2.29113385,  7.97708546,
        8.08842066,  2.16832336,  7.65832177,  9.81159064, 10.43923316,
        3.98062488,  1.0817161 ,  9.76295248,  8.63108155,  7.26357459,
        2.54423122,  6.81853034,  6.45365329, 11.3232911 ,  5.04083176,
       12.8607924 , 11.23344625,  8.31903354,  3.14367524,  6.71869235,
        8.25848665,  1.77282295,  3.65717336,  8.32846627,  9.9174394 ,
        6.05692518,  4.21944302, 10.23931698,  4.91274328, 13.41513602,
        9.43416187,  4.63636632,  3.13539328,  6.18335055,  1.53707739,
        5.61467202,  6.5111733 ,  3.23145556,  3.41022205, -2.07333343,
       13.30968769,  3.82494062,  5.39569567,  6.13415814,  1.37292208,
        3.07177277, 13.18391553, 10.12816353,  2.74516544,  3.09710695,
        6.8019379 ,  5.34038046,  3.2762607 ,  5.96005512, 11.26218427,
        7.28016079,  4.56619962,  9.88937887, -1.65520076, 10.43965611,
        2.44372126,  0.05593988,  4.47111314,  4.37722133,  5.98773957,
        4.10199573,  9.24048099,  6.10392412,  8.20112445,  4.06759296,
        8.79640924,  9.29292777,  6.48629527,  5.80919737,  7.3525369 ,
        4.56135043, 14.57977076, 14.18157702,  4.68325426,  4.71936077,
        2.38776943,  4.64738549, 17.11241745, -0.48449692,  9.04317841,
        7.22043104,  7.91805606, 10.77196002,  2.17966784,  6.62820171,
       15.53997079,  6.62792789,  7.75866664,  7.71585917,  9.14500714,
        2.44829938,  7.16387108, 11.18733035,  3.16285692, 14.44962478,
        7.9734839 ,  2.29286828,  8.91694778,  5.19431971,  4.82347137,
        6.30543704,  6.62960565,  8.38076727,  9.86579471,  7.34873375,
        9.69886333,  6.97858741, 12.77974943, -1.69337678, 10.26854022,
        7.55676076, 11.30789955,  8.25494618,  5.7069379 ,  0.89890997,
        7.33619558,  6.46577359,  1.40017034,  7.41724292,  4.436418  ,
        7.14786764,  3.19365845,  4.5695545 ,  5.00692815, 11.87379541,
        9.80291173,  7.00626267,  1.82903169, -2.59807148,  9.47880999,
        5.78256916, 11.12487811,  7.53115214,  3.64823712,  8.15902467,
        8.32095958,  8.72039742, -1.02293981, 10.27388165,  7.28944067,
        6.71056444, -0.11188937,  3.91449311,  4.69324376, 16.29464348,
       10.78957892,  5.80840925,  2.99713993,  5.2593516 ,  3.50490743,
       -0.15449448,  0.96434288, 11.61630339,  8.27735506, 16.00285161,
        6.50006729, 11.31600174,  5.75130697,  7.256999  ,  6.63488972,
        4.54796937,  6.56338914, -2.63014256, 11.48578113, -0.07930807,
        6.90670298,  4.28074261,  8.93878941,  1.75778739,  8.37427446,
        1.98021715,  1.2163253 ,  7.06949543,  4.18699292,  9.63377599,
        9.23103552,  6.64477952,  0.39062191,  3.25198616,  6.63355733,
        7.3632658 ,  4.7339389 ,  4.29967855,  6.28514055,  4.22442813,
        2.26636681,  9.04310139, 10.2082415 ,  9.53831858, 13.91283266,
       10.51968209,  4.38525309,  4.79884727,  4.95086139,  0.11123929,
        2.08883224, 11.03308035,  7.40637327,  9.33221467,  4.25483408,
        7.44668255,  6.5262045 ,  1.19632846,  9.60393598,  7.88892398,
       10.90912402, 14.93227314,  4.40874761, 14.99067229,  4.41303737,
        3.9286857 ,  8.11305083, 10.11742447,  6.37018955,  2.54284042,
        9.48544732, 10.57743204, 11.8098314 ,  5.80598639, 11.59657591,
        9.669148  , 11.21606882,  4.319759  ,  7.52659734, 11.04373643,
        4.34999011,  4.20867203,  2.44338745,  5.13100548,  6.13849652,
        6.43077322,  5.79302418,  7.40061908,  6.23114872,  9.75695758,
        6.66230472,  5.13783843,  6.82973843,  5.36631725,  5.91760367,
        9.88460075, 10.20970926,  1.76158793, 12.391394  ,  8.91633619,
        8.19313104, -1.20569326,  3.8195473 ,  2.46703902, 15.08849437,
        6.95257834,  4.3953971 , 14.32326594,  5.51496623, 11.2356845 ,
        4.38642475,  3.16650808,  3.96148751,  1.47933114,  8.30810544,
        7.10266653,  9.82018761, 13.01570492,  9.41446686,  6.11188097,
        7.08611127, 14.30646318,  7.08945749,  9.01281824, 10.79261268,
        5.88842553, 11.66071255,  9.84974807,  5.62640076, 10.55719581,
        9.2548453 ,  7.1220303 , 13.27635001,  2.97914591,  8.53036898,
       10.17573671,  1.95299571,  5.83313985,  4.72347567,  8.03072078,
       11.73373652,  3.01890332,  1.82339293,  5.46703218,  7.46086484]), array([ 4.89776438e+00,  1.18451195e+01,  1.03097963e+01,  8.84626234e-01,
        6.10442062e+00,  5.59527578e+00,  5.52032778e+00,  1.23487412e+01,
        5.21614417e+00,  1.01143250e+01,  1.03208185e+00,  1.12431568e+01,
        8.51999655e+00,  2.85691997e-01,  6.16498975e+00,  7.53203402e-01,
        8.52271201e+00,  1.27007019e+01,  1.04007790e+01,  9.48704649e+00,
        7.46428941e+00,  2.46948760e+00,  4.26081710e+00,  4.60985920e+00,
        7.61366126e+00,  7.18811933e+00,  5.97615764e-01,  5.73877510e+00,
        8.67393950e+00,  2.73400747e+00,  8.28517774e+00,  6.91913899e+00,
        7.39406123e+00,  5.98191480e+00,  3.79316408e+00,  6.09480191e+00,
        9.17270311e+00,  5.91325702e+00,  6.47572109e+00,  4.07337135e+00,
        1.66768875e+00,  5.20445142e+00,  7.47341891e+00,  8.06412453e+00,
        2.40361716e+00,  1.08408089e+01,  4.13980847e+00,  1.82495819e+01,
        5.49253563e+00,  1.18542180e+01,  9.78195276e+00,  6.41867313e+00,
        3.32996928e+00,  1.18477249e+01,  1.06275162e+01,  5.48169238e+00,
        6.49350192e+00,  6.06556105e+00,  3.08097337e+00,  1.61463098e+01,
        6.62322482e+00,  8.32011905e+00,  1.64637820e+01,  7.89542115e+00,
        7.27306295e+00,  1.06601587e+01,  1.07493786e-02,  9.06180551e+00,
        4.57166359e+00,  1.72551390e+01,  7.28406285e+00,  7.46849897e+00,
        7.54164274e+00,  4.26617383e+00,  1.00135506e+01,  4.45545004e+00,
        8.93653586e+00,  9.61436670e+00,  9.29034305e+00,  8.81754878e+00,
        8.00730239e+00,  5.22434321e+00,  4.30010606e+00,  9.32461248e+00,
        1.25665776e+01,  7.69909633e+00,  1.22226731e+01, -1.29967292e+00,
        6.38267121e+00,  8.56429203e+00,  2.49110763e+00,  1.02125388e+01,
        6.79080975e+00,  9.47296463e+00,  8.80099215e+00,  6.30237792e+00,
        8.54052611e+00, -1.79945509e+00,  1.12915790e+01, -1.04173284e-01,
        1.11706539e+01,  9.28075965e+00,  5.93141184e+00,  1.39086409e+01,
        1.05510750e+01,  8.05921804e+00,  7.35693100e+00,  3.86098540e+00,
        6.20585187e+00,  3.79154586e+00,  3.27768627e+00,  1.44658040e+01,
        1.21027092e+01,  8.57685393e+00,  7.03510552e+00,  7.19009636e+00,
        4.19912980e+00,  8.73484482e+00,  1.21992344e+01,  8.41373902e+00,
        4.77843406e+00,  3.81553005e+00,  4.31176204e+00, -4.60310509e-01,
        1.16782506e+01,  1.34921984e+01,  5.03799158e+00,  6.07831763e+00,
        7.01015746e+00,  8.38465140e+00,  1.02609345e+01,  6.13965152e+00,
        1.23704193e+01,  8.21128988e-01,  1.05942671e+01,  1.02174917e+01,
        9.53557528e+00,  7.82929950e+00,  4.72273681e+00,  1.04195589e+01,
        3.69241827e+00,  9.55303013e+00,  3.36483107e+00,  9.17822082e+00,
        1.20892650e+01,  9.17976227e+00,  1.23298659e+01,  6.95756253e+00,
        1.16871169e+01,  6.97666185e+00,  7.59177684e+00,  4.52031553e+00,
        1.20159886e+01,  4.97323000e+00,  6.82654657e+00,  9.56368746e+00,
        4.38185391e+00,  6.17586415e+00,  6.71900362e+00,  6.18521451e+00,
        7.67934934e+00,  8.43976472e+00,  4.19692111e+00,  7.85415255e+00,
        6.56163017e+00,  4.64431978e+00,  6.53789930e+00,  7.76927566e+00,
        7.10158601e+00,  1.00160710e+01,  3.79139336e+00,  1.40561296e+01,
        5.50968861e+00,  8.90590079e+00,  1.19909147e+01,  5.30511761e+00,
        9.68575679e+00,  4.49959400e+00,  1.11781810e+01,  8.61151725e+00,
        8.28547715e+00,  3.50259124e+00,  2.51723695e+00,  8.35686434e+00,
        1.07358681e+01,  1.01688294e+01,  1.13692022e+01,  5.87559400e+00,
        9.04365032e+00,  8.74578178e+00,  2.94541834e+00,  7.06481215e+00,
        7.16865506e+00,  3.74481677e+00,  7.73961902e+00,  1.04264665e+01,
        8.15801320e+00,  6.36819945e+00,  1.01666256e+01,  5.04795677e+00,
        1.00697159e+01,  7.62069361e+00,  3.95614345e+00,  4.80250686e+00,
        7.14273148e+00,  1.03430154e+01,  9.12768883e+00,  1.04411919e+01,
        5.59661284e+00,  1.12014531e+01,  8.79762359e+00,  3.41567670e+00,
        3.59440984e+00,  9.88301990e+00,  9.02543902e+00,  1.32079246e+01,
        1.39504735e+01,  1.34814458e+01,  4.34425705e+00,  3.71856449e+00,
        9.74045158e+00,  1.13341153e+01,  1.43951030e+01,  8.43629091e+00,
        9.04786419e+00,  5.42637470e+00,  9.43162443e+00,  5.85207612e+00,
        1.01158466e+01,  1.00937002e+01,  8.99594465e+00,  3.21939282e+00,
        1.19598782e+01, -2.33052775e+00,  6.28312848e+00,  6.46040097e+00,
        6.09609960e+00,  4.94914988e+00,  1.33100617e+01,  1.23959227e+01,
        8.48007012e+00,  1.16910607e+01,  1.41902228e+01,  1.29398514e+01,
        6.36541200e+00,  5.43605842e+00,  1.03371760e+01,  3.82339351e+00,
        5.13241632e+00,  3.31062307e+00,  6.47370963e+00,  1.53995910e+01,
        1.07701081e+00,  7.31944365e+00,  4.79343581e+00,  7.18423883e+00,
        8.41974829e+00, -9.60982591e-01,  3.46734482e+00,  6.41364339e+00,
        4.58141819e+00,  7.99093604e+00,  7.87812063e+00,  1.71477912e+01,
        8.97787706e+00,  7.65979673e+00,  3.86736225e+00,  5.63364262e+00,
        3.96864461e+00,  1.86320280e+01,  3.36342615e+00,  7.61586804e+00,
        5.44914565e+00,  8.75348933e+00,  5.13099579e+00,  1.47069285e+01,
        1.34314730e+01,  1.09769593e+01,  4.62059148e+00,  9.51482842e+00,
        1.26972735e+01, -1.72036754e+00,  8.64253591e-01,  8.25003503e+00,
        3.19647771e+00,  3.94913601e+00,  1.27769115e+01,  7.76344464e+00,
        1.48181255e+01,  1.40866088e+01,  2.31326101e+00,  1.37296268e+01,
        7.61510998e+00,  6.68449315e+00,  4.66148209e+00,  8.37942195e+00,
        1.22692925e+01,  8.04012491e+00,  4.46979900e+00,  9.83840826e+00,
        1.06446388e+01, -7.57960241e-01, -5.28251868e+00,  7.48529505e+00,
        9.37437998e+00,  1.06869267e+01,  1.00881514e+01,  3.21968416e-01,
        1.05259958e+01,  1.56589997e+01,  4.48317848e+00,  1.48422421e+00,
        4.42966753e+00, -5.15264061e-01,  5.80803043e+00,  2.53513492e+00,
        1.26244377e+00,  7.01079590e+00,  1.03769115e+00,  8.03059481e+00,
        9.53555662e+00,  5.43336685e+00,  5.47705574e+00,  1.11638626e+01,
        7.33513078e+00,  1.76125555e+01,  8.63056489e+00,  5.94670424e+00,
        2.85132583e+00,  6.41004332e+00,  1.15818300e+01,  8.90104264e+00,
        1.21340302e+00,  4.98116852e+00,  1.04155574e+01,  9.38321699e+00,
        6.39888747e+00,  8.06983298e+00,  7.50917552e+00,  4.35794777e+00,
        8.46135424e+00,  4.38637337e+00,  5.65537208e+00,  8.61886207e+00,
        5.68936204e+00,  3.74601560e+00,  3.22669836e+00,  5.56624937e+00,
        1.37229058e+01,  1.29616533e+01,  1.90737489e+00,  6.62451178e+00,
        4.69076143e+00,  1.70247860e+01,  7.91134936e+00,  7.50086598e+00,
        1.41107067e+01,  1.21178331e+01,  8.93480523e+00,  7.13975926e+00,
        7.87546889e+00,  1.11044533e+00,  9.11396714e+00,  6.94538255e+00,
        9.45209003e+00,  1.11186472e+01,  8.22801886e+00,  7.08228586e+00,
        6.63302042e+00,  1.78707269e+00,  1.33287013e+01,  9.54431148e+00,
        5.42381566e+00,  7.93302790e+00,  1.50268541e+01,  4.84278203e+00,
        1.18898504e+00,  2.88524128e+00,  9.03448517e+00,  6.46786199e+00,
        1.53884767e+01,  3.34566682e+00,  1.82323062e+00,  1.11814281e+01,
        3.36873891e+00,  1.50714082e+00,  5.21217222e+00,  9.93397450e+00,
        7.70827801e+00,  1.09376099e+01,  9.82777125e+00,  7.66157478e+00,
        5.59602087e+00,  1.36160830e+01,  1.06068599e+01,  2.73970636e+00,
        8.94105471e+00,  1.21432684e+01,  1.44240268e+01, -4.16422265e+00,
        6.61143641e+00,  7.90208801e+00,  1.34794735e+01,  1.44088815e+01,
        5.65987987e+00,  9.94029143e+00,  5.54481781e+00,  1.11995227e+01,
        5.07395901e+00,  1.16520511e+01,  7.48736032e+00,  6.07431728e+00,
        1.78566033e+00, -1.56760144e+00,  9.42822891e+00,  1.04860334e+01,
        7.78242772e+00,  8.64834244e+00,  7.71854052e+00,  1.32934445e+01,
        7.43544354e+00,  1.03538834e+01,  9.97865299e+00,  8.80603278e+00,
       -2.48649573e+00,  9.43053411e+00,  3.79864477e+00,  8.80226271e+00,
        1.12651134e+01,  2.74647891e+00,  1.30726898e+01,  8.94695746e+00,
        3.57983505e+00,  5.30382290e+00,  5.98657854e+00,  8.42697729e+00,
        3.99917626e+00,  1.01318607e+01,  6.11075007e+00,  3.96126268e+00,
        8.88177840e+00,  5.71454975e+00,  5.29571426e+00, -1.88243872e-01,
        6.56240022e-01,  6.47999271e+00,  1.36473554e+01,  7.07233735e+00,
        6.08725694e+00,  1.14675498e+01,  1.04622181e+01,  1.25428805e+01,
       -6.75669255e+00,  1.00921799e+01,  7.14136807e+00,  1.01085758e+01,
        5.87863157e+00,  7.06466621e+00,  4.57184643e+00, -3.28492883e+00,
        8.67438265e+00,  8.61916252e+00,  1.67108463e+00,  2.17375771e+00,
        9.10454533e+00,  7.98619777e+00,  7.38613353e+00,  5.00206455e+00,
        5.83164214e+00,  1.41466532e+01,  9.02165421e+00,  7.58879795e+00,
        8.59564322e+00,  1.46194842e+01,  7.40123711e+00,  3.00246952e+00,
        1.23211159e+01,  6.83661669e+00,  1.12468348e+01,  1.19354818e+01,
        1.28862866e+01,  3.17411310e+00,  5.06134040e+00,  3.42622911e+00,
        5.60330477e+00,  8.77503993e+00,  1.29588908e+01,  6.57362901e+00,
        1.11819308e+01,  4.25695747e+00,  8.89207662e+00,  1.07113120e+01,
        1.65020885e+00,  1.12202539e+01,  1.60618820e+00,  4.80768473e+00,
        8.17413859e+00,  3.53573268e+00,  8.85635699e+00,  6.69056456e+00,
        8.70078943e+00,  1.24686660e+01,  7.43487003e+00, -2.37043738e+00,
        8.77343166e+00,  8.51151663e+00,  2.59931895e+00,  8.35445377e+00,
        1.05296658e+01,  1.13136662e+01,  4.72826615e+00,  1.57585002e+00,
        1.08155296e+01,  9.28879410e+00,  7.57929585e+00,  3.30866126e+00,
        7.57307944e+00,  7.60198652e+00,  1.24999567e+01,  5.88013742e+00,
        1.36517846e+01,  1.16093641e+01,  9.31109649e+00,  3.57881536e+00,
        7.88390658e+00,  9.05460264e+00,  2.03963670e+00,  4.10465465e+00,
        8.81233463e+00,  1.09179157e+01,  7.18212995e+00,  5.35302881e+00,
        1.11045973e+01,  5.57958973e+00,  1.32129981e+01,  9.86893031e+00,
        4.94444030e+00,  3.11017122e+00,  6.90659459e+00,  1.63195654e+00,
        6.43850598e+00,  7.50855506e+00,  4.27308707e+00,  3.76360630e+00,
       -1.16404406e+00,  1.41899631e+01,  4.27216402e+00,  6.17143463e+00,
        6.95756559e+00,  1.30695826e+00,  3.40321368e+00,  1.33342226e+01,
        1.10396843e+01,  3.09820816e+00,  4.30994260e+00,  6.99879869e+00,
        5.90909255e+00,  4.20335069e+00,  7.02829865e+00,  1.16475589e+01,
        8.07299244e+00,  5.24781199e+00,  1.08494678e+01, -9.16031417e-01,
        1.18668090e+01,  3.36071574e+00,  8.85079726e-01,  4.97142621e+00,
        5.26788509e+00,  6.62218735e+00,  4.94950679e+00,  9.77968878e+00,
        6.58124109e+00,  8.54571557e+00,  5.39737163e+00,  9.61492418e+00,
        9.75651021e+00,  7.49272518e+00,  6.54125728e+00,  8.52460395e+00,
        5.20893486e+00,  1.57770585e+01,  1.49489296e+01,  5.04765258e+00,
        5.79045584e+00,  3.21162699e+00,  4.77990434e+00,  1.85899626e+01,
       -1.66641113e-01,  9.62939607e+00,  7.91770139e+00,  8.73771387e+00,
        1.19020459e+01,  2.78089075e+00,  6.89658306e+00,  1.65838016e+01,
        7.34163578e+00,  9.17063678e+00,  8.84223058e+00,  9.96056190e+00,
        2.98976436e+00,  8.77381928e+00,  1.18170569e+01,  4.20605342e+00,
        1.46066095e+01,  9.20280418e+00,  3.08813137e+00,  9.66362670e+00,
        6.06789425e+00,  5.71932143e+00,  7.61190479e+00,  7.66149503e+00,
        9.04365954e+00,  1.12774475e+01,  8.16610391e+00,  1.04042256e+01,
        8.05538993e+00,  1.39884638e+01, -1.82767827e+00,  1.11211828e+01,
        7.82304033e+00,  1.30078207e+01,  8.90256963e+00,  6.60612564e+00,
        1.81289632e+00,  7.75995115e+00,  6.44340335e+00,  2.39137507e+00,
        8.13145015e+00,  4.83209951e+00,  7.51698441e+00,  3.59531217e+00,
        5.03097928e+00,  5.41004868e+00,  1.32712323e+01,  1.10726076e+01,
        7.51348662e+00,  2.75707632e+00, -2.74868372e+00,  1.00774683e+01,
        6.18024224e+00,  1.20373469e+01,  8.01082503e+00,  4.41223573e+00,
        8.72272889e+00,  9.05009575e+00,  9.46760483e+00, -2.98381334e-01,
        1.11157946e+01,  7.87401409e+00,  7.69879464e+00,  2.09993297e-01,
        4.81680140e+00,  4.92132264e+00,  1.73287672e+01,  1.14036503e+01,
        7.23782309e+00,  3.74118004e+00,  5.71969706e+00,  4.09053448e+00,
        2.28483146e-01,  1.26631634e+00,  1.27858078e+01,  8.81772154e+00,
        1.71515949e+01,  7.62827726e+00,  1.22831757e+01,  6.54483867e+00,
        7.75948138e+00,  6.98679910e+00,  4.94143809e+00,  7.30170985e+00,
       -1.81546884e+00,  1.28251482e+01, -1.42524871e-01,  7.83155538e+00,
        4.55236659e+00,  9.60467828e+00,  2.32989483e+00,  9.12864521e+00,
        2.05617860e+00,  1.35733860e+00,  8.22669202e+00,  5.45065105e+00,
        1.01507762e+01,  9.89199537e+00,  7.59729380e+00,  8.75614981e-01,
        3.50130956e+00,  7.59118650e+00,  8.58313775e+00,  5.78171501e+00,
        5.53475647e+00,  7.06032263e+00,  4.57787153e+00,  3.45258053e+00,
        9.89342857e+00,  1.07744306e+01,  1.03331821e+01,  1.50873160e+01,
        1.11379782e+01,  4.80838487e+00,  5.27147792e+00,  5.31325744e+00,
       -1.44899166e-01,  3.08137082e+00,  1.13970722e+01,  8.70830277e+00,
        9.89089497e+00,  4.35141738e+00,  8.21847794e+00,  6.85380403e+00,
        2.12644898e+00,  1.05465404e+01,  9.36420704e+00,  1.20473288e+01,
        1.57453519e+01,  5.09692881e+00,  1.57631877e+01,  5.32515223e+00,
        4.86809350e+00,  8.94302370e+00,  1.14164219e+01,  6.61174405e+00,
        3.42198377e+00,  1.07079358e+01,  1.10923156e+01,  1.28690921e+01,
        6.33699043e+00,  1.23334559e+01,  1.01938458e+01,  1.20437165e+01,
        5.21547920e+00,  7.91762682e+00,  1.19249499e+01,  5.20169624e+00,
        5.05269388e+00,  3.55894887e+00,  5.65956673e+00,  7.64767328e+00,
        7.20975201e+00,  6.68019990e+00,  8.04124978e+00,  7.09907173e+00,
        1.04386097e+01,  7.73580503e+00,  6.08022398e+00,  8.06452544e+00,
        5.71159324e+00,  6.51389585e+00,  1.10021953e+01,  1.07872481e+01,
        2.78933845e+00,  1.37401330e+01,  9.72372518e+00,  8.17771674e+00,
       -3.12574255e-02,  4.57451645e+00,  3.34453335e+00,  1.60784087e+01,
        7.79368760e+00,  4.97505554e+00,  1.53571448e+01,  6.39393495e+00,
        1.18044775e+01,  5.99815109e+00,  3.04217002e+00,  4.62310782e+00,
        1.97892406e+00,  8.57600171e+00,  7.72352866e+00,  1.04483981e+01,
        1.36210326e+01,  1.02501915e+01,  7.03842622e+00,  7.80886818e+00,
        1.51255499e+01,  7.64179093e+00,  1.00454870e+01,  1.12755086e+01,
        6.55504597e+00,  1.28960863e+01,  1.10806808e+01,  6.70811413e+00,
        1.17113999e+01,  1.01795826e+01,  7.26174763e+00,  1.39253533e+01,
        3.82541432e+00,  9.13610384e+00,  1.10007468e+01,  2.86646772e+00,
        6.59057160e+00,  5.48417240e+00,  8.39216889e+00,  1.26098468e+01,
        3.57459161e+00,  2.66340357e+00,  6.00902765e+00,  8.47696497e+00])]
WARNING:root:[array([-1.66501844e+00,  4.07230412e+00,  7.89388947e+00,  1.29079894e+00,
       -4.12819157e+00, -1.75203708e+00, -4.36242188e+00,  6.56307698e+00,
        3.71126731e+00,  1.85144356e+00, -5.31594810e+00,  1.53722728e+00,
        3.03772790e+00,  7.56457572e-01,  9.26129253e-01, -4.29595038e+00,
        2.26590381e+00,  5.35266456e+00,  3.17933796e+00,  6.47666988e-01,
        4.24518557e-01, -7.23345678e-01, -4.00781704e+00, -4.84344649e+00,
        5.85302232e+00,  2.12677677e+00, -1.23448238e+00,  1.47242296e+00,
        1.51423301e+00,  2.01676244e+00,  1.38045267e+00,  5.13767619e+00,
        2.85149143e+00, -3.78300313e+00,  6.21651722e-01, -2.76535369e+00,
        2.00356722e+00,  2.22361393e+00,  2.77031784e+00, -1.06221369e+00,
       -4.68513807e+00, -1.34543776e+00,  4.61262351e+00,  3.47333568e+00,
       -6.53560305e+00,  6.68352591e+00,  1.37937684e+00,  1.59132994e+01,
       -4.45168691e-01,  7.38477670e+00,  4.03499711e+00, -1.33312891e+00,
       -3.81326990e+00,  7.63855481e+00,  4.57516229e+00,  6.97470269e+00,
        1.74053912e+00, -4.50322726e-01, -4.60253022e+00,  7.76865994e+00,
        2.26509954e+00,  5.71917462e+00,  3.14836636e+00,  2.50187779e+00,
        2.85046985e+00,  7.76842682e+00, -8.88688187e+00,  2.00077224e+00,
        2.78172807e+00,  1.39995080e+01, -8.29665690e-01,  1.98641524e+00,
       -8.67893729e-01, -6.68957107e+00,  4.67299846e+00,  3.23432225e-01,
        5.30045877e+00,  3.63126285e+00,  3.07796163e+00,  1.45694774e+00,
        3.74675702e+00,  3.81923594e+00, -4.65972579e+00,  3.89258170e-01,
        7.63293782e+00, -3.98509838e+00,  4.56863890e+00, -6.68073733e+00,
        7.16503787e-01,  1.83975084e+00,  4.64893770e-01,  1.42898669e+00,
       -2.79115685e+00,  6.48691668e+00, -5.23885160e-02,  4.29681098e+00,
        4.40658805e+00, -6.61622699e+00,  5.37527553e+00, -3.97003131e+00,
        3.34417491e+00,  6.47353594e+00, -1.51676856e+00,  8.68262311e+00,
        2.03299054e+00,  4.29536973e+00,  1.73055046e+00,  7.71521458e-01,
       -3.21419920e+00, -2.22976446e+00,  4.61510552e+00,  5.80796284e+00,
        1.91067441e+00,  4.27797362e-01,  4.73349492e+00,  4.38452736e+00,
       -7.52119368e-01,  3.74246810e+00,  9.76307637e+00,  3.63688736e+00,
        4.47091711e-02, -2.48879337e+00,  1.01364836e+00,  5.21751623e-01,
        4.55559957e+00,  7.14325356e+00, -2.61868731e+00,  4.68981639e+00,
        1.39771919e+00,  7.25495959e+00, -4.39423176e-01, -3.98479670e+00,
        6.12669897e+00, -5.55360946e+00,  4.63146062e+00,  6.92583815e+00,
        4.96407744e+00, -2.05983399e-02, -2.25764709e+00,  3.12917386e+00,
       -2.59909516e+00,  6.21837105e+00, -5.71040762e+00, -2.13340957e+00,
        5.53785288e+00,  2.91453922e+00,  5.06434754e+00, -1.63697093e+00,
        4.91626805e+00,  7.29823961e+00,  4.27769937e+00,  1.19562182e+00,
        5.70681631e+00,  2.13257247e+00,  5.54378929e+00,  1.44481811e+00,
       -2.89367833e+00,  1.38505495e+00, -2.20354384e+00,  2.73924980e+00,
        6.86136377e-01,  3.18719239e+00,  4.44952371e-02,  2.96299914e+00,
        5.40460089e+00,  5.02381454e+00,  1.60077687e+00,  3.01715367e+00,
        3.81561164e+00,  7.10652853e-01, -3.45494278e+00,  5.01849178e+00,
        2.38066506e+00,  3.18180575e+00,  4.47464013e+00, -1.37477659e+00,
        7.10137433e+00, -5.05841042e+00,  7.60928124e+00,  1.91563698e+00,
        1.05402564e-01, -1.46538860e+00, -3.84489115e+00,  1.11095904e+00,
        2.80327205e+00,  2.41542490e+00,  4.86527662e-01,  2.80038687e+00,
        3.10157183e+00, -6.63484412e-01, -3.47583233e+00,  2.06664062e+00,
       -1.95244745e-01,  2.71807763e-01,  2.17333914e+00,  2.79290115e+00,
        1.53071416e+00,  1.99654586e+00,  2.78486954e+00,  1.87059411e+00,
        9.24794474e-01, -7.37364428e-01, -9.87018018e-01, -3.48160710e-01,
        6.58885445e-02,  4.97736059e+00,  1.71608193e+00,  5.67330106e+00,
        2.09914185e-01,  6.34561550e+00,  1.98622166e-01, -2.02914750e+00,
       -2.13757464e+00,  4.63323308e+00,  3.94049194e+00,  4.28115005e+00,
        2.43006782e+00,  3.44197511e+00, -3.95819443e+00, -1.69663561e-01,
        4.21237547e+00,  3.82825909e+00,  4.76688628e+00, -1.06260488e+00,
        5.22691137e+00,  6.06129863e-01, -4.35568339e-01, -6.57269627e-02,
        7.24139481e+00,  5.57782546e+00,  3.21373178e+00, -3.84939232e+00,
        5.39299122e+00, -2.58048246e+00, -2.24922302e+00, -2.47015865e+00,
       -1.12528785e-01, -2.84826481e+00,  6.05640247e+00,  8.01476332e+00,
        2.82295977e+00,  5.20095319e+00,  9.81681521e+00,  1.74027880e+00,
       -1.13526189e+00,  6.31721721e-01,  3.56074962e+00,  1.67607901e-02,
       -1.13177515e-01, -9.50783840e+00, -1.43965007e+00,  9.18807778e+00,
       -2.81796032e+00,  2.39238358e+00, -2.39823871e+00,  5.24260815e+00,
       -4.72501605e+00, -3.68613685e+00, -3.85984722e+00, -2.76240663e-01,
        4.77002633e-01, -7.67725398e-01,  2.35546262e-01,  6.64831724e+00,
        5.68813813e+00,  6.79208861e+00,  2.89449515e-01,  1.67116475e+00,
       -6.24139858e-01,  9.15075820e+00, -5.66666627e+00,  2.49097950e+00,
       -1.04160511e+00,  1.65596056e+00,  1.35517421e+00,  4.79580032e+00,
        1.40504619e+00,  2.36274979e+00, -2.27981695e+00,  3.96288736e+00,
        8.66015872e+00, -9.10239583e+00, -5.77500628e+00,  1.99679345e+00,
       -2.97745016e+00, -8.25261938e-01,  7.85592250e+00, -7.54723139e-01,
        5.10928306e+00,  5.06805807e+00, -4.21052250e+00,  6.87375660e+00,
        1.87175436e+00,  4.59540427e-01, -3.04892620e+00,  1.33311835e+00,
        5.19365869e+00,  4.14299316e+00,  3.07152985e+00,  9.24065267e-01,
        3.14606763e+00,  2.27394880e-01, -7.21569124e+00, -5.66792865e+00,
       -8.37424911e-01,  9.36648188e+00,  3.67567145e+00, -7.57903930e-01,
        3.10825119e+00,  9.09652320e+00,  1.20019563e+00,  5.82340912e-01,
       -3.01948580e-01, -7.30431019e+00, -8.36254147e-02, -1.15103935e+00,
        3.47324697e-01,  1.59540748e+00, -2.87687825e+00,  3.46876965e+00,
        5.45461987e+00, -1.37892740e+00, -2.35919419e+00,  4.99867380e+00,
        2.27287004e+00,  8.41620701e+00,  2.61641022e+00, -7.82499517e-01,
       -1.81691320e+00,  4.05452283e+00,  7.13683134e+00,  4.71951389e+00,
       -3.55835901e+00,  1.97468620e+00,  4.11422389e+00,  4.92249893e+00,
        4.46950685e+00,  1.06256966e+00,  2.53380849e+00,  4.05737185e+00,
        5.14688275e+00, -2.24973175e+00,  2.24461953e-01,  2.70416530e+00,
        1.67921175e-01, -1.47334007e-02, -2.33558856e+00,  2.48559608e-01,
        2.34266351e+00,  6.38413980e+00, -5.82647469e-01, -1.77483173e+00,
       -5.28151607e-01,  6.07489149e+00,  4.03634800e+00,  5.82680726e+00,
        2.34039505e+00,  3.09847871e+00, -3.05891790e+00, -2.68619172e+00,
        5.30060508e+00, -6.81304840e-01, -1.77320591e+00,  3.12261825e+00,
        6.43760505e+00,  4.65699287e+00,  5.10478899e+00,  7.92713166e-01,
        4.91990757e-01, -1.62753524e+00,  4.47056095e+00,  4.06314228e+00,
        2.92198442e+00,  1.09276266e-01,  9.15765220e+00, -4.66236528e-01,
        1.30234392e+00, -1.88560995e+00,  1.31179367e+00,  8.20128891e-01,
        7.52698700e+00, -2.75279436e+00, -3.39373587e+00,  5.51599736e-01,
       -3.46503944e+00, -6.10847389e+00, -2.99843068e+00,  1.28343671e+00,
       -1.67064371e+00,  3.16289080e+00,  3.18170566e+00,  2.26700642e+00,
        2.10628790e+00,  3.65686914e+00,  3.73500156e+00, -1.51890252e+00,
        4.54697015e+00,  3.04099046e+00,  3.69978560e+00, -5.80276354e+00,
       -1.61983972e+00, -7.92306717e-01,  2.72400065e+00,  2.05627482e+00,
        4.17010544e+00,  2.90288243e+00, -3.44141629e+00,  2.52982054e+00,
       -1.36738798e+00,  5.56035200e+00,  3.48930186e+00,  1.57273302e+00,
       -2.81374928e+00, -5.91484726e+00, -1.76809154e-01,  2.72442542e+00,
        7.04370167e-01,  1.67141507e+00, -8.59952105e-01,  3.62732526e+00,
        1.58486214e+00,  5.10665461e+00,  4.39542480e-01,  4.66993002e+00,
       -7.31833437e+00,  7.91227778e-01, -3.85145111e-01, -5.20589214e-01,
        7.31283059e+00, -4.07824981e+00,  8.94487893e+00, -3.22189731e-01,
       -5.39582895e+00, -1.82961277e+00,  6.03146723e-01,  8.87850457e+00,
       -6.88037625e+00,  1.22698739e+01, -2.84773205e+00, -1.79888135e+00,
        1.96507257e+00,  3.77227426e+00, -3.85136120e+00, -5.17469464e+00,
       -7.50548272e+00,  9.75634852e-01,  5.13871777e-01,  7.25952529e-01,
       -7.02133710e-01,  3.84935331e+00,  4.36144931e+00,  1.42397063e+00,
       -8.07344626e+00,  4.94812160e+00,  9.08845296e-01,  5.13891955e+00,
        9.80235969e-01, -8.19239705e-01, -1.11939774e-01, -4.28955682e+00,
        9.22073124e+00,  2.83200669e+00, -4.70703950e+00, -6.88830754e+00,
        3.04076930e+00, -1.32300483e+00, -8.22161635e-01, -2.01481712e+00,
       -7.70678345e-01,  8.12106856e+00,  2.00227512e+00,  3.34511874e+00,
        3.22136323e+00,  3.74643234e+00,  5.31833222e+00,  1.80475518e+00,
       -4.00645165e-01, -3.62273989e+00,  1.90580925e+00,  4.23919229e+00,
        9.78570988e+00, -2.00371486e+00,  2.22458914e+00, -1.06703080e+00,
        1.20017994e+00,  4.05297545e+00,  4.48815015e+00,  1.82357313e+00,
        3.31112306e+00, -2.80916781e+00,  8.76633038e+00,  2.64929614e+00,
       -2.12155211e+00,  9.85464761e+00,  3.34363941e+00,  6.42666528e-01,
        7.85287146e-01, -6.48450804e+00, -1.33542511e+00, -2.13889165e+00,
        1.47324223e-01,  5.06814281e+00,  3.36842543e+00, -1.36755179e+00,
        2.42750080e+00,  5.05059408e+00, -7.87963726e-01,  2.81559795e+00,
        4.96798972e+00,  4.41598203e+00, -1.20528770e+00, -2.26971784e+00,
        2.25262614e+00,  3.96364874e+00,  5.27461710e+00, -2.79972175e+00,
        1.68723995e+00, -1.53155689e+00,  3.03364849e+00, -6.95224467e-01,
        7.31794096e+00,  8.54863573e+00,  1.36775850e+00,  1.80459936e-01,
       -1.51097141e+00,  2.68404386e+00,  1.50564815e-01,  6.86766584e-01,
        4.84916152e+00,  2.99319109e+00, -1.73904121e+00, -3.53502460e+00,
        4.25318321e+00,  3.23388674e-01,  1.48048923e+01,  6.35786389e+00,
        2.62812369e+00,  3.60035308e+00,  1.33298527e+00,  8.90820521e-01,
        4.88096921e-02, -5.34567462e-01, -3.78054602e+00,  1.06959192e+00,
       -8.14022159e+00,  6.94009359e+00,  8.02267810e-01,  4.53864495e-02,
        2.50825219e-01,  1.97046672e+00,  9.05476015e-01,  1.21178282e+01,
        3.43851802e+00,  3.69946026e-01, -5.37199614e+00,  5.74806703e+00,
        1.52660476e+00, -3.26307274e+00, -1.46041961e+00,  8.60652139e+00,
        1.76400115e+00, -1.99838672e-01,  3.30949183e+00, -6.55787536e+00,
        4.03774442e-01, -4.10418506e+00, -5.59783298e+00,  1.12203634e+00,
       -1.76198923e+00,  1.61295749e+00, -1.63468030e+00,  5.46196063e+00,
        2.87377107e+00,  5.95044363e+00, -5.15892000e+00,  3.10706402e+00,
        6.23720004e+00, -3.86962637e-01,  7.59539807e-01, -1.06331469e+00,
        1.67322645e-01,  6.08411888e+00,  8.64499877e+00,  2.13305309e+00,
       -2.77811829e+00, -3.30535125e+00,  3.84918059e+00,  6.66527852e+00,
       -2.58538613e+00,  5.03997091e+00,  2.36410889e+00,  2.15554752e+00,
        2.80738617e+00, -1.83653675e+00,  4.78547427e+00,  8.16271431e+00,
        1.57010259e+00, -2.24551830e+00, -1.32191761e-01,  3.41553277e+00,
       -1.29487508e+00, -4.36754487e+00,  6.71617172e+00, -4.00559546e+00,
        1.31792076e+01, -7.26970633e-01, -3.27645732e+00,  3.71867696e+00,
       -8.24328661e-01, -1.46400621e+00, -2.93803690e+00, -5.47629057e-01,
        3.72490747e+00, -3.59172240e-02,  1.60852089e+00,  4.98987341e+00,
       -5.72373111e-01,  4.21205564e+00, -5.55427430e-01,  4.32336302e+00,
        5.76610763e+00, -5.29840226e-01,  3.63794536e+00, -4.87081961e-01,
       -5.47587487e+00,  4.52848754e+00,  6.64266992e+00, -5.23327247e+00,
        2.54250827e+00,  1.80157283e+00,  4.60248122e+00,  4.43554639e-01,
        1.36877286e+00,  2.39148634e+00,  1.99556568e+00,  1.14816316e+00,
        3.50294466e+00, -4.60396968e+00, -1.33335964e+00,  5.35548090e+00,
        3.34949334e+00,  4.85463686e+00,  4.18916441e+00, -1.80199292e+00,
        4.34388052e+00,  3.23354960e+00,  3.63034508e+00, -5.72459280e+00,
        4.24345710e+00,  3.18853688e+00, -1.87551633e-01, -2.19913613e+00,
       -2.19215745e+00,  3.15955582e+00,  9.02184416e+00,  6.50220022e+00,
       -4.19513389e+00, -2.03715281e+00,  2.21322511e+00, -3.78001754e-01,
       -2.64685211e+00, -1.01820945e+00,  3.33238397e+00,  4.71966083e+00,
        7.78547705e+00, -1.44251315e+00,  4.55489971e+00,  4.22684652e-01,
        3.64251155e+00,  4.31745372e+00,  1.76835018e+00,  1.35611325e+00,
       -8.10158516e+00,  2.07834226e+00,  6.83733855e-01,  4.19089633e-01,
        2.45295460e+00,  4.33874924e+00, -1.97957747e+00,  3.19146161e+00,
        1.64276949e+00,  3.37478093e-01, -9.85107289e-01, -4.71585163e+00,
        6.19795399e+00,  4.58285316e+00, -1.28106665e-01, -2.92278593e+00,
        1.75038157e+00,  6.54971868e-02, -1.23356507e+00, -2.57995396e+00,
       -4.29744809e+00,  1.07802166e+00,  1.89718603e+00, -5.80131889e+00,
        3.11266316e+00,  6.19476029e+00,  4.02476848e+00,  5.69340621e+00,
        6.07690046e+00,  1.54053268e+00,  1.50136099e+00,  2.61744491e+00,
        2.13179262e+00, -4.56158167e+00,  8.49796490e+00, -1.72100311e+00,
        5.51852074e+00,  3.62556400e+00,  2.18905945e+00,  4.28523832e+00,
       -5.25564318e+00,  2.82844972e+00, -2.51171910e+00,  2.86958992e+00,
        9.05807631e+00, -1.96994877e-01,  9.63622346e+00, -1.82962249e+00,
       -2.75105247e+00,  2.32194462e+00,  9.89501355e-01,  4.65626765e+00,
       -3.58983030e+00,  9.74081714e-01,  6.95336604e+00,  4.33185614e+00,
        2.11414916e+00,  6.51738594e+00,  5.91435616e+00,  5.39263340e+00,
       -1.85188369e+00,  4.85405037e+00,  4.75007206e+00, -1.66931804e+00,
       -1.41349075e+00, -5.23303259e+00,  1.51324870e+00, -4.48130423e+00,
        1.14810500e+00, -3.85578564e-01,  2.79284038e+00,  2.93575714e-02,
        4.93129412e+00, -7.35664086e-01, -1.25902411e+00, -1.82784669e+00,
        3.02030248e+00,  1.56593472e+00,  1.97983902e+00,  6.18738412e+00,
       -5.46891176e+00,  2.94437107e+00,  3.37883669e+00,  8.31956716e+00,
       -9.40158266e+00, -1.36569159e+00, -3.49064053e+00,  8.15346313e+00,
        1.15419371e+00,  4.72519140e-01,  6.97609354e+00, -5.33271244e-01,
        7.09312645e+00, -6.74461107e+00,  4.21966681e+00, -6.43315323e-01,
       -1.83887332e+00,  6.56387056e+00,  2.78603472e+00,  5.43452753e+00,
        8.59936939e+00,  3.59284534e+00, -5.31427597e-01,  2.12413899e+00,
        8.50543545e+00,  3.27459541e+00,  1.77729076e+00,  7.51486152e+00,
        1.27253856e+00,  2.90599947e+00,  1.30773206e+00, -1.84277812e+00,
        2.53196679e+00,  2.72229956e+00,  6.00819109e+00,  8.79084813e+00,
       -2.74907077e+00,  4.27356889e+00,  4.38398517e+00, -4.43757770e+00,
        3.87814571e-01, -4.14815415e-01,  5.49382452e+00,  5.67967335e+00,
       -7.00061250e-01, -3.96545681e+00,  1.73425727e+00,  2.86810491e-01]), array([-8.59567683e-01,  4.99972319e+00,  8.17271405e+00,  1.24973406e+00,
       -2.86530119e+00, -8.73575878e-01, -3.11448493e+00,  7.27031234e+00,
        3.90217986e+00,  2.86645080e+00, -4.55568177e+00,  2.73855912e+00,
        3.70494080e+00,  6.87165744e-01,  1.54516200e+00, -3.68795929e+00,
        3.00746263e+00,  6.25652417e+00,  4.05331558e+00,  1.73512292e+00,
        1.25520000e+00, -3.58070670e-01, -3.00236220e+00, -3.68382491e+00,
        6.05023244e+00,  2.74105070e+00, -1.04539796e+00,  1.96711440e+00,
        2.40234479e+00,  2.09230875e+00,  2.23504234e+00,  5.32551456e+00,
        3.37973166e+00, -2.61034951e+00,  1.01529403e+00, -1.67749853e+00,
        2.85806957e+00,  2.67388914e+00,  3.20603931e+00, -4.33302406e-01,
       -3.91343139e+00, -5.43573838e-01,  4.95268683e+00,  4.04418768e+00,
       -5.46079529e+00,  7.16367140e+00,  1.70469578e+00,  1.61819622e+01,
        2.52210111e-01,  7.91925361e+00,  4.74680685e+00, -4.12882919e-01,
       -2.93529159e+00,  8.14594710e+00,  5.31366319e+00,  6.77231127e+00,
        2.30730645e+00,  3.16349304e-01, -3.66834068e+00,  8.79897169e+00,
        2.76957295e+00,  6.05359959e+00,  4.77178520e+00,  3.13897568e+00,
        3.38442812e+00,  8.10358523e+00, -7.79428988e+00,  2.86142522e+00,
        2.97740350e+00,  1.43625775e+01,  1.68757582e-01,  2.65710039e+00,
        1.25684225e-01, -5.33992672e+00,  5.30576696e+00,  8.14361948e-01,
        5.74762923e+00,  4.37071299e+00,  3.83075658e+00,  2.36340690e+00,
        4.26771828e+00,  3.94404761e+00, -3.59951190e+00,  1.47215377e+00,
        8.23825630e+00, -2.58078458e+00,  5.52862689e+00, -6.03826906e+00,
        1.39443271e+00,  2.67068406e+00,  6.74390741e-01,  2.50523899e+00,
       -1.60310867e+00,  6.84283856e+00,  9.88829408e-01,  4.55778368e+00,
        4.87638328e+00, -6.05903037e+00,  6.09649788e+00, -3.53786496e+00,
        4.30503644e+00,  6.81303985e+00, -6.19942753e-01,  9.30413204e+00,
        3.06905974e+00,  4.74861320e+00,  2.42044135e+00,  1.14153941e+00,
       -2.05627084e+00, -1.51764464e+00,  4.44206551e+00,  6.87988652e+00,
        3.15131407e+00,  1.43328670e+00,  5.00048001e+00,  4.71546732e+00,
       -1.51939870e-01,  4.34655469e+00,  1.00384142e+01,  4.19896442e+00,
        6.24596528e-01, -1.72011430e+00,  1.40519974e+00,  3.91365610e-01,
        5.41411505e+00,  7.91605464e+00, -1.67851183e+00,  4.80372701e+00,
        2.06018773e+00,  7.37084476e+00,  8.61072480e-01, -2.76726687e+00,
        6.89769756e+00, -4.77893790e+00,  5.35159967e+00,  7.31955302e+00,
        5.52831028e+00,  9.48554074e-01, -1.39656480e+00,  4.01182443e+00,
       -1.85233256e+00,  6.60831186e+00, -4.58175555e+00, -7.28954150e-01,
        6.34011132e+00,  3.69158223e+00,  5.94216653e+00, -5.93066585e-01,
        5.73465281e+00,  7.22077165e+00,  4.68215693e+00,  1.60447806e+00,
        6.48104831e+00,  2.48200186e+00,  5.67130246e+00,  2.42762113e+00,
       -2.02218213e+00,  1.96245993e+00, -1.09081137e+00,  3.13724590e+00,
        1.52635141e+00,  3.81353801e+00,  5.54429588e-01,  3.54564928e+00,
        5.54099493e+00,  4.97289617e+00,  2.18802964e+00,  3.59252410e+00,
        4.22230478e+00,  1.84115284e+00, -2.57561885e+00,  6.11958667e+00,
        2.74641714e+00,  3.87655597e+00,  5.38272134e+00, -5.58500696e-01,
        7.38226504e+00, -3.90514547e+00,  8.01596240e+00,  2.72692591e+00,
        1.09725276e+00, -8.90923833e-01, -3.08390757e+00,  2.00012679e+00,
        3.75851013e+00,  3.33685888e+00,  1.80439680e+00,  3.17599190e+00,
        3.81308801e+00,  4.70741056e-01, -2.69674836e+00,  2.66888921e+00,
        6.98109419e-01,  6.79407858e-01,  2.83597599e+00,  3.71853015e+00,
        2.34171050e+00,  2.52928083e+00,  3.68006345e+00,  2.23090017e+00,
        2.04755697e+00,  2.84221583e-01, -4.00662079e-01,  2.58367474e-01,
        9.32084858e-01,  5.63352841e+00,  2.61889404e+00,  6.26795325e+00,
        8.69662899e-01,  6.92224199e+00,  1.26431325e+00, -1.36961645e+00,
       -1.44403509e+00,  5.26036502e+00,  4.54637093e+00,  5.34417452e+00,
        3.82493421e+00,  4.66728979e+00, -2.95933569e+00,  2.85614494e-01,
        4.86790964e+00,  4.75090356e+00,  5.93826426e+00,  1.10311081e-01,
        5.67275392e+00,  1.21081505e+00,  7.62023122e-01,  6.58143831e-01,
        7.57182763e+00,  6.13329256e+00,  3.92577791e+00, -2.98998419e+00,
        6.20187724e+00, -2.57674118e+00, -1.20059875e+00, -1.38314014e+00,
        6.50368822e-01, -1.89174624e+00,  6.92539489e+00,  8.51588827e+00,
        3.52363754e+00,  5.97083975e+00,  1.03415468e+01,  3.09628090e+00,
       -2.27091973e-01,  1.20203200e+00,  4.38973078e+00,  4.79589713e-01,
        5.09588394e-01, -7.94880182e+00, -4.72459221e-01,  9.91889303e+00,
       -2.35656642e+00,  2.97731522e+00, -1.54112333e+00,  5.48740656e+00,
       -3.12510646e+00, -3.38108270e+00, -2.97380433e+00,  5.51518398e-01,
        9.81582142e-01,  2.93359662e-01,  1.14872551e+00,  7.91107294e+00,
        6.06925867e+00,  6.88478772e+00,  7.08807068e-01,  2.13207109e+00,
       -9.52950106e-02,  1.02754231e+01, -4.57676805e+00,  3.09645852e+00,
       -2.61104877e-01,  2.50953552e+00,  1.78037781e+00,  6.01567668e+00,
        2.87376038e+00,  3.40397445e+00, -1.42903641e+00,  4.63871871e+00,
        9.14059711e+00, -8.21599965e+00, -4.94944820e+00,  2.75449374e+00,
       -2.21762526e+00, -2.54437441e-01,  8.46054990e+00,  3.04079634e-01,
        6.28315303e+00,  6.16007540e+00, -3.41904881e+00,  7.67682019e+00,
        2.55257460e+00,  1.21247879e+00, -2.11402181e+00,  2.17409383e+00,
        6.03445527e+00,  4.61602249e+00,  3.23165261e+00,  2.00782482e+00,
        4.05960688e+00,  1.16229346e-01, -7.01304013e+00, -4.06409954e+00,
        4.02294380e-01,  9.49256463e+00,  4.45682463e+00, -6.43340946e-01,
        3.97642531e+00,  9.92246713e+00,  1.58280163e+00,  6.68340005e-01,
        2.87157257e-01, -6.47724438e+00,  6.30526915e-01, -7.03650769e-01,
        4.38548059e-01,  2.25009654e+00, -2.40554931e+00,  4.01009879e+00,
        5.94509259e+00, -5.61088462e-01, -1.40949895e+00,  5.75193926e+00,
        2.88372860e+00,  9.52501222e+00,  3.35475021e+00,  4.26807562e-02,
       -1.23992195e+00,  4.32375805e+00,  7.66390924e+00,  5.20406828e+00,
       -2.99256635e+00,  2.31391784e+00,  4.86545653e+00,  5.45639567e+00,
        4.69629413e+00,  1.92150086e+00,  3.12546601e+00,  4.08778278e+00,
        5.56083869e+00, -1.43663150e+00,  8.75413447e-01,  3.41432130e+00,
        8.34840609e-01,  4.36853637e-01, -1.66362919e+00,  8.90117642e-01,
        3.70771621e+00,  7.17460042e+00, -3.06942477e-01, -7.37225377e-01,
        1.02257321e-01,  7.41710543e+00,  4.49551606e+00,  6.03502392e+00,
        3.77738362e+00,  4.18525259e+00, -1.61252256e+00, -1.47641853e+00,
        5.58194764e+00, -4.66784922e-01, -4.30759711e-01,  3.57829703e+00,
        6.78310114e+00,  5.44339024e+00,  5.46540906e+00,  1.56130633e+00,
        1.25013629e+00, -1.22682397e+00,  5.56246427e+00,  4.73035105e+00,
        3.21626686e+00,  1.06675636e+00,  9.86129707e+00,  1.52912479e-01,
        1.24688623e+00, -1.28742904e+00,  2.24143223e+00,  1.49661707e+00,
        8.46235819e+00, -2.02544986e+00, -2.73372050e+00,  1.84978859e+00,
       -2.63966473e+00, -5.19034500e+00, -2.02374991e+00,  2.34093236e+00,
       -5.27840645e-01,  4.09108195e+00,  3.99017134e+00,  2.89601208e+00,
        2.51312484e+00,  4.87413272e+00,  4.56277919e+00, -1.00607878e+00,
        5.06304406e+00,  4.15834936e+00,  5.03444668e+00, -5.61496186e+00,
       -6.46694375e-01,  2.57428852e-01,  4.03496191e+00,  3.56182802e+00,
        4.33737087e+00,  3.73184434e+00, -2.36295724e+00,  3.56293913e+00,
       -5.65343538e-01,  6.29863606e+00,  3.95987109e+00,  2.13224932e+00,
       -2.26897074e+00, -5.38030794e+00,  9.97592688e-01,  3.66431687e+00,
        1.57925054e+00,  2.53012046e+00,  1.76513082e-01,  4.79613812e+00,
        2.28658757e+00,  5.75121573e+00,  1.58973455e+00,  5.15330643e+00,
       -6.74321098e+00,  1.85268184e+00,  1.20521436e-01,  6.24173445e-01,
        7.79906911e+00, -3.27375223e+00,  9.43109889e+00,  8.33036730e-01,
       -4.31411630e+00, -9.43459469e-01,  1.23040914e+00,  8.82063214e+00,
       -5.54076062e+00,  1.19938495e+01, -1.77049359e+00, -1.11719336e+00,
        2.77816101e+00,  3.98095008e+00, -2.72855420e+00, -4.55619997e+00,
       -6.51867782e+00,  1.63520186e+00,  2.10059411e+00,  1.47510150e+00,
        1.07848547e-01,  4.77881857e+00,  5.07281675e+00,  2.77346408e+00,
       -7.91936116e+00,  5.56929217e+00,  1.67545829e+00,  5.72139175e+00,
        1.58629300e+00,  1.38830764e-01,  4.36128944e-01, -4.19481194e+00,
        9.12493862e+00,  3.51053035e+00, -3.94365277e+00, -5.77345902e+00,
        3.78950777e+00, -1.88642221e-01,  1.79819474e-01, -1.16804420e+00,
        3.60195755e-02,  8.83414275e+00,  2.85991911e+00,  3.86753226e+00,
        3.86865944e+00,  5.06997797e+00,  5.56728120e+00,  1.94688818e+00,
        1.16577321e+00, -2.33971963e+00,  3.04653333e+00,  5.17487893e+00,
        1.01510568e+01, -1.37505401e+00,  2.54852792e+00, -5.24270739e-01,
        1.73984387e+00,  4.64409030e+00,  5.53382653e+00,  2.36842585e+00,
        4.28571196e+00, -1.93884723e+00,  8.75161620e+00,  3.64841969e+00,
       -1.68292751e+00,  9.99695560e+00,  3.10780839e+00,  1.13486859e+00,
        1.68449209e+00, -5.26994377e+00, -1.08745782e-01, -1.04739209e+00,
        1.21822566e+00,  5.96027889e+00,  3.84845059e+00, -1.51714163e+00,
        3.19437980e+00,  5.47407346e+00, -3.68653447e-01,  3.48769875e+00,
        5.62004737e+00,  5.23546415e+00, -4.90976212e-01, -1.80852378e+00,
        3.31947493e+00,  4.62186142e+00,  5.52439370e+00, -2.05728541e+00,
        2.38115059e+00, -4.20766569e-01,  4.18912896e+00,  9.31431681e-02,
        8.07385590e+00,  8.90601156e+00,  2.32168083e+00,  5.88373399e-01,
       -3.65281155e-01,  3.45334342e+00,  3.58250225e-01,  1.08973277e+00,
        5.34471619e+00,  3.94510271e+00, -6.57762510e-01, -2.47481703e+00,
        5.07657623e+00,  9.58812240e-01,  1.45978241e+01,  6.78542154e+00,
        2.89142362e+00,  3.50713528e+00,  1.98551162e+00,  9.75313973e-01,
        8.05094652e-01,  4.56923635e-01, -2.82669316e+00,  1.38878708e+00,
       -7.31126305e+00,  7.84226136e+00,  1.21818728e+00,  7.89464434e-01,
        1.07891062e+00,  1.87545283e+00,  1.19274386e+00,  1.22535249e+01,
        4.40493538e+00,  7.02247860e-01, -4.17955442e+00,  5.85825617e+00,
        2.04144586e+00, -2.34378590e+00, -4.40045579e-01,  8.95974002e+00,
        2.53860578e+00,  4.64232593e-01,  4.21274961e+00, -5.87981567e+00,
        1.79558698e+00, -3.16459769e+00, -4.80647844e+00,  1.57140696e+00,
       -9.14844003e-01,  2.20880775e+00, -8.53992878e-01,  5.97600117e+00,
        3.30431989e+00,  6.24054686e+00, -3.87208465e+00,  3.88963386e+00,
        6.63148017e+00,  5.59752590e-01,  1.46069156e+00,  1.30481433e-01,
        7.72627923e-01,  7.26678540e+00,  9.41782799e+00,  2.48858015e+00,
       -1.72509334e+00, -2.52001932e+00,  3.94494791e+00,  8.11435775e+00,
       -2.29412167e+00,  5.58502362e+00,  3.03696992e+00,  2.96578906e+00,
        3.91559302e+00, -1.30128940e+00,  5.03004331e+00,  9.18234134e+00,
        2.27976708e+00, -8.47784205e-01,  9.51112483e-01,  4.21654863e+00,
       -7.79221690e-01, -2.72859627e+00,  7.32684321e+00, -3.00502745e+00,
        1.33587692e+01,  4.95618902e-01, -2.48926730e+00,  4.43228351e+00,
        5.90345762e-03, -5.87628794e-01, -1.63106443e+00,  4.40945491e-01,
        4.37553417e+00,  1.33936103e+00,  2.41225670e+00,  5.61754502e+00,
        4.87612077e-01,  5.40985159e+00, -7.18838282e-01,  5.13334649e+00,
        6.00124898e+00,  1.11510107e+00,  4.28110180e+00,  3.63458549e-01,
       -4.58733029e+00,  4.89194955e+00,  6.61139116e+00, -4.32739598e+00,
        3.21324728e+00,  2.15409811e+00,  4.95419277e+00,  8.39123114e-01,
        1.80374117e+00,  2.74102274e+00,  3.37526448e+00,  2.33096631e+00,
        3.99075029e+00, -3.70188963e+00, -1.53283707e+00,  5.91746086e+00,
        3.64240192e+00,  5.71163399e+00,  4.65227629e+00, -1.03901685e+00,
        4.84247332e+00,  3.92950174e+00,  4.32633722e+00, -5.09393577e+00,
        5.08817737e+00,  3.75616124e+00,  7.64859287e-01, -1.92058464e+00,
       -1.35555713e+00,  3.36166705e+00,  1.00307654e+01,  7.09395546e+00,
       -2.79544208e+00, -1.34913870e+00,  2.62123847e+00,  1.52198470e-01,
       -2.30887126e+00, -7.50585606e-01,  4.49018944e+00,  5.19183078e+00,
        8.92840106e+00, -3.27420185e-01,  5.48972513e+00,  1.15434764e+00,
        4.15239932e+00,  4.61945652e+00,  2.16965085e+00,  2.08569755e+00,
       -7.35064856e+00,  3.39854168e+00,  5.49263081e-01,  1.31501148e+00,
        2.69949108e+00,  4.97040314e+00, -1.47962894e+00,  3.90634863e+00,
        1.67377879e+00,  4.69844863e-01,  1.42945082e-01, -3.46460934e+00,
        6.65716588e+00,  5.22035620e+00,  8.28065844e-01, -2.45959485e+00,
        1.93840447e+00,  9.63929392e-01, -3.04203817e-02, -1.56305943e+00,
       -3.10341478e+00,  1.77626281e+00,  2.20243949e+00, -4.69083333e+00,
        3.94326057e+00,  6.75504177e+00,  4.78438380e+00,  6.82665362e+00,
        6.70399369e+00,  1.92919636e+00,  1.95283033e+00,  2.90934212e+00,
        1.83849379e+00, -3.64880884e+00,  8.82988613e+00, -4.46931450e-01,
        6.03578903e+00,  3.70673513e+00,  2.91398345e+00,  4.58690820e+00,
       -4.34849029e+00,  3.78354561e+00, -1.05102562e+00,  3.99033166e+00,
        9.88488329e+00,  4.14206585e-01,  1.03553769e+01, -9.66745999e-01,
       -1.79614212e+00,  3.12126608e+00,  2.25646583e+00,  4.88832297e+00,
       -2.72539793e+00,  2.15068865e+00,  7.45663751e+00,  5.36920048e+00,
        2.62132320e+00,  7.19936786e+00,  6.43901731e+00,  6.20900551e+00,
       -9.94912810e-01,  5.21728025e+00,  5.63138653e+00, -8.24569674e-01,
       -6.43863035e-01, -4.16774611e+00,  2.01015784e+00, -2.99877044e+00,
        1.86658316e+00,  4.64740437e-01,  3.43988412e+00,  9.15101998e-01,
        5.60994992e+00,  2.73934119e-01, -3.72949792e-01, -6.11129039e-01,
        3.34201934e+00,  2.19547290e+00,  3.08109909e+00,  6.73828588e+00,
       -4.46105929e+00,  4.25301032e+00,  4.13232551e+00,  8.30581132e+00,
       -8.24908906e+00, -6.49382664e-01, -2.68498530e+00,  9.11164671e+00,
        1.95031510e+00,  1.01506450e+00,  7.99831438e+00,  3.04357369e-01,
        7.67422695e+00, -5.19621612e+00,  4.05471279e+00,  8.44209079e-04,
       -1.37725589e+00,  6.78072830e+00,  3.38234963e+00,  6.02666600e+00,
        9.21911730e+00,  4.40747784e+00,  4.12399892e-01,  2.79208626e+00,
        9.30113891e+00,  3.79761767e+00,  2.78222517e+00,  7.95081542e+00,
        1.89952489e+00,  4.13456579e+00,  2.49022221e+00, -8.12997169e-01,
        3.63934565e+00,  3.63136098e+00,  6.16598715e+00,  9.39499505e+00,
       -1.96964389e+00,  4.86576561e+00,  5.19092344e+00, -3.54593100e+00,
        1.16225240e+00,  2.72364589e-01,  5.84168445e+00,  6.51591197e+00,
       -1.97246797e-01, -3.15970116e+00,  2.25340997e+00,  1.29251736e+00]), array([-9.73060359e-02,  5.93470266e+00,  8.43659527e+00,  1.12883135e+00,
       -1.65542718e+00,  1.23121429e-02, -1.95236916e+00,  7.96112766e+00,
        4.03194396e+00,  3.85721993e+00, -3.82112316e+00,  3.89700133e+00,
        4.34430061e+00,  5.60819104e-01,  2.15281038e+00, -3.11537124e+00,
        3.74984680e+00,  7.12965475e+00,  4.92127573e+00,  2.78509864e+00,
        2.10008254e+00, -1.28620377e-02, -2.02042956e+00, -2.55486395e+00,
        6.22765362e+00,  3.32667329e+00, -8.64792681e-01,  2.46262584e+00,
        3.24331412e+00,  2.12606683e+00,  3.04810535e+00,  5.51036969e+00,
        3.91293063e+00, -1.42428268e+00,  1.35042529e+00, -6.20675400e-01,
        3.72056323e+00,  3.08245321e+00,  3.62784526e+00,  1.44677888e-01,
       -3.19241401e+00,  2.22704052e-01,  5.27036129e+00,  4.56448693e+00,
       -4.38926297e+00,  7.66349969e+00,  1.98705135e+00,  1.64672682e+01,
        9.47997728e-01,  8.44031946e+00,  5.42156318e+00,  5.10497444e-01,
       -2.10371770e+00,  8.64327390e+00,  6.02244501e+00,  6.53578768e+00,
        2.85220326e+00,  1.08974671e+00, -2.76320196e+00,  9.81334633e+00,
        3.27342548e+00,  6.32472696e+00,  6.41352136e+00,  3.77134991e+00,
        3.89642049e+00,  8.43320452e+00, -6.75501894e+00,  3.70449072e+00,
        3.15042495e+00,  1.47597296e+01,  1.13211973e+00,  3.30175997e+00,
        1.13896262e+00, -4.03391211e+00,  5.94138289e+00,  1.29168620e+00,
        6.15185784e+00,  5.06868186e+00,  4.57245319e+00,  3.23744236e+00,
        4.75642603e+00,  4.08277866e+00, -2.52500250e+00,  2.55170395e+00,
        8.81618071e+00, -1.16009652e+00,  6.44245742e+00, -5.44020896e+00,
        2.06325841e+00,  3.45651733e+00,  8.76298472e-01,  3.56080713e+00,
       -4.61232399e-01,  7.18159707e+00,  2.06017090e+00,  4.75512020e+00,
        5.36598874e+00, -5.51883302e+00,  6.79878998e+00, -3.10253972e+00,
        5.24281785e+00,  7.12546296e+00,  2.68447390e-01,  9.92718533e+00,
        4.09813061e+00,  5.16271290e+00,  3.06691146e+00,  1.47557273e+00,
       -9.32336447e-01, -8.09703634e-01,  4.21109137e+00,  7.92493974e+00,
        4.39706528e+00,  2.40446665e+00,  5.23866800e+00,  5.00900867e+00,
        4.06283806e-01,  4.92750475e+00,  1.03187010e+01,  4.76306006e+00,
        1.15458350e+00, -9.83839753e-01,  1.76948905e+00,  1.96727669e-01,
        6.26378256e+00,  8.68547779e+00, -7.80209429e-01,  4.95634890e+00,
        2.71862495e+00,  7.47620537e+00,  2.16324758e+00, -1.54388421e+00,
        7.63147217e+00, -4.05733715e+00,  6.06389724e+00,  7.68860524e+00,
        6.05932995e+00,  1.87625072e+00, -5.84984247e-01,  4.88638431e+00,
       -1.11683930e+00,  6.99548128e+00, -3.50886001e+00,  6.32865745e-01,
        7.12829179e+00,  4.42954672e+00,  6.82095007e+00,  4.35530793e-01,
        6.54821814e+00,  7.14280289e+00,  5.03784312e+00,  1.95734979e+00,
        7.23160862e+00,  2.78093237e+00,  5.79280606e+00,  3.40603092e+00,
       -1.15510330e+00,  2.50631663e+00, -3.42734769e-02,  3.53083906e+00,
        2.35592142e+00,  4.43156316e+00,  1.01799036e+00,  4.11575236e+00,
        5.63581065e+00,  4.87289172e+00,  2.75749157e+00,  4.14390247e+00,
        4.59520026e+00,  2.96519108e+00, -1.72859202e+00,  7.21505606e+00,
        3.09319942e+00,  4.55824739e+00,  6.28469631e+00,  2.26465726e-01,
        7.66212227e+00, -2.75748073e+00,  8.43925863e+00,  3.52207051e+00,
        2.07484845e+00, -3.14917998e-01, -2.34116630e+00,  2.86352857e+00,
        4.72422425e+00,  4.26597661e+00,  3.13940539e+00,  3.51418485e+00,
        4.51164656e+00,  1.61372069e+00, -1.95095074e+00,  3.25171841e+00,
        1.56778874e+00,  1.06464238e+00,  3.49921974e+00,  4.63677364e+00,
        3.12621830e+00,  3.03088673e+00,  4.56444727e+00,  2.58790934e+00,
        3.14991266e+00,  1.28537771e+00,  1.63730404e-01,  8.59389145e-01,
        1.77096288e+00,  6.26636336e+00,  3.51276593e+00,  6.82051720e+00,
        1.48519703e+00,  7.49239064e+00,  2.29406402e+00, -7.36030894e-01,
       -7.83622341e-01,  5.88056534e+00,  5.13963022e+00,  6.44383641e+00,
        5.25264321e+00,  5.89905585e+00, -1.96902263e+00,  7.18476306e-01,
        5.51395185e+00,  5.65125749e+00,  7.11568052e+00,  1.24456078e+00,
        6.11202511e+00,  1.74877744e+00,  1.94793229e+00,  1.34425315e+00,
        7.89919411e+00,  6.64458336e+00,  4.59838976e+00, -2.15514423e+00,
        6.98616327e+00, -2.60628459e+00, -1.91941046e-01, -3.20725896e-01,
        1.37672418e+00, -9.72442952e-01,  7.80420208e+00,  9.04541852e+00,
        4.17433081e+00,  6.75650017e+00,  1.08728369e+01,  4.46506879e+00,
        6.67451953e-01,  1.75104787e+00,  5.18870295e+00,  8.94874408e-01,
        1.10831413e+00, -6.40119975e+00,  4.71236623e-01,  1.06805967e+01,
       -1.92209704e+00,  3.55441858e+00, -6.96498264e-01,  5.67962031e+00,
       -1.52617632e+00, -3.10169791e+00, -2.10851392e+00,  1.33809368e+00,
        1.43174674e+00,  1.35019402e+00,  2.05755387e+00,  9.20768655e+00,
        6.44073333e+00,  6.94386675e+00,  1.10136575e+00,  2.58775576e+00,
        4.39827786e-01,  1.14635189e+01, -3.50309376e+00,  3.70397284e+00,
        5.02871254e-01,  3.35411630e+00,  2.20833200e+00,  7.22341072e+00,
        4.34242000e+00,  4.44030503e+00, -6.30445361e-01,  5.28891969e+00,
        9.61376246e+00, -7.35423657e+00, -4.19187436e+00,  3.48884814e+00,
       -1.50795418e+00,  2.80144932e-01,  9.04643661e+00,  1.31502246e+00,
        7.45852597e+00,  7.25845282e+00, -2.65881645e+00,  8.52060043e+00,
        3.22559246e+00,  1.94198334e+00, -1.20228999e+00,  3.02076170e+00,
        6.89273763e+00,  5.05163545e+00,  3.35804036e+00,  3.08623594e+00,
        4.96279618e+00, -7.85117646e-02, -6.84477690e+00, -2.45832051e+00,
        1.63861311e+00,  9.62397088e+00,  5.22133882e+00, -5.74535345e-01,
        4.88087881e+00,  1.07063415e+01,  1.93983065e+00,  7.31650873e-01,
        8.20371549e-01, -5.69549693e+00,  1.32523127e+00, -3.01919764e-01,
        4.84097783e-01,  2.87214438e+00, -1.97697231e+00,  4.53699454e+00,
        6.41583208e+00,  2.39703187e-01, -4.83178260e-01,  6.48338108e+00,
        3.47177683e+00,  1.06712629e+01,  4.04940238e+00,  8.31482167e-01,
       -7.17609286e-01,  4.56835966e+00,  8.18348469e+00,  5.68787965e+00,
       -2.46120820e+00,  2.64829840e+00,  5.62329078e+00,  5.97557542e+00,
        4.89208241e+00,  2.74943371e+00,  3.70772437e+00,  4.06621698e+00,
        5.92130788e+00, -6.62002517e-01,  1.52141989e+00,  4.10566224e+00,
        1.47354382e+00,  8.53206030e-01, -1.02273597e+00,  1.50735951e+00,
        5.11125047e+00,  7.97149167e+00, -4.24337146e-02,  2.54534059e-01,
        7.01806435e-01,  8.76256183e+00,  4.94661322e+00,  6.18613555e+00,
        5.21767222e+00,  5.29038145e+00, -1.49358948e-01, -3.08571940e-01,
        5.86583032e+00, -2.97132986e-01,  8.81265575e-01,  4.01096637e+00,
        7.12461433e+00,  6.22318003e+00,  5.81643704e+00,  2.29783468e+00,
        1.96682653e+00, -8.50307836e-01,  6.63712948e+00,  5.37468512e+00,
        3.48110846e+00,  1.99346266e+00,  1.05744412e+01,  7.73945764e-01,
        1.18655491e+00, -7.50984874e-01,  3.17114330e+00,  2.15410913e+00,
        9.43737072e+00, -1.31706885e+00, -2.15687313e+00,  3.14324563e+00,
       -1.83669447e+00, -4.29718947e+00, -1.04641278e+00,  3.37057743e+00,
        5.87459073e-01,  5.03497501e+00,  4.78947982e+00,  3.53623615e+00,
        2.89947165e+00,  6.08110482e+00,  5.38249628e+00, -5.29224605e-01,
        5.56922805e+00,  5.25897358e+00,  6.33528723e+00, -5.47836280e+00,
        3.49298043e-01,  1.29866708e+00,  5.34089703e+00,  5.07373717e+00,
        4.47067292e+00,  4.58541476e+00, -1.27818663e+00,  4.61549235e+00,
        1.75152850e-01,  7.03386113e+00,  4.41909593e+00,  2.63432169e+00,
       -1.75120545e+00, -4.90939560e+00,  2.15723082e+00,  4.59775746e+00,
        2.40745201e+00,  3.35382524e+00,  1.20623045e+00,  5.97623763e+00,
        2.97547736e+00,  6.36073635e+00,  2.74886628e+00,  5.63461978e+00,
       -6.19979133e+00,  2.88450724e+00,  5.91115862e-01,  1.74055150e+00,
        8.25348947e+00, -2.47234025e+00,  9.92935517e+00,  1.93806090e+00,
       -3.23549436e+00, -1.12011611e-01,  1.86232945e+00,  8.71498079e+00,
       -4.24321351e+00,  1.16897532e+01, -6.91256342e-01, -4.43793617e-01,
        3.61323571e+00,  4.18037951e+00, -1.63392032e+00, -3.99751366e+00,
       -5.56253501e+00,  2.28122571e+00,  3.72455627e+00,  2.24173814e+00,
        9.15849426e-01,  5.69974684e+00,  5.80703006e+00,  4.13485010e+00,
       -7.84464648e+00,  6.17579758e+00,  2.41167524e+00,  6.31602272e+00,
        2.14683999e+00,  1.07829874e+00,  9.69613333e-01, -4.14516587e+00,
        9.02082877e+00,  4.20463842e+00, -3.20824291e+00, -4.70453679e+00,
        4.49869624e+00,  9.33542969e-01,  1.16076621e+00, -3.34470557e-01,
        8.12754355e-01,  9.56804804e+00,  3.69293749e+00,  4.34579247e+00,
        4.49610940e+00,  6.39597640e+00,  5.79585107e+00,  2.04416087e+00,
        2.71335798e+00, -1.07871304e+00,  4.17604260e+00,  6.09801740e+00,
        1.05127056e+01, -7.78666711e-01,  2.86235059e+00, -2.30997108e-02,
        2.24066510e+00,  5.17167693e+00,  6.55874415e+00,  2.92958358e+00,
        5.22069143e+00, -1.11928867e+00,  8.73609594e+00,  4.59997541e+00,
       -1.26536649e+00,  1.01298996e+01,  2.83186637e+00,  1.61675803e+00,
        2.56111503e+00, -4.07005691e+00,  1.12271292e+00,  9.68781423e-03,
        2.22879237e+00,  6.87066948e+00,  4.31921334e+00, -1.69928781e+00,
        3.94560065e+00,  5.85506395e+00, -5.11308289e-03,  4.13791758e+00,
        6.29204871e+00,  6.06981329e+00,  1.93811017e-01, -1.39086270e+00,
        4.34669250e+00,  5.24259102e+00,  5.77972724e+00, -1.35892570e+00,
        3.07865183e+00,  6.78291160e-01,  5.33971241e+00,  8.71585598e-01,
        8.83765720e+00,  9.24726396e+00,  3.26917875e+00,  9.56078608e-01,
        7.54847729e-01,  4.20577993e+00,  5.43861993e-01,  1.46850035e+00,
        5.79109371e+00,  4.90624659e+00,  4.14932893e-01, -1.40786390e+00,
        5.90410030e+00,  1.56683979e+00,  1.43679395e+01,  7.18236277e+00,
        3.13294570e+00,  3.40129169e+00,  2.64695397e+00,  9.95985243e-01,
        1.56661078e+00,  1.41054288e+00, -1.85916034e+00,  1.67382379e+00,
       -6.49697273e+00,  8.71089508e+00,  1.60020162e+00,  1.50954991e+00,
        1.85709039e+00,  1.72956285e+00,  1.45171075e+00,  1.23765097e+01,
        5.29967457e+00,  9.87382723e-01, -3.02479086e+00,  5.98740121e+00,
        2.54716304e+00, -1.47487902e+00,  5.73112563e-01,  9.30847514e+00,
        3.28676654e+00,  1.08842763e+00,  5.13167020e+00, -5.23080478e+00,
        3.19189888e+00, -2.30205377e+00, -4.05492022e+00,  2.00496115e+00,
       -8.58601803e-02,  2.78624107e+00, -7.46564688e-02,  6.47313277e+00,
        3.72180188e+00,  6.53115584e+00, -2.60042414e+00,  4.66507346e+00,
        7.04317705e+00,  1.51122309e+00,  2.13843927e+00,  1.26948931e+00,
        1.35769981e+00,  8.45243472e+00,  1.01719358e+01,  2.79488868e+00,
       -7.06666321e-01, -1.76575052e+00,  4.01095364e+00,  9.59007373e+00,
       -2.05906274e+00,  6.12615821e+00,  3.68632583e+00,  3.74518566e+00,
        5.01658567e+00, -7.78746461e-01,  5.24364039e+00,  1.02148229e+01,
        2.94758635e+00,  5.26824310e-01,  2.03129608e+00,  4.99546961e+00,
       -3.07098638e-01, -1.14640168e+00,  7.92423592e+00, -2.02587544e+00,
        1.35015567e+01,  1.68901089e+00, -1.75695791e+00,  5.13619225e+00,
        8.21043894e-01,  2.53324253e-01, -3.64527062e-01,  1.42120625e+00,
        4.99767004e+00,  2.71779240e+00,  3.18589808e+00,  6.27370022e+00,
        1.52124653e+00,  6.60083021e+00, -9.45393828e-01,  5.94714849e+00,
        6.21512019e+00,  2.78711063e+00,  4.88830053e+00,  1.20516690e+00,
       -3.74522702e+00,  5.25733157e+00,  6.53429412e+00, -3.41725353e+00,
        3.87687232e+00,  2.48360883e+00,  5.27367080e+00,  1.17883640e+00,
        2.20317579e+00,  3.07869729e+00,  4.75157907e+00,  3.55565140e+00,
        4.44887821e+00, -2.84117078e+00, -1.78503891e+00,  6.47366793e+00,
        3.96570215e+00,  6.58746541e+00,  5.08496683e+00, -3.32486857e-01,
        5.35089409e+00,  4.61296955e+00,  5.02677125e+00, -4.46470934e+00,
        5.90129808e+00,  4.29338173e+00,  1.70297787e+00, -1.68395797e+00,
       -5.21023442e-01,  3.52639173e+00,  1.10569063e+01,  7.67426180e+00,
       -1.41348560e+00, -6.76291632e-01,  3.01764300e+00,  6.67879113e-01,
       -2.01071744e+00, -5.27700785e-01,  5.63666281e+00,  5.67792842e+00,
        1.00722556e+01,  7.56717036e-01,  6.42635446e+00,  1.88785477e+00,
        4.61187003e+00,  4.91203927e+00,  2.50910984e+00,  2.77720314e+00,
       -6.63077415e+00,  4.71526854e+00,  3.91379394e-01,  2.19123235e+00,
        2.90698839e+00,  5.59295578e+00, -9.88702947e-01,  4.61519458e+00,
        1.67040095e+00,  5.37943505e-01,  1.25577481e+00, -2.25306329e+00,
        7.12746459e+00,  5.84074346e+00,  1.73886375e+00, -2.05130542e+00,
        2.11177874e+00,  1.86616242e+00,  1.14870941e+00, -5.71451752e-01,
       -1.92660970e+00,  2.48898691e+00,  2.48713854e+00, -3.57841129e+00,
        4.75619259e+00,  7.28813357e+00,  5.53934802e+00,  7.98095643e+00,
        7.29411651e+00,  2.28842156e+00,  2.36573093e+00,  3.20071805e+00,
        1.49440826e+00, -2.73302327e+00,  9.15556180e+00,  8.12949683e-01,
        6.55014200e+00,  3.73941577e+00,  3.63534902e+00,  4.85964944e+00,
       -3.48750434e+00,  4.69777485e+00,  3.88869671e-01,  5.10104000e+00,
        1.06903719e+01,  1.03107059e+00,  1.11051027e+01, -1.16728964e-01,
       -9.06390670e-01,  3.90660348e+00,  3.52299694e+00,  5.07677214e+00,
       -1.90871273e+00,  3.33472802e+00,  7.93827956e+00,  6.40268263e+00,
        3.09689486e+00,  7.89907952e+00,  6.92904425e+00,  7.00946412e+00,
       -1.59637663e-01,  5.55797359e+00,  6.48686004e+00, -2.73560236e-02,
        1.31820280e-01, -3.12059676e+00,  2.47925131e+00, -1.53494477e+00,
        2.58757584e+00,  1.29680810e+00,  4.03889215e+00,  1.74232955e+00,
        6.25869743e+00,  1.29177537e+00,  5.09668711e-01,  5.81273163e-01,
        3.62885979e+00,  2.75023398e+00,  4.16689488e+00,  7.27818993e+00,
       -3.49982986e+00,  5.57742982e+00,  4.89319116e+00,  8.24586052e+00,
       -7.15126597e+00,  4.15490234e-02, -1.88370384e+00,  1.00867454e+01,
        2.73928464e+00,  1.53216506e+00,  9.01859691e+00,  1.12699194e+00,
        8.21742746e+00, -3.64273718e+00,  3.85472196e+00,  6.02730013e-01,
       -9.52606099e-01,  6.99467134e+00,  3.95400290e+00,  6.61335312e+00,
        9.80688676e+00,  5.20690337e+00,  1.29770685e+00,  3.45926433e+00,
        1.01015618e+01,  4.29895119e+00,  3.77661802e+00,  8.39307599e+00,
        2.50850306e+00,  5.34905420e+00,  3.68407608e+00,  2.12053238e-01,
        4.75863181e+00,  4.52012620e+00,  6.26043958e+00,  1.00152635e+01,
       -1.19620458e+00,  5.43033938e+00,  5.98271669e+00, -2.69931090e+00,
        1.87557654e+00,  9.64400738e-01,  6.15733824e+00,  7.36126660e+00,
        2.86075513e-01, -2.38989833e+00,  2.73961887e+00,  2.26774307e+00]), array([ 6.64320374e-01,  6.84521778e+00,  8.68069932e+00,  1.01488743e+00,
       -4.51773888e-01,  9.00663204e-01, -7.86860632e-01,  8.63467805e+00,
        4.15857868e+00,  4.83713652e+00, -3.07951044e+00,  5.03777778e+00,
        4.97283953e+00,  4.38016056e-01,  2.75148097e+00, -2.53283026e+00,
        4.47795900e+00,  7.98011113e+00,  5.77586974e+00,  3.82088383e+00,
        2.93525350e+00,  3.31784136e-01, -1.03546683e+00, -1.42094669e+00,
        6.39240948e+00,  3.90527358e+00, -6.78790852e-01,  2.95334528e+00,
        4.07496800e+00,  2.16048134e+00,  3.85447142e+00,  5.68361658e+00,
        4.43670403e+00, -2.37586503e-01,  1.68678861e+00,  4.36433717e-01,
        4.57039205e+00,  3.48657399e+00,  4.04322487e+00,  7.20704976e-01,
       -2.47038510e+00,  9.89403502e-01,  5.58076526e+00,  5.07567892e+00,
       -3.30862793e+00,  8.14788266e+00,  2.26212162e+00,  1.67185633e+01,
        1.63567326e+00,  8.93854400e+00,  6.08624237e+00,  1.42391112e+00,
       -1.26764161e+00,  9.12388552e+00,  6.71220503e+00,  6.28877187e+00,
        3.38805208e+00,  1.85541946e+00, -1.85261043e+00,  1.07990920e+01,
        3.76701224e+00,  6.58693979e+00,  8.02944362e+00,  4.39071191e+00,
        4.40322274e+00,  8.74456344e+00, -5.70368389e+00,  4.53889398e+00,
        3.31646813e+00,  1.51192879e+01,  2.09139934e+00,  3.94361329e+00,
        2.13984449e+00, -2.72430079e+00,  6.56173817e+00,  1.77273063e+00,
        6.54246293e+00,  5.75361559e+00,  5.30523280e+00,  4.10370381e+00,
        5.23783599e+00,  4.21078932e+00, -1.45436894e+00,  3.62124900e+00,
        9.37303922e+00,  2.51787291e-01,  7.34336184e+00, -4.83463938e+00,
        2.72883712e+00,  4.23147801e+00,  1.07374979e+00,  4.60441608e+00,
        6.80060751e-01,  7.50850738e+00,  3.11355924e+00,  4.95107906e+00,
        5.84253915e+00, -4.96852408e+00,  7.48471087e+00, -2.65980539e+00,
        6.16602828e+00,  7.42649797e+00,  1.15488404e+00,  1.05218699e+01,
        5.11462338e+00,  5.56011975e+00,  3.70315375e+00,  1.81060069e+00,
        1.90794465e-01, -1.00864199e-01,  3.97447562e+00,  8.94822177e+00,
        5.62896148e+00,  3.36935636e+00,  5.46435702e+00,  5.28653061e+00,
        9.61547774e-01,  5.49692502e+00,  1.05771513e+01,  5.31658038e+00,
        1.68092546e+00, -2.42679427e-01,  2.13394683e+00,  6.44832261e-03,
        7.09087004e+00,  9.43666213e+00,  1.17433641e-01,  5.10022185e+00,
        3.36638765e+00,  7.56773834e+00,  3.45436441e+00, -3.23958070e-01,
        8.34335795e+00, -3.33249678e+00,  6.76235634e+00,  8.03913278e+00,
        6.58096781e+00,  2.79728169e+00,  2.26919544e-01,  5.74657190e+00,
       -3.82623633e-01,  7.37020452e+00, -2.42572830e+00,  1.98946437e+00,
        7.90192036e+00,  5.15982059e+00,  7.68123500e+00,  1.45959627e+00,
        7.34410197e+00,  7.04916797e+00,  5.37941467e+00,  2.30679118e+00,
        7.96450287e+00,  3.07779774e+00,  5.90250811e+00,  4.37350751e+00,
       -2.85450704e-01,  3.04143512e+00,  1.02195551e+00,  3.91910817e+00,
        3.17526258e+00,  5.03837664e+00,  1.48348843e+00,  4.67544922e+00,
        5.72246573e+00,  4.77007088e+00,  3.31792737e+00,  4.68779966e+00,
        4.96861729e+00,  4.07665222e+00, -8.81345779e-01,  8.28605722e+00,
        3.43559456e+00,  5.23336625e+00,  7.16520474e+00,  1.01228896e+00,
        7.91559820e+00, -1.60809989e+00,  8.84344376e+00,  4.30727501e+00,
        3.04256463e+00,  2.59360810e-01, -1.59405306e+00,  3.72166249e+00,
        5.67828503e+00,  5.17399681e+00,  4.46273298e+00,  3.85128962e+00,
        5.19437083e+00,  2.74903671e+00, -1.20088248e+00,  3.82913607e+00,
        2.42884045e+00,  1.44997471e+00,  4.15650296e+00,  5.54155008e+00,
        3.90421885e+00,  3.53038268e+00,  5.43511498e+00,  2.94056798e+00,
        4.24268325e+00,  2.28273725e+00,  7.25383599e-01,  1.45830421e+00,
        2.60657411e+00,  6.88665086e+00,  4.40129344e+00,  7.36098189e+00,
        2.09632859e+00,  8.04102998e+00,  3.31991276e+00, -9.53816726e-02,
       -1.21800059e-01,  6.48573158e+00,  5.71737404e+00,  7.52313652e+00,
        6.66553044e+00,  7.11541745e+00, -9.77537446e-01,  1.14843975e+00,
        6.13902867e+00,  6.53798040e+00,  8.27118944e+00,  2.37159708e+00,
        6.53526178e+00,  2.28410532e+00,  3.11887084e+00,  2.02714334e+00,
        8.20942208e+00,  7.13698386e+00,  5.25912295e+00, -1.31214131e+00,
        7.75500300e+00, -2.62364099e+00,  8.12665350e-01,  7.35660230e-01,
        2.10230129e+00, -5.19116528e-02,  8.65897834e+00,  9.55233616e+00,
        4.81314637e+00,  7.52316008e+00,  1.13845754e+01,  5.81306141e+00,
        1.55990123e+00,  2.29294068e+00,  5.97063086e+00,  1.30904929e+00,
        1.69793730e+00, -4.84722964e+00,  1.41432568e+00,  1.14128900e+01,
       -1.47817216e+00,  4.12376002e+00,  1.41408978e-01,  5.86564604e+00,
        6.55493929e-02, -2.81486047e+00, -1.23856804e+00,  2.12503098e+00,
        1.87867489e+00,  2.40164459e+00,  2.95248403e+00,  1.04723914e+01,
        6.79553236e+00,  6.98777550e+00,  1.49021512e+00,  3.03910911e+00,
        9.74479801e-01,  1.26185880e+01, -2.42737464e+00,  4.30438797e+00,
        1.26405685e+00,  4.18564344e+00,  2.62702841e+00,  8.41037292e+00,
        5.79101755e+00,  5.45770594e+00,  1.67078854e-01,  5.92567023e+00,
        1.00634384e+01, -6.47553835e+00, -3.42314980e+00,  4.21176642e+00,
       -7.94005639e-01,  8.09156870e-01,  9.61571905e+00,  2.32248417e+00,
        8.60153595e+00,  8.33265817e+00, -1.89104900e+00,  9.34021542e+00,
        3.88556588e+00,  2.66489695e+00, -2.90353854e-01,  3.85801382e+00,
        7.72955979e+00,  5.47443477e+00,  3.48313690e+00,  4.15462972e+00,
        5.85409669e+00, -2.60790994e-01, -6.66115202e+00, -8.52142336e-01,
        2.86417126e+00,  9.72942250e+00,  5.97418397e+00, -5.02863235e-01,
        5.76748286e+00,  1.14667744e+01,  2.29110424e+00,  7.99667673e-01,
        1.35638178e+00, -4.90022683e+00,  2.02079752e+00,  1.04113402e-01,
        5.26335030e-01,  3.48294340e+00, -1.54051577e+00,  5.05121630e+00,
        6.87271298e+00,  1.03547645e+00,  4.39483279e-01,  7.19859967e+00,
        4.05222206e+00,  1.17915828e+01,  4.72934772e+00,  1.61849001e+00,
       -1.89554249e-01,  4.80120794e+00,  8.68053685e+00,  6.15425497e+00,
       -1.92808646e+00,  2.97777590e+00,  6.36624642e+00,  6.48112719e+00,
        5.08162126e+00,  3.56977340e+00,  4.28134138e+00,  4.03920803e+00,
        6.27007742e+00,  1.15199518e-01,  2.17090431e+00,  4.78149269e+00,
        2.10762840e+00,  1.27031731e+00, -3.78513954e-01,  2.12228822e+00,
        6.49290033e+00,  8.74814632e+00,  2.25787703e-01,  1.24254589e+00,
        1.29988116e+00,  1.00813676e+01,  5.39102812e+00,  6.32438225e+00,
        6.63692884e+00,  6.38049511e+00,  1.30386209e+00,  8.52303068e-01,
        6.13354021e+00, -1.16620278e-01,  2.18630233e+00,  4.43542760e+00,
        7.44913551e+00,  6.99187216e+00,  6.15372171e+00,  3.02841940e+00,
        2.68123331e+00, -4.66876759e-01,  7.69529855e+00,  6.00698542e+00,
        3.74154530e+00,  2.91134226e+00,  1.12615164e+01,  1.39057239e+00,
        1.12725569e+00, -2.05200280e-01,  4.09054458e+00,  2.80359232e+00,
        1.03884853e+01, -6.08835163e-01, -1.57188172e+00,  4.42432567e+00,
       -1.02938678e+00, -3.39710106e+00, -7.65417832e-02,  4.38355263e+00,
        1.69085826e+00,  5.96259146e+00,  5.58071691e+00,  4.16552144e+00,
        3.27735068e+00,  7.26503039e+00,  6.18431721e+00, -4.82889137e-02,
        6.05765636e+00,  6.34386107e+00,  7.61771783e+00, -5.32079462e+00,
        1.33944713e+00,  2.32967576e+00,  6.62313437e+00,  6.56223788e+00,
        4.59440900e+00,  5.42397773e+00, -1.93209229e-01,  5.64796985e+00,
        9.14812381e-01,  7.75564124e+00,  4.86827611e+00,  3.13102514e+00,
       -1.22978623e+00, -4.42296562e+00,  3.30824450e+00,  5.51666127e+00,
        3.22725018e+00,  4.16868666e+00,  2.22822375e+00,  7.13510004e+00,
        3.65605367e+00,  6.95416764e+00,  3.89566693e+00,  6.10201441e+00,
       -5.63734599e+00,  3.90530317e+00,  1.06400231e+00,  2.84808523e+00,
        8.69122617e+00, -1.67128997e+00,  1.04080607e+01,  3.03714512e+00,
       -2.15008605e+00,  7.20197305e-01,  2.48598416e+00,  8.59438340e+00,
       -2.94078072e+00,  1.13656578e+01,  3.85683370e-01,  2.29258028e-01,
        4.43513393e+00,  4.37041845e+00, -5.34829142e-01, -3.42216136e+00,
       -4.59802306e+00,  2.92270033e+00,  5.33098131e+00,  3.00534392e+00,
        1.71981540e+00,  6.60759673e+00,  6.52152362e+00,  5.47948254e+00,
       -7.74853593e+00,  6.76858148e+00,  3.14698259e+00,  6.89593528e+00,
        2.70690424e+00,  2.01268362e+00,  1.49638283e+00, -4.08764403e+00,
        8.89863495e+00,  4.88736768e+00, -2.46992314e+00, -3.62626405e+00,
        5.19723450e+00,  2.05089316e+00,  2.13751607e+00,  5.00955196e-01,
        1.58902292e+00,  1.02766047e+01,  4.51562544e+00,  4.81521939e+00,
        5.11089645e+00,  7.69614552e+00,  6.02267091e+00,  2.14581872e+00,
        4.24570669e+00,  1.82630988e-01,  5.29084591e+00,  7.00123233e+00,
        1.08523732e+01, -1.75800294e-01,  3.17311624e+00,  4.77455892e-01,
        2.74092909e+00,  5.68420161e+00,  7.56809708e+00,  3.48257871e+00,
        6.13960834e+00, -2.99441192e-01,  8.70399492e+00,  5.53394619e+00,
       -8.44063218e-01,  1.02364378e+01,  2.55430145e+00,  2.10030646e+00,
        3.42823695e+00, -2.86577494e+00,  2.34048345e+00,  1.06945700e+00,
        3.23250698e+00,  7.76901897e+00,  4.78210457e+00, -1.86767434e+00,
        4.68543290e+00,  6.22248299e+00,  3.64840022e-01,  4.77924723e+00,
        6.94879530e+00,  6.88554742e+00,  8.73992595e-01, -9.69200500e-01,
        5.36522557e+00,  5.85354534e+00,  6.02312308e+00, -6.61626966e-01,
        3.76531768e+00,  1.77256260e+00,  6.47348045e+00,  1.64679769e+00,
        9.57543897e+00,  9.56229311e+00,  4.19937444e+00,  1.32347950e+00,
        1.86421407e+00,  4.94458684e+00,  7.32306631e-01,  1.84691125e+00,
        6.22805161e+00,  5.85234618e+00,  1.48321246e+00, -3.45075262e-01,
        6.71656200e+00,  2.17215571e+00,  1.41103816e+01,  7.56489585e+00,
        3.36886203e+00,  3.29264890e+00,  3.30039628e+00,  1.01525329e+00,
        2.32268963e+00,  2.35929652e+00, -8.91021966e-01,  1.95940326e+00,
       -5.66908793e+00,  9.55873167e+00,  1.98183279e+00,  2.22761687e+00,
        2.62747900e+00,  1.58483526e+00,  1.70895441e+00,  1.24734854e+01,
        6.18395370e+00,  1.27653708e+00, -1.86357074e+00,  6.10549240e+00,
        3.04730789e+00, -6.05632645e-01,  1.57658940e+00,  9.63540992e+00,
        4.03126013e+00,  1.70904401e+00,  6.03812202e+00, -4.56476974e+00,
        4.57008158e+00, -1.43205916e+00, -3.29054488e+00,  2.43329033e+00,
        7.40301955e-01,  3.35374157e+00,  7.01872000e-01,  6.95204797e+00,
        4.12818372e+00,  6.80738477e+00, -1.32641589e+00,  5.42663094e+00,
        7.43616960e+00,  2.45874441e+00,  2.81266346e+00,  2.40113354e+00,
        1.94204556e+00,  9.61216029e+00,  1.08990692e+01,  3.09689050e+00,
        3.12337623e-01, -1.01189800e+00,  4.07074679e+00,  1.10337376e+01,
       -1.81467696e+00,  6.65425604e+00,  4.32670083e+00,  4.51776086e+00,
        6.10060005e+00, -2.59104214e-01,  5.44507346e+00,  1.12180858e+01,
        3.60768159e+00,  1.88938569e+00,  3.09961036e+00,  5.76341573e+00,
        1.63874685e-01,  4.32405726e-01,  8.49753174e+00, -1.04052568e+00,
        1.36164016e+01,  2.87417673e+00, -1.01907972e+00,  5.82509950e+00,
        1.63195601e+00,  1.08967122e+00,  9.00867158e-01,  2.39112048e+00,
        5.60975710e+00,  4.08132234e+00,  3.95228293e+00,  6.91413879e+00,
        2.55078847e+00,  7.77182195e+00, -1.15937331e+00,  6.73975864e+00,
        6.41595466e+00,  4.44599222e+00,  5.48140772e+00,  2.03995868e+00,
       -2.89924132e+00,  5.60764313e+00,  6.44694543e+00, -2.49992230e+00,
        4.53361747e+00,  2.80828250e+00,  5.58493947e+00,  1.52571225e+00,
        2.59441613e+00,  3.41382332e+00,  6.10982198e+00,  4.76804280e+00,
        4.90092906e+00, -1.97352472e+00, -2.03169533e+00,  7.01465556e+00,
        4.27648567e+00,  7.44602712e+00,  5.50807521e+00,  3.68803228e-01,
        5.83913203e+00,  5.28075529e+00,  5.71656724e+00, -3.82448615e+00,
        6.69695696e+00,  4.81978795e+00,  2.63065727e+00, -1.44200779e+00,
        3.13893745e-01,  3.68372046e+00,  1.20561821e+01,  8.23794254e+00,
       -3.34623462e-02, -2.99224074e-03,  3.40896624e+00,  1.18625900e+00,
       -1.70454468e+00, -3.01149672e-01,  6.76526859e+00,  6.15274554e+00,
        1.11843453e+01,  1.83639861e+00,  7.34503969e+00,  2.62102451e+00,
        5.06128139e+00,  5.19343556e+00,  2.85014650e+00,  3.46175629e+00,
       -5.89720174e+00,  6.02056258e+00,  2.37702526e-01,  3.05538745e+00,
        3.11005391e+00,  6.20260635e+00, -4.94698977e-01,  5.31493827e+00,
        1.66800464e+00,  6.17174286e-01,  2.36621252e+00, -1.04132146e+00,
        7.58419871e+00,  6.44339957e+00,  2.64390383e+00, -1.63547661e+00,
        2.28398194e+00,  2.75956050e+00,  2.31991538e+00,  4.16409973e-01,
       -7.52084774e-01,  3.19194949e+00,  2.76567891e+00, -2.46090859e+00,
        5.56115528e+00,  7.80593408e+00,  6.28040090e+00,  9.11051772e+00,
        7.86890917e+00,  2.64551175e+00,  2.77070392e+00,  3.48034955e+00,
        1.15769120e+00, -1.80931789e+00,  9.45618598e+00,  2.06552807e+00,
        7.05010036e+00,  3.76702484e+00,  4.35122988e+00,  5.12204363e+00,
       -2.61753142e+00,  5.59714956e+00,  1.82261631e+00,  6.19472969e+00,
        1.14702942e+01,  1.63924116e+00,  1.18227899e+01,  7.33294618e-01,
       -1.19784782e-02,  4.67947765e+00,  4.77311214e+00,  5.25336160e+00,
       -1.08626470e+00,  4.50493622e+00,  8.40401139e+00,  7.41540032e+00,
        3.56397301e+00,  8.57421158e+00,  7.40334112e+00,  7.79616821e+00,
        6.75689620e-01,  5.88801624e+00,  7.32414874e+00,  7.66903058e-01,
        9.11197207e-01, -2.06901856e+00,  2.94370304e+00, -7.77402009e-02,
        3.30106646e+00,  2.11950866e+00,  4.62592056e+00,  2.56792361e+00,
        6.89545668e+00,  2.29777847e+00,  1.39469135e+00,  1.77126200e+00,
        3.91088888e+00,  3.30189607e+00,  5.23656818e+00,  7.80089121e+00,
       -2.53878737e+00,  6.88167269e+00,  5.63952681e+00,  8.17788424e+00,
       -6.04053405e+00,  7.31648069e-01, -1.08585983e+00,  1.10364634e+01,
        3.51900536e+00,  2.04995716e+00,  1.00131841e+01,  1.94687582e+00,
        8.73978042e+00, -2.08570220e+00,  3.65182644e+00,  1.20429918e+00,
       -5.18733896e-01,  7.19118933e+00,  4.51633422e+00,  7.17849473e+00,
        1.03702627e+01,  5.99763095e+00,  2.17848027e+00,  4.11142519e+00,
        1.08725579e+01,  4.79026456e+00,  4.75824987e+00,  8.81535829e+00,
        3.10578676e+00,  6.54778615e+00,  4.86564254e+00,  1.23145379e+00,
        5.86184414e+00,  5.39413089e+00,  6.34094453e+00,  1.06094268e+01,
       -4.23741230e-01,  5.98308854e+00,  6.76063558e+00, -1.85104820e+00,
        2.58406341e+00,  1.64701030e+00,  6.45983140e+00,  8.19111182e+00,
        7.68465984e-01, -1.61521104e+00,  3.22272987e+00,  3.23484520e+00]), array([ 1.56622587e+00,  7.86579191e+00,  9.04660234e+00,  1.07590229e+00,
        9.20782992e-01,  1.85512530e+00,  5.57092671e-01,  9.41387378e+00,
        4.44254406e+00,  5.93245319e+00, -2.21462278e+00,  6.33332661e+00,
        5.72788499e+00,  4.79637147e-01,  3.46896987e+00, -1.82595756e+00,
        5.31217422e+00,  8.97200240e+00,  6.72868215e+00,  5.00521622e+00,
        3.85501878e+00,  8.01555313e-01,  6.24655993e-02, -1.72627997e-01,
        6.68015728e+00,  4.60791566e+00, -3.89772718e-01,  3.53554058e+00,
        5.05284204e+00,  2.33437182e+00,  4.79400175e+00,  5.96193637e+00,
        5.05051393e+00,  1.01627667e+00,  2.17694883e+00,  1.61153763e+00,
        5.50908626e+00,  4.02854288e+00,  4.56612332e+00,  1.45427254e+00,
       -1.57990611e+00,  1.88136052e+00,  6.00202158e+00,  5.73603101e+00,
       -2.14375776e+00,  8.69772983e+00,  2.69835338e+00,  1.70406813e+01,
        2.43435358e+00,  9.55925412e+00,  6.87631756e+00,  2.44548636e+00,
       -2.91631687e-01,  9.70154508e+00,  7.54338147e+00,  6.18442163e+00,
        4.05175217e+00,  2.71762438e+00, -8.22745518e-01,  1.19042482e+01,
        4.36578497e+00,  7.00665368e+00,  9.72218520e+00,  5.12159062e+00,
        5.01795235e+00,  9.15963742e+00, -4.50058555e+00,  5.47921166e+00,
        3.61334894e+00,  1.55510924e+01,  3.17755808e+00,  4.69058531e+00,
        3.23020027e+00, -1.27462347e+00,  7.27563959e+00,  2.34285507e+00,
        7.07998220e+00,  6.58110570e+00,  6.13365487e+00,  5.09283087e+00,
        5.84042382e+00,  4.43349138e+00, -2.90532911e-01,  4.78623808e+00,
        1.00580901e+01,  1.75007313e+00,  8.37479467e+00, -4.06892873e+00,
        3.49002471e+00,  5.15558551e+00,  1.39247936e+00,  5.76330992e+00,
        1.95614029e+00,  7.94034749e+00,  4.25419864e+00,  5.29374792e+00,
        6.39424857e+00, -4.29649299e+00,  8.28474536e+00, -2.12506534e+00,
        7.20685028e+00,  7.84371887e+00,  2.13883308e+00,  1.12257518e+01,
        6.22920750e+00,  6.11765889e+00,  4.49164397e+00,  2.27300684e+00,
        1.43939929e+00,  7.04652740e-01,  3.90956624e+00,  1.00940399e+01,
        6.94022271e+00,  4.45771777e+00,  5.82871610e+00,  5.72473006e+00,
        1.66587464e+00,  6.18705474e+00,  1.09262129e+01,  5.95999582e+00,
        2.36304661e+00,  6.15102263e-01,  2.61521643e+00, -8.88460489e-03,
        8.04088468e+00,  1.02736075e+01,  1.15498233e+00,  5.29606517e+00,
        4.12423207e+00,  7.76800698e+00,  4.83480007e+00,  9.85544974e-01,
        9.20201407e+00, -2.43734436e+00,  7.55875334e+00,  8.52109474e+00,
        7.22066875e+00,  3.85677074e+00,  1.18546459e+00,  6.71086395e+00,
        4.65412543e-01,  7.83502705e+00, -1.20771911e+00,  3.47729539e+00,
        8.77270349e+00,  6.01546349e+00,  8.63404181e+00,  2.59234768e+00,
        8.24057929e+00,  7.06693199e+00,  5.88638471e+00,  2.81764222e+00,
        8.81663040e+00,  3.52039044e+00,  6.12123809e+00,  5.43732688e+00,
        6.73286147e-01,  3.71967239e+00,  2.22307645e+00,  4.40167182e+00,
        4.10845580e+00,  5.75019897e+00,  2.08485963e+00,  5.34625016e+00,
        5.94938308e+00,  4.81001093e+00,  4.00135438e+00,  5.34663230e+00,
        5.44336242e+00,  5.29135925e+00,  1.00492330e-01,  9.46781066e+00,
        3.89090534e+00,  6.00043420e+00,  8.15992018e+00,  1.91630759e+00,
        8.30240071e+00, -3.61639624e-01,  9.32545205e+00,  5.20388836e+00,
        4.12480151e+00,  9.32747319e-01, -7.34908385e-01,  4.68961197e+00,
        6.70404960e+00,  6.19352331e+00,  5.85095337e+00,  4.30872572e+00,
        6.00006562e+00,  3.96301305e+00, -3.23963323e-01,  4.51503562e+00,
        3.41835926e+00,  1.95140471e+00,  4.89639477e+00,  6.54712846e+00,
        4.79746145e+00,  4.14504444e+00,  6.41301167e+00,  3.39128391e+00,
        5.44411347e+00,  3.38660216e+00,  1.41368823e+00,  2.15607258e+00,
        3.55617323e+00,  7.61947075e+00,  5.37434819e+00,  8.03256088e+00,
        2.85401698e+00,  8.70532749e+00,  4.46212502e+00,  6.48224987e-01,
        6.70014803e-01,  7.19603023e+00,  6.41501781e+00,  8.65576126e+00,
        8.11656723e+00,  8.40373124e+00,  1.15063807e-01,  1.70588398e+00,
        6.89429070e+00,  7.53622896e+00,  9.51344185e+00,  3.63422255e+00,
        7.07033984e+00,  2.98663719e+00,  4.41314539e+00,  2.84398442e+00,
        8.62084917e+00,  7.78849264e+00,  6.06049352e+00, -3.66770240e-01,
        8.63751033e+00, -2.51220964e+00,  1.95853683e+00,  1.92140503e+00,
        2.95068048e+00,  9.97542729e-01,  9.60710377e+00,  1.01272579e+01,
        5.60883064e+00,  8.37008739e+00,  1.19654167e+01,  7.25063653e+00,
        2.55315270e+00,  2.96382133e+00,  6.89126807e+00,  1.87317781e+00,
        2.42985134e+00, -3.18937115e+00,  2.46471285e+00,  1.22136404e+01,
       -9.23061224e-01,  4.79385015e+00,  1.10639280e+00,  6.19480714e+00,
        1.75589310e+00, -2.39775937e+00, -2.60142509e-01,  3.03479318e+00,
        2.48558382e+00,  3.54388154e+00,  3.96618590e+00,  1.18054902e+01,
        7.26747834e+00,  7.17740934e+00,  2.01269718e+00,  3.58769077e+00,
        1.59392838e+00,  1.37973312e+01, -1.23531264e+00,  4.98972390e+00,
        2.13702612e+00,  5.13053248e+00,  3.15404898e+00,  9.69971278e+00,
        7.33960012e+00,  6.58936102e+00,  1.11982403e+00,  6.68764772e+00,
        1.06230936e+01, -5.48501386e+00, -2.49350475e+00,  5.06166562e+00,
        6.41678602e-02,  1.49107263e+00,  1.02860081e+01,  3.46687867e+00,
        9.86934990e+00,  9.50220272e+00, -1.00486441e+00,  1.02131399e+01,
        4.66370091e+00,  3.51052487e+00,  7.39565171e-01,  4.78168212e+00,
        8.64970186e+00,  6.04243600e+00,  3.73262058e+00,  5.31678490e+00,
        6.84228708e+00, -2.70837089e-01, -6.33173249e+00,  8.30475453e-01,
        4.19000342e+00,  9.94883366e+00,  6.83276922e+00, -2.74921944e-01,
        6.71727739e+00,  1.23597850e+01,  2.77615679e+00,  9.80965773e-01,
        2.03586247e+00, -3.96772334e+00,  2.81502993e+00,  6.49195999e-01,
        7.38219997e-01,  4.23909568e+00, -9.68471703e-01,  5.68449773e+00,
        7.44615736e+00,  1.95206568e+00,  1.48746212e+00,  8.03233689e+00,
        4.75066699e+00,  1.29492807e+01,  5.56798742e+00,  2.53381290e+00,
        4.82718990e-01,  5.17028819e+00,  9.29411669e+00,  6.73229545e+00,
       -1.24784523e+00,  3.40921992e+00,  7.19578217e+00,  7.09850328e+00,
        5.39523262e+00,  4.51585125e+00,  4.95918024e+00,  4.17099886e+00,
        6.77467195e+00,  1.02028246e+00,  2.89326809e+00,  5.58936887e+00,
        2.86970695e+00,  1.81698516e+00,  3.89238100e-01,  2.85326360e+00,
        7.93180500e+00,  9.61049697e+00,  5.97023424e-01,  2.37475465e+00,
        2.02552068e+00,  1.14884575e+01,  5.92600270e+00,  6.63097620e+00,
        8.14968997e+00,  7.53588100e+00,  2.83782873e+00,  2.16263401e+00,
        6.50955292e+00,  1.86904771e-01,  3.61390133e+00,  4.98077614e+00,
        7.88093543e+00,  7.84451914e+00,  6.60359052e+00,  3.88666439e+00,
        3.52503599e+00,  2.66939619e-02,  8.85590052e+00,  6.75603053e+00,
        4.12670848e+00,  3.96164517e+00,  1.20330210e+01,  2.10524132e+00,
        1.17314485e+00,  4.80707475e-01,  5.10225589e+00,  3.57597353e+00,
        1.13822291e+01,  2.20743284e-01, -8.08165596e-01,  5.79941991e+00,
       -1.10777322e-01, -2.37537775e+00,  1.00388440e+00,  5.53834581e+00,
        2.93826945e+00,  6.96971886e+00,  6.45905113e+00,  4.88226987e+00,
        3.78398645e+00,  8.56563798e+00,  7.09998699e+00,  5.60581896e-01,
        6.66973363e+00,  7.53779775e+00,  9.02381474e+00, -5.02625853e+00,
        2.39983228e+00,  3.47367378e+00,  8.02076042e+00,  8.14762341e+00,
        4.86202238e+00,  6.33356874e+00,  9.70625232e-01,  6.76833718e+00,
        1.81543910e+00,  8.56031295e+00,  5.42699433e+00,  3.78764993e+00,
       -5.81325034e-01, -3.78120859e+00,  4.56394399e+00,  6.53872594e+00,
        4.19644106e+00,  5.11367964e+00,  3.35375773e+00,  8.38096563e+00,
        4.44611256e+00,  7.68575489e+00,  5.12749064e+00,  6.67121377e+00,
       -4.96101569e+00,  5.05459139e+00,  1.66142784e+00,  4.08146162e+00,
        9.25559356e+00, -7.60690392e-01,  1.09577113e+01,  4.27655834e+00,
       -9.81890029e-01,  1.69941090e+00,  3.20880968e+00,  8.62673521e+00,
       -1.50259740e+00,  1.11718408e+01,  1.55064765e+00,  1.00624636e+00,
        5.33294957e+00,  4.67509562e+00,  6.71435482e-01, -2.70948822e+00,
       -3.50231383e+00,  3.66839262e+00,  6.98531975e+00,  3.82843485e+00,
        2.61828513e+00,  7.60805042e+00,  7.31930719e+00,  6.90383927e+00,
       -7.46399419e+00,  7.46924507e+00,  3.99012821e+00,  7.55507216e+00,
        3.39839909e+00,  3.05925826e+00,  2.14939137e+00, -3.86359800e+00,
        8.89153879e+00,  5.64718292e+00, -1.59639878e+00, -2.41231068e+00,
        6.03204162e+00,  3.26762671e+00,  3.22440153e+00,  1.43288824e+00,
        2.48214387e+00,  1.10610084e+01,  5.45847589e+00,  5.42836984e+00,
        5.84826815e+00,  9.10147715e+00,  6.33803474e+00,  2.37662746e+00,
        5.89372968e+00,  1.54854658e+00,  6.51218997e+00,  8.02174467e+00,
        1.12892646e+01,  5.40847927e-01,  3.58474317e+00,  1.12375686e+00,
        3.36619658e+00,  6.37627880e+00,  8.68296437e+00,  4.11478111e+00,
        7.20072710e+00,  6.72486192e-01,  8.77262215e+00,  6.62880453e+00,
       -3.03626404e-01,  1.04716803e+01,  2.42600107e+00,  2.67342552e+00,
        4.41767665e+00, -1.55440469e+00,  3.66297473e+00,  2.23821506e+00,
        4.39211568e+00,  8.71654051e+00,  5.34517336e+00, -1.91573088e+00,
        5.53909600e+00,  6.73909557e+00,  8.77405689e-01,  5.53483589e+00,
        7.67531318e+00,  7.78508154e+00,  1.69205267e+00, -4.02091979e-01,
        6.50493699e+00,  6.59239802e+00,  6.35852033e+00,  1.90045509e-01,
        4.54975999e+00,  2.96819583e+00,  7.70398074e+00,  2.52430917e+00,
        1.04111307e+01,  1.00137064e+01,  5.25179863e+00,  1.83053201e+00,
        3.11004970e+00,  5.80417267e+00,  1.03735066e+00,  2.34219748e+00,
        6.80647482e+00,  6.88180459e+00,  2.65074892e+00,  8.12373062e-01,
        7.61482922e+00,  2.89828536e+00,  1.39801084e+01,  8.07493136e+00,
        3.72799821e+00,  3.29560535e+00,  4.04022673e+00,  1.21573846e+00,
        3.16602320e+00,  3.43901992e+00,  1.54056177e-01,  2.37173234e+00,
       -4.73484137e+00,  1.05329527e+01,  2.49065083e+00,  3.05720096e+00,
        3.55470337e+00,  1.59700487e+00,  2.09626552e+00,  1.26848188e+01,
        7.22955990e+00,  1.70113553e+00, -5.82013186e-01,  6.29921775e+00,
        3.65221369e+00,  4.16295688e-01,  2.69612505e+00,  1.00694980e+01,
        4.88122545e+00,  2.47114541e+00,  7.01128415e+00, -3.79183498e+00,
        6.04742813e+00, -3.95754255e-01, -2.40465026e+00,  2.97937737e+00,
        1.68279211e+00,  4.04756436e+00,  1.57648870e+00,  7.55771098e+00,
        4.65629937e+00,  7.18292870e+00,  4.87252267e-02,  6.29423714e+00,
        7.91572892e+00,  3.48367357e+00,  3.59927594e+00,  3.68735775e+00,
        2.63443826e+00,  1.08652717e+01,  1.17484684e+01,  3.55036762e+00,
        1.45434683e+00, -1.19629745e-01,  4.26375827e+00,  1.25463115e+01,
       -1.41735360e+00,  7.27775041e+00,  5.08702701e+00,  5.40713708e+00,
        7.28859214e+00,  3.85427526e-01,  5.78729598e+00,  1.23055135e+01,
        4.40998765e+00,  3.38389363e+00,  4.27337493e+00,  6.64241624e+00,
        7.87728321e-01,  2.15963831e+00,  9.19902711e+00,  4.47576191e-02,
        1.38709985e+01,  4.18208941e+00, -1.34605214e-01,  6.62540788e+00,
        2.55383795e+00,  2.06556233e+00,  2.29169714e+00,  3.47512724e+00,
        6.34200426e+00,  5.53885983e+00,  4.84052532e+00,  7.61656507e+00,
        3.69194811e+00,  9.04160598e+00, -1.21773956e+00,  7.63934081e+00,
        6.74174863e+00,  6.15547937e+00,  6.21834657e+00,  2.98374263e+00,
       -1.89892483e+00,  6.06543233e+00,  6.51023570e+00, -1.50321486e+00,
        5.28218452e+00,  3.25731292e+00,  6.02164451e+00,  2.00441963e+00,
        3.13598660e+00,  3.84774390e+00,  7.56489359e+00,  6.01869258e+00,
        5.47031655e+00, -9.75264080e-01, -2.10392615e+00,  7.65745705e+00,
        4.66406581e+00,  8.37397808e+00,  6.05713401e+00,  1.24491121e+00,
        6.43780896e+00,  6.07012878e+00,  6.48745866e+00, -3.09450215e+00,
        7.62869950e+00,  5.47916392e+00,  3.67884790e+00, -1.05318474e+00,
        1.23868617e+00,  3.98786746e+00,  1.31203134e+01,  8.90487722e+00,
        1.45268514e+00,  7.81367539e-01,  3.90602263e+00,  1.80184610e+00,
       -1.26242998e+00,  7.27170665e-02,  7.99952343e+00,  6.70130822e+00,
        1.24008156e+01,  3.03861842e+00,  8.35465178e+00,  3.42656200e+00,
        5.66440539e+00,  5.58729063e+00,  3.33868746e+00,  4.28209905e+00,
       -5.03457298e+00,  7.40245162e+00,  2.09199349e-01,  4.05001123e+00,
        3.45529199e+00,  6.91484998e+00,  1.02267734e-01,  6.10572222e+00,
        1.79997225e+00,  8.37846063e-01,  3.56914891e+00,  3.06621974e-01,
        8.11508558e+00,  7.17248957e+00,  3.69047747e+00, -1.06753935e+00,
        2.56600401e+00,  3.74677319e+00,  3.61137319e+00,  1.53079825e+00,
        5.39339719e-01,  3.98039963e+00,  3.17151115e+00, -1.25912609e+00,
        6.46264116e+00,  8.44525461e+00,  7.11863167e+00,  1.03129439e+01,
        8.57498362e+00,  3.12591560e+00,  3.32699182e+00,  3.87709052e+00,
        9.64647580e-01, -8.12660076e-01,  9.87888246e+00,  3.42489986e+00,
        7.64644113e+00,  3.94895735e+00,  5.15015620e+00,  5.51783986e+00,
       -1.61334894e+00,  6.64075271e+00,  3.36472500e+00,  7.39488060e+00,
        1.23652137e+01,  2.35368610e+00,  1.26152965e+01,  1.68349458e+00,
        1.03277163e+00,  5.56711735e+00,  6.12378360e+00,  5.58650678e+00,
       -1.27615476e-01,  5.76174546e+00,  8.98345180e+00,  8.53241454e+00,
        4.16862961e+00,  9.34004730e+00,  8.01339753e+00,  8.68001093e+00,
        1.62213276e+00,  6.33759902e+00,  8.28746140e+00,  1.71274838e+00,
        1.75657550e+00, -9.09042156e-01,  3.53322856e+00,  1.50099729e+00,
        4.10537229e+00,  3.07006925e+00,  5.37050291e+00,  3.53897981e+00,
        7.65010733e+00,  3.40343247e+00,  2.35501544e+00,  3.06717638e+00,
        4.32355937e+00,  4.02354542e+00,  6.42393390e+00,  8.43253900e+00,
       -1.41496786e+00,  8.26274099e+00,  6.47586275e+00,  8.23982267e+00,
       -4.77806844e+00,  1.54301440e+00, -1.71076736e-01,  1.20553703e+01,
        4.40348991e+00,  2.67782661e+00,  1.11068384e+01,  2.87004874e+00,
        9.40750047e+00, -4.55879699e-01,  3.58644589e+00,  1.94353247e+00,
        3.17047945e-02,  7.50009244e+00,  5.20143949e+00,  7.86445097e+00,
        1.10705335e+01,  6.88143207e+00,  3.21615480e+00,  4.87859146e+00,
        1.17458697e+01,  5.40274368e+00,  5.84624988e+00,  9.33020226e+00,
        3.83603430e+00,  7.84836662e+00,  6.12102728e+00,  2.35279315e+00,
        7.04507578e+00,  6.39017308e+00,  6.60189730e+00,  1.12875323e+01,
        4.54807869e-01,  6.65942649e+00,  7.64333477e+00, -8.50691344e-01,
        3.45432558e+00,  2.43752938e+00,  6.89780438e+00,  9.09074183e+00,
        1.37005233e+00, -7.10003030e-01,  3.82916590e+00,  4.32806988e+00]), array([ 2.36044235e+00,  8.84033878e+00,  9.32357866e+00,  9.65625643e-01,
        2.17391547e+00,  2.78376928e+00,  1.73402718e+00,  1.01070270e+01,
        4.57776276e+00,  6.94110614e+00, -1.42086016e+00,  7.51124471e+00,
        6.38699985e+00,  3.85326760e-01,  4.12054716e+00, -1.20671230e+00,
        6.09600073e+00,  9.85584013e+00,  7.61980117e+00,  6.08282927e+00,
        4.75086261e+00,  1.19665776e+00,  1.09009260e+00,  9.96971679e-01,
        6.87719374e+00,  5.21617224e+00, -1.54607145e-01,  4.07141073e+00,
        5.90839691e+00,  2.39392803e+00,  5.62124926e+00,  6.17769239e+00,
        5.62054241e+00,  2.25770449e+00,  2.53031037e+00,  2.70168618e+00,
        6.41035813e+00,  4.45560560e+00,  5.01631915e+00,  2.06554303e+00,
       -8.03568704e-01,  2.67756591e+00,  6.33338232e+00,  6.26408759e+00,
       -1.01020498e+00,  9.21815638e+00,  3.01729022e+00,  1.73048938e+01,
        3.18556874e+00,  1.00942143e+01,  7.55480969e+00,  3.42878904e+00,
        5.77561837e-01,  1.02007638e+01,  8.27010381e+00,  5.96386976e+00,
        4.63135355e+00,  3.54602075e+00,  1.29701976e-01,  1.29189610e+01,
        4.91243398e+00,  7.26923528e+00,  1.13901354e+01,  5.79295059e+00,
        5.54808915e+00,  9.50176682e+00, -3.40287257e+00,  6.34333315e+00,
        3.82231926e+00,  1.59546369e+01,  4.16701018e+00,  5.34957732e+00,
        4.30707742e+00,  7.91298179e-02,  7.93753093e+00,  2.84921766e+00,
        7.49182644e+00,  7.28955695e+00,  6.89379092e+00,  5.98375137e+00,
        6.33974925e+00,  4.62258325e+00,  8.61275007e-01,  5.90066391e+00,
        1.06359367e+01,  3.23809628e+00,  9.27935695e+00, -3.40209111e+00,
        4.19191607e+00,  5.95916038e+00,  1.65200318e+00,  6.84167505e+00,
        3.12345902e+00,  8.28569375e+00,  5.39444140e+00,  5.48384622e+00,
        6.92137202e+00, -3.67938501e+00,  8.99712625e+00, -1.61934928e+00,
        8.15861962e+00,  8.15888865e+00,  3.06972812e+00,  1.18635549e+01,
        7.28349424e+00,  6.55590915e+00,  5.16203925e+00,  2.63380711e+00,
        2.59896452e+00,  1.46532374e+00,  3.69677059e+00,  1.11383420e+01,
        8.21097934e+00,  5.44763986e+00,  6.09031971e+00,  6.04596200e+00,
        2.26104978e+00,  6.78698354e+00,  1.12139249e+01,  6.55338636e+00,
        2.92177352e+00,  1.38572171e+00,  3.00804789e+00, -1.71106107e-01,
        8.91858585e+00,  1.10441121e+01,  2.08909319e+00,  5.49689012e+00,
        4.82653451e+00,  7.88908714e+00,  6.17455198e+00,  2.26948425e+00,
        9.94078718e+00, -1.65775361e+00,  8.28729811e+00,  8.90138079e+00,
        7.75295367e+00,  4.80691003e+00,  2.02795254e+00,  7.60988463e+00,
        1.25723686e+00,  8.23647532e+00, -1.04682526e-01,  4.85998385e+00,
        9.56438846e+00,  6.75943467e+00,  9.53103122e+00,  3.66098517e+00,
        9.07238676e+00,  7.01962113e+00,  6.25970447e+00,  3.19289184e+00,
        9.57277504e+00,  3.83483450e+00,  6.27159313e+00,  6.44635770e+00,
        1.58932387e+00,  4.29608676e+00,  3.29838489e+00,  4.82691745e+00,
        4.97781706e+00,  6.39640155e+00,  2.57041481e+00,  5.94523581e+00,
        6.05342646e+00,  4.71715763e+00,  4.60747024e+00,  5.91663642e+00,
        5.81501084e+00,  6.44920393e+00,  9.95478561e-01,  1.05819572e+01,
        4.26666647e+00,  6.69664938e+00,  9.08748949e+00,  2.73163865e+00,
        8.62082717e+00,  8.44724480e-01,  9.76981259e+00,  6.02596158e+00,
        5.13929523e+00,  1.56735847e+00,  6.14288235e-02,  5.57141320e+00,
        7.69592577e+00,  7.17127474e+00,  7.22127743e+00,  4.65817136e+00,
        6.73141614e+00,  5.14849444e+00,  4.65788471e-01,  5.12187029e+00,
        4.32577233e+00,  2.37339173e+00,  5.58879442e+00,  7.48967561e+00,
        5.60184783e+00,  4.66327391e+00,  7.32222377e+00,  3.78806612e+00,
        6.56747879e+00,  4.41699184e+00,  2.02488388e+00,  2.80209812e+00,
        4.41958505e+00,  8.25960157e+00,  6.28693264e+00,  8.58054274e+00,
        3.49710164e+00,  9.29728206e+00,  5.50496738e+00,  1.31453939e+00,
        1.37115280e+00,  7.83897671e+00,  7.03712904e+00,  9.79038139e+00,
        9.57046433e+00,  9.65046391e+00,  1.16017253e+00,  2.18349551e+00,
        7.57649186e+00,  8.44610237e+00,  1.07083501e+01,  4.79433126e+00,
        7.53640319e+00,  3.53878451e+00,  5.64347050e+00,  3.55767488e+00,
        8.96454297e+00,  8.31023928e+00,  6.74709305e+00,  5.07834824e-01,
        9.42416241e+00, -2.48974774e+00,  3.00248670e+00,  3.02925210e+00,
        3.69911552e+00,  1.95216509e+00,  1.05094630e+01,  1.06815181e+01,
        6.27362854e+00,  9.18369235e+00,  1.24894966e+01,  8.65777750e+00,
        3.48451415e+00,  3.55412868e+00,  7.70988520e+00,  2.31819059e+00,
        3.07747509e+00, -1.56978710e+00,  3.43898443e+00,  1.29940089e+01,
       -4.45452095e-01,  5.40162857e+00,  2.01116019e+00,  6.38527337e+00,
        3.41130023e+00, -2.05634055e+00,  6.52235400e-01,  3.83831254e+00,
        2.96107032e+00,  4.63781889e+00,  4.92555943e+00,  1.31284830e+01,
        7.66422561e+00,  7.25138869e+00,  2.44716100e+00,  4.08009801e+00,
        2.18104414e+00,  1.50075971e+01, -9.93348865e-02,  5.62856971e+00,
        2.94247589e+00,  6.01151761e+00,  3.63580008e+00,  1.09135947e+01,
        8.83880963e+00,  7.66089153e+00,  1.95166692e+00,  7.35465892e+00,
        1.11041223e+01, -4.55307191e+00, -1.69912452e+00,  5.82462138e+00,
        8.07588345e-01,  2.07176977e+00,  1.08642815e+01,  4.49472777e+00,
        1.10777424e+01,  1.06231067e+01, -2.00002895e-01,  1.10875073e+01,
        5.37865804e+00,  4.27355559e+00,  1.69666948e+00,  5.66666600e+00,
        9.53855134e+00,  6.49583868e+00,  3.87839300e+00,  6.42434062e+00,
        7.76278454e+00, -4.54404694e-01, -6.08326454e+00,  2.48750614e+00,
        5.46759501e+00,  1.01057097e+01,  7.61232005e+00, -1.61999448e-01,
        7.67052780e+00,  1.31200500e+01,  3.17262435e+00,  1.08221235e+00,
        2.58575787e+00, -3.13114715e+00,  3.53677516e+00,  1.08222155e+00,
        8.30744169e-01,  4.89383777e+00, -4.99489358e-01,  6.24102026e+00,
        7.93050859e+00,  2.80010090e+00,  2.45964959e+00,  8.77466435e+00,
        5.36347458e+00,  1.41014542e+01,  6.28503721e+00,  3.35040501e+00,
        1.03094948e+00,  5.44462164e+00,  9.83179535e+00,  7.25096354e+00,
       -6.58505168e-01,  3.78377273e+00,  7.98087059e+00,  7.63588602e+00,
        5.60544699e+00,  5.36646767e+00,  5.57165785e+00,  4.16627501e+00,
        7.13779917e+00,  1.82746164e+00,  3.56638788e+00,  6.31440380e+00,
        3.54250922e+00,  2.26479280e+00,  1.07059282e+00,  3.50184505e+00,
        9.37955008e+00,  1.04224072e+01,  9.08758472e-01,  3.39504356e+00,
        2.65996586e+00,  1.28404904e+01,  6.39547783e+00,  6.78782112e+00,
        9.61631852e+00,  8.66858706e+00,  4.36038092e+00,  3.36819154e+00,
        6.83001646e+00,  3.80497875e-01,  4.95407413e+00,  5.43781306e+00,
        8.24498480e+00,  8.63267988e+00,  6.98041558e+00,  4.64845887e+00,
        4.25949186e+00,  4.43809985e-01,  9.93468634e+00,  7.41485748e+00,
        4.41453221e+00,  4.91833541e+00,  1.27516115e+01,  2.77915448e+00,
        1.16380858e+00,  1.03311453e+00,  6.06646976e+00,  4.27124465e+00,
        1.23753921e+01,  9.82563035e-01, -2.09629016e-01,  7.12152062e+00,
        7.38112848e-01, -1.42164095e+00,  2.04927598e+00,  6.59945381e+00,
        4.09971653e+00,  7.94859057e+00,  7.27261796e+00,  5.56593249e+00,
        4.20760368e+00,  9.79459942e+00,  7.94772500e+00,  1.07353786e+00,
        7.20825912e+00,  8.65346536e+00,  1.03234499e+01, -4.83930123e+00,
        3.45557034e+00,  4.56061879e+00,  9.35675237e+00,  9.69150458e+00,
        5.02036955e+00,  7.22947989e+00,  2.10961362e+00,  7.86629123e+00,
        2.57874383e+00,  9.30344625e+00,  5.91457084e+00,  4.30565577e+00,
       -1.25379819e-02, -3.26714686e+00,  5.75293512e+00,  7.49897052e+00,
        5.04567496e+00,  5.95537037e+00,  4.42609841e+00,  9.58990380e+00,
        5.16756388e+00,  8.30438664e+00,  6.32745731e+00,  7.18049273e+00,
       -4.35794023e+00,  6.11054721e+00,  2.16174389e+00,  5.22690108e+00,
        9.70753942e+00,  1.09695363e-01,  1.14604987e+01,  5.39444921e+00,
        1.52503127e-01,  2.55394096e+00,  3.89196723e+00,  8.51703418e+00,
       -1.57068802e-01,  1.08585314e+01,  2.68193077e+00,  1.73052552e+00,
        6.21514222e+00,  4.91053092e+00,  1.80092997e+00, -2.11879135e+00,
       -2.48040933e+00,  4.34671414e+00,  8.65235087e+00,  4.63471741e+00,
        3.47131852e+00,  8.54212090e+00,  8.09574227e+00,  8.29851440e+00,
       -7.32790957e+00,  8.09032829e+00,  4.74136497e+00,  8.17616793e+00,
        3.97337420e+00,  4.03454616e+00,  2.73371359e+00, -3.74581774e+00,
        8.80279311e+00,  6.37995661e+00, -8.00288430e-01, -1.29630225e+00,
        6.75285954e+00,  4.42499044e+00,  4.23673320e+00,  2.30638583e+00,
        3.28713325e+00,  1.18124518e+01,  6.31328106e+00,  5.91944459e+00,
        6.50122031e+00,  1.04545253e+01,  6.56741248e+00,  2.49045199e+00,
        7.46805865e+00,  2.84610671e+00,  7.66637680e+00,  8.96607163e+00,
        1.16514507e+01,  1.16976006e+00,  3.93144041e+00,  1.66270268e+00,
        3.88479464e+00,  6.91220340e+00,  9.71058630e+00,  4.72342491e+00,
        8.14613378e+00,  1.52728416e+00,  8.77322981e+00,  7.59590978e+00,
        1.64966972e-01,  1.06202445e+01,  2.18145476e+00,  3.18662346e+00,
        5.32481637e+00, -2.93780354e-01,  4.94969365e+00,  3.31666213e+00,
        5.41263082e+00,  9.63835725e+00,  5.84154099e+00, -2.05363496e+00,
        6.31734666e+00,  7.13106432e+00,  1.26207228e+00,  6.20513039e+00,
        8.37648993e+00,  8.65152339e+00,  2.42121815e+00,  5.80717443e-02,
        7.53412544e+00,  7.21897636e+00,  6.64480075e+00,  9.33986655e-01,
        5.29033380e+00,  4.10540987e+00,  8.87468582e+00,  3.34403632e+00,
        1.11946008e+01,  1.03709493e+01,  6.24355394e+00,  2.22988909e+00,
        4.27322371e+00,  6.58510149e+00,  1.26380749e+00,  2.75425720e+00,
        7.25206716e+00,  7.87366994e+00,  3.76520075e+00,  1.94390548e+00,
        8.46477838e+00,  3.53683140e+00,  1.37316821e+01,  8.47666452e+00,
        4.00174980e+00,  3.22557484e+00,  4.74617568e+00,  1.26802906e+00,
        3.97328038e+00,  4.41675229e+00,  1.18607567e+00,  2.68443485e+00,
       -3.84662961e+00,  1.13928866e+01,  2.90074588e+00,  3.80583825e+00,
        4.35763345e+00,  1.47994139e+00,  2.39238953e+00,  1.28006474e+01,
        8.11079913e+00,  2.00816622e+00,  6.11356440e-01,  6.46397274e+00,
        4.19474116e+00,  1.32268580e+00,  3.76180697e+00,  1.04295649e+01,
        5.64303990e+00,  3.12653512e+00,  7.95736107e+00, -3.08953379e+00,
        7.48467151e+00,  4.87241496e-01, -1.60916942e+00,  3.45298681e+00,
        2.55663913e+00,  4.66272815e+00,  2.40854929e+00,  8.07703276e+00,
        5.11091538e+00,  7.49944101e+00,  1.36967502e+00,  7.09786009e+00,
        8.36124103e+00,  4.47399665e+00,  4.30388718e+00,  4.84559082e+00,
        3.25151969e+00,  1.20624511e+01,  1.25010756e+01,  3.87681575e+00,
        2.50573574e+00,  6.86789027e-01,  4.35573259e+00,  1.40381440e+01,
       -1.14509830e+00,  7.83844839e+00,  5.76018671e+00,  6.19961766e+00,
        8.41319780e+00,  9.68568562e-01,  6.02327136e+00,  1.33471236e+01,
        5.09808852e+00,  4.80143604e+00,  5.39700083e+00,  7.43455302e+00,
        1.30117319e+00,  3.76487348e+00,  9.81589992e+00,  1.06436205e+00,
        1.39896975e+01,  5.40173738e+00,  6.28787861e-01,  7.35588843e+00,
        3.40975049e+00,  2.94440517e+00,  3.58340918e+00,  4.50163831e+00,
        6.97644303e+00,  6.95614302e+00,  5.63373307e+00,  8.30682084e+00,
        4.75005402e+00,  1.02455263e+01, -1.41622922e+00,  8.48737867e+00,
        6.97465210e+00,  7.86536541e+00,  6.84408185e+00,  3.86989158e+00,
       -1.00300056e+00,  6.46878746e+00,  6.44027669e+00, -5.29593458e-01,
        5.97009935e+00,  3.62108070e+00,  6.35255583e+00,  2.35330028e+00,
        3.57217404e+00,  4.21403486e+00,  8.96477748e+00,  7.28863537e+00,
        5.94126471e+00, -7.34352468e-02, -2.30163279e+00,  8.23318646e+00,
        5.04490545e+00,  9.27514217e+00,  6.50388863e+00,  1.99045453e+00,
        6.99337022e+00,  6.78568337e+00,  7.21277557e+00, -2.39553339e+00,
        8.45470017e+00,  6.03786211e+00,  4.65929048e+00, -7.69185826e-01,
        2.12228630e+00,  4.18003589e+00,  1.41450742e+01,  9.49345633e+00,
        2.87777723e+00,  1.50288230e+00,  4.33535825e+00,  2.35311981e+00,
       -9.19691502e-01,  3.34652738e-01,  9.16288906e+00,  7.21622053e+00,
        1.35527302e+01,  4.15201440e+00,  9.31109916e+00,  4.19206800e+00,
        6.13449051e+00,  5.91043798e+00,  3.68348347e+00,  4.99495861e+00,
       -4.24430796e+00,  8.73136591e+00,  9.80863672e-02,  4.96640212e+00,
        3.68852508e+00,  7.55769487e+00,  6.46227116e-01,  6.83578311e+00,
        1.82984794e+00,  9.15964001e-01,  4.70833837e+00,  1.55978959e+00,
        8.60442080e+00,  7.81711825e+00,  4.62199145e+00, -6.21995324e-01,
        2.77683706e+00,  4.69487300e+00,  4.82362162e+00,  2.56700705e+00,
        1.76956270e+00,  4.74367136e+00,  3.49504519e+00, -8.31104821e-02,
        7.28615498e+00,  8.98221684e+00,  7.89519637e+00,  1.14889281e+01,
        9.16371235e+00,  3.51261079e+00,  3.77306837e+00,  4.21967658e+00,
        6.43903237e-01,  1.58178611e-01,  1.02234897e+01,  4.72199054e+00,
        8.18010079e+00,  4.00098490e+00,  5.89546566e+00,  5.81245853e+00,
       -7.11265552e-01,  7.56784726e+00,  4.83673735e+00,  8.52712557e+00,
        1.31594047e+01,  3.03109387e+00,  1.33850449e+01,  2.57480369e+00,
        1.93973778e+00,  6.38186955e+00,  7.42572387e+00,  5.79368949e+00,
        7.22192518e-01,  6.98294668e+00,  9.46757780e+00,  9.58696675e+00,
        4.67313328e+00,  1.00707849e+01,  8.50941849e+00,  9.48248493e+00,
        2.49572977e+00,  6.69536203e+00,  9.15319570e+00,  2.54325367e+00,
        2.57341774e+00,  1.91998377e-01,  4.03112298e+00,  3.01603978e+00,
        4.86648469e+00,  3.94690318e+00,  5.98703607e+00,  4.37531231e+00,
        8.30207766e+00,  4.47757196e+00,  3.27151412e+00,  4.28672857e+00,
        4.63008991e+00,  4.58043515e+00,  7.53652172e+00,  8.98662156e+00,
       -3.96973171e-01,  9.61619919e+00,  7.27032431e+00,  8.16621206e+00,
       -3.62165594e+00,  2.27389009e+00,  6.99226432e-01,  1.30362101e+01,
        5.22911312e+00,  3.22193933e+00,  1.21346684e+01,  3.72758646e+00,
        9.95224231e+00,  1.15611229e+00,  3.41123069e+00,  2.57424391e+00,
        4.87068638e-01,  7.74194397e+00,  5.79636223e+00,  8.48122134e+00,
        1.16534625e+01,  7.68999511e+00,  4.11907255e+00,  5.59241762e+00,
        1.25587939e+01,  5.92831726e+00,  6.86853660e+00,  9.79101589e+00,
        4.48823319e+00,  9.07561664e+00,  7.34715604e+00,  3.42655522e+00,
        8.19599765e+00,  7.30225123e+00,  6.70224657e+00,  1.19233122e+01,
        1.28602543e+00,  7.23742565e+00,  8.44741945e+00,  4.49123486e-02,
        4.18331451e+00,  3.19014041e+00,  7.22650224e+00,  9.94750726e+00,
        1.89833538e+00,  1.04992291e-01,  4.33624675e+00,  5.32837804e+00]), array([ 3.18202116e+00,  9.81286603e+00,  9.63610393e+00,  9.23388600e-01,
        3.45166580e+00,  3.69690648e+00,  2.97866792e+00,  1.08451398e+01,
        4.77791218e+00,  7.98220778e+00, -6.38957150e-01,  8.73421074e+00,
        7.07948340e+00,  3.26343275e-01,  4.77208140e+00, -5.82581816e-01,
        6.87644533e+00,  1.07876602e+01,  8.52828739e+00,  7.19329276e+00,
        5.62422881e+00,  1.58854801e+00,  2.11836335e+00,  2.17541125e+00,
        7.10401215e+00,  5.85417613e+00,  6.36472982e-02,  4.60145682e+00,
        6.81327097e+00,  2.48607948e+00,  6.49369752e+00,  6.40186341e+00,
        6.18724823e+00,  3.46854049e+00,  2.93310136e+00,  3.80964651e+00,
        7.30549245e+00,  4.92356997e+00,  5.48171676e+00,  2.70848906e+00,
       -1.75493704e-02,  3.49787328e+00,  6.69934897e+00,  6.85024234e+00,
        9.37113938e-02,  9.74363871e+00,  3.36236265e+00,  1.76224512e+01,
        3.91950948e+00,  1.06639283e+01,  8.28695158e+00,  4.38815745e+00,
        1.46872602e+00,  1.07414274e+01,  9.03620524e+00,  5.78504303e+00,
        5.22611192e+00,  4.35212722e+00,  1.08385974e+00,  1.39843001e+01,
        5.45404354e+00,  7.61322670e+00,  1.30614810e+01,  6.46629624e+00,
        6.10736113e+00,  9.87346674e+00, -2.30151166e+00,  7.23213313e+00,
        4.04540871e+00,  1.63764042e+01,  5.18535216e+00,  6.04266734e+00,
        5.34716182e+00,  1.44349697e+00,  8.60941617e+00,  3.36590046e+00,
        7.95910251e+00,  8.04927507e+00,  7.67723294e+00,  6.91205768e+00,
        6.88246604e+00,  4.79119024e+00,  1.96345347e+00,  7.01830788e+00,
        1.12694501e+01,  4.68599833e+00,  1.02561599e+01, -2.74441709e+00,
        4.90010995e+00,  6.80853317e+00,  1.89509603e+00,  7.94606956e+00,
        4.32556902e+00,  8.67079103e+00,  6.48861312e+00,  5.75145338e+00,
        7.43679681e+00, -3.09699380e+00,  9.74844720e+00, -1.15360883e+00,
        9.14727984e+00,  8.52339360e+00,  3.99694976e+00,  1.25280903e+01,
        8.35333559e+00,  7.03305215e+00,  5.87135080e+00,  3.02219660e+00,
        3.77638642e+00,  2.20925439e+00,  3.53650533e+00,  1.22383227e+01,
        9.49020555e+00,  6.47368559e+00,  6.38362571e+00,  6.40158920e+00,
        2.87934143e+00,  7.41842513e+00,  1.15308991e+01,  7.15270817e+00,
        3.51649744e+00,  2.17262572e+00,  3.42168885e+00, -2.94123134e-01,
        9.81454836e+00,  1.18529334e+01,  3.04600760e+00,  5.66303916e+00,
        5.52489549e+00,  8.03836653e+00,  7.51203359e+00,  3.52426716e+00,
        1.07367469e+01, -8.70368564e-01,  9.04114993e+00,  9.32436106e+00,
        8.33870085e+00,  5.79437119e+00,  2.90225915e+00,  8.52673959e+00,
        2.03420346e+00,  8.66175673e+00,  1.03052751e+00,  6.28109105e+00,
        1.03972999e+01,  7.55517890e+00,  1.04476779e+01,  4.73336125e+00,
        9.92716658e+00,  6.98133612e+00,  6.68301085e+00,  3.61396745e+00,
        1.03754499e+01,  4.19760807e+00,  6.43430350e+00,  7.46370645e+00,
        2.49142069e+00,  4.89678838e+00,  4.42091319e+00,  5.25801809e+00,
        5.85075071e+00,  7.05618405e+00,  3.09392202e+00,  6.55951032e+00,
        6.20876820e+00,  4.68031922e+00,  5.22435664e+00,  6.51744591e+00,
        6.23909260e+00,  7.61416173e+00,  1.89572957e+00,  1.17215165e+01,
        4.65950497e+00,  7.42017594e+00,  1.00333817e+01,  3.56781327e+00,
        8.94505782e+00,  2.02881858e+00,  1.02222459e+01,  6.86691761e+00,
        6.16197673e+00,  2.17741028e+00,  8.47538479e-01,  6.48407599e+00,
        8.69133201e+00,  8.13716899e+00,  8.58203780e+00,  5.05134630e+00,
        7.47666665e+00,  6.32157826e+00,  1.26366471e+00,  5.75080690e+00,
        5.24608326e+00,  2.80551056e+00,  6.28618340e+00,  8.44935351e+00,
        6.43675537e+00,  5.21653856e+00,  8.25034575e+00,  4.18212035e+00,
        7.71736694e+00,  5.46409851e+00,  2.63751639e+00,  3.44071620e+00,
        5.30835312e+00,  8.94257607e+00,  7.21962830e+00,  9.19399004e+00,
        4.17395368e+00,  9.91173581e+00,  6.58918643e+00,  1.99389200e+00,
        2.08455710e+00,  8.50120435e+00,  7.67659785e+00,  1.09073821e+01,
        1.10146654e+01,  1.09148040e+01,  2.18887973e+00,  2.66495870e+00,
        8.26940357e+00,  9.39620670e+00,  1.19214143e+01,  5.98681606e+00,
        8.01837615e+00,  4.15051030e+00,  6.87515381e+00,  4.30054096e+00,
        9.33227836e+00,  8.88749758e+00,  7.47999961e+00,  1.38739605e+00,
        1.02599954e+01, -2.46884385e+00,  4.06974503e+00,  4.14214757e+00,
        4.48007144e+00,  2.92637988e+00,  1.14231987e+01,  1.12343738e+01,
        6.99120483e+00,  9.99900673e+00,  1.30542444e+01,  1.00588015e+01,
        4.42076608e+00,  4.15233975e+00,  8.56558290e+00,  2.79595308e+00,
        3.72835496e+00,  1.64648082e-02,  4.42943515e+00,  1.37794824e+01,
        3.54129071e-02,  6.01904119e+00,  2.90030408e+00,  6.64318612e+00,
        5.04661774e+00, -1.72904180e+00,  1.56173872e+00,  4.68148915e+00,
        3.47847360e+00,  5.73166212e+00,  5.87594716e+00,  1.44478974e+01,
        8.08054253e+00,  7.36926455e+00,  2.89121564e+00,  4.57368322e+00,
        2.74636203e+00,  1.62004044e+01,  1.01757922e+00,  6.27001223e+00,
        3.75071919e+00,  6.89930096e+00,  4.09987640e+00,  1.21669938e+01,
        1.03467264e+01,  8.73988731e+00,  2.81538326e+00,  8.05742586e+00,
        1.16220178e+01, -3.64793532e+00, -8.71154296e-01,  6.61004382e+00,
        1.57914667e+00,  2.66457166e+00,  1.14980803e+01,  5.56766535e+00,
        1.22968052e+01,  1.17582759e+01,  6.09774414e-01,  1.19476055e+01,
        6.09472887e+00,  5.05261302e+00,  2.65570428e+00,  6.54610305e+00,
        1.04264925e+01,  6.99141642e+00,  4.05838319e+00,  7.54169682e+00,
        8.70815581e+00, -5.70209471e-01, -5.86340239e+00,  4.12446941e+00,
        6.74259572e+00,  1.02766397e+01,  8.42284656e+00, -3.19766558e-02,
        8.59274917e+00,  1.39676808e+01,  3.58107199e+00,  1.19125740e+00,
        3.18403629e+00, -2.29279685e+00,  4.27519561e+00,  1.54324078e+00,
        9.40133342e-01,  5.57307560e+00, -1.42438472e-02,  6.81426173e+00,
        8.45030799e+00,  3.64672407e+00,  3.43494536e+00,  9.55689383e+00,
        6.00065070e+00,  1.52646678e+01,  7.04430538e+00,  4.19442936e+00,
        1.61706263e+00,  5.74189177e+00,  1.03965176e+01,  7.77491864e+00,
       -7.21241647e-02,  4.15643798e+00,  8.77241013e+00,  8.20117909e+00,
        5.85467170e+00,  6.24817435e+00,  6.19551156e+00,  4.21129070e+00,
        7.56681245e+00,  2.65723295e+00,  4.24612947e+00,  7.05601878e+00,
        4.23310556e+00,  2.73535519e+00,  1.76244286e+00,  4.16747824e+00,
        1.08001551e+01,  1.12543320e+01,  1.21265811e+00,  4.44848576e+00,
        3.31190836e+00,  1.42242449e+01,  6.88590423e+00,  7.01065506e+00,
        1.10939057e+01,  9.79977378e+00,  5.85035932e+00,  4.59698749e+00,
        7.15186657e+00,  6.06120579e-01,  6.31906641e+00,  5.92013545e+00,
        8.62779352e+00,  9.45154124e+00,  7.37515260e+00,  5.43906149e+00,
        5.03414202e+00,  8.65925943e-01,  1.10565097e+01,  8.10933040e+00,
        4.73162372e+00,  5.89955281e+00,  1.34996277e+01,  3.43462806e+00,
        1.14065996e+00,  1.63560827e+00,  7.03242845e+00,  4.97647829e+00,
        1.33662586e+01,  1.73658098e+00,  4.47404627e-01,  8.45417747e+00,
        1.58644271e+00, -4.81646335e-01,  3.06240865e+00,  7.68487774e+00,
        5.26960932e+00,  8.92140096e+00,  8.11176977e+00,  6.23670420e+00,
        4.64309652e+00,  1.10480920e+01,  8.81142865e+00,  1.60399280e+00,
        7.76019309e+00,  9.80136350e+00,  1.16818612e+01, -4.64491890e+00,
        4.47357159e+00,  5.64404118e+00,  1.07066365e+01,  1.12400602e+01,
        5.21107866e+00,  8.10655497e+00,  3.22377600e+00,  8.94754116e+00,
        3.38943129e+00,  1.00764901e+01,  6.41717481e+00,  4.87697579e+00,
        5.54423156e-01, -2.72948344e+00,  6.95673121e+00,  8.47384419e+00,
        5.93759660e+00,  6.83550822e+00,  5.49572017e+00,  1.08029126e+01,
        5.90008730e+00,  8.97287710e+00,  7.51829058e+00,  7.70089997e+00,
       -3.76792810e+00,  7.19650896e+00,  2.68565343e+00,  6.39601790e+00,
        1.02185450e+01,  9.47934604e-01,  1.19896676e+01,  6.56350102e+00,
        1.26386772e+00,  3.45060480e+00,  4.55800535e+00,  8.47776694e+00,
        1.19737780e+00,  1.06104600e+01,  3.79408609e+00,  2.44287449e+00,
        7.07498075e+00,  5.15262655e+00,  2.94333412e+00, -1.49706361e+00,
       -1.47417814e+00,  5.03535425e+00,  1.02920857e+01,  5.42445752e+00,
        4.31523964e+00,  9.50426422e+00,  8.85655832e+00,  9.69074711e+00,
       -7.17724024e+00,  8.74259304e+00,  5.52791267e+00,  8.80113230e+00,
        4.59364443e+00,  5.01987284e+00,  3.31274709e+00, -3.63565100e+00,
        8.74314660e+00,  7.10167631e+00, -1.43802222e-02, -1.69636219e-01,
        7.52171935e+00,  5.58867770e+00,  5.26433897e+00,  3.18013006e+00,
        4.11462684e+00,  1.25747215e+01,  7.19712980e+00,  6.45987988e+00,
        7.17796439e+00,  1.18204370e+01,  6.84005132e+00,  2.64582847e+00,
        9.06429389e+00,  4.15260418e+00,  8.83995874e+00,  9.93618544e+00,
        1.20546370e+01,  1.81610800e+00,  4.28560409e+00,  2.22291227e+00,
        4.44153278e+00,  7.51609565e+00,  1.07844422e+01,  5.31124925e+00,
        9.14260622e+00,  2.41065730e+00,  8.79685699e+00,  8.61484179e+00,
        6.28115611e-01,  1.08013268e+01,  1.96453375e+00,  3.70679473e+00,
        6.25122674e+00,  9.47192170e-01,  6.21689248e+00,  4.42519864e+00,
        6.49379242e+00,  1.05728024e+01,  6.35332358e+00, -2.18676407e+00,
        7.11471107e+00,  7.57506279e+00,  1.68968511e+00,  6.90400780e+00,
        9.07429564e+00,  9.51616684e+00,  3.15936585e+00,  5.34581782e-01,
        8.61922644e+00,  7.89745185e+00,  6.93419284e+00,  1.69341044e+00,
        6.02298495e+00,  5.24590962e+00,  1.00659097e+01,  4.16279004e+00,
        1.19951856e+01,  1.07642390e+01,  7.23476229e+00,  2.65538788e+00,
        5.44606667e+00,  7.38541788e+00,  1.49556719e+00,  3.18099460e+00,
        7.76306429e+00,  8.86694459e+00,  4.87751798e+00,  3.04245529e+00,
        9.32719404e+00,  4.19527532e+00,  1.35568566e+01,  8.92911948e+00,
        4.29190962e+00,  3.16224473e+00,  5.43848074e+00,  1.36201838e+00,
        4.76689755e+00,  5.42728167e+00,  2.17912307e+00,  3.02299449e+00,
       -2.99351461e+00,  1.23198626e+01,  3.33640332e+00,  4.57367793e+00,
        5.20161530e+00,  1.39831948e+00,  2.70283086e+00,  1.29721188e+01,
        9.08311626e+00,  2.35312615e+00,  1.81919084e+00,  6.61898122e+00,
        4.74121963e+00,  2.25524612e+00,  4.81664514e+00,  1.08210214e+01,
        6.44005861e+00,  3.80927007e+00,  8.90320087e+00, -2.39535900e+00,
        8.91745738e+00,  1.42600768e+00, -8.04882224e-01,  3.93163606e+00,
        3.43107653e+00,  5.28839922e+00,  3.22349913e+00,  8.62376095e+00,
        5.57392704e+00,  7.82781930e+00,  2.68265615e+00,  7.91518397e+00,
        8.80231817e+00,  5.45656347e+00,  5.02955346e+00,  6.05244050e+00,
        3.88190401e+00,  1.32868116e+01,  1.33074111e+01,  4.24737290e+00,
        3.57742133e+00,  1.49417200e+00,  4.47535347e+00,  1.55402704e+01,
       -8.45574502e-01,  8.41882188e+00,  6.45950658e+00,  7.03177758e+00,
        9.55663833e+00,  1.53467553e+00,  6.29316253e+00,  1.44135079e+01,
        5.82649918e+00,  6.22743668e+00,  6.51647277e+00,  8.26245628e+00,
        1.83403478e+00,  5.41428259e+00,  1.04626520e+01,  2.08692761e+00,
        1.41954813e+01,  6.64783917e+00,  1.42519620e+00,  8.10369454e+00,
        4.26872650e+00,  3.84174198e+00,  4.90666791e+00,  5.52412762e+00,
        7.65129493e+00,  8.37048335e+00,  6.46030240e+00,  8.98402065e+00,
        5.83306303e+00,  1.14790448e+01, -1.57537004e+00,  9.33953311e+00,
        7.23890277e+00,  9.55730008e+00,  7.51068843e+00,  4.75283481e+00,
       -9.99229202e-02,  6.87208337e+00,  6.42723133e+00,  4.09304263e-01,
        6.67269054e+00,  3.99972713e+00,  6.72665428e+00,  2.75603806e+00,
        4.02993955e+00,  4.59260787e+00,  1.03812555e+01,  8.52477152e+00,
        6.45150880e+00,  8.42988340e-01, -2.48823666e+00,  8.83062778e+00,
        5.38883565e+00,  1.01777493e+01,  6.99066293e+00,  2.76692000e+00,
        7.53728139e+00,  7.51545810e+00,  7.94648193e+00, -1.73474269e+00,
        9.32521140e+00,  6.63003261e+00,  5.64316601e+00, -4.74673301e-01,
        2.99129215e+00,  4.40356359e+00,  1.52007499e+01,  1.01182668e+01,
        4.30377730e+00,  2.21848138e+00,  4.77373610e+00,  2.90954104e+00,
       -5.66291469e-01,  6.17264978e-01,  1.03541970e+01,  7.73048707e+00,
        1.47386931e+01,  5.28880264e+00,  1.02848925e+01,  4.95683748e+00,
        6.66038252e+00,  6.24601361e+00,  4.09163095e+00,  5.74445611e+00,
       -3.47559685e+00,  1.00849618e+01, -1.25306175e-02,  5.89230927e+00,
        3.95450717e+00,  8.22260453e+00,  1.17557389e+00,  7.58353955e+00,
        1.88070165e+00,  1.05113130e+00,  5.86299154e+00,  2.82828036e+00,
        9.10489581e+00,  8.48703127e+00,  5.59452907e+00, -1.49549983e-01,
        2.99311142e+00,  5.63127859e+00,  6.05261739e+00,  3.60864449e+00,
        2.99119972e+00,  5.48485588e+00,  3.82824850e+00,  1.06011049e+00,
        8.14390257e+00,  9.56881346e+00,  8.69008277e+00,  1.26709924e+01,
        9.81299509e+00,  3.92338332e+00,  4.24581410e+00,  4.55017794e+00,
        3.61431777e-01,  1.10261468e+00,  1.05948262e+01,  6.02557539e+00,
        8.73362216e+00,  4.09804267e+00,  6.65294177e+00,  6.13939813e+00,
        2.07593617e-01,  8.54406718e+00,  6.32341019e+00,  9.68189264e+00,
        1.40174317e+01,  3.68228760e+00,  1.41598868e+01,  3.46558635e+00,
        2.89917498e+00,  7.21286071e+00,  8.73088804e+00,  6.04593741e+00,
        1.59850780e+00,  8.19993176e+00,  9.99948176e+00,  1.06622189e+01,
        5.20407472e+00,  1.08014642e+01,  9.05794895e+00,  1.03283803e+01,
        3.37705268e+00,  7.08598554e+00,  1.00625347e+01,  3.40345304e+00,
        3.37673764e+00,  1.28207826e+00,  4.55170732e+00,  4.52683303e+00,
        5.62174144e+00,  4.82706182e+00,  6.65205805e+00,  5.27010330e+00,
        9.00452489e+00,  5.52860141e+00,  4.18755121e+00,  5.52656936e+00,
        4.97246181e+00,  5.21328671e+00,  8.66979145e+00,  9.57143857e+00,
        6.27015088e-01,  1.09701548e+01,  8.06471369e+00,  8.16819578e+00,
       -2.46130011e+00,  3.01379561e+00,  1.53935688e+00,  1.40410032e+01,
        6.05871909e+00,  3.78676291e+00,  1.31965526e+01,  4.59299286e+00,
        1.05576267e+01,  2.73814788e+00,  3.26706275e+00,  3.23472933e+00,
        9.63591628e-01,  7.99721997e+00,  6.41889032e+00,  9.11214668e+00,
        1.23006428e+01,  8.53291340e+00,  5.07361546e+00,  6.29939594e+00,
        1.33987729e+01,  6.47910851e+00,  7.90620220e+00,  1.02689625e+01,
        5.14623683e+00,  1.03354388e+01,  8.57054978e+00,  4.48986525e+00,
        9.34603170e+00,  8.24095016e+00,  6.87280582e+00,  1.25751675e+01,
        2.09759218e+00,  7.85502780e+00,  9.28494585e+00,  9.52172517e-01,
        4.96767956e+00,  3.91720823e+00,  7.59883704e+00,  1.08240449e+01,
        2.42761711e+00,  9.28344131e-01,  4.87594764e+00,  6.35725415e+00]), array([ 4.07842176, 10.87439696, 10.00454792,  0.93219519,  4.84831971,
        4.64410023,  4.31899983, 11.63122326,  5.03154484,  9.08962609,
        0.21581868, 10.06163471,  7.83677959,  0.32869016,  5.49631057,
        0.09952564,  7.72885511, 11.80664443,  9.49443347,  8.40289802,
        6.56004985,  2.04521805,  3.21510752,  3.42218165,  7.38213919,
        6.55191615,  0.32472595,  5.17678894,  7.79655655,  2.62676358,
        7.43240862,  6.67215726,  6.80175433,  4.73255091,  3.39671988,
        4.98621919,  8.26145124,  5.44997467,  5.99464571,  3.4344584 ,
        0.87383652,  4.38099948,  7.10343157,  7.50307519,  1.25441622,
       10.29562557,  3.79198937, 17.95572291,  4.73011322, 11.30084287,
        9.07308351,  5.4335182 ,  2.43492193, 11.31820213,  9.8858301 ,
        5.6540981 ,  5.89176989,  5.22702672,  2.1070215 , 15.12579293,
        6.05715377,  8.01157102, 14.81288493,  7.20916778,  6.7091019 ,
       10.28930079, -1.10577163,  8.17678677,  4.32959406, 16.83932053,
        6.27516582,  6.77527207,  6.46847058,  2.90377484,  9.33331813,
        3.90991607,  8.4927935 ,  8.88210301,  8.50558232,  7.90449251,
        7.47285057,  5.00956734,  3.15126343,  8.2019472 , 11.96464942,
        6.22338639, 11.29147455, -1.98807522,  5.65487698,  7.74027217,
        2.20535487,  9.12281733,  5.60535608,  9.09078196,  7.67322371,
        6.05759228,  7.99324845, -2.4398445 , 10.55766034, -0.63682099,
       10.20342954,  8.92640635,  4.98294938, 13.26019781,  9.48582081,
        7.59923363,  6.66446515,  3.46000384,  5.03174536,  3.01007901,
        3.4396507 , 13.40973506, 10.827176  ,  7.56669024,  6.74240446,
        6.8448262 ,  3.57798204,  8.10948962, 11.88243912,  7.79689826,
        4.19051726,  3.01426068,  3.88072516, -0.35148209, 10.79611107,
       12.69921031,  4.08384166,  5.84826393,  6.29338212,  8.22633655,
        8.92060564,  4.85527956, 11.61493247,  0.02308734,  9.84411226,
        9.81000267,  8.96734335,  6.86005591,  3.85525846,  9.50711184,
        2.88447481,  9.11924658,  2.23367009,  7.78547405, 11.27343471,
        8.40573641, 11.42056499,  5.87671001, 10.84078742,  6.98981511,
        7.19032072,  4.10868262, 11.23908902,  4.61652411,  6.64279053,
        8.54297506,  3.44583918,  5.57656254,  5.62068555,  5.72827774,
        6.79798761,  7.77207226,  3.67196641,  7.23213968,  6.41304689,
        4.68183363,  5.91091905,  7.16899565,  6.67917028,  8.85332589,
        2.87897658, 12.94155146,  5.09959091,  8.17963566, 11.05799269,
        4.46259639,  9.3562418 ,  3.28546754, 10.71103992,  7.77102377,
        7.26133746,  2.84866161,  1.69853846,  7.45055886,  9.73016716,
        9.19530608,  9.99813792,  5.48156161,  8.29957401,  7.55412481,
        2.13000119,  6.42857367,  6.24836138,  3.28852594,  7.02176538,
        9.47062219,  7.32898721,  5.81258878,  9.24386401,  4.6210102 ,
        8.93308151,  6.57226994,  3.32227957,  4.13266798,  6.25490444,
        9.67480763,  8.19088055,  9.85836245,  4.92652164, 10.59411214,
        7.73134584,  2.71298819,  2.86685373,  9.22002081,  8.38590407,
       12.07411484, 12.49673744, 12.22676322,  3.28636006,  3.21422468,
        9.05051785, 10.40496744, 13.19834346,  7.26423217,  8.55982159,
        4.83874471,  8.20507745,  5.11176045,  9.74378876,  9.54923042,
        8.28515782,  2.31541734, 11.14981667, -2.40280418,  5.22499186,
        5.34536443,  5.3172697 ,  3.97276528, 12.40273873, 11.8261058 ,
        7.79101713, 10.86679218, 13.63491294, 11.54327053,  5.41457058,
        4.82461953,  9.50469415,  3.34409197,  4.47023692,  1.69483056,
        5.47750246, 14.61358556,  0.56007375,  6.68678418,  3.88236129,
        6.94556114,  6.77573056, -1.33571333,  2.53278561,  5.5781503 ,
        4.07303286,  6.88462481,  6.91670136, 15.83844554,  8.55752999,
        7.54934076,  3.40490834,  5.11235177,  3.35691139, 17.4306989 ,
        2.21945696,  6.95213229,  4.62367333,  7.86214941,  4.63144496,
       13.48677718, 11.94186376,  9.90506114,  3.76590588,  8.82522698,
       12.19441267, -2.67663653,  0.03615369,  7.46959298,  2.4228171 ,
        3.34809807, 12.16679599,  6.71339409, 13.62492193, 12.96619532,
        1.48009612, 12.85123675,  6.88771855,  5.90119453,  3.68712781,
        7.48075957, 11.37509897,  7.55893822,  4.27754473,  8.72023504,
        9.70604831, -0.64400489, -5.56679237,  5.83000248,  8.09602703,
       10.50889558,  9.28604466,  0.16806312,  9.57201963, 14.8728253 ,
        4.05872095,  1.33644054,  3.83944048, -1.38053687,  5.05486853,
        2.06274386,  1.13563203,  6.33765158,  0.53027755,  7.45256734,
        9.02282056,  4.57092283,  4.49200784, 10.40105781,  6.6956708 ,
       16.45543485,  7.89643726,  5.10473984,  2.26347884,  6.10656319,
       11.02693329,  8.36610638,  0.60141792,  4.57665209,  9.61513378,
        8.82020808,  6.14660704,  7.19813954,  6.87268446,  4.31617334,
        8.06164796,  3.55128624,  4.94644227,  7.88122956,  4.99247933,
        3.26232956,  2.5163414 ,  4.88943214, 12.28909885, 12.13545921,
        1.55869887,  5.58666775,  4.02859623, 15.67531659,  7.40747749,
        7.30470426, 12.65197022, 10.97844038,  7.42336319,  5.92806546,
        7.53298687,  0.86194217,  7.76679387,  6.45816077,  9.06258134,
       10.30449402,  7.82441097,  6.29660505,  5.86776818,  1.3304476 ,
       12.23539375,  8.86024757,  5.09746119,  6.96210102, 14.29336074,
        4.15087726,  1.15706092,  2.28609126,  8.05820173,  5.75350555,
       14.38911927,  2.56501362,  1.18350204,  9.85628204,  2.49595961,
        0.53563003,  4.16733809,  8.86947662,  6.54719103,  9.95244253,
        8.98835467,  6.96241141,  5.14668993, 12.38974939,  9.74927615,
        2.19116454,  8.38645767, 11.01763455, 13.11595194, -4.40533364,
        5.55074442,  6.81098292, 12.15249787, 12.87933206,  5.46578562,
        9.03729709,  4.39553204, 10.10607221,  4.2820392 , 10.88374795,
        6.9732923 ,  5.52295623,  1.18874187, -2.12447361,  8.22981005,
        9.51495871,  6.91287406,  7.78485948,  6.63789377, 12.08668527,
        6.69352355,  9.71132675,  8.77679222,  8.27407995, -3.12827637,
        8.36264626,  3.26158227,  7.64695436, 10.78078735,  1.86580749,
       12.54260721,  7.81005987,  2.42957773,  4.42125954,  5.28868328,
        8.48828385,  2.64355675, 10.39364367,  4.97074436,  3.21591377,
        7.99237868,  5.44852205,  4.14518605, -0.82555073, -0.38079245,
        5.77632478, 11.99518412,  6.24412831,  5.21745616, 10.51515516,
        9.68030655, 11.15248069, -6.94305001,  9.44624393,  6.35684734,
        9.46724889,  5.26584846,  6.07376657,  3.96938581, -3.43888608,
        8.72448305,  7.87047717,  0.85730272,  1.03721055,  8.35826554,
        6.81710168,  6.35658842,  4.10495774,  4.99959606, 13.38481204,
        8.14794227,  7.06527628,  7.92221105, 13.27646293,  7.11995191,
        2.83509862, 10.75282427,  5.52678527, 10.08628477, 10.98321678,
       12.49466201,  2.50863008,  4.67944759,  2.85788507,  5.0465952 ,
        8.21295444, 11.91410464,  5.94624943, 10.22163873,  3.37930772,
        8.85361915,  9.73376072,  1.15059264, 11.04743194,  1.79969506,
        4.25828829,  7.25202922,  2.2672972 ,  7.57725423,  5.58636802,
        7.65893215, 11.52537915,  6.90891019, -2.29113385,  7.97708546,
        8.08842066,  2.16832336,  7.65832177,  9.81159064, 10.43923316,
        3.98062488,  1.0817161 ,  9.76295248,  8.63108155,  7.26357459,
        2.54423122,  6.81853034,  6.45365329, 11.3232911 ,  5.04083176,
       12.8607924 , 11.23344625,  8.31903354,  3.14367524,  6.71869235,
        8.25848665,  1.77282295,  3.65717336,  8.32846627,  9.9174394 ,
        6.05692518,  4.21944302, 10.23931698,  4.91274328, 13.41513602,
        9.43416187,  4.63636632,  3.13539328,  6.18335055,  1.53707739,
        5.61467202,  6.5111733 ,  3.23145556,  3.41022205, -2.07333343,
       13.30968769,  3.82494062,  5.39569567,  6.13415814,  1.37292208,
        3.07177277, 13.18391553, 10.12816353,  2.74516544,  3.09710695,
        6.8019379 ,  5.34038046,  3.2762607 ,  5.96005512, 11.26218427,
        7.28016079,  4.56619962,  9.88937887, -1.65520076, 10.43965611,
        2.44372126,  0.05593988,  4.47111314,  4.37722133,  5.98773957,
        4.10199573,  9.24048099,  6.10392412,  8.20112445,  4.06759296,
        8.79640924,  9.29292777,  6.48629527,  5.80919737,  7.3525369 ,
        4.56135043, 14.57977076, 14.18157702,  4.68325426,  4.71936077,
        2.38776943,  4.64738549, 17.11241745, -0.48449692,  9.04317841,
        7.22043104,  7.91805606, 10.77196002,  2.17966784,  6.62820171,
       15.53997079,  6.62792789,  7.75866664,  7.71585917,  9.14500714,
        2.44829938,  7.16387108, 11.18733035,  3.16285692, 14.44962478,
        7.9734839 ,  2.29286828,  8.91694778,  5.19431971,  4.82347137,
        6.30543704,  6.62960565,  8.38076727,  9.86579471,  7.34873375,
        9.69886333,  6.97858741, 12.77974943, -1.69337678, 10.26854022,
        7.55676076, 11.30789955,  8.25494618,  5.7069379 ,  0.89890997,
        7.33619558,  6.46577359,  1.40017034,  7.41724292,  4.436418  ,
        7.14786764,  3.19365845,  4.5695545 ,  5.00692815, 11.87379541,
        9.80291173,  7.00626267,  1.82903169, -2.59807148,  9.47880999,
        5.78256916, 11.12487811,  7.53115214,  3.64823712,  8.15902467,
        8.32095958,  8.72039742, -1.02293981, 10.27388165,  7.28944067,
        6.71056444, -0.11188937,  3.91449311,  4.69324376, 16.29464348,
       10.78957892,  5.80840925,  2.99713993,  5.2593516 ,  3.50490743,
       -0.15449448,  0.96434288, 11.61630339,  8.27735506, 16.00285161,
        6.50006729, 11.31600174,  5.75130697,  7.256999  ,  6.63488972,
        4.54796937,  6.56338914, -2.63014256, 11.48578113, -0.07930807,
        6.90670298,  4.28074261,  8.93878941,  1.75778739,  8.37427446,
        1.98021715,  1.2163253 ,  7.06949543,  4.18699292,  9.63377599,
        9.23103552,  6.64477952,  0.39062191,  3.25198616,  6.63355733,
        7.3632658 ,  4.7339389 ,  4.29967855,  6.28514055,  4.22442813,
        2.26636681,  9.04310139, 10.2082415 ,  9.53831858, 13.91283266,
       10.51968209,  4.38525309,  4.79884727,  4.95086139,  0.11123929,
        2.08883224, 11.03308035,  7.40637327,  9.33221467,  4.25483408,
        7.44668255,  6.5262045 ,  1.19632846,  9.60393598,  7.88892398,
       10.90912402, 14.93227314,  4.40874761, 14.99067229,  4.41303737,
        3.9286857 ,  8.11305083, 10.11742447,  6.37018955,  2.54284042,
        9.48544732, 10.57743204, 11.8098314 ,  5.80598639, 11.59657591,
        9.669148  , 11.21606882,  4.319759  ,  7.52659734, 11.04373643,
        4.34999011,  4.20867203,  2.44338745,  5.13100548,  6.13849652,
        6.43077322,  5.79302418,  7.40061908,  6.23114872,  9.75695758,
        6.66230472,  5.13783843,  6.82973843,  5.36631725,  5.91760367,
        9.88460075, 10.20970926,  1.76158793, 12.391394  ,  8.91633619,
        8.19313104, -1.20569326,  3.8195473 ,  2.46703902, 15.08849437,
        6.95257834,  4.3953971 , 14.32326594,  5.51496623, 11.2356845 ,
        4.38642475,  3.16650808,  3.96148751,  1.47933114,  8.30810544,
        7.10266653,  9.82018761, 13.01570492,  9.41446686,  6.11188097,
        7.08611127, 14.30646318,  7.08945749,  9.01281824, 10.79261268,
        5.88842553, 11.66071255,  9.84974807,  5.62640076, 10.55719581,
        9.2548453 ,  7.1220303 , 13.27635001,  2.97914591,  8.53036898,
       10.17573671,  1.95299571,  5.83313985,  4.72347567,  8.03072078,
       11.73373652,  3.01890332,  1.82339293,  5.46703218,  7.46086484]), array([ 4.89776438e+00,  1.18451195e+01,  1.03097963e+01,  8.84626234e-01,
        6.10442062e+00,  5.59527578e+00,  5.52032778e+00,  1.23487412e+01,
        5.21614417e+00,  1.01143250e+01,  1.03208185e+00,  1.12431568e+01,
        8.51999655e+00,  2.85691997e-01,  6.16498975e+00,  7.53203402e-01,
        8.52271201e+00,  1.27007019e+01,  1.04007790e+01,  9.48704649e+00,
        7.46428941e+00,  2.46948760e+00,  4.26081710e+00,  4.60985920e+00,
        7.61366126e+00,  7.18811933e+00,  5.97615764e-01,  5.73877510e+00,
        8.67393950e+00,  2.73400747e+00,  8.28517774e+00,  6.91913899e+00,
        7.39406123e+00,  5.98191480e+00,  3.79316408e+00,  6.09480191e+00,
        9.17270311e+00,  5.91325702e+00,  6.47572109e+00,  4.07337135e+00,
        1.66768875e+00,  5.20445142e+00,  7.47341891e+00,  8.06412453e+00,
        2.40361716e+00,  1.08408089e+01,  4.13980847e+00,  1.82495819e+01,
        5.49253563e+00,  1.18542180e+01,  9.78195276e+00,  6.41867313e+00,
        3.32996928e+00,  1.18477249e+01,  1.06275162e+01,  5.48169238e+00,
        6.49350192e+00,  6.06556105e+00,  3.08097337e+00,  1.61463098e+01,
        6.62322482e+00,  8.32011905e+00,  1.64637820e+01,  7.89542115e+00,
        7.27306295e+00,  1.06601587e+01,  1.07493786e-02,  9.06180551e+00,
        4.57166359e+00,  1.72551390e+01,  7.28406285e+00,  7.46849897e+00,
        7.54164274e+00,  4.26617383e+00,  1.00135506e+01,  4.45545004e+00,
        8.93653586e+00,  9.61436670e+00,  9.29034305e+00,  8.81754878e+00,
        8.00730239e+00,  5.22434321e+00,  4.30010606e+00,  9.32461248e+00,
        1.25665776e+01,  7.69909633e+00,  1.22226731e+01, -1.29967292e+00,
        6.38267121e+00,  8.56429203e+00,  2.49110763e+00,  1.02125388e+01,
        6.79080975e+00,  9.47296463e+00,  8.80099215e+00,  6.30237792e+00,
        8.54052611e+00, -1.79945509e+00,  1.12915790e+01, -1.04173284e-01,
        1.11706539e+01,  9.28075965e+00,  5.93141184e+00,  1.39086409e+01,
        1.05510750e+01,  8.05921804e+00,  7.35693100e+00,  3.86098540e+00,
        6.20585187e+00,  3.79154586e+00,  3.27768627e+00,  1.44658040e+01,
        1.21027092e+01,  8.57685393e+00,  7.03510552e+00,  7.19009636e+00,
        4.19912980e+00,  8.73484482e+00,  1.21992344e+01,  8.41373902e+00,
        4.77843406e+00,  3.81553005e+00,  4.31176204e+00, -4.60310509e-01,
        1.16782506e+01,  1.34921984e+01,  5.03799158e+00,  6.07831763e+00,
        7.01015746e+00,  8.38465140e+00,  1.02609345e+01,  6.13965152e+00,
        1.23704193e+01,  8.21128988e-01,  1.05942671e+01,  1.02174917e+01,
        9.53557528e+00,  7.82929950e+00,  4.72273681e+00,  1.04195589e+01,
        3.69241827e+00,  9.55303013e+00,  3.36483107e+00,  9.17822082e+00,
        1.20892650e+01,  9.17976227e+00,  1.23298659e+01,  6.95756253e+00,
        1.16871169e+01,  6.97666185e+00,  7.59177684e+00,  4.52031553e+00,
        1.20159886e+01,  4.97323000e+00,  6.82654657e+00,  9.56368746e+00,
        4.38185391e+00,  6.17586415e+00,  6.71900362e+00,  6.18521451e+00,
        7.67934934e+00,  8.43976472e+00,  4.19692111e+00,  7.85415255e+00,
        6.56163017e+00,  4.64431978e+00,  6.53789930e+00,  7.76927566e+00,
        7.10158601e+00,  1.00160710e+01,  3.79139336e+00,  1.40561296e+01,
        5.50968861e+00,  8.90590079e+00,  1.19909147e+01,  5.30511761e+00,
        9.68575679e+00,  4.49959400e+00,  1.11781810e+01,  8.61151725e+00,
        8.28547715e+00,  3.50259124e+00,  2.51723695e+00,  8.35686434e+00,
        1.07358681e+01,  1.01688294e+01,  1.13692022e+01,  5.87559400e+00,
        9.04365032e+00,  8.74578178e+00,  2.94541834e+00,  7.06481215e+00,
        7.16865506e+00,  3.74481677e+00,  7.73961902e+00,  1.04264665e+01,
        8.15801320e+00,  6.36819945e+00,  1.01666256e+01,  5.04795677e+00,
        1.00697159e+01,  7.62069361e+00,  3.95614345e+00,  4.80250686e+00,
        7.14273148e+00,  1.03430154e+01,  9.12768883e+00,  1.04411919e+01,
        5.59661284e+00,  1.12014531e+01,  8.79762359e+00,  3.41567670e+00,
        3.59440984e+00,  9.88301990e+00,  9.02543902e+00,  1.32079246e+01,
        1.39504735e+01,  1.34814458e+01,  4.34425705e+00,  3.71856449e+00,
        9.74045158e+00,  1.13341153e+01,  1.43951030e+01,  8.43629091e+00,
        9.04786419e+00,  5.42637470e+00,  9.43162443e+00,  5.85207612e+00,
        1.01158466e+01,  1.00937002e+01,  8.99594465e+00,  3.21939282e+00,
        1.19598782e+01, -2.33052775e+00,  6.28312848e+00,  6.46040097e+00,
        6.09609960e+00,  4.94914988e+00,  1.33100617e+01,  1.23959227e+01,
        8.48007012e+00,  1.16910607e+01,  1.41902228e+01,  1.29398514e+01,
        6.36541200e+00,  5.43605842e+00,  1.03371760e+01,  3.82339351e+00,
        5.13241632e+00,  3.31062307e+00,  6.47370963e+00,  1.53995910e+01,
        1.07701081e+00,  7.31944365e+00,  4.79343581e+00,  7.18423883e+00,
        8.41974829e+00, -9.60982591e-01,  3.46734482e+00,  6.41364339e+00,
        4.58141819e+00,  7.99093604e+00,  7.87812063e+00,  1.71477912e+01,
        8.97787706e+00,  7.65979673e+00,  3.86736225e+00,  5.63364262e+00,
        3.96864461e+00,  1.86320280e+01,  3.36342615e+00,  7.61586804e+00,
        5.44914565e+00,  8.75348933e+00,  5.13099579e+00,  1.47069285e+01,
        1.34314730e+01,  1.09769593e+01,  4.62059148e+00,  9.51482842e+00,
        1.26972735e+01, -1.72036754e+00,  8.64253591e-01,  8.25003503e+00,
        3.19647771e+00,  3.94913601e+00,  1.27769115e+01,  7.76344464e+00,
        1.48181255e+01,  1.40866088e+01,  2.31326101e+00,  1.37296268e+01,
        7.61510998e+00,  6.68449315e+00,  4.66148209e+00,  8.37942195e+00,
        1.22692925e+01,  8.04012491e+00,  4.46979900e+00,  9.83840826e+00,
        1.06446388e+01, -7.57960241e-01, -5.28251868e+00,  7.48529505e+00,
        9.37437998e+00,  1.06869267e+01,  1.00881514e+01,  3.21968416e-01,
        1.05259958e+01,  1.56589997e+01,  4.48317848e+00,  1.48422421e+00,
        4.42966753e+00, -5.15264061e-01,  5.80803043e+00,  2.53513492e+00,
        1.26244377e+00,  7.01079590e+00,  1.03769115e+00,  8.03059481e+00,
        9.53555662e+00,  5.43336685e+00,  5.47705574e+00,  1.11638626e+01,
        7.33513078e+00,  1.76125555e+01,  8.63056489e+00,  5.94670424e+00,
        2.85132583e+00,  6.41004332e+00,  1.15818300e+01,  8.90104264e+00,
        1.21340302e+00,  4.98116852e+00,  1.04155574e+01,  9.38321699e+00,
        6.39888747e+00,  8.06983298e+00,  7.50917552e+00,  4.35794777e+00,
        8.46135424e+00,  4.38637337e+00,  5.65537208e+00,  8.61886207e+00,
        5.68936204e+00,  3.74601560e+00,  3.22669836e+00,  5.56624937e+00,
        1.37229058e+01,  1.29616533e+01,  1.90737489e+00,  6.62451178e+00,
        4.69076143e+00,  1.70247860e+01,  7.91134936e+00,  7.50086598e+00,
        1.41107067e+01,  1.21178331e+01,  8.93480523e+00,  7.13975926e+00,
        7.87546889e+00,  1.11044533e+00,  9.11396714e+00,  6.94538255e+00,
        9.45209003e+00,  1.11186472e+01,  8.22801886e+00,  7.08228586e+00,
        6.63302042e+00,  1.78707269e+00,  1.33287013e+01,  9.54431148e+00,
        5.42381566e+00,  7.93302790e+00,  1.50268541e+01,  4.84278203e+00,
        1.18898504e+00,  2.88524128e+00,  9.03448517e+00,  6.46786199e+00,
        1.53884767e+01,  3.34566682e+00,  1.82323062e+00,  1.11814281e+01,
        3.36873891e+00,  1.50714082e+00,  5.21217222e+00,  9.93397450e+00,
        7.70827801e+00,  1.09376099e+01,  9.82777125e+00,  7.66157478e+00,
        5.59602087e+00,  1.36160830e+01,  1.06068599e+01,  2.73970636e+00,
        8.94105471e+00,  1.21432684e+01,  1.44240268e+01, -4.16422265e+00,
        6.61143641e+00,  7.90208801e+00,  1.34794735e+01,  1.44088815e+01,
        5.65987987e+00,  9.94029143e+00,  5.54481781e+00,  1.11995227e+01,
        5.07395901e+00,  1.16520511e+01,  7.48736032e+00,  6.07431728e+00,
        1.78566033e+00, -1.56760144e+00,  9.42822891e+00,  1.04860334e+01,
        7.78242772e+00,  8.64834244e+00,  7.71854052e+00,  1.32934445e+01,
        7.43544354e+00,  1.03538834e+01,  9.97865299e+00,  8.80603278e+00,
       -2.48649573e+00,  9.43053411e+00,  3.79864477e+00,  8.80226271e+00,
        1.12651134e+01,  2.74647891e+00,  1.30726898e+01,  8.94695746e+00,
        3.57983505e+00,  5.30382290e+00,  5.98657854e+00,  8.42697729e+00,
        3.99917626e+00,  1.01318607e+01,  6.11075007e+00,  3.96126268e+00,
        8.88177840e+00,  5.71454975e+00,  5.29571426e+00, -1.88243872e-01,
        6.56240022e-01,  6.47999271e+00,  1.36473554e+01,  7.07233735e+00,
        6.08725694e+00,  1.14675498e+01,  1.04622181e+01,  1.25428805e+01,
       -6.75669255e+00,  1.00921799e+01,  7.14136807e+00,  1.01085758e+01,
        5.87863157e+00,  7.06466621e+00,  4.57184643e+00, -3.28492883e+00,
        8.67438265e+00,  8.61916252e+00,  1.67108463e+00,  2.17375771e+00,
        9.10454533e+00,  7.98619777e+00,  7.38613353e+00,  5.00206455e+00,
        5.83164214e+00,  1.41466532e+01,  9.02165421e+00,  7.58879795e+00,
        8.59564322e+00,  1.46194842e+01,  7.40123711e+00,  3.00246952e+00,
        1.23211159e+01,  6.83661669e+00,  1.12468348e+01,  1.19354818e+01,
        1.28862866e+01,  3.17411310e+00,  5.06134040e+00,  3.42622911e+00,
        5.60330477e+00,  8.77503993e+00,  1.29588908e+01,  6.57362901e+00,
        1.11819308e+01,  4.25695747e+00,  8.89207662e+00,  1.07113120e+01,
        1.65020885e+00,  1.12202539e+01,  1.60618820e+00,  4.80768473e+00,
        8.17413859e+00,  3.53573268e+00,  8.85635699e+00,  6.69056456e+00,
        8.70078943e+00,  1.24686660e+01,  7.43487003e+00, -2.37043738e+00,
        8.77343166e+00,  8.51151663e+00,  2.59931895e+00,  8.35445377e+00,
        1.05296658e+01,  1.13136662e+01,  4.72826615e+00,  1.57585002e+00,
        1.08155296e+01,  9.28879410e+00,  7.57929585e+00,  3.30866126e+00,
        7.57307944e+00,  7.60198652e+00,  1.24999567e+01,  5.88013742e+00,
        1.36517846e+01,  1.16093641e+01,  9.31109649e+00,  3.57881536e+00,
        7.88390658e+00,  9.05460264e+00,  2.03963670e+00,  4.10465465e+00,
        8.81233463e+00,  1.09179157e+01,  7.18212995e+00,  5.35302881e+00,
        1.11045973e+01,  5.57958973e+00,  1.32129981e+01,  9.86893031e+00,
        4.94444030e+00,  3.11017122e+00,  6.90659459e+00,  1.63195654e+00,
        6.43850598e+00,  7.50855506e+00,  4.27308707e+00,  3.76360630e+00,
       -1.16404406e+00,  1.41899631e+01,  4.27216402e+00,  6.17143463e+00,
        6.95756559e+00,  1.30695826e+00,  3.40321368e+00,  1.33342226e+01,
        1.10396843e+01,  3.09820816e+00,  4.30994260e+00,  6.99879869e+00,
        5.90909255e+00,  4.20335069e+00,  7.02829865e+00,  1.16475589e+01,
        8.07299244e+00,  5.24781199e+00,  1.08494678e+01, -9.16031417e-01,
        1.18668090e+01,  3.36071574e+00,  8.85079726e-01,  4.97142621e+00,
        5.26788509e+00,  6.62218735e+00,  4.94950679e+00,  9.77968878e+00,
        6.58124109e+00,  8.54571557e+00,  5.39737163e+00,  9.61492418e+00,
        9.75651021e+00,  7.49272518e+00,  6.54125728e+00,  8.52460395e+00,
        5.20893486e+00,  1.57770585e+01,  1.49489296e+01,  5.04765258e+00,
        5.79045584e+00,  3.21162699e+00,  4.77990434e+00,  1.85899626e+01,
       -1.66641113e-01,  9.62939607e+00,  7.91770139e+00,  8.73771387e+00,
        1.19020459e+01,  2.78089075e+00,  6.89658306e+00,  1.65838016e+01,
        7.34163578e+00,  9.17063678e+00,  8.84223058e+00,  9.96056190e+00,
        2.98976436e+00,  8.77381928e+00,  1.18170569e+01,  4.20605342e+00,
        1.46066095e+01,  9.20280418e+00,  3.08813137e+00,  9.66362670e+00,
        6.06789425e+00,  5.71932143e+00,  7.61190479e+00,  7.66149503e+00,
        9.04365954e+00,  1.12774475e+01,  8.16610391e+00,  1.04042256e+01,
        8.05538993e+00,  1.39884638e+01, -1.82767827e+00,  1.11211828e+01,
        7.82304033e+00,  1.30078207e+01,  8.90256963e+00,  6.60612564e+00,
        1.81289632e+00,  7.75995115e+00,  6.44340335e+00,  2.39137507e+00,
        8.13145015e+00,  4.83209951e+00,  7.51698441e+00,  3.59531217e+00,
        5.03097928e+00,  5.41004868e+00,  1.32712323e+01,  1.10726076e+01,
        7.51348662e+00,  2.75707632e+00, -2.74868372e+00,  1.00774683e+01,
        6.18024224e+00,  1.20373469e+01,  8.01082503e+00,  4.41223573e+00,
        8.72272889e+00,  9.05009575e+00,  9.46760483e+00, -2.98381334e-01,
        1.11157946e+01,  7.87401409e+00,  7.69879464e+00,  2.09993297e-01,
        4.81680140e+00,  4.92132264e+00,  1.73287672e+01,  1.14036503e+01,
        7.23782309e+00,  3.74118004e+00,  5.71969706e+00,  4.09053448e+00,
        2.28483146e-01,  1.26631634e+00,  1.27858078e+01,  8.81772154e+00,
        1.71515949e+01,  7.62827726e+00,  1.22831757e+01,  6.54483867e+00,
        7.75948138e+00,  6.98679910e+00,  4.94143809e+00,  7.30170985e+00,
       -1.81546884e+00,  1.28251482e+01, -1.42524871e-01,  7.83155538e+00,
        4.55236659e+00,  9.60467828e+00,  2.32989483e+00,  9.12864521e+00,
        2.05617860e+00,  1.35733860e+00,  8.22669202e+00,  5.45065105e+00,
        1.01507762e+01,  9.89199537e+00,  7.59729380e+00,  8.75614981e-01,
        3.50130956e+00,  7.59118650e+00,  8.58313775e+00,  5.78171501e+00,
        5.53475647e+00,  7.06032263e+00,  4.57787153e+00,  3.45258053e+00,
        9.89342857e+00,  1.07744306e+01,  1.03331821e+01,  1.50873160e+01,
        1.11379782e+01,  4.80838487e+00,  5.27147792e+00,  5.31325744e+00,
       -1.44899166e-01,  3.08137082e+00,  1.13970722e+01,  8.70830277e+00,
        9.89089497e+00,  4.35141738e+00,  8.21847794e+00,  6.85380403e+00,
        2.12644898e+00,  1.05465404e+01,  9.36420704e+00,  1.20473288e+01,
        1.57453519e+01,  5.09692881e+00,  1.57631877e+01,  5.32515223e+00,
        4.86809350e+00,  8.94302370e+00,  1.14164219e+01,  6.61174405e+00,
        3.42198377e+00,  1.07079358e+01,  1.10923156e+01,  1.28690921e+01,
        6.33699043e+00,  1.23334559e+01,  1.01938458e+01,  1.20437165e+01,
        5.21547920e+00,  7.91762682e+00,  1.19249499e+01,  5.20169624e+00,
        5.05269388e+00,  3.55894887e+00,  5.65956673e+00,  7.64767328e+00,
        7.20975201e+00,  6.68019990e+00,  8.04124978e+00,  7.09907173e+00,
        1.04386097e+01,  7.73580503e+00,  6.08022398e+00,  8.06452544e+00,
        5.71159324e+00,  6.51389585e+00,  1.10021953e+01,  1.07872481e+01,
        2.78933845e+00,  1.37401330e+01,  9.72372518e+00,  8.17771674e+00,
       -3.12574255e-02,  4.57451645e+00,  3.34453335e+00,  1.60784087e+01,
        7.79368760e+00,  4.97505554e+00,  1.53571448e+01,  6.39393495e+00,
        1.18044775e+01,  5.99815109e+00,  3.04217002e+00,  4.62310782e+00,
        1.97892406e+00,  8.57600171e+00,  7.72352866e+00,  1.04483981e+01,
        1.36210326e+01,  1.02501915e+01,  7.03842622e+00,  7.80886818e+00,
        1.51255499e+01,  7.64179093e+00,  1.00454870e+01,  1.12755086e+01,
        6.55504597e+00,  1.28960863e+01,  1.10806808e+01,  6.70811413e+00,
        1.17113999e+01,  1.01795826e+01,  7.26174763e+00,  1.39253533e+01,
        3.82541432e+00,  9.13610384e+00,  1.10007468e+01,  2.86646772e+00,
        6.59057160e+00,  5.48417240e+00,  8.39216889e+00,  1.26098468e+01,
        3.57459161e+00,  2.66340357e+00,  6.00902765e+00,  8.47696497e+00])]
WARNING:root:[array([-1.66501844e+00,  4.07230412e+00,  7.89388947e+00,  1.29079894e+00,
       -4.12819157e+00, -1.75203708e+00, -4.36242188e+00,  6.56307698e+00,
        3.71126731e+00,  1.85144356e+00, -5.31594810e+00,  1.53722728e+00,
        3.03772790e+00,  7.56457572e-01,  9.26129253e-01, -4.29595038e+00,
        2.26590381e+00,  5.35266456e+00,  3.17933796e+00,  6.47666988e-01,
        4.24518557e-01, -7.23345678e-01, -4.00781704e+00, -4.84344649e+00,
        5.85302232e+00,  2.12677677e+00, -1.23448238e+00,  1.47242296e+00,
        1.51423301e+00,  2.01676244e+00,  1.38045267e+00,  5.13767619e+00,
        2.85149143e+00, -3.78300313e+00,  6.21651722e-01, -2.76535369e+00,
        2.00356722e+00,  2.22361393e+00,  2.77031784e+00, -1.06221369e+00,
       -4.68513807e+00, -1.34543776e+00,  4.61262351e+00,  3.47333568e+00,
       -6.53560305e+00,  6.68352591e+00,  1.37937684e+00,  1.59132994e+01,
       -4.45168691e-01,  7.38477670e+00,  4.03499711e+00, -1.33312891e+00,
       -3.81326990e+00,  7.63855481e+00,  4.57516229e+00,  6.97470269e+00,
        1.74053912e+00, -4.50322726e-01, -4.60253022e+00,  7.76865994e+00,
        2.26509954e+00,  5.71917462e+00,  3.14836636e+00,  2.50187779e+00,
        2.85046985e+00,  7.76842682e+00, -8.88688187e+00,  2.00077224e+00,
        2.78172807e+00,  1.39995080e+01, -8.29665690e-01,  1.98641524e+00,
       -8.67893729e-01, -6.68957107e+00,  4.67299846e+00,  3.23432225e-01,
        5.30045877e+00,  3.63126285e+00,  3.07796163e+00,  1.45694774e+00,
        3.74675702e+00,  3.81923594e+00, -4.65972579e+00,  3.89258170e-01,
        7.63293782e+00, -3.98509838e+00,  4.56863890e+00, -6.68073733e+00,
        7.16503787e-01,  1.83975084e+00,  4.64893770e-01,  1.42898669e+00,
       -2.79115685e+00,  6.48691668e+00, -5.23885160e-02,  4.29681098e+00,
        4.40658805e+00, -6.61622699e+00,  5.37527553e+00, -3.97003131e+00,
        3.34417491e+00,  6.47353594e+00, -1.51676856e+00,  8.68262311e+00,
        2.03299054e+00,  4.29536973e+00,  1.73055046e+00,  7.71521458e-01,
       -3.21419920e+00, -2.22976446e+00,  4.61510552e+00,  5.80796284e+00,
        1.91067441e+00,  4.27797362e-01,  4.73349492e+00,  4.38452736e+00,
       -7.52119368e-01,  3.74246810e+00,  9.76307637e+00,  3.63688736e+00,
        4.47091711e-02, -2.48879337e+00,  1.01364836e+00,  5.21751623e-01,
        4.55559957e+00,  7.14325356e+00, -2.61868731e+00,  4.68981639e+00,
        1.39771919e+00,  7.25495959e+00, -4.39423176e-01, -3.98479670e+00,
        6.12669897e+00, -5.55360946e+00,  4.63146062e+00,  6.92583815e+00,
        4.96407744e+00, -2.05983399e-02, -2.25764709e+00,  3.12917386e+00,
       -2.59909516e+00,  6.21837105e+00, -5.71040762e+00, -2.13340957e+00,
        5.53785288e+00,  2.91453922e+00,  5.06434754e+00, -1.63697093e+00,
        4.91626805e+00,  7.29823961e+00,  4.27769937e+00,  1.19562182e+00,
        5.70681631e+00,  2.13257247e+00,  5.54378929e+00,  1.44481811e+00,
       -2.89367833e+00,  1.38505495e+00, -2.20354384e+00,  2.73924980e+00,
        6.86136377e-01,  3.18719239e+00,  4.44952371e-02,  2.96299914e+00,
        5.40460089e+00,  5.02381454e+00,  1.60077687e+00,  3.01715367e+00,
        3.81561164e+00,  7.10652853e-01, -3.45494278e+00,  5.01849178e+00,
        2.38066506e+00,  3.18180575e+00,  4.47464013e+00, -1.37477659e+00,
        7.10137433e+00, -5.05841042e+00,  7.60928124e+00,  1.91563698e+00,
        1.05402564e-01, -1.46538860e+00, -3.84489115e+00,  1.11095904e+00,
        2.80327205e+00,  2.41542490e+00,  4.86527662e-01,  2.80038687e+00,
        3.10157183e+00, -6.63484412e-01, -3.47583233e+00,  2.06664062e+00,
       -1.95244745e-01,  2.71807763e-01,  2.17333914e+00,  2.79290115e+00,
        1.53071416e+00,  1.99654586e+00,  2.78486954e+00,  1.87059411e+00,
        9.24794474e-01, -7.37364428e-01, -9.87018018e-01, -3.48160710e-01,
        6.58885445e-02,  4.97736059e+00,  1.71608193e+00,  5.67330106e+00,
        2.09914185e-01,  6.34561550e+00,  1.98622166e-01, -2.02914750e+00,
       -2.13757464e+00,  4.63323308e+00,  3.94049194e+00,  4.28115005e+00,
        2.43006782e+00,  3.44197511e+00, -3.95819443e+00, -1.69663561e-01,
        4.21237547e+00,  3.82825909e+00,  4.76688628e+00, -1.06260488e+00,
        5.22691137e+00,  6.06129863e-01, -4.35568339e-01, -6.57269627e-02,
        7.24139481e+00,  5.57782546e+00,  3.21373178e+00, -3.84939232e+00,
        5.39299122e+00, -2.58048246e+00, -2.24922302e+00, -2.47015865e+00,
       -1.12528785e-01, -2.84826481e+00,  6.05640247e+00,  8.01476332e+00,
        2.82295977e+00,  5.20095319e+00,  9.81681521e+00,  1.74027880e+00,
       -1.13526189e+00,  6.31721721e-01,  3.56074962e+00,  1.67607901e-02,
       -1.13177515e-01, -9.50783840e+00, -1.43965007e+00,  9.18807778e+00,
       -2.81796032e+00,  2.39238358e+00, -2.39823871e+00,  5.24260815e+00,
       -4.72501605e+00, -3.68613685e+00, -3.85984722e+00, -2.76240663e-01,
        4.77002633e-01, -7.67725398e-01,  2.35546262e-01,  6.64831724e+00,
        5.68813813e+00,  6.79208861e+00,  2.89449515e-01,  1.67116475e+00,
       -6.24139858e-01,  9.15075820e+00, -5.66666627e+00,  2.49097950e+00,
       -1.04160511e+00,  1.65596056e+00,  1.35517421e+00,  4.79580032e+00,
        1.40504619e+00,  2.36274979e+00, -2.27981695e+00,  3.96288736e+00,
        8.66015872e+00, -9.10239583e+00, -5.77500628e+00,  1.99679345e+00,
       -2.97745016e+00, -8.25261938e-01,  7.85592250e+00, -7.54723139e-01,
        5.10928306e+00,  5.06805807e+00, -4.21052250e+00,  6.87375660e+00,
        1.87175436e+00,  4.59540427e-01, -3.04892620e+00,  1.33311835e+00,
        5.19365869e+00,  4.14299316e+00,  3.07152985e+00,  9.24065267e-01,
        3.14606763e+00,  2.27394880e-01, -7.21569124e+00, -5.66792865e+00,
       -8.37424911e-01,  9.36648188e+00,  3.67567145e+00, -7.57903930e-01,
        3.10825119e+00,  9.09652320e+00,  1.20019563e+00,  5.82340912e-01,
       -3.01948580e-01, -7.30431019e+00, -8.36254147e-02, -1.15103935e+00,
        3.47324697e-01,  1.59540748e+00, -2.87687825e+00,  3.46876965e+00,
        5.45461987e+00, -1.37892740e+00, -2.35919419e+00,  4.99867380e+00,
        2.27287004e+00,  8.41620701e+00,  2.61641022e+00, -7.82499517e-01,
       -1.81691320e+00,  4.05452283e+00,  7.13683134e+00,  4.71951389e+00,
       -3.55835901e+00,  1.97468620e+00,  4.11422389e+00,  4.92249893e+00,
        4.46950685e+00,  1.06256966e+00,  2.53380849e+00,  4.05737185e+00,
        5.14688275e+00, -2.24973175e+00,  2.24461953e-01,  2.70416530e+00,
        1.67921175e-01, -1.47334007e-02, -2.33558856e+00,  2.48559608e-01,
        2.34266351e+00,  6.38413980e+00, -5.82647469e-01, -1.77483173e+00,
       -5.28151607e-01,  6.07489149e+00,  4.03634800e+00,  5.82680726e+00,
        2.34039505e+00,  3.09847871e+00, -3.05891790e+00, -2.68619172e+00,
        5.30060508e+00, -6.81304840e-01, -1.77320591e+00,  3.12261825e+00,
        6.43760505e+00,  4.65699287e+00,  5.10478899e+00,  7.92713166e-01,
        4.91990757e-01, -1.62753524e+00,  4.47056095e+00,  4.06314228e+00,
        2.92198442e+00,  1.09276266e-01,  9.15765220e+00, -4.66236528e-01,
        1.30234392e+00, -1.88560995e+00,  1.31179367e+00,  8.20128891e-01,
        7.52698700e+00, -2.75279436e+00, -3.39373587e+00,  5.51599736e-01,
       -3.46503944e+00, -6.10847389e+00, -2.99843068e+00,  1.28343671e+00,
       -1.67064371e+00,  3.16289080e+00,  3.18170566e+00,  2.26700642e+00,
        2.10628790e+00,  3.65686914e+00,  3.73500156e+00, -1.51890252e+00,
        4.54697015e+00,  3.04099046e+00,  3.69978560e+00, -5.80276354e+00,
       -1.61983972e+00, -7.92306717e-01,  2.72400065e+00,  2.05627482e+00,
        4.17010544e+00,  2.90288243e+00, -3.44141629e+00,  2.52982054e+00,
       -1.36738798e+00,  5.56035200e+00,  3.48930186e+00,  1.57273302e+00,
       -2.81374928e+00, -5.91484726e+00, -1.76809154e-01,  2.72442542e+00,
        7.04370167e-01,  1.67141507e+00, -8.59952105e-01,  3.62732526e+00,
        1.58486214e+00,  5.10665461e+00,  4.39542480e-01,  4.66993002e+00,
       -7.31833437e+00,  7.91227778e-01, -3.85145111e-01, -5.20589214e-01,
        7.31283059e+00, -4.07824981e+00,  8.94487893e+00, -3.22189731e-01,
       -5.39582895e+00, -1.82961277e+00,  6.03146723e-01,  8.87850457e+00,
       -6.88037625e+00,  1.22698739e+01, -2.84773205e+00, -1.79888135e+00,
        1.96507257e+00,  3.77227426e+00, -3.85136120e+00, -5.17469464e+00,
       -7.50548272e+00,  9.75634852e-01,  5.13871777e-01,  7.25952529e-01,
       -7.02133710e-01,  3.84935331e+00,  4.36144931e+00,  1.42397063e+00,
       -8.07344626e+00,  4.94812160e+00,  9.08845296e-01,  5.13891955e+00,
        9.80235969e-01, -8.19239705e-01, -1.11939774e-01, -4.28955682e+00,
        9.22073124e+00,  2.83200669e+00, -4.70703950e+00, -6.88830754e+00,
        3.04076930e+00, -1.32300483e+00, -8.22161635e-01, -2.01481712e+00,
       -7.70678345e-01,  8.12106856e+00,  2.00227512e+00,  3.34511874e+00,
        3.22136323e+00,  3.74643234e+00,  5.31833222e+00,  1.80475518e+00,
       -4.00645165e-01, -3.62273989e+00,  1.90580925e+00,  4.23919229e+00,
        9.78570988e+00, -2.00371486e+00,  2.22458914e+00, -1.06703080e+00,
        1.20017994e+00,  4.05297545e+00,  4.48815015e+00,  1.82357313e+00,
        3.31112306e+00, -2.80916781e+00,  8.76633038e+00,  2.64929614e+00,
       -2.12155211e+00,  9.85464761e+00,  3.34363941e+00,  6.42666528e-01,
        7.85287146e-01, -6.48450804e+00, -1.33542511e+00, -2.13889165e+00,
        1.47324223e-01,  5.06814281e+00,  3.36842543e+00, -1.36755179e+00,
        2.42750080e+00,  5.05059408e+00, -7.87963726e-01,  2.81559795e+00,
        4.96798972e+00,  4.41598203e+00, -1.20528770e+00, -2.26971784e+00,
        2.25262614e+00,  3.96364874e+00,  5.27461710e+00, -2.79972175e+00,
        1.68723995e+00, -1.53155689e+00,  3.03364849e+00, -6.95224467e-01,
        7.31794096e+00,  8.54863573e+00,  1.36775850e+00,  1.80459936e-01,
       -1.51097141e+00,  2.68404386e+00,  1.50564815e-01,  6.86766584e-01,
        4.84916152e+00,  2.99319109e+00, -1.73904121e+00, -3.53502460e+00,
        4.25318321e+00,  3.23388674e-01,  1.48048923e+01,  6.35786389e+00,
        2.62812369e+00,  3.60035308e+00,  1.33298527e+00,  8.90820521e-01,
        4.88096921e-02, -5.34567462e-01, -3.78054602e+00,  1.06959192e+00,
       -8.14022159e+00,  6.94009359e+00,  8.02267810e-01,  4.53864495e-02,
        2.50825219e-01,  1.97046672e+00,  9.05476015e-01,  1.21178282e+01,
        3.43851802e+00,  3.69946026e-01, -5.37199614e+00,  5.74806703e+00,
        1.52660476e+00, -3.26307274e+00, -1.46041961e+00,  8.60652139e+00,
        1.76400115e+00, -1.99838672e-01,  3.30949183e+00, -6.55787536e+00,
        4.03774442e-01, -4.10418506e+00, -5.59783298e+00,  1.12203634e+00,
       -1.76198923e+00,  1.61295749e+00, -1.63468030e+00,  5.46196063e+00,
        2.87377107e+00,  5.95044363e+00, -5.15892000e+00,  3.10706402e+00,
        6.23720004e+00, -3.86962637e-01,  7.59539807e-01, -1.06331469e+00,
        1.67322645e-01,  6.08411888e+00,  8.64499877e+00,  2.13305309e+00,
       -2.77811829e+00, -3.30535125e+00,  3.84918059e+00,  6.66527852e+00,
       -2.58538613e+00,  5.03997091e+00,  2.36410889e+00,  2.15554752e+00,
        2.80738617e+00, -1.83653675e+00,  4.78547427e+00,  8.16271431e+00,
        1.57010259e+00, -2.24551830e+00, -1.32191761e-01,  3.41553277e+00,
       -1.29487508e+00, -4.36754487e+00,  6.71617172e+00, -4.00559546e+00,
        1.31792076e+01, -7.26970633e-01, -3.27645732e+00,  3.71867696e+00,
       -8.24328661e-01, -1.46400621e+00, -2.93803690e+00, -5.47629057e-01,
        3.72490747e+00, -3.59172240e-02,  1.60852089e+00,  4.98987341e+00,
       -5.72373111e-01,  4.21205564e+00, -5.55427430e-01,  4.32336302e+00,
        5.76610763e+00, -5.29840226e-01,  3.63794536e+00, -4.87081961e-01,
       -5.47587487e+00,  4.52848754e+00,  6.64266992e+00, -5.23327247e+00,
        2.54250827e+00,  1.80157283e+00,  4.60248122e+00,  4.43554639e-01,
        1.36877286e+00,  2.39148634e+00,  1.99556568e+00,  1.14816316e+00,
        3.50294466e+00, -4.60396968e+00, -1.33335964e+00,  5.35548090e+00,
        3.34949334e+00,  4.85463686e+00,  4.18916441e+00, -1.80199292e+00,
        4.34388052e+00,  3.23354960e+00,  3.63034508e+00, -5.72459280e+00,
        4.24345710e+00,  3.18853688e+00, -1.87551633e-01, -2.19913613e+00,
       -2.19215745e+00,  3.15955582e+00,  9.02184416e+00,  6.50220022e+00,
       -4.19513389e+00, -2.03715281e+00,  2.21322511e+00, -3.78001754e-01,
       -2.64685211e+00, -1.01820945e+00,  3.33238397e+00,  4.71966083e+00,
        7.78547705e+00, -1.44251315e+00,  4.55489971e+00,  4.22684652e-01,
        3.64251155e+00,  4.31745372e+00,  1.76835018e+00,  1.35611325e+00,
       -8.10158516e+00,  2.07834226e+00,  6.83733855e-01,  4.19089633e-01,
        2.45295460e+00,  4.33874924e+00, -1.97957747e+00,  3.19146161e+00,
        1.64276949e+00,  3.37478093e-01, -9.85107289e-01, -4.71585163e+00,
        6.19795399e+00,  4.58285316e+00, -1.28106665e-01, -2.92278593e+00,
        1.75038157e+00,  6.54971868e-02, -1.23356507e+00, -2.57995396e+00,
       -4.29744809e+00,  1.07802166e+00,  1.89718603e+00, -5.80131889e+00,
        3.11266316e+00,  6.19476029e+00,  4.02476848e+00,  5.69340621e+00,
        6.07690046e+00,  1.54053268e+00,  1.50136099e+00,  2.61744491e+00,
        2.13179262e+00, -4.56158167e+00,  8.49796490e+00, -1.72100311e+00,
        5.51852074e+00,  3.62556400e+00,  2.18905945e+00,  4.28523832e+00,
       -5.25564318e+00,  2.82844972e+00, -2.51171910e+00,  2.86958992e+00,
        9.05807631e+00, -1.96994877e-01,  9.63622346e+00, -1.82962249e+00,
       -2.75105247e+00,  2.32194462e+00,  9.89501355e-01,  4.65626765e+00,
       -3.58983030e+00,  9.74081714e-01,  6.95336604e+00,  4.33185614e+00,
        2.11414916e+00,  6.51738594e+00,  5.91435616e+00,  5.39263340e+00,
       -1.85188369e+00,  4.85405037e+00,  4.75007206e+00, -1.66931804e+00,
       -1.41349075e+00, -5.23303259e+00,  1.51324870e+00, -4.48130423e+00,
        1.14810500e+00, -3.85578564e-01,  2.79284038e+00,  2.93575714e-02,
        4.93129412e+00, -7.35664086e-01, -1.25902411e+00, -1.82784669e+00,
        3.02030248e+00,  1.56593472e+00,  1.97983902e+00,  6.18738412e+00,
       -5.46891176e+00,  2.94437107e+00,  3.37883669e+00,  8.31956716e+00,
       -9.40158266e+00, -1.36569159e+00, -3.49064053e+00,  8.15346313e+00,
        1.15419371e+00,  4.72519140e-01,  6.97609354e+00, -5.33271244e-01,
        7.09312645e+00, -6.74461107e+00,  4.21966681e+00, -6.43315323e-01,
       -1.83887332e+00,  6.56387056e+00,  2.78603472e+00,  5.43452753e+00,
        8.59936939e+00,  3.59284534e+00, -5.31427597e-01,  2.12413899e+00,
        8.50543545e+00,  3.27459541e+00,  1.77729076e+00,  7.51486152e+00,
        1.27253856e+00,  2.90599947e+00,  1.30773206e+00, -1.84277812e+00,
        2.53196679e+00,  2.72229956e+00,  6.00819109e+00,  8.79084813e+00,
       -2.74907077e+00,  4.27356889e+00,  4.38398517e+00, -4.43757770e+00,
        3.87814571e-01, -4.14815415e-01,  5.49382452e+00,  5.67967335e+00,
       -7.00061250e-01, -3.96545681e+00,  1.73425727e+00,  2.86810491e-01]), array([-8.59567683e-01,  4.99972319e+00,  8.17271405e+00,  1.24973406e+00,
       -2.86530119e+00, -8.73575878e-01, -3.11448493e+00,  7.27031234e+00,
        3.90217986e+00,  2.86645080e+00, -4.55568177e+00,  2.73855912e+00,
        3.70494080e+00,  6.87165744e-01,  1.54516200e+00, -3.68795929e+00,
        3.00746263e+00,  6.25652417e+00,  4.05331558e+00,  1.73512292e+00,
        1.25520000e+00, -3.58070670e-01, -3.00236220e+00, -3.68382491e+00,
        6.05023244e+00,  2.74105070e+00, -1.04539796e+00,  1.96711440e+00,
        2.40234479e+00,  2.09230875e+00,  2.23504234e+00,  5.32551456e+00,
        3.37973166e+00, -2.61034951e+00,  1.01529403e+00, -1.67749853e+00,
        2.85806957e+00,  2.67388914e+00,  3.20603931e+00, -4.33302406e-01,
       -3.91343139e+00, -5.43573838e-01,  4.95268683e+00,  4.04418768e+00,
       -5.46079529e+00,  7.16367140e+00,  1.70469578e+00,  1.61819622e+01,
        2.52210111e-01,  7.91925361e+00,  4.74680685e+00, -4.12882919e-01,
       -2.93529159e+00,  8.14594710e+00,  5.31366319e+00,  6.77231127e+00,
        2.30730645e+00,  3.16349304e-01, -3.66834068e+00,  8.79897169e+00,
        2.76957295e+00,  6.05359959e+00,  4.77178520e+00,  3.13897568e+00,
        3.38442812e+00,  8.10358523e+00, -7.79428988e+00,  2.86142522e+00,
        2.97740350e+00,  1.43625775e+01,  1.68757582e-01,  2.65710039e+00,
        1.25684225e-01, -5.33992672e+00,  5.30576696e+00,  8.14361948e-01,
        5.74762923e+00,  4.37071299e+00,  3.83075658e+00,  2.36340690e+00,
        4.26771828e+00,  3.94404761e+00, -3.59951190e+00,  1.47215377e+00,
        8.23825630e+00, -2.58078458e+00,  5.52862689e+00, -6.03826906e+00,
        1.39443271e+00,  2.67068406e+00,  6.74390741e-01,  2.50523899e+00,
       -1.60310867e+00,  6.84283856e+00,  9.88829408e-01,  4.55778368e+00,
        4.87638328e+00, -6.05903037e+00,  6.09649788e+00, -3.53786496e+00,
        4.30503644e+00,  6.81303985e+00, -6.19942753e-01,  9.30413204e+00,
        3.06905974e+00,  4.74861320e+00,  2.42044135e+00,  1.14153941e+00,
       -2.05627084e+00, -1.51764464e+00,  4.44206551e+00,  6.87988652e+00,
        3.15131407e+00,  1.43328670e+00,  5.00048001e+00,  4.71546732e+00,
       -1.51939870e-01,  4.34655469e+00,  1.00384142e+01,  4.19896442e+00,
        6.24596528e-01, -1.72011430e+00,  1.40519974e+00,  3.91365610e-01,
        5.41411505e+00,  7.91605464e+00, -1.67851183e+00,  4.80372701e+00,
        2.06018773e+00,  7.37084476e+00,  8.61072480e-01, -2.76726687e+00,
        6.89769756e+00, -4.77893790e+00,  5.35159967e+00,  7.31955302e+00,
        5.52831028e+00,  9.48554074e-01, -1.39656480e+00,  4.01182443e+00,
       -1.85233256e+00,  6.60831186e+00, -4.58175555e+00, -7.28954150e-01,
        6.34011132e+00,  3.69158223e+00,  5.94216653e+00, -5.93066585e-01,
        5.73465281e+00,  7.22077165e+00,  4.68215693e+00,  1.60447806e+00,
        6.48104831e+00,  2.48200186e+00,  5.67130246e+00,  2.42762113e+00,
       -2.02218213e+00,  1.96245993e+00, -1.09081137e+00,  3.13724590e+00,
        1.52635141e+00,  3.81353801e+00,  5.54429588e-01,  3.54564928e+00,
        5.54099493e+00,  4.97289617e+00,  2.18802964e+00,  3.59252410e+00,
        4.22230478e+00,  1.84115284e+00, -2.57561885e+00,  6.11958667e+00,
        2.74641714e+00,  3.87655597e+00,  5.38272134e+00, -5.58500696e-01,
        7.38226504e+00, -3.90514547e+00,  8.01596240e+00,  2.72692591e+00,
        1.09725276e+00, -8.90923833e-01, -3.08390757e+00,  2.00012679e+00,
        3.75851013e+00,  3.33685888e+00,  1.80439680e+00,  3.17599190e+00,
        3.81308801e+00,  4.70741056e-01, -2.69674836e+00,  2.66888921e+00,
        6.98109419e-01,  6.79407858e-01,  2.83597599e+00,  3.71853015e+00,
        2.34171050e+00,  2.52928083e+00,  3.68006345e+00,  2.23090017e+00,
        2.04755697e+00,  2.84221583e-01, -4.00662079e-01,  2.58367474e-01,
        9.32084858e-01,  5.63352841e+00,  2.61889404e+00,  6.26795325e+00,
        8.69662899e-01,  6.92224199e+00,  1.26431325e+00, -1.36961645e+00,
       -1.44403509e+00,  5.26036502e+00,  4.54637093e+00,  5.34417452e+00,
        3.82493421e+00,  4.66728979e+00, -2.95933569e+00,  2.85614494e-01,
        4.86790964e+00,  4.75090356e+00,  5.93826426e+00,  1.10311081e-01,
        5.67275392e+00,  1.21081505e+00,  7.62023122e-01,  6.58143831e-01,
        7.57182763e+00,  6.13329256e+00,  3.92577791e+00, -2.98998419e+00,
        6.20187724e+00, -2.57674118e+00, -1.20059875e+00, -1.38314014e+00,
        6.50368822e-01, -1.89174624e+00,  6.92539489e+00,  8.51588827e+00,
        3.52363754e+00,  5.97083975e+00,  1.03415468e+01,  3.09628090e+00,
       -2.27091973e-01,  1.20203200e+00,  4.38973078e+00,  4.79589713e-01,
        5.09588394e-01, -7.94880182e+00, -4.72459221e-01,  9.91889303e+00,
       -2.35656642e+00,  2.97731522e+00, -1.54112333e+00,  5.48740656e+00,
       -3.12510646e+00, -3.38108270e+00, -2.97380433e+00,  5.51518398e-01,
        9.81582142e-01,  2.93359662e-01,  1.14872551e+00,  7.91107294e+00,
        6.06925867e+00,  6.88478772e+00,  7.08807068e-01,  2.13207109e+00,
       -9.52950106e-02,  1.02754231e+01, -4.57676805e+00,  3.09645852e+00,
       -2.61104877e-01,  2.50953552e+00,  1.78037781e+00,  6.01567668e+00,
        2.87376038e+00,  3.40397445e+00, -1.42903641e+00,  4.63871871e+00,
        9.14059711e+00, -8.21599965e+00, -4.94944820e+00,  2.75449374e+00,
       -2.21762526e+00, -2.54437441e-01,  8.46054990e+00,  3.04079634e-01,
        6.28315303e+00,  6.16007540e+00, -3.41904881e+00,  7.67682019e+00,
        2.55257460e+00,  1.21247879e+00, -2.11402181e+00,  2.17409383e+00,
        6.03445527e+00,  4.61602249e+00,  3.23165261e+00,  2.00782482e+00,
        4.05960688e+00,  1.16229346e-01, -7.01304013e+00, -4.06409954e+00,
        4.02294380e-01,  9.49256463e+00,  4.45682463e+00, -6.43340946e-01,
        3.97642531e+00,  9.92246713e+00,  1.58280163e+00,  6.68340005e-01,
        2.87157257e-01, -6.47724438e+00,  6.30526915e-01, -7.03650769e-01,
        4.38548059e-01,  2.25009654e+00, -2.40554931e+00,  4.01009879e+00,
        5.94509259e+00, -5.61088462e-01, -1.40949895e+00,  5.75193926e+00,
        2.88372860e+00,  9.52501222e+00,  3.35475021e+00,  4.26807562e-02,
       -1.23992195e+00,  4.32375805e+00,  7.66390924e+00,  5.20406828e+00,
       -2.99256635e+00,  2.31391784e+00,  4.86545653e+00,  5.45639567e+00,
        4.69629413e+00,  1.92150086e+00,  3.12546601e+00,  4.08778278e+00,
        5.56083869e+00, -1.43663150e+00,  8.75413447e-01,  3.41432130e+00,
        8.34840609e-01,  4.36853637e-01, -1.66362919e+00,  8.90117642e-01,
        3.70771621e+00,  7.17460042e+00, -3.06942477e-01, -7.37225377e-01,
        1.02257321e-01,  7.41710543e+00,  4.49551606e+00,  6.03502392e+00,
        3.77738362e+00,  4.18525259e+00, -1.61252256e+00, -1.47641853e+00,
        5.58194764e+00, -4.66784922e-01, -4.30759711e-01,  3.57829703e+00,
        6.78310114e+00,  5.44339024e+00,  5.46540906e+00,  1.56130633e+00,
        1.25013629e+00, -1.22682397e+00,  5.56246427e+00,  4.73035105e+00,
        3.21626686e+00,  1.06675636e+00,  9.86129707e+00,  1.52912479e-01,
        1.24688623e+00, -1.28742904e+00,  2.24143223e+00,  1.49661707e+00,
        8.46235819e+00, -2.02544986e+00, -2.73372050e+00,  1.84978859e+00,
       -2.63966473e+00, -5.19034500e+00, -2.02374991e+00,  2.34093236e+00,
       -5.27840645e-01,  4.09108195e+00,  3.99017134e+00,  2.89601208e+00,
        2.51312484e+00,  4.87413272e+00,  4.56277919e+00, -1.00607878e+00,
        5.06304406e+00,  4.15834936e+00,  5.03444668e+00, -5.61496186e+00,
       -6.46694375e-01,  2.57428852e-01,  4.03496191e+00,  3.56182802e+00,
        4.33737087e+00,  3.73184434e+00, -2.36295724e+00,  3.56293913e+00,
       -5.65343538e-01,  6.29863606e+00,  3.95987109e+00,  2.13224932e+00,
       -2.26897074e+00, -5.38030794e+00,  9.97592688e-01,  3.66431687e+00,
        1.57925054e+00,  2.53012046e+00,  1.76513082e-01,  4.79613812e+00,
        2.28658757e+00,  5.75121573e+00,  1.58973455e+00,  5.15330643e+00,
       -6.74321098e+00,  1.85268184e+00,  1.20521436e-01,  6.24173445e-01,
        7.79906911e+00, -3.27375223e+00,  9.43109889e+00,  8.33036730e-01,
       -4.31411630e+00, -9.43459469e-01,  1.23040914e+00,  8.82063214e+00,
       -5.54076062e+00,  1.19938495e+01, -1.77049359e+00, -1.11719336e+00,
        2.77816101e+00,  3.98095008e+00, -2.72855420e+00, -4.55619997e+00,
       -6.51867782e+00,  1.63520186e+00,  2.10059411e+00,  1.47510150e+00,
        1.07848547e-01,  4.77881857e+00,  5.07281675e+00,  2.77346408e+00,
       -7.91936116e+00,  5.56929217e+00,  1.67545829e+00,  5.72139175e+00,
        1.58629300e+00,  1.38830764e-01,  4.36128944e-01, -4.19481194e+00,
        9.12493862e+00,  3.51053035e+00, -3.94365277e+00, -5.77345902e+00,
        3.78950777e+00, -1.88642221e-01,  1.79819474e-01, -1.16804420e+00,
        3.60195755e-02,  8.83414275e+00,  2.85991911e+00,  3.86753226e+00,
        3.86865944e+00,  5.06997797e+00,  5.56728120e+00,  1.94688818e+00,
        1.16577321e+00, -2.33971963e+00,  3.04653333e+00,  5.17487893e+00,
        1.01510568e+01, -1.37505401e+00,  2.54852792e+00, -5.24270739e-01,
        1.73984387e+00,  4.64409030e+00,  5.53382653e+00,  2.36842585e+00,
        4.28571196e+00, -1.93884723e+00,  8.75161620e+00,  3.64841969e+00,
       -1.68292751e+00,  9.99695560e+00,  3.10780839e+00,  1.13486859e+00,
        1.68449209e+00, -5.26994377e+00, -1.08745782e-01, -1.04739209e+00,
        1.21822566e+00,  5.96027889e+00,  3.84845059e+00, -1.51714163e+00,
        3.19437980e+00,  5.47407346e+00, -3.68653447e-01,  3.48769875e+00,
        5.62004737e+00,  5.23546415e+00, -4.90976212e-01, -1.80852378e+00,
        3.31947493e+00,  4.62186142e+00,  5.52439370e+00, -2.05728541e+00,
        2.38115059e+00, -4.20766569e-01,  4.18912896e+00,  9.31431681e-02,
        8.07385590e+00,  8.90601156e+00,  2.32168083e+00,  5.88373399e-01,
       -3.65281155e-01,  3.45334342e+00,  3.58250225e-01,  1.08973277e+00,
        5.34471619e+00,  3.94510271e+00, -6.57762510e-01, -2.47481703e+00,
        5.07657623e+00,  9.58812240e-01,  1.45978241e+01,  6.78542154e+00,
        2.89142362e+00,  3.50713528e+00,  1.98551162e+00,  9.75313973e-01,
        8.05094652e-01,  4.56923635e-01, -2.82669316e+00,  1.38878708e+00,
       -7.31126305e+00,  7.84226136e+00,  1.21818728e+00,  7.89464434e-01,
        1.07891062e+00,  1.87545283e+00,  1.19274386e+00,  1.22535249e+01,
        4.40493538e+00,  7.02247860e-01, -4.17955442e+00,  5.85825617e+00,
        2.04144586e+00, -2.34378590e+00, -4.40045579e-01,  8.95974002e+00,
        2.53860578e+00,  4.64232593e-01,  4.21274961e+00, -5.87981567e+00,
        1.79558698e+00, -3.16459769e+00, -4.80647844e+00,  1.57140696e+00,
       -9.14844003e-01,  2.20880775e+00, -8.53992878e-01,  5.97600117e+00,
        3.30431989e+00,  6.24054686e+00, -3.87208465e+00,  3.88963386e+00,
        6.63148017e+00,  5.59752590e-01,  1.46069156e+00,  1.30481433e-01,
        7.72627923e-01,  7.26678540e+00,  9.41782799e+00,  2.48858015e+00,
       -1.72509334e+00, -2.52001932e+00,  3.94494791e+00,  8.11435775e+00,
       -2.29412167e+00,  5.58502362e+00,  3.03696992e+00,  2.96578906e+00,
        3.91559302e+00, -1.30128940e+00,  5.03004331e+00,  9.18234134e+00,
        2.27976708e+00, -8.47784205e-01,  9.51112483e-01,  4.21654863e+00,
       -7.79221690e-01, -2.72859627e+00,  7.32684321e+00, -3.00502745e+00,
        1.33587692e+01,  4.95618902e-01, -2.48926730e+00,  4.43228351e+00,
        5.90345762e-03, -5.87628794e-01, -1.63106443e+00,  4.40945491e-01,
        4.37553417e+00,  1.33936103e+00,  2.41225670e+00,  5.61754502e+00,
        4.87612077e-01,  5.40985159e+00, -7.18838282e-01,  5.13334649e+00,
        6.00124898e+00,  1.11510107e+00,  4.28110180e+00,  3.63458549e-01,
       -4.58733029e+00,  4.89194955e+00,  6.61139116e+00, -4.32739598e+00,
        3.21324728e+00,  2.15409811e+00,  4.95419277e+00,  8.39123114e-01,
        1.80374117e+00,  2.74102274e+00,  3.37526448e+00,  2.33096631e+00,
        3.99075029e+00, -3.70188963e+00, -1.53283707e+00,  5.91746086e+00,
        3.64240192e+00,  5.71163399e+00,  4.65227629e+00, -1.03901685e+00,
        4.84247332e+00,  3.92950174e+00,  4.32633722e+00, -5.09393577e+00,
        5.08817737e+00,  3.75616124e+00,  7.64859287e-01, -1.92058464e+00,
       -1.35555713e+00,  3.36166705e+00,  1.00307654e+01,  7.09395546e+00,
       -2.79544208e+00, -1.34913870e+00,  2.62123847e+00,  1.52198470e-01,
       -2.30887126e+00, -7.50585606e-01,  4.49018944e+00,  5.19183078e+00,
        8.92840106e+00, -3.27420185e-01,  5.48972513e+00,  1.15434764e+00,
        4.15239932e+00,  4.61945652e+00,  2.16965085e+00,  2.08569755e+00,
       -7.35064856e+00,  3.39854168e+00,  5.49263081e-01,  1.31501148e+00,
        2.69949108e+00,  4.97040314e+00, -1.47962894e+00,  3.90634863e+00,
        1.67377879e+00,  4.69844863e-01,  1.42945082e-01, -3.46460934e+00,
        6.65716588e+00,  5.22035620e+00,  8.28065844e-01, -2.45959485e+00,
        1.93840447e+00,  9.63929392e-01, -3.04203817e-02, -1.56305943e+00,
       -3.10341478e+00,  1.77626281e+00,  2.20243949e+00, -4.69083333e+00,
        3.94326057e+00,  6.75504177e+00,  4.78438380e+00,  6.82665362e+00,
        6.70399369e+00,  1.92919636e+00,  1.95283033e+00,  2.90934212e+00,
        1.83849379e+00, -3.64880884e+00,  8.82988613e+00, -4.46931450e-01,
        6.03578903e+00,  3.70673513e+00,  2.91398345e+00,  4.58690820e+00,
       -4.34849029e+00,  3.78354561e+00, -1.05102562e+00,  3.99033166e+00,
        9.88488329e+00,  4.14206585e-01,  1.03553769e+01, -9.66745999e-01,
       -1.79614212e+00,  3.12126608e+00,  2.25646583e+00,  4.88832297e+00,
       -2.72539793e+00,  2.15068865e+00,  7.45663751e+00,  5.36920048e+00,
        2.62132320e+00,  7.19936786e+00,  6.43901731e+00,  6.20900551e+00,
       -9.94912810e-01,  5.21728025e+00,  5.63138653e+00, -8.24569674e-01,
       -6.43863035e-01, -4.16774611e+00,  2.01015784e+00, -2.99877044e+00,
        1.86658316e+00,  4.64740437e-01,  3.43988412e+00,  9.15101998e-01,
        5.60994992e+00,  2.73934119e-01, -3.72949792e-01, -6.11129039e-01,
        3.34201934e+00,  2.19547290e+00,  3.08109909e+00,  6.73828588e+00,
       -4.46105929e+00,  4.25301032e+00,  4.13232551e+00,  8.30581132e+00,
       -8.24908906e+00, -6.49382664e-01, -2.68498530e+00,  9.11164671e+00,
        1.95031510e+00,  1.01506450e+00,  7.99831438e+00,  3.04357369e-01,
        7.67422695e+00, -5.19621612e+00,  4.05471279e+00,  8.44209079e-04,
       -1.37725589e+00,  6.78072830e+00,  3.38234963e+00,  6.02666600e+00,
        9.21911730e+00,  4.40747784e+00,  4.12399892e-01,  2.79208626e+00,
        9.30113891e+00,  3.79761767e+00,  2.78222517e+00,  7.95081542e+00,
        1.89952489e+00,  4.13456579e+00,  2.49022221e+00, -8.12997169e-01,
        3.63934565e+00,  3.63136098e+00,  6.16598715e+00,  9.39499505e+00,
       -1.96964389e+00,  4.86576561e+00,  5.19092344e+00, -3.54593100e+00,
        1.16225240e+00,  2.72364589e-01,  5.84168445e+00,  6.51591197e+00,
       -1.97246797e-01, -3.15970116e+00,  2.25340997e+00,  1.29251736e+00]), array([-9.73060359e-02,  5.93470266e+00,  8.43659527e+00,  1.12883135e+00,
       -1.65542718e+00,  1.23121429e-02, -1.95236916e+00,  7.96112766e+00,
        4.03194396e+00,  3.85721993e+00, -3.82112316e+00,  3.89700133e+00,
        4.34430061e+00,  5.60819104e-01,  2.15281038e+00, -3.11537124e+00,
        3.74984680e+00,  7.12965475e+00,  4.92127573e+00,  2.78509864e+00,
        2.10008254e+00, -1.28620377e-02, -2.02042956e+00, -2.55486395e+00,
        6.22765362e+00,  3.32667329e+00, -8.64792681e-01,  2.46262584e+00,
        3.24331412e+00,  2.12606683e+00,  3.04810535e+00,  5.51036969e+00,
        3.91293063e+00, -1.42428268e+00,  1.35042529e+00, -6.20675400e-01,
        3.72056323e+00,  3.08245321e+00,  3.62784526e+00,  1.44677888e-01,
       -3.19241401e+00,  2.22704052e-01,  5.27036129e+00,  4.56448693e+00,
       -4.38926297e+00,  7.66349969e+00,  1.98705135e+00,  1.64672682e+01,
        9.47997728e-01,  8.44031946e+00,  5.42156318e+00,  5.10497444e-01,
       -2.10371770e+00,  8.64327390e+00,  6.02244501e+00,  6.53578768e+00,
        2.85220326e+00,  1.08974671e+00, -2.76320196e+00,  9.81334633e+00,
        3.27342548e+00,  6.32472696e+00,  6.41352136e+00,  3.77134991e+00,
        3.89642049e+00,  8.43320452e+00, -6.75501894e+00,  3.70449072e+00,
        3.15042495e+00,  1.47597296e+01,  1.13211973e+00,  3.30175997e+00,
        1.13896262e+00, -4.03391211e+00,  5.94138289e+00,  1.29168620e+00,
        6.15185784e+00,  5.06868186e+00,  4.57245319e+00,  3.23744236e+00,
        4.75642603e+00,  4.08277866e+00, -2.52500250e+00,  2.55170395e+00,
        8.81618071e+00, -1.16009652e+00,  6.44245742e+00, -5.44020896e+00,
        2.06325841e+00,  3.45651733e+00,  8.76298472e-01,  3.56080713e+00,
       -4.61232399e-01,  7.18159707e+00,  2.06017090e+00,  4.75512020e+00,
        5.36598874e+00, -5.51883302e+00,  6.79878998e+00, -3.10253972e+00,
        5.24281785e+00,  7.12546296e+00,  2.68447390e-01,  9.92718533e+00,
        4.09813061e+00,  5.16271290e+00,  3.06691146e+00,  1.47557273e+00,
       -9.32336447e-01, -8.09703634e-01,  4.21109137e+00,  7.92493974e+00,
        4.39706528e+00,  2.40446665e+00,  5.23866800e+00,  5.00900867e+00,
        4.06283806e-01,  4.92750475e+00,  1.03187010e+01,  4.76306006e+00,
        1.15458350e+00, -9.83839753e-01,  1.76948905e+00,  1.96727669e-01,
        6.26378256e+00,  8.68547779e+00, -7.80209429e-01,  4.95634890e+00,
        2.71862495e+00,  7.47620537e+00,  2.16324758e+00, -1.54388421e+00,
        7.63147217e+00, -4.05733715e+00,  6.06389724e+00,  7.68860524e+00,
        6.05932995e+00,  1.87625072e+00, -5.84984247e-01,  4.88638431e+00,
       -1.11683930e+00,  6.99548128e+00, -3.50886001e+00,  6.32865745e-01,
        7.12829179e+00,  4.42954672e+00,  6.82095007e+00,  4.35530793e-01,
        6.54821814e+00,  7.14280289e+00,  5.03784312e+00,  1.95734979e+00,
        7.23160862e+00,  2.78093237e+00,  5.79280606e+00,  3.40603092e+00,
       -1.15510330e+00,  2.50631663e+00, -3.42734769e-02,  3.53083906e+00,
        2.35592142e+00,  4.43156316e+00,  1.01799036e+00,  4.11575236e+00,
        5.63581065e+00,  4.87289172e+00,  2.75749157e+00,  4.14390247e+00,
        4.59520026e+00,  2.96519108e+00, -1.72859202e+00,  7.21505606e+00,
        3.09319942e+00,  4.55824739e+00,  6.28469631e+00,  2.26465726e-01,
        7.66212227e+00, -2.75748073e+00,  8.43925863e+00,  3.52207051e+00,
        2.07484845e+00, -3.14917998e-01, -2.34116630e+00,  2.86352857e+00,
        4.72422425e+00,  4.26597661e+00,  3.13940539e+00,  3.51418485e+00,
        4.51164656e+00,  1.61372069e+00, -1.95095074e+00,  3.25171841e+00,
        1.56778874e+00,  1.06464238e+00,  3.49921974e+00,  4.63677364e+00,
        3.12621830e+00,  3.03088673e+00,  4.56444727e+00,  2.58790934e+00,
        3.14991266e+00,  1.28537771e+00,  1.63730404e-01,  8.59389145e-01,
        1.77096288e+00,  6.26636336e+00,  3.51276593e+00,  6.82051720e+00,
        1.48519703e+00,  7.49239064e+00,  2.29406402e+00, -7.36030894e-01,
       -7.83622341e-01,  5.88056534e+00,  5.13963022e+00,  6.44383641e+00,
        5.25264321e+00,  5.89905585e+00, -1.96902263e+00,  7.18476306e-01,
        5.51395185e+00,  5.65125749e+00,  7.11568052e+00,  1.24456078e+00,
        6.11202511e+00,  1.74877744e+00,  1.94793229e+00,  1.34425315e+00,
        7.89919411e+00,  6.64458336e+00,  4.59838976e+00, -2.15514423e+00,
        6.98616327e+00, -2.60628459e+00, -1.91941046e-01, -3.20725896e-01,
        1.37672418e+00, -9.72442952e-01,  7.80420208e+00,  9.04541852e+00,
        4.17433081e+00,  6.75650017e+00,  1.08728369e+01,  4.46506879e+00,
        6.67451953e-01,  1.75104787e+00,  5.18870295e+00,  8.94874408e-01,
        1.10831413e+00, -6.40119975e+00,  4.71236623e-01,  1.06805967e+01,
       -1.92209704e+00,  3.55441858e+00, -6.96498264e-01,  5.67962031e+00,
       -1.52617632e+00, -3.10169791e+00, -2.10851392e+00,  1.33809368e+00,
        1.43174674e+00,  1.35019402e+00,  2.05755387e+00,  9.20768655e+00,
        6.44073333e+00,  6.94386675e+00,  1.10136575e+00,  2.58775576e+00,
        4.39827786e-01,  1.14635189e+01, -3.50309376e+00,  3.70397284e+00,
        5.02871254e-01,  3.35411630e+00,  2.20833200e+00,  7.22341072e+00,
        4.34242000e+00,  4.44030503e+00, -6.30445361e-01,  5.28891969e+00,
        9.61376246e+00, -7.35423657e+00, -4.19187436e+00,  3.48884814e+00,
       -1.50795418e+00,  2.80144932e-01,  9.04643661e+00,  1.31502246e+00,
        7.45852597e+00,  7.25845282e+00, -2.65881645e+00,  8.52060043e+00,
        3.22559246e+00,  1.94198334e+00, -1.20228999e+00,  3.02076170e+00,
        6.89273763e+00,  5.05163545e+00,  3.35804036e+00,  3.08623594e+00,
        4.96279618e+00, -7.85117646e-02, -6.84477690e+00, -2.45832051e+00,
        1.63861311e+00,  9.62397088e+00,  5.22133882e+00, -5.74535345e-01,
        4.88087881e+00,  1.07063415e+01,  1.93983065e+00,  7.31650873e-01,
        8.20371549e-01, -5.69549693e+00,  1.32523127e+00, -3.01919764e-01,
        4.84097783e-01,  2.87214438e+00, -1.97697231e+00,  4.53699454e+00,
        6.41583208e+00,  2.39703187e-01, -4.83178260e-01,  6.48338108e+00,
        3.47177683e+00,  1.06712629e+01,  4.04940238e+00,  8.31482167e-01,
       -7.17609286e-01,  4.56835966e+00,  8.18348469e+00,  5.68787965e+00,
       -2.46120820e+00,  2.64829840e+00,  5.62329078e+00,  5.97557542e+00,
        4.89208241e+00,  2.74943371e+00,  3.70772437e+00,  4.06621698e+00,
        5.92130788e+00, -6.62002517e-01,  1.52141989e+00,  4.10566224e+00,
        1.47354382e+00,  8.53206030e-01, -1.02273597e+00,  1.50735951e+00,
        5.11125047e+00,  7.97149167e+00, -4.24337146e-02,  2.54534059e-01,
        7.01806435e-01,  8.76256183e+00,  4.94661322e+00,  6.18613555e+00,
        5.21767222e+00,  5.29038145e+00, -1.49358948e-01, -3.08571940e-01,
        5.86583032e+00, -2.97132986e-01,  8.81265575e-01,  4.01096637e+00,
        7.12461433e+00,  6.22318003e+00,  5.81643704e+00,  2.29783468e+00,
        1.96682653e+00, -8.50307836e-01,  6.63712948e+00,  5.37468512e+00,
        3.48110846e+00,  1.99346266e+00,  1.05744412e+01,  7.73945764e-01,
        1.18655491e+00, -7.50984874e-01,  3.17114330e+00,  2.15410913e+00,
        9.43737072e+00, -1.31706885e+00, -2.15687313e+00,  3.14324563e+00,
       -1.83669447e+00, -4.29718947e+00, -1.04641278e+00,  3.37057743e+00,
        5.87459073e-01,  5.03497501e+00,  4.78947982e+00,  3.53623615e+00,
        2.89947165e+00,  6.08110482e+00,  5.38249628e+00, -5.29224605e-01,
        5.56922805e+00,  5.25897358e+00,  6.33528723e+00, -5.47836280e+00,
        3.49298043e-01,  1.29866708e+00,  5.34089703e+00,  5.07373717e+00,
        4.47067292e+00,  4.58541476e+00, -1.27818663e+00,  4.61549235e+00,
        1.75152850e-01,  7.03386113e+00,  4.41909593e+00,  2.63432169e+00,
       -1.75120545e+00, -4.90939560e+00,  2.15723082e+00,  4.59775746e+00,
        2.40745201e+00,  3.35382524e+00,  1.20623045e+00,  5.97623763e+00,
        2.97547736e+00,  6.36073635e+00,  2.74886628e+00,  5.63461978e+00,
       -6.19979133e+00,  2.88450724e+00,  5.91115862e-01,  1.74055150e+00,
        8.25348947e+00, -2.47234025e+00,  9.92935517e+00,  1.93806090e+00,
       -3.23549436e+00, -1.12011611e-01,  1.86232945e+00,  8.71498079e+00,
       -4.24321351e+00,  1.16897532e+01, -6.91256342e-01, -4.43793617e-01,
        3.61323571e+00,  4.18037951e+00, -1.63392032e+00, -3.99751366e+00,
       -5.56253501e+00,  2.28122571e+00,  3.72455627e+00,  2.24173814e+00,
        9.15849426e-01,  5.69974684e+00,  5.80703006e+00,  4.13485010e+00,
       -7.84464648e+00,  6.17579758e+00,  2.41167524e+00,  6.31602272e+00,
        2.14683999e+00,  1.07829874e+00,  9.69613333e-01, -4.14516587e+00,
        9.02082877e+00,  4.20463842e+00, -3.20824291e+00, -4.70453679e+00,
        4.49869624e+00,  9.33542969e-01,  1.16076621e+00, -3.34470557e-01,
        8.12754355e-01,  9.56804804e+00,  3.69293749e+00,  4.34579247e+00,
        4.49610940e+00,  6.39597640e+00,  5.79585107e+00,  2.04416087e+00,
        2.71335798e+00, -1.07871304e+00,  4.17604260e+00,  6.09801740e+00,
        1.05127056e+01, -7.78666711e-01,  2.86235059e+00, -2.30997108e-02,
        2.24066510e+00,  5.17167693e+00,  6.55874415e+00,  2.92958358e+00,
        5.22069143e+00, -1.11928867e+00,  8.73609594e+00,  4.59997541e+00,
       -1.26536649e+00,  1.01298996e+01,  2.83186637e+00,  1.61675803e+00,
        2.56111503e+00, -4.07005691e+00,  1.12271292e+00,  9.68781423e-03,
        2.22879237e+00,  6.87066948e+00,  4.31921334e+00, -1.69928781e+00,
        3.94560065e+00,  5.85506395e+00, -5.11308289e-03,  4.13791758e+00,
        6.29204871e+00,  6.06981329e+00,  1.93811017e-01, -1.39086270e+00,
        4.34669250e+00,  5.24259102e+00,  5.77972724e+00, -1.35892570e+00,
        3.07865183e+00,  6.78291160e-01,  5.33971241e+00,  8.71585598e-01,
        8.83765720e+00,  9.24726396e+00,  3.26917875e+00,  9.56078608e-01,
        7.54847729e-01,  4.20577993e+00,  5.43861993e-01,  1.46850035e+00,
        5.79109371e+00,  4.90624659e+00,  4.14932893e-01, -1.40786390e+00,
        5.90410030e+00,  1.56683979e+00,  1.43679395e+01,  7.18236277e+00,
        3.13294570e+00,  3.40129169e+00,  2.64695397e+00,  9.95985243e-01,
        1.56661078e+00,  1.41054288e+00, -1.85916034e+00,  1.67382379e+00,
       -6.49697273e+00,  8.71089508e+00,  1.60020162e+00,  1.50954991e+00,
        1.85709039e+00,  1.72956285e+00,  1.45171075e+00,  1.23765097e+01,
        5.29967457e+00,  9.87382723e-01, -3.02479086e+00,  5.98740121e+00,
        2.54716304e+00, -1.47487902e+00,  5.73112563e-01,  9.30847514e+00,
        3.28676654e+00,  1.08842763e+00,  5.13167020e+00, -5.23080478e+00,
        3.19189888e+00, -2.30205377e+00, -4.05492022e+00,  2.00496115e+00,
       -8.58601803e-02,  2.78624107e+00, -7.46564688e-02,  6.47313277e+00,
        3.72180188e+00,  6.53115584e+00, -2.60042414e+00,  4.66507346e+00,
        7.04317705e+00,  1.51122309e+00,  2.13843927e+00,  1.26948931e+00,
        1.35769981e+00,  8.45243472e+00,  1.01719358e+01,  2.79488868e+00,
       -7.06666321e-01, -1.76575052e+00,  4.01095364e+00,  9.59007373e+00,
       -2.05906274e+00,  6.12615821e+00,  3.68632583e+00,  3.74518566e+00,
        5.01658567e+00, -7.78746461e-01,  5.24364039e+00,  1.02148229e+01,
        2.94758635e+00,  5.26824310e-01,  2.03129608e+00,  4.99546961e+00,
       -3.07098638e-01, -1.14640168e+00,  7.92423592e+00, -2.02587544e+00,
        1.35015567e+01,  1.68901089e+00, -1.75695791e+00,  5.13619225e+00,
        8.21043894e-01,  2.53324253e-01, -3.64527062e-01,  1.42120625e+00,
        4.99767004e+00,  2.71779240e+00,  3.18589808e+00,  6.27370022e+00,
        1.52124653e+00,  6.60083021e+00, -9.45393828e-01,  5.94714849e+00,
        6.21512019e+00,  2.78711063e+00,  4.88830053e+00,  1.20516690e+00,
       -3.74522702e+00,  5.25733157e+00,  6.53429412e+00, -3.41725353e+00,
        3.87687232e+00,  2.48360883e+00,  5.27367080e+00,  1.17883640e+00,
        2.20317579e+00,  3.07869729e+00,  4.75157907e+00,  3.55565140e+00,
        4.44887821e+00, -2.84117078e+00, -1.78503891e+00,  6.47366793e+00,
        3.96570215e+00,  6.58746541e+00,  5.08496683e+00, -3.32486857e-01,
        5.35089409e+00,  4.61296955e+00,  5.02677125e+00, -4.46470934e+00,
        5.90129808e+00,  4.29338173e+00,  1.70297787e+00, -1.68395797e+00,
       -5.21023442e-01,  3.52639173e+00,  1.10569063e+01,  7.67426180e+00,
       -1.41348560e+00, -6.76291632e-01,  3.01764300e+00,  6.67879113e-01,
       -2.01071744e+00, -5.27700785e-01,  5.63666281e+00,  5.67792842e+00,
        1.00722556e+01,  7.56717036e-01,  6.42635446e+00,  1.88785477e+00,
        4.61187003e+00,  4.91203927e+00,  2.50910984e+00,  2.77720314e+00,
       -6.63077415e+00,  4.71526854e+00,  3.91379394e-01,  2.19123235e+00,
        2.90698839e+00,  5.59295578e+00, -9.88702947e-01,  4.61519458e+00,
        1.67040095e+00,  5.37943505e-01,  1.25577481e+00, -2.25306329e+00,
        7.12746459e+00,  5.84074346e+00,  1.73886375e+00, -2.05130542e+00,
        2.11177874e+00,  1.86616242e+00,  1.14870941e+00, -5.71451752e-01,
       -1.92660970e+00,  2.48898691e+00,  2.48713854e+00, -3.57841129e+00,
        4.75619259e+00,  7.28813357e+00,  5.53934802e+00,  7.98095643e+00,
        7.29411651e+00,  2.28842156e+00,  2.36573093e+00,  3.20071805e+00,
        1.49440826e+00, -2.73302327e+00,  9.15556180e+00,  8.12949683e-01,
        6.55014200e+00,  3.73941577e+00,  3.63534902e+00,  4.85964944e+00,
       -3.48750434e+00,  4.69777485e+00,  3.88869671e-01,  5.10104000e+00,
        1.06903719e+01,  1.03107059e+00,  1.11051027e+01, -1.16728964e-01,
       -9.06390670e-01,  3.90660348e+00,  3.52299694e+00,  5.07677214e+00,
       -1.90871273e+00,  3.33472802e+00,  7.93827956e+00,  6.40268263e+00,
        3.09689486e+00,  7.89907952e+00,  6.92904425e+00,  7.00946412e+00,
       -1.59637663e-01,  5.55797359e+00,  6.48686004e+00, -2.73560236e-02,
        1.31820280e-01, -3.12059676e+00,  2.47925131e+00, -1.53494477e+00,
        2.58757584e+00,  1.29680810e+00,  4.03889215e+00,  1.74232955e+00,
        6.25869743e+00,  1.29177537e+00,  5.09668711e-01,  5.81273163e-01,
        3.62885979e+00,  2.75023398e+00,  4.16689488e+00,  7.27818993e+00,
       -3.49982986e+00,  5.57742982e+00,  4.89319116e+00,  8.24586052e+00,
       -7.15126597e+00,  4.15490234e-02, -1.88370384e+00,  1.00867454e+01,
        2.73928464e+00,  1.53216506e+00,  9.01859691e+00,  1.12699194e+00,
        8.21742746e+00, -3.64273718e+00,  3.85472196e+00,  6.02730013e-01,
       -9.52606099e-01,  6.99467134e+00,  3.95400290e+00,  6.61335312e+00,
        9.80688676e+00,  5.20690337e+00,  1.29770685e+00,  3.45926433e+00,
        1.01015618e+01,  4.29895119e+00,  3.77661802e+00,  8.39307599e+00,
        2.50850306e+00,  5.34905420e+00,  3.68407608e+00,  2.12053238e-01,
        4.75863181e+00,  4.52012620e+00,  6.26043958e+00,  1.00152635e+01,
       -1.19620458e+00,  5.43033938e+00,  5.98271669e+00, -2.69931090e+00,
        1.87557654e+00,  9.64400738e-01,  6.15733824e+00,  7.36126660e+00,
        2.86075513e-01, -2.38989833e+00,  2.73961887e+00,  2.26774307e+00]), array([ 6.64320374e-01,  6.84521778e+00,  8.68069932e+00,  1.01488743e+00,
       -4.51773888e-01,  9.00663204e-01, -7.86860632e-01,  8.63467805e+00,
        4.15857868e+00,  4.83713652e+00, -3.07951044e+00,  5.03777778e+00,
        4.97283953e+00,  4.38016056e-01,  2.75148097e+00, -2.53283026e+00,
        4.47795900e+00,  7.98011113e+00,  5.77586974e+00,  3.82088383e+00,
        2.93525350e+00,  3.31784136e-01, -1.03546683e+00, -1.42094669e+00,
        6.39240948e+00,  3.90527358e+00, -6.78790852e-01,  2.95334528e+00,
        4.07496800e+00,  2.16048134e+00,  3.85447142e+00,  5.68361658e+00,
        4.43670403e+00, -2.37586503e-01,  1.68678861e+00,  4.36433717e-01,
        4.57039205e+00,  3.48657399e+00,  4.04322487e+00,  7.20704976e-01,
       -2.47038510e+00,  9.89403502e-01,  5.58076526e+00,  5.07567892e+00,
       -3.30862793e+00,  8.14788266e+00,  2.26212162e+00,  1.67185633e+01,
        1.63567326e+00,  8.93854400e+00,  6.08624237e+00,  1.42391112e+00,
       -1.26764161e+00,  9.12388552e+00,  6.71220503e+00,  6.28877187e+00,
        3.38805208e+00,  1.85541946e+00, -1.85261043e+00,  1.07990920e+01,
        3.76701224e+00,  6.58693979e+00,  8.02944362e+00,  4.39071191e+00,
        4.40322274e+00,  8.74456344e+00, -5.70368389e+00,  4.53889398e+00,
        3.31646813e+00,  1.51192879e+01,  2.09139934e+00,  3.94361329e+00,
        2.13984449e+00, -2.72430079e+00,  6.56173817e+00,  1.77273063e+00,
        6.54246293e+00,  5.75361559e+00,  5.30523280e+00,  4.10370381e+00,
        5.23783599e+00,  4.21078932e+00, -1.45436894e+00,  3.62124900e+00,
        9.37303922e+00,  2.51787291e-01,  7.34336184e+00, -4.83463938e+00,
        2.72883712e+00,  4.23147801e+00,  1.07374979e+00,  4.60441608e+00,
        6.80060751e-01,  7.50850738e+00,  3.11355924e+00,  4.95107906e+00,
        5.84253915e+00, -4.96852408e+00,  7.48471087e+00, -2.65980539e+00,
        6.16602828e+00,  7.42649797e+00,  1.15488404e+00,  1.05218699e+01,
        5.11462338e+00,  5.56011975e+00,  3.70315375e+00,  1.81060069e+00,
        1.90794465e-01, -1.00864199e-01,  3.97447562e+00,  8.94822177e+00,
        5.62896148e+00,  3.36935636e+00,  5.46435702e+00,  5.28653061e+00,
        9.61547774e-01,  5.49692502e+00,  1.05771513e+01,  5.31658038e+00,
        1.68092546e+00, -2.42679427e-01,  2.13394683e+00,  6.44832261e-03,
        7.09087004e+00,  9.43666213e+00,  1.17433641e-01,  5.10022185e+00,
        3.36638765e+00,  7.56773834e+00,  3.45436441e+00, -3.23958070e-01,
        8.34335795e+00, -3.33249678e+00,  6.76235634e+00,  8.03913278e+00,
        6.58096781e+00,  2.79728169e+00,  2.26919544e-01,  5.74657190e+00,
       -3.82623633e-01,  7.37020452e+00, -2.42572830e+00,  1.98946437e+00,
        7.90192036e+00,  5.15982059e+00,  7.68123500e+00,  1.45959627e+00,
        7.34410197e+00,  7.04916797e+00,  5.37941467e+00,  2.30679118e+00,
        7.96450287e+00,  3.07779774e+00,  5.90250811e+00,  4.37350751e+00,
       -2.85450704e-01,  3.04143512e+00,  1.02195551e+00,  3.91910817e+00,
        3.17526258e+00,  5.03837664e+00,  1.48348843e+00,  4.67544922e+00,
        5.72246573e+00,  4.77007088e+00,  3.31792737e+00,  4.68779966e+00,
        4.96861729e+00,  4.07665222e+00, -8.81345779e-01,  8.28605722e+00,
        3.43559456e+00,  5.23336625e+00,  7.16520474e+00,  1.01228896e+00,
        7.91559820e+00, -1.60809989e+00,  8.84344376e+00,  4.30727501e+00,
        3.04256463e+00,  2.59360810e-01, -1.59405306e+00,  3.72166249e+00,
        5.67828503e+00,  5.17399681e+00,  4.46273298e+00,  3.85128962e+00,
        5.19437083e+00,  2.74903671e+00, -1.20088248e+00,  3.82913607e+00,
        2.42884045e+00,  1.44997471e+00,  4.15650296e+00,  5.54155008e+00,
        3.90421885e+00,  3.53038268e+00,  5.43511498e+00,  2.94056798e+00,
        4.24268325e+00,  2.28273725e+00,  7.25383599e-01,  1.45830421e+00,
        2.60657411e+00,  6.88665086e+00,  4.40129344e+00,  7.36098189e+00,
        2.09632859e+00,  8.04102998e+00,  3.31991276e+00, -9.53816726e-02,
       -1.21800059e-01,  6.48573158e+00,  5.71737404e+00,  7.52313652e+00,
        6.66553044e+00,  7.11541745e+00, -9.77537446e-01,  1.14843975e+00,
        6.13902867e+00,  6.53798040e+00,  8.27118944e+00,  2.37159708e+00,
        6.53526178e+00,  2.28410532e+00,  3.11887084e+00,  2.02714334e+00,
        8.20942208e+00,  7.13698386e+00,  5.25912295e+00, -1.31214131e+00,
        7.75500300e+00, -2.62364099e+00,  8.12665350e-01,  7.35660230e-01,
        2.10230129e+00, -5.19116528e-02,  8.65897834e+00,  9.55233616e+00,
        4.81314637e+00,  7.52316008e+00,  1.13845754e+01,  5.81306141e+00,
        1.55990123e+00,  2.29294068e+00,  5.97063086e+00,  1.30904929e+00,
        1.69793730e+00, -4.84722964e+00,  1.41432568e+00,  1.14128900e+01,
       -1.47817216e+00,  4.12376002e+00,  1.41408978e-01,  5.86564604e+00,
        6.55493929e-02, -2.81486047e+00, -1.23856804e+00,  2.12503098e+00,
        1.87867489e+00,  2.40164459e+00,  2.95248403e+00,  1.04723914e+01,
        6.79553236e+00,  6.98777550e+00,  1.49021512e+00,  3.03910911e+00,
        9.74479801e-01,  1.26185880e+01, -2.42737464e+00,  4.30438797e+00,
        1.26405685e+00,  4.18564344e+00,  2.62702841e+00,  8.41037292e+00,
        5.79101755e+00,  5.45770594e+00,  1.67078854e-01,  5.92567023e+00,
        1.00634384e+01, -6.47553835e+00, -3.42314980e+00,  4.21176642e+00,
       -7.94005639e-01,  8.09156870e-01,  9.61571905e+00,  2.32248417e+00,
        8.60153595e+00,  8.33265817e+00, -1.89104900e+00,  9.34021542e+00,
        3.88556588e+00,  2.66489695e+00, -2.90353854e-01,  3.85801382e+00,
        7.72955979e+00,  5.47443477e+00,  3.48313690e+00,  4.15462972e+00,
        5.85409669e+00, -2.60790994e-01, -6.66115202e+00, -8.52142336e-01,
        2.86417126e+00,  9.72942250e+00,  5.97418397e+00, -5.02863235e-01,
        5.76748286e+00,  1.14667744e+01,  2.29110424e+00,  7.99667673e-01,
        1.35638178e+00, -4.90022683e+00,  2.02079752e+00,  1.04113402e-01,
        5.26335030e-01,  3.48294340e+00, -1.54051577e+00,  5.05121630e+00,
        6.87271298e+00,  1.03547645e+00,  4.39483279e-01,  7.19859967e+00,
        4.05222206e+00,  1.17915828e+01,  4.72934772e+00,  1.61849001e+00,
       -1.89554249e-01,  4.80120794e+00,  8.68053685e+00,  6.15425497e+00,
       -1.92808646e+00,  2.97777590e+00,  6.36624642e+00,  6.48112719e+00,
        5.08162126e+00,  3.56977340e+00,  4.28134138e+00,  4.03920803e+00,
        6.27007742e+00,  1.15199518e-01,  2.17090431e+00,  4.78149269e+00,
        2.10762840e+00,  1.27031731e+00, -3.78513954e-01,  2.12228822e+00,
        6.49290033e+00,  8.74814632e+00,  2.25787703e-01,  1.24254589e+00,
        1.29988116e+00,  1.00813676e+01,  5.39102812e+00,  6.32438225e+00,
        6.63692884e+00,  6.38049511e+00,  1.30386209e+00,  8.52303068e-01,
        6.13354021e+00, -1.16620278e-01,  2.18630233e+00,  4.43542760e+00,
        7.44913551e+00,  6.99187216e+00,  6.15372171e+00,  3.02841940e+00,
        2.68123331e+00, -4.66876759e-01,  7.69529855e+00,  6.00698542e+00,
        3.74154530e+00,  2.91134226e+00,  1.12615164e+01,  1.39057239e+00,
        1.12725569e+00, -2.05200280e-01,  4.09054458e+00,  2.80359232e+00,
        1.03884853e+01, -6.08835163e-01, -1.57188172e+00,  4.42432567e+00,
       -1.02938678e+00, -3.39710106e+00, -7.65417832e-02,  4.38355263e+00,
        1.69085826e+00,  5.96259146e+00,  5.58071691e+00,  4.16552144e+00,
        3.27735068e+00,  7.26503039e+00,  6.18431721e+00, -4.82889137e-02,
        6.05765636e+00,  6.34386107e+00,  7.61771783e+00, -5.32079462e+00,
        1.33944713e+00,  2.32967576e+00,  6.62313437e+00,  6.56223788e+00,
        4.59440900e+00,  5.42397773e+00, -1.93209229e-01,  5.64796985e+00,
        9.14812381e-01,  7.75564124e+00,  4.86827611e+00,  3.13102514e+00,
       -1.22978623e+00, -4.42296562e+00,  3.30824450e+00,  5.51666127e+00,
        3.22725018e+00,  4.16868666e+00,  2.22822375e+00,  7.13510004e+00,
        3.65605367e+00,  6.95416764e+00,  3.89566693e+00,  6.10201441e+00,
       -5.63734599e+00,  3.90530317e+00,  1.06400231e+00,  2.84808523e+00,
        8.69122617e+00, -1.67128997e+00,  1.04080607e+01,  3.03714512e+00,
       -2.15008605e+00,  7.20197305e-01,  2.48598416e+00,  8.59438340e+00,
       -2.94078072e+00,  1.13656578e+01,  3.85683370e-01,  2.29258028e-01,
        4.43513393e+00,  4.37041845e+00, -5.34829142e-01, -3.42216136e+00,
       -4.59802306e+00,  2.92270033e+00,  5.33098131e+00,  3.00534392e+00,
        1.71981540e+00,  6.60759673e+00,  6.52152362e+00,  5.47948254e+00,
       -7.74853593e+00,  6.76858148e+00,  3.14698259e+00,  6.89593528e+00,
        2.70690424e+00,  2.01268362e+00,  1.49638283e+00, -4.08764403e+00,
        8.89863495e+00,  4.88736768e+00, -2.46992314e+00, -3.62626405e+00,
        5.19723450e+00,  2.05089316e+00,  2.13751607e+00,  5.00955196e-01,
        1.58902292e+00,  1.02766047e+01,  4.51562544e+00,  4.81521939e+00,
        5.11089645e+00,  7.69614552e+00,  6.02267091e+00,  2.14581872e+00,
        4.24570669e+00,  1.82630988e-01,  5.29084591e+00,  7.00123233e+00,
        1.08523732e+01, -1.75800294e-01,  3.17311624e+00,  4.77455892e-01,
        2.74092909e+00,  5.68420161e+00,  7.56809708e+00,  3.48257871e+00,
        6.13960834e+00, -2.99441192e-01,  8.70399492e+00,  5.53394619e+00,
       -8.44063218e-01,  1.02364378e+01,  2.55430145e+00,  2.10030646e+00,
        3.42823695e+00, -2.86577494e+00,  2.34048345e+00,  1.06945700e+00,
        3.23250698e+00,  7.76901897e+00,  4.78210457e+00, -1.86767434e+00,
        4.68543290e+00,  6.22248299e+00,  3.64840022e-01,  4.77924723e+00,
        6.94879530e+00,  6.88554742e+00,  8.73992595e-01, -9.69200500e-01,
        5.36522557e+00,  5.85354534e+00,  6.02312308e+00, -6.61626966e-01,
        3.76531768e+00,  1.77256260e+00,  6.47348045e+00,  1.64679769e+00,
        9.57543897e+00,  9.56229311e+00,  4.19937444e+00,  1.32347950e+00,
        1.86421407e+00,  4.94458684e+00,  7.32306631e-01,  1.84691125e+00,
        6.22805161e+00,  5.85234618e+00,  1.48321246e+00, -3.45075262e-01,
        6.71656200e+00,  2.17215571e+00,  1.41103816e+01,  7.56489585e+00,
        3.36886203e+00,  3.29264890e+00,  3.30039628e+00,  1.01525329e+00,
        2.32268963e+00,  2.35929652e+00, -8.91021966e-01,  1.95940326e+00,
       -5.66908793e+00,  9.55873167e+00,  1.98183279e+00,  2.22761687e+00,
        2.62747900e+00,  1.58483526e+00,  1.70895441e+00,  1.24734854e+01,
        6.18395370e+00,  1.27653708e+00, -1.86357074e+00,  6.10549240e+00,
        3.04730789e+00, -6.05632645e-01,  1.57658940e+00,  9.63540992e+00,
        4.03126013e+00,  1.70904401e+00,  6.03812202e+00, -4.56476974e+00,
        4.57008158e+00, -1.43205916e+00, -3.29054488e+00,  2.43329033e+00,
        7.40301955e-01,  3.35374157e+00,  7.01872000e-01,  6.95204797e+00,
        4.12818372e+00,  6.80738477e+00, -1.32641589e+00,  5.42663094e+00,
        7.43616960e+00,  2.45874441e+00,  2.81266346e+00,  2.40113354e+00,
        1.94204556e+00,  9.61216029e+00,  1.08990692e+01,  3.09689050e+00,
        3.12337623e-01, -1.01189800e+00,  4.07074679e+00,  1.10337376e+01,
       -1.81467696e+00,  6.65425604e+00,  4.32670083e+00,  4.51776086e+00,
        6.10060005e+00, -2.59104214e-01,  5.44507346e+00,  1.12180858e+01,
        3.60768159e+00,  1.88938569e+00,  3.09961036e+00,  5.76341573e+00,
        1.63874685e-01,  4.32405726e-01,  8.49753174e+00, -1.04052568e+00,
        1.36164016e+01,  2.87417673e+00, -1.01907972e+00,  5.82509950e+00,
        1.63195601e+00,  1.08967122e+00,  9.00867158e-01,  2.39112048e+00,
        5.60975710e+00,  4.08132234e+00,  3.95228293e+00,  6.91413879e+00,
        2.55078847e+00,  7.77182195e+00, -1.15937331e+00,  6.73975864e+00,
        6.41595466e+00,  4.44599222e+00,  5.48140772e+00,  2.03995868e+00,
       -2.89924132e+00,  5.60764313e+00,  6.44694543e+00, -2.49992230e+00,
        4.53361747e+00,  2.80828250e+00,  5.58493947e+00,  1.52571225e+00,
        2.59441613e+00,  3.41382332e+00,  6.10982198e+00,  4.76804280e+00,
        4.90092906e+00, -1.97352472e+00, -2.03169533e+00,  7.01465556e+00,
        4.27648567e+00,  7.44602712e+00,  5.50807521e+00,  3.68803228e-01,
        5.83913203e+00,  5.28075529e+00,  5.71656724e+00, -3.82448615e+00,
        6.69695696e+00,  4.81978795e+00,  2.63065727e+00, -1.44200779e+00,
        3.13893745e-01,  3.68372046e+00,  1.20561821e+01,  8.23794254e+00,
       -3.34623462e-02, -2.99224074e-03,  3.40896624e+00,  1.18625900e+00,
       -1.70454468e+00, -3.01149672e-01,  6.76526859e+00,  6.15274554e+00,
        1.11843453e+01,  1.83639861e+00,  7.34503969e+00,  2.62102451e+00,
        5.06128139e+00,  5.19343556e+00,  2.85014650e+00,  3.46175629e+00,
       -5.89720174e+00,  6.02056258e+00,  2.37702526e-01,  3.05538745e+00,
        3.11005391e+00,  6.20260635e+00, -4.94698977e-01,  5.31493827e+00,
        1.66800464e+00,  6.17174286e-01,  2.36621252e+00, -1.04132146e+00,
        7.58419871e+00,  6.44339957e+00,  2.64390383e+00, -1.63547661e+00,
        2.28398194e+00,  2.75956050e+00,  2.31991538e+00,  4.16409973e-01,
       -7.52084774e-01,  3.19194949e+00,  2.76567891e+00, -2.46090859e+00,
        5.56115528e+00,  7.80593408e+00,  6.28040090e+00,  9.11051772e+00,
        7.86890917e+00,  2.64551175e+00,  2.77070392e+00,  3.48034955e+00,
        1.15769120e+00, -1.80931789e+00,  9.45618598e+00,  2.06552807e+00,
        7.05010036e+00,  3.76702484e+00,  4.35122988e+00,  5.12204363e+00,
       -2.61753142e+00,  5.59714956e+00,  1.82261631e+00,  6.19472969e+00,
        1.14702942e+01,  1.63924116e+00,  1.18227899e+01,  7.33294618e-01,
       -1.19784782e-02,  4.67947765e+00,  4.77311214e+00,  5.25336160e+00,
       -1.08626470e+00,  4.50493622e+00,  8.40401139e+00,  7.41540032e+00,
        3.56397301e+00,  8.57421158e+00,  7.40334112e+00,  7.79616821e+00,
        6.75689620e-01,  5.88801624e+00,  7.32414874e+00,  7.66903058e-01,
        9.11197207e-01, -2.06901856e+00,  2.94370304e+00, -7.77402009e-02,
        3.30106646e+00,  2.11950866e+00,  4.62592056e+00,  2.56792361e+00,
        6.89545668e+00,  2.29777847e+00,  1.39469135e+00,  1.77126200e+00,
        3.91088888e+00,  3.30189607e+00,  5.23656818e+00,  7.80089121e+00,
       -2.53878737e+00,  6.88167269e+00,  5.63952681e+00,  8.17788424e+00,
       -6.04053405e+00,  7.31648069e-01, -1.08585983e+00,  1.10364634e+01,
        3.51900536e+00,  2.04995716e+00,  1.00131841e+01,  1.94687582e+00,
        8.73978042e+00, -2.08570220e+00,  3.65182644e+00,  1.20429918e+00,
       -5.18733896e-01,  7.19118933e+00,  4.51633422e+00,  7.17849473e+00,
        1.03702627e+01,  5.99763095e+00,  2.17848027e+00,  4.11142519e+00,
        1.08725579e+01,  4.79026456e+00,  4.75824987e+00,  8.81535829e+00,
        3.10578676e+00,  6.54778615e+00,  4.86564254e+00,  1.23145379e+00,
        5.86184414e+00,  5.39413089e+00,  6.34094453e+00,  1.06094268e+01,
       -4.23741230e-01,  5.98308854e+00,  6.76063558e+00, -1.85104820e+00,
        2.58406341e+00,  1.64701030e+00,  6.45983140e+00,  8.19111182e+00,
        7.68465984e-01, -1.61521104e+00,  3.22272987e+00,  3.23484520e+00]), array([ 1.56622587e+00,  7.86579191e+00,  9.04660234e+00,  1.07590229e+00,
        9.20782992e-01,  1.85512530e+00,  5.57092671e-01,  9.41387378e+00,
        4.44254406e+00,  5.93245319e+00, -2.21462278e+00,  6.33332661e+00,
        5.72788499e+00,  4.79637147e-01,  3.46896987e+00, -1.82595756e+00,
        5.31217422e+00,  8.97200240e+00,  6.72868215e+00,  5.00521622e+00,
        3.85501878e+00,  8.01555313e-01,  6.24655993e-02, -1.72627997e-01,
        6.68015728e+00,  4.60791566e+00, -3.89772718e-01,  3.53554058e+00,
        5.05284204e+00,  2.33437182e+00,  4.79400175e+00,  5.96193637e+00,
        5.05051393e+00,  1.01627667e+00,  2.17694883e+00,  1.61153763e+00,
        5.50908626e+00,  4.02854288e+00,  4.56612332e+00,  1.45427254e+00,
       -1.57990611e+00,  1.88136052e+00,  6.00202158e+00,  5.73603101e+00,
       -2.14375776e+00,  8.69772983e+00,  2.69835338e+00,  1.70406813e+01,
        2.43435358e+00,  9.55925412e+00,  6.87631756e+00,  2.44548636e+00,
       -2.91631687e-01,  9.70154508e+00,  7.54338147e+00,  6.18442163e+00,
        4.05175217e+00,  2.71762438e+00, -8.22745518e-01,  1.19042482e+01,
        4.36578497e+00,  7.00665368e+00,  9.72218520e+00,  5.12159062e+00,
        5.01795235e+00,  9.15963742e+00, -4.50058555e+00,  5.47921166e+00,
        3.61334894e+00,  1.55510924e+01,  3.17755808e+00,  4.69058531e+00,
        3.23020027e+00, -1.27462347e+00,  7.27563959e+00,  2.34285507e+00,
        7.07998220e+00,  6.58110570e+00,  6.13365487e+00,  5.09283087e+00,
        5.84042382e+00,  4.43349138e+00, -2.90532911e-01,  4.78623808e+00,
        1.00580901e+01,  1.75007313e+00,  8.37479467e+00, -4.06892873e+00,
        3.49002471e+00,  5.15558551e+00,  1.39247936e+00,  5.76330992e+00,
        1.95614029e+00,  7.94034749e+00,  4.25419864e+00,  5.29374792e+00,
        6.39424857e+00, -4.29649299e+00,  8.28474536e+00, -2.12506534e+00,
        7.20685028e+00,  7.84371887e+00,  2.13883308e+00,  1.12257518e+01,
        6.22920750e+00,  6.11765889e+00,  4.49164397e+00,  2.27300684e+00,
        1.43939929e+00,  7.04652740e-01,  3.90956624e+00,  1.00940399e+01,
        6.94022271e+00,  4.45771777e+00,  5.82871610e+00,  5.72473006e+00,
        1.66587464e+00,  6.18705474e+00,  1.09262129e+01,  5.95999582e+00,
        2.36304661e+00,  6.15102263e-01,  2.61521643e+00, -8.88460489e-03,
        8.04088468e+00,  1.02736075e+01,  1.15498233e+00,  5.29606517e+00,
        4.12423207e+00,  7.76800698e+00,  4.83480007e+00,  9.85544974e-01,
        9.20201407e+00, -2.43734436e+00,  7.55875334e+00,  8.52109474e+00,
        7.22066875e+00,  3.85677074e+00,  1.18546459e+00,  6.71086395e+00,
        4.65412543e-01,  7.83502705e+00, -1.20771911e+00,  3.47729539e+00,
        8.77270349e+00,  6.01546349e+00,  8.63404181e+00,  2.59234768e+00,
        8.24057929e+00,  7.06693199e+00,  5.88638471e+00,  2.81764222e+00,
        8.81663040e+00,  3.52039044e+00,  6.12123809e+00,  5.43732688e+00,
        6.73286147e-01,  3.71967239e+00,  2.22307645e+00,  4.40167182e+00,
        4.10845580e+00,  5.75019897e+00,  2.08485963e+00,  5.34625016e+00,
        5.94938308e+00,  4.81001093e+00,  4.00135438e+00,  5.34663230e+00,
        5.44336242e+00,  5.29135925e+00,  1.00492330e-01,  9.46781066e+00,
        3.89090534e+00,  6.00043420e+00,  8.15992018e+00,  1.91630759e+00,
        8.30240071e+00, -3.61639624e-01,  9.32545205e+00,  5.20388836e+00,
        4.12480151e+00,  9.32747319e-01, -7.34908385e-01,  4.68961197e+00,
        6.70404960e+00,  6.19352331e+00,  5.85095337e+00,  4.30872572e+00,
        6.00006562e+00,  3.96301305e+00, -3.23963323e-01,  4.51503562e+00,
        3.41835926e+00,  1.95140471e+00,  4.89639477e+00,  6.54712846e+00,
        4.79746145e+00,  4.14504444e+00,  6.41301167e+00,  3.39128391e+00,
        5.44411347e+00,  3.38660216e+00,  1.41368823e+00,  2.15607258e+00,
        3.55617323e+00,  7.61947075e+00,  5.37434819e+00,  8.03256088e+00,
        2.85401698e+00,  8.70532749e+00,  4.46212502e+00,  6.48224987e-01,
        6.70014803e-01,  7.19603023e+00,  6.41501781e+00,  8.65576126e+00,
        8.11656723e+00,  8.40373124e+00,  1.15063807e-01,  1.70588398e+00,
        6.89429070e+00,  7.53622896e+00,  9.51344185e+00,  3.63422255e+00,
        7.07033984e+00,  2.98663719e+00,  4.41314539e+00,  2.84398442e+00,
        8.62084917e+00,  7.78849264e+00,  6.06049352e+00, -3.66770240e-01,
        8.63751033e+00, -2.51220964e+00,  1.95853683e+00,  1.92140503e+00,
        2.95068048e+00,  9.97542729e-01,  9.60710377e+00,  1.01272579e+01,
        5.60883064e+00,  8.37008739e+00,  1.19654167e+01,  7.25063653e+00,
        2.55315270e+00,  2.96382133e+00,  6.89126807e+00,  1.87317781e+00,
        2.42985134e+00, -3.18937115e+00,  2.46471285e+00,  1.22136404e+01,
       -9.23061224e-01,  4.79385015e+00,  1.10639280e+00,  6.19480714e+00,
        1.75589310e+00, -2.39775937e+00, -2.60142509e-01,  3.03479318e+00,
        2.48558382e+00,  3.54388154e+00,  3.96618590e+00,  1.18054902e+01,
        7.26747834e+00,  7.17740934e+00,  2.01269718e+00,  3.58769077e+00,
        1.59392838e+00,  1.37973312e+01, -1.23531264e+00,  4.98972390e+00,
        2.13702612e+00,  5.13053248e+00,  3.15404898e+00,  9.69971278e+00,
        7.33960012e+00,  6.58936102e+00,  1.11982403e+00,  6.68764772e+00,
        1.06230936e+01, -5.48501386e+00, -2.49350475e+00,  5.06166562e+00,
        6.41678602e-02,  1.49107263e+00,  1.02860081e+01,  3.46687867e+00,
        9.86934990e+00,  9.50220272e+00, -1.00486441e+00,  1.02131399e+01,
        4.66370091e+00,  3.51052487e+00,  7.39565171e-01,  4.78168212e+00,
        8.64970186e+00,  6.04243600e+00,  3.73262058e+00,  5.31678490e+00,
        6.84228708e+00, -2.70837089e-01, -6.33173249e+00,  8.30475453e-01,
        4.19000342e+00,  9.94883366e+00,  6.83276922e+00, -2.74921944e-01,
        6.71727739e+00,  1.23597850e+01,  2.77615679e+00,  9.80965773e-01,
        2.03586247e+00, -3.96772334e+00,  2.81502993e+00,  6.49195999e-01,
        7.38219997e-01,  4.23909568e+00, -9.68471703e-01,  5.68449773e+00,
        7.44615736e+00,  1.95206568e+00,  1.48746212e+00,  8.03233689e+00,
        4.75066699e+00,  1.29492807e+01,  5.56798742e+00,  2.53381290e+00,
        4.82718990e-01,  5.17028819e+00,  9.29411669e+00,  6.73229545e+00,
       -1.24784523e+00,  3.40921992e+00,  7.19578217e+00,  7.09850328e+00,
        5.39523262e+00,  4.51585125e+00,  4.95918024e+00,  4.17099886e+00,
        6.77467195e+00,  1.02028246e+00,  2.89326809e+00,  5.58936887e+00,
        2.86970695e+00,  1.81698516e+00,  3.89238100e-01,  2.85326360e+00,
        7.93180500e+00,  9.61049697e+00,  5.97023424e-01,  2.37475465e+00,
        2.02552068e+00,  1.14884575e+01,  5.92600270e+00,  6.63097620e+00,
        8.14968997e+00,  7.53588100e+00,  2.83782873e+00,  2.16263401e+00,
        6.50955292e+00,  1.86904771e-01,  3.61390133e+00,  4.98077614e+00,
        7.88093543e+00,  7.84451914e+00,  6.60359052e+00,  3.88666439e+00,
        3.52503599e+00,  2.66939619e-02,  8.85590052e+00,  6.75603053e+00,
        4.12670848e+00,  3.96164517e+00,  1.20330210e+01,  2.10524132e+00,
        1.17314485e+00,  4.80707475e-01,  5.10225589e+00,  3.57597353e+00,
        1.13822291e+01,  2.20743284e-01, -8.08165596e-01,  5.79941991e+00,
       -1.10777322e-01, -2.37537775e+00,  1.00388440e+00,  5.53834581e+00,
        2.93826945e+00,  6.96971886e+00,  6.45905113e+00,  4.88226987e+00,
        3.78398645e+00,  8.56563798e+00,  7.09998699e+00,  5.60581896e-01,
        6.66973363e+00,  7.53779775e+00,  9.02381474e+00, -5.02625853e+00,
        2.39983228e+00,  3.47367378e+00,  8.02076042e+00,  8.14762341e+00,
        4.86202238e+00,  6.33356874e+00,  9.70625232e-01,  6.76833718e+00,
        1.81543910e+00,  8.56031295e+00,  5.42699433e+00,  3.78764993e+00,
       -5.81325034e-01, -3.78120859e+00,  4.56394399e+00,  6.53872594e+00,
        4.19644106e+00,  5.11367964e+00,  3.35375773e+00,  8.38096563e+00,
        4.44611256e+00,  7.68575489e+00,  5.12749064e+00,  6.67121377e+00,
       -4.96101569e+00,  5.05459139e+00,  1.66142784e+00,  4.08146162e+00,
        9.25559356e+00, -7.60690392e-01,  1.09577113e+01,  4.27655834e+00,
       -9.81890029e-01,  1.69941090e+00,  3.20880968e+00,  8.62673521e+00,
       -1.50259740e+00,  1.11718408e+01,  1.55064765e+00,  1.00624636e+00,
        5.33294957e+00,  4.67509562e+00,  6.71435482e-01, -2.70948822e+00,
       -3.50231383e+00,  3.66839262e+00,  6.98531975e+00,  3.82843485e+00,
        2.61828513e+00,  7.60805042e+00,  7.31930719e+00,  6.90383927e+00,
       -7.46399419e+00,  7.46924507e+00,  3.99012821e+00,  7.55507216e+00,
        3.39839909e+00,  3.05925826e+00,  2.14939137e+00, -3.86359800e+00,
        8.89153879e+00,  5.64718292e+00, -1.59639878e+00, -2.41231068e+00,
        6.03204162e+00,  3.26762671e+00,  3.22440153e+00,  1.43288824e+00,
        2.48214387e+00,  1.10610084e+01,  5.45847589e+00,  5.42836984e+00,
        5.84826815e+00,  9.10147715e+00,  6.33803474e+00,  2.37662746e+00,
        5.89372968e+00,  1.54854658e+00,  6.51218997e+00,  8.02174467e+00,
        1.12892646e+01,  5.40847927e-01,  3.58474317e+00,  1.12375686e+00,
        3.36619658e+00,  6.37627880e+00,  8.68296437e+00,  4.11478111e+00,
        7.20072710e+00,  6.72486192e-01,  8.77262215e+00,  6.62880453e+00,
       -3.03626404e-01,  1.04716803e+01,  2.42600107e+00,  2.67342552e+00,
        4.41767665e+00, -1.55440469e+00,  3.66297473e+00,  2.23821506e+00,
        4.39211568e+00,  8.71654051e+00,  5.34517336e+00, -1.91573088e+00,
        5.53909600e+00,  6.73909557e+00,  8.77405689e-01,  5.53483589e+00,
        7.67531318e+00,  7.78508154e+00,  1.69205267e+00, -4.02091979e-01,
        6.50493699e+00,  6.59239802e+00,  6.35852033e+00,  1.90045509e-01,
        4.54975999e+00,  2.96819583e+00,  7.70398074e+00,  2.52430917e+00,
        1.04111307e+01,  1.00137064e+01,  5.25179863e+00,  1.83053201e+00,
        3.11004970e+00,  5.80417267e+00,  1.03735066e+00,  2.34219748e+00,
        6.80647482e+00,  6.88180459e+00,  2.65074892e+00,  8.12373062e-01,
        7.61482922e+00,  2.89828536e+00,  1.39801084e+01,  8.07493136e+00,
        3.72799821e+00,  3.29560535e+00,  4.04022673e+00,  1.21573846e+00,
        3.16602320e+00,  3.43901992e+00,  1.54056177e-01,  2.37173234e+00,
       -4.73484137e+00,  1.05329527e+01,  2.49065083e+00,  3.05720096e+00,
        3.55470337e+00,  1.59700487e+00,  2.09626552e+00,  1.26848188e+01,
        7.22955990e+00,  1.70113553e+00, -5.82013186e-01,  6.29921775e+00,
        3.65221369e+00,  4.16295688e-01,  2.69612505e+00,  1.00694980e+01,
        4.88122545e+00,  2.47114541e+00,  7.01128415e+00, -3.79183498e+00,
        6.04742813e+00, -3.95754255e-01, -2.40465026e+00,  2.97937737e+00,
        1.68279211e+00,  4.04756436e+00,  1.57648870e+00,  7.55771098e+00,
        4.65629937e+00,  7.18292870e+00,  4.87252267e-02,  6.29423714e+00,
        7.91572892e+00,  3.48367357e+00,  3.59927594e+00,  3.68735775e+00,
        2.63443826e+00,  1.08652717e+01,  1.17484684e+01,  3.55036762e+00,
        1.45434683e+00, -1.19629745e-01,  4.26375827e+00,  1.25463115e+01,
       -1.41735360e+00,  7.27775041e+00,  5.08702701e+00,  5.40713708e+00,
        7.28859214e+00,  3.85427526e-01,  5.78729598e+00,  1.23055135e+01,
        4.40998765e+00,  3.38389363e+00,  4.27337493e+00,  6.64241624e+00,
        7.87728321e-01,  2.15963831e+00,  9.19902711e+00,  4.47576191e-02,
        1.38709985e+01,  4.18208941e+00, -1.34605214e-01,  6.62540788e+00,
        2.55383795e+00,  2.06556233e+00,  2.29169714e+00,  3.47512724e+00,
        6.34200426e+00,  5.53885983e+00,  4.84052532e+00,  7.61656507e+00,
        3.69194811e+00,  9.04160598e+00, -1.21773956e+00,  7.63934081e+00,
        6.74174863e+00,  6.15547937e+00,  6.21834657e+00,  2.98374263e+00,
       -1.89892483e+00,  6.06543233e+00,  6.51023570e+00, -1.50321486e+00,
        5.28218452e+00,  3.25731292e+00,  6.02164451e+00,  2.00441963e+00,
        3.13598660e+00,  3.84774390e+00,  7.56489359e+00,  6.01869258e+00,
        5.47031655e+00, -9.75264080e-01, -2.10392615e+00,  7.65745705e+00,
        4.66406581e+00,  8.37397808e+00,  6.05713401e+00,  1.24491121e+00,
        6.43780896e+00,  6.07012878e+00,  6.48745866e+00, -3.09450215e+00,
        7.62869950e+00,  5.47916392e+00,  3.67884790e+00, -1.05318474e+00,
        1.23868617e+00,  3.98786746e+00,  1.31203134e+01,  8.90487722e+00,
        1.45268514e+00,  7.81367539e-01,  3.90602263e+00,  1.80184610e+00,
       -1.26242998e+00,  7.27170665e-02,  7.99952343e+00,  6.70130822e+00,
        1.24008156e+01,  3.03861842e+00,  8.35465178e+00,  3.42656200e+00,
        5.66440539e+00,  5.58729063e+00,  3.33868746e+00,  4.28209905e+00,
       -5.03457298e+00,  7.40245162e+00,  2.09199349e-01,  4.05001123e+00,
        3.45529199e+00,  6.91484998e+00,  1.02267734e-01,  6.10572222e+00,
        1.79997225e+00,  8.37846063e-01,  3.56914891e+00,  3.06621974e-01,
        8.11508558e+00,  7.17248957e+00,  3.69047747e+00, -1.06753935e+00,
        2.56600401e+00,  3.74677319e+00,  3.61137319e+00,  1.53079825e+00,
        5.39339719e-01,  3.98039963e+00,  3.17151115e+00, -1.25912609e+00,
        6.46264116e+00,  8.44525461e+00,  7.11863167e+00,  1.03129439e+01,
        8.57498362e+00,  3.12591560e+00,  3.32699182e+00,  3.87709052e+00,
        9.64647580e-01, -8.12660076e-01,  9.87888246e+00,  3.42489986e+00,
        7.64644113e+00,  3.94895735e+00,  5.15015620e+00,  5.51783986e+00,
       -1.61334894e+00,  6.64075271e+00,  3.36472500e+00,  7.39488060e+00,
        1.23652137e+01,  2.35368610e+00,  1.26152965e+01,  1.68349458e+00,
        1.03277163e+00,  5.56711735e+00,  6.12378360e+00,  5.58650678e+00,
       -1.27615476e-01,  5.76174546e+00,  8.98345180e+00,  8.53241454e+00,
        4.16862961e+00,  9.34004730e+00,  8.01339753e+00,  8.68001093e+00,
        1.62213276e+00,  6.33759902e+00,  8.28746140e+00,  1.71274838e+00,
        1.75657550e+00, -9.09042156e-01,  3.53322856e+00,  1.50099729e+00,
        4.10537229e+00,  3.07006925e+00,  5.37050291e+00,  3.53897981e+00,
        7.65010733e+00,  3.40343247e+00,  2.35501544e+00,  3.06717638e+00,
        4.32355937e+00,  4.02354542e+00,  6.42393390e+00,  8.43253900e+00,
       -1.41496786e+00,  8.26274099e+00,  6.47586275e+00,  8.23982267e+00,
       -4.77806844e+00,  1.54301440e+00, -1.71076736e-01,  1.20553703e+01,
        4.40348991e+00,  2.67782661e+00,  1.11068384e+01,  2.87004874e+00,
        9.40750047e+00, -4.55879699e-01,  3.58644589e+00,  1.94353247e+00,
        3.17047945e-02,  7.50009244e+00,  5.20143949e+00,  7.86445097e+00,
        1.10705335e+01,  6.88143207e+00,  3.21615480e+00,  4.87859146e+00,
        1.17458697e+01,  5.40274368e+00,  5.84624988e+00,  9.33020226e+00,
        3.83603430e+00,  7.84836662e+00,  6.12102728e+00,  2.35279315e+00,
        7.04507578e+00,  6.39017308e+00,  6.60189730e+00,  1.12875323e+01,
        4.54807869e-01,  6.65942649e+00,  7.64333477e+00, -8.50691344e-01,
        3.45432558e+00,  2.43752938e+00,  6.89780438e+00,  9.09074183e+00,
        1.37005233e+00, -7.10003030e-01,  3.82916590e+00,  4.32806988e+00]), array([ 2.36044235e+00,  8.84033878e+00,  9.32357866e+00,  9.65625643e-01,
        2.17391547e+00,  2.78376928e+00,  1.73402718e+00,  1.01070270e+01,
        4.57776276e+00,  6.94110614e+00, -1.42086016e+00,  7.51124471e+00,
        6.38699985e+00,  3.85326760e-01,  4.12054716e+00, -1.20671230e+00,
        6.09600073e+00,  9.85584013e+00,  7.61980117e+00,  6.08282927e+00,
        4.75086261e+00,  1.19665776e+00,  1.09009260e+00,  9.96971679e-01,
        6.87719374e+00,  5.21617224e+00, -1.54607145e-01,  4.07141073e+00,
        5.90839691e+00,  2.39392803e+00,  5.62124926e+00,  6.17769239e+00,
        5.62054241e+00,  2.25770449e+00,  2.53031037e+00,  2.70168618e+00,
        6.41035813e+00,  4.45560560e+00,  5.01631915e+00,  2.06554303e+00,
       -8.03568704e-01,  2.67756591e+00,  6.33338232e+00,  6.26408759e+00,
       -1.01020498e+00,  9.21815638e+00,  3.01729022e+00,  1.73048938e+01,
        3.18556874e+00,  1.00942143e+01,  7.55480969e+00,  3.42878904e+00,
        5.77561837e-01,  1.02007638e+01,  8.27010381e+00,  5.96386976e+00,
        4.63135355e+00,  3.54602075e+00,  1.29701976e-01,  1.29189610e+01,
        4.91243398e+00,  7.26923528e+00,  1.13901354e+01,  5.79295059e+00,
        5.54808915e+00,  9.50176682e+00, -3.40287257e+00,  6.34333315e+00,
        3.82231926e+00,  1.59546369e+01,  4.16701018e+00,  5.34957732e+00,
        4.30707742e+00,  7.91298179e-02,  7.93753093e+00,  2.84921766e+00,
        7.49182644e+00,  7.28955695e+00,  6.89379092e+00,  5.98375137e+00,
        6.33974925e+00,  4.62258325e+00,  8.61275007e-01,  5.90066391e+00,
        1.06359367e+01,  3.23809628e+00,  9.27935695e+00, -3.40209111e+00,
        4.19191607e+00,  5.95916038e+00,  1.65200318e+00,  6.84167505e+00,
        3.12345902e+00,  8.28569375e+00,  5.39444140e+00,  5.48384622e+00,
        6.92137202e+00, -3.67938501e+00,  8.99712625e+00, -1.61934928e+00,
        8.15861962e+00,  8.15888865e+00,  3.06972812e+00,  1.18635549e+01,
        7.28349424e+00,  6.55590915e+00,  5.16203925e+00,  2.63380711e+00,
        2.59896452e+00,  1.46532374e+00,  3.69677059e+00,  1.11383420e+01,
        8.21097934e+00,  5.44763986e+00,  6.09031971e+00,  6.04596200e+00,
        2.26104978e+00,  6.78698354e+00,  1.12139249e+01,  6.55338636e+00,
        2.92177352e+00,  1.38572171e+00,  3.00804789e+00, -1.71106107e-01,
        8.91858585e+00,  1.10441121e+01,  2.08909319e+00,  5.49689012e+00,
        4.82653451e+00,  7.88908714e+00,  6.17455198e+00,  2.26948425e+00,
        9.94078718e+00, -1.65775361e+00,  8.28729811e+00,  8.90138079e+00,
        7.75295367e+00,  4.80691003e+00,  2.02795254e+00,  7.60988463e+00,
        1.25723686e+00,  8.23647532e+00, -1.04682526e-01,  4.85998385e+00,
        9.56438846e+00,  6.75943467e+00,  9.53103122e+00,  3.66098517e+00,
        9.07238676e+00,  7.01962113e+00,  6.25970447e+00,  3.19289184e+00,
        9.57277504e+00,  3.83483450e+00,  6.27159313e+00,  6.44635770e+00,
        1.58932387e+00,  4.29608676e+00,  3.29838489e+00,  4.82691745e+00,
        4.97781706e+00,  6.39640155e+00,  2.57041481e+00,  5.94523581e+00,
        6.05342646e+00,  4.71715763e+00,  4.60747024e+00,  5.91663642e+00,
        5.81501084e+00,  6.44920393e+00,  9.95478561e-01,  1.05819572e+01,
        4.26666647e+00,  6.69664938e+00,  9.08748949e+00,  2.73163865e+00,
        8.62082717e+00,  8.44724480e-01,  9.76981259e+00,  6.02596158e+00,
        5.13929523e+00,  1.56735847e+00,  6.14288235e-02,  5.57141320e+00,
        7.69592577e+00,  7.17127474e+00,  7.22127743e+00,  4.65817136e+00,
        6.73141614e+00,  5.14849444e+00,  4.65788471e-01,  5.12187029e+00,
        4.32577233e+00,  2.37339173e+00,  5.58879442e+00,  7.48967561e+00,
        5.60184783e+00,  4.66327391e+00,  7.32222377e+00,  3.78806612e+00,
        6.56747879e+00,  4.41699184e+00,  2.02488388e+00,  2.80209812e+00,
        4.41958505e+00,  8.25960157e+00,  6.28693264e+00,  8.58054274e+00,
        3.49710164e+00,  9.29728206e+00,  5.50496738e+00,  1.31453939e+00,
        1.37115280e+00,  7.83897671e+00,  7.03712904e+00,  9.79038139e+00,
        9.57046433e+00,  9.65046391e+00,  1.16017253e+00,  2.18349551e+00,
        7.57649186e+00,  8.44610237e+00,  1.07083501e+01,  4.79433126e+00,
        7.53640319e+00,  3.53878451e+00,  5.64347050e+00,  3.55767488e+00,
        8.96454297e+00,  8.31023928e+00,  6.74709305e+00,  5.07834824e-01,
        9.42416241e+00, -2.48974774e+00,  3.00248670e+00,  3.02925210e+00,
        3.69911552e+00,  1.95216509e+00,  1.05094630e+01,  1.06815181e+01,
        6.27362854e+00,  9.18369235e+00,  1.24894966e+01,  8.65777750e+00,
        3.48451415e+00,  3.55412868e+00,  7.70988520e+00,  2.31819059e+00,
        3.07747509e+00, -1.56978710e+00,  3.43898443e+00,  1.29940089e+01,
       -4.45452095e-01,  5.40162857e+00,  2.01116019e+00,  6.38527337e+00,
        3.41130023e+00, -2.05634055e+00,  6.52235400e-01,  3.83831254e+00,
        2.96107032e+00,  4.63781889e+00,  4.92555943e+00,  1.31284830e+01,
        7.66422561e+00,  7.25138869e+00,  2.44716100e+00,  4.08009801e+00,
        2.18104414e+00,  1.50075971e+01, -9.93348865e-02,  5.62856971e+00,
        2.94247589e+00,  6.01151761e+00,  3.63580008e+00,  1.09135947e+01,
        8.83880963e+00,  7.66089153e+00,  1.95166692e+00,  7.35465892e+00,
        1.11041223e+01, -4.55307191e+00, -1.69912452e+00,  5.82462138e+00,
        8.07588345e-01,  2.07176977e+00,  1.08642815e+01,  4.49472777e+00,
        1.10777424e+01,  1.06231067e+01, -2.00002895e-01,  1.10875073e+01,
        5.37865804e+00,  4.27355559e+00,  1.69666948e+00,  5.66666600e+00,
        9.53855134e+00,  6.49583868e+00,  3.87839300e+00,  6.42434062e+00,
        7.76278454e+00, -4.54404694e-01, -6.08326454e+00,  2.48750614e+00,
        5.46759501e+00,  1.01057097e+01,  7.61232005e+00, -1.61999448e-01,
        7.67052780e+00,  1.31200500e+01,  3.17262435e+00,  1.08221235e+00,
        2.58575787e+00, -3.13114715e+00,  3.53677516e+00,  1.08222155e+00,
        8.30744169e-01,  4.89383777e+00, -4.99489358e-01,  6.24102026e+00,
        7.93050859e+00,  2.80010090e+00,  2.45964959e+00,  8.77466435e+00,
        5.36347458e+00,  1.41014542e+01,  6.28503721e+00,  3.35040501e+00,
        1.03094948e+00,  5.44462164e+00,  9.83179535e+00,  7.25096354e+00,
       -6.58505168e-01,  3.78377273e+00,  7.98087059e+00,  7.63588602e+00,
        5.60544699e+00,  5.36646767e+00,  5.57165785e+00,  4.16627501e+00,
        7.13779917e+00,  1.82746164e+00,  3.56638788e+00,  6.31440380e+00,
        3.54250922e+00,  2.26479280e+00,  1.07059282e+00,  3.50184505e+00,
        9.37955008e+00,  1.04224072e+01,  9.08758472e-01,  3.39504356e+00,
        2.65996586e+00,  1.28404904e+01,  6.39547783e+00,  6.78782112e+00,
        9.61631852e+00,  8.66858706e+00,  4.36038092e+00,  3.36819154e+00,
        6.83001646e+00,  3.80497875e-01,  4.95407413e+00,  5.43781306e+00,
        8.24498480e+00,  8.63267988e+00,  6.98041558e+00,  4.64845887e+00,
        4.25949186e+00,  4.43809985e-01,  9.93468634e+00,  7.41485748e+00,
        4.41453221e+00,  4.91833541e+00,  1.27516115e+01,  2.77915448e+00,
        1.16380858e+00,  1.03311453e+00,  6.06646976e+00,  4.27124465e+00,
        1.23753921e+01,  9.82563035e-01, -2.09629016e-01,  7.12152062e+00,
        7.38112848e-01, -1.42164095e+00,  2.04927598e+00,  6.59945381e+00,
        4.09971653e+00,  7.94859057e+00,  7.27261796e+00,  5.56593249e+00,
        4.20760368e+00,  9.79459942e+00,  7.94772500e+00,  1.07353786e+00,
        7.20825912e+00,  8.65346536e+00,  1.03234499e+01, -4.83930123e+00,
        3.45557034e+00,  4.56061879e+00,  9.35675237e+00,  9.69150458e+00,
        5.02036955e+00,  7.22947989e+00,  2.10961362e+00,  7.86629123e+00,
        2.57874383e+00,  9.30344625e+00,  5.91457084e+00,  4.30565577e+00,
       -1.25379819e-02, -3.26714686e+00,  5.75293512e+00,  7.49897052e+00,
        5.04567496e+00,  5.95537037e+00,  4.42609841e+00,  9.58990380e+00,
        5.16756388e+00,  8.30438664e+00,  6.32745731e+00,  7.18049273e+00,
       -4.35794023e+00,  6.11054721e+00,  2.16174389e+00,  5.22690108e+00,
        9.70753942e+00,  1.09695363e-01,  1.14604987e+01,  5.39444921e+00,
        1.52503127e-01,  2.55394096e+00,  3.89196723e+00,  8.51703418e+00,
       -1.57068802e-01,  1.08585314e+01,  2.68193077e+00,  1.73052552e+00,
        6.21514222e+00,  4.91053092e+00,  1.80092997e+00, -2.11879135e+00,
       -2.48040933e+00,  4.34671414e+00,  8.65235087e+00,  4.63471741e+00,
        3.47131852e+00,  8.54212090e+00,  8.09574227e+00,  8.29851440e+00,
       -7.32790957e+00,  8.09032829e+00,  4.74136497e+00,  8.17616793e+00,
        3.97337420e+00,  4.03454616e+00,  2.73371359e+00, -3.74581774e+00,
        8.80279311e+00,  6.37995661e+00, -8.00288430e-01, -1.29630225e+00,
        6.75285954e+00,  4.42499044e+00,  4.23673320e+00,  2.30638583e+00,
        3.28713325e+00,  1.18124518e+01,  6.31328106e+00,  5.91944459e+00,
        6.50122031e+00,  1.04545253e+01,  6.56741248e+00,  2.49045199e+00,
        7.46805865e+00,  2.84610671e+00,  7.66637680e+00,  8.96607163e+00,
        1.16514507e+01,  1.16976006e+00,  3.93144041e+00,  1.66270268e+00,
        3.88479464e+00,  6.91220340e+00,  9.71058630e+00,  4.72342491e+00,
        8.14613378e+00,  1.52728416e+00,  8.77322981e+00,  7.59590978e+00,
        1.64966972e-01,  1.06202445e+01,  2.18145476e+00,  3.18662346e+00,
        5.32481637e+00, -2.93780354e-01,  4.94969365e+00,  3.31666213e+00,
        5.41263082e+00,  9.63835725e+00,  5.84154099e+00, -2.05363496e+00,
        6.31734666e+00,  7.13106432e+00,  1.26207228e+00,  6.20513039e+00,
        8.37648993e+00,  8.65152339e+00,  2.42121815e+00,  5.80717443e-02,
        7.53412544e+00,  7.21897636e+00,  6.64480075e+00,  9.33986655e-01,
        5.29033380e+00,  4.10540987e+00,  8.87468582e+00,  3.34403632e+00,
        1.11946008e+01,  1.03709493e+01,  6.24355394e+00,  2.22988909e+00,
        4.27322371e+00,  6.58510149e+00,  1.26380749e+00,  2.75425720e+00,
        7.25206716e+00,  7.87366994e+00,  3.76520075e+00,  1.94390548e+00,
        8.46477838e+00,  3.53683140e+00,  1.37316821e+01,  8.47666452e+00,
        4.00174980e+00,  3.22557484e+00,  4.74617568e+00,  1.26802906e+00,
        3.97328038e+00,  4.41675229e+00,  1.18607567e+00,  2.68443485e+00,
       -3.84662961e+00,  1.13928866e+01,  2.90074588e+00,  3.80583825e+00,
        4.35763345e+00,  1.47994139e+00,  2.39238953e+00,  1.28006474e+01,
        8.11079913e+00,  2.00816622e+00,  6.11356440e-01,  6.46397274e+00,
        4.19474116e+00,  1.32268580e+00,  3.76180697e+00,  1.04295649e+01,
        5.64303990e+00,  3.12653512e+00,  7.95736107e+00, -3.08953379e+00,
        7.48467151e+00,  4.87241496e-01, -1.60916942e+00,  3.45298681e+00,
        2.55663913e+00,  4.66272815e+00,  2.40854929e+00,  8.07703276e+00,
        5.11091538e+00,  7.49944101e+00,  1.36967502e+00,  7.09786009e+00,
        8.36124103e+00,  4.47399665e+00,  4.30388718e+00,  4.84559082e+00,
        3.25151969e+00,  1.20624511e+01,  1.25010756e+01,  3.87681575e+00,
        2.50573574e+00,  6.86789027e-01,  4.35573259e+00,  1.40381440e+01,
       -1.14509830e+00,  7.83844839e+00,  5.76018671e+00,  6.19961766e+00,
        8.41319780e+00,  9.68568562e-01,  6.02327136e+00,  1.33471236e+01,
        5.09808852e+00,  4.80143604e+00,  5.39700083e+00,  7.43455302e+00,
        1.30117319e+00,  3.76487348e+00,  9.81589992e+00,  1.06436205e+00,
        1.39896975e+01,  5.40173738e+00,  6.28787861e-01,  7.35588843e+00,
        3.40975049e+00,  2.94440517e+00,  3.58340918e+00,  4.50163831e+00,
        6.97644303e+00,  6.95614302e+00,  5.63373307e+00,  8.30682084e+00,
        4.75005402e+00,  1.02455263e+01, -1.41622922e+00,  8.48737867e+00,
        6.97465210e+00,  7.86536541e+00,  6.84408185e+00,  3.86989158e+00,
       -1.00300056e+00,  6.46878746e+00,  6.44027669e+00, -5.29593458e-01,
        5.97009935e+00,  3.62108070e+00,  6.35255583e+00,  2.35330028e+00,
        3.57217404e+00,  4.21403486e+00,  8.96477748e+00,  7.28863537e+00,
        5.94126471e+00, -7.34352468e-02, -2.30163279e+00,  8.23318646e+00,
        5.04490545e+00,  9.27514217e+00,  6.50388863e+00,  1.99045453e+00,
        6.99337022e+00,  6.78568337e+00,  7.21277557e+00, -2.39553339e+00,
        8.45470017e+00,  6.03786211e+00,  4.65929048e+00, -7.69185826e-01,
        2.12228630e+00,  4.18003589e+00,  1.41450742e+01,  9.49345633e+00,
        2.87777723e+00,  1.50288230e+00,  4.33535825e+00,  2.35311981e+00,
       -9.19691502e-01,  3.34652738e-01,  9.16288906e+00,  7.21622053e+00,
        1.35527302e+01,  4.15201440e+00,  9.31109916e+00,  4.19206800e+00,
        6.13449051e+00,  5.91043798e+00,  3.68348347e+00,  4.99495861e+00,
       -4.24430796e+00,  8.73136591e+00,  9.80863672e-02,  4.96640212e+00,
        3.68852508e+00,  7.55769487e+00,  6.46227116e-01,  6.83578311e+00,
        1.82984794e+00,  9.15964001e-01,  4.70833837e+00,  1.55978959e+00,
        8.60442080e+00,  7.81711825e+00,  4.62199145e+00, -6.21995324e-01,
        2.77683706e+00,  4.69487300e+00,  4.82362162e+00,  2.56700705e+00,
        1.76956270e+00,  4.74367136e+00,  3.49504519e+00, -8.31104821e-02,
        7.28615498e+00,  8.98221684e+00,  7.89519637e+00,  1.14889281e+01,
        9.16371235e+00,  3.51261079e+00,  3.77306837e+00,  4.21967658e+00,
        6.43903237e-01,  1.58178611e-01,  1.02234897e+01,  4.72199054e+00,
        8.18010079e+00,  4.00098490e+00,  5.89546566e+00,  5.81245853e+00,
       -7.11265552e-01,  7.56784726e+00,  4.83673735e+00,  8.52712557e+00,
        1.31594047e+01,  3.03109387e+00,  1.33850449e+01,  2.57480369e+00,
        1.93973778e+00,  6.38186955e+00,  7.42572387e+00,  5.79368949e+00,
        7.22192518e-01,  6.98294668e+00,  9.46757780e+00,  9.58696675e+00,
        4.67313328e+00,  1.00707849e+01,  8.50941849e+00,  9.48248493e+00,
        2.49572977e+00,  6.69536203e+00,  9.15319570e+00,  2.54325367e+00,
        2.57341774e+00,  1.91998377e-01,  4.03112298e+00,  3.01603978e+00,
        4.86648469e+00,  3.94690318e+00,  5.98703607e+00,  4.37531231e+00,
        8.30207766e+00,  4.47757196e+00,  3.27151412e+00,  4.28672857e+00,
        4.63008991e+00,  4.58043515e+00,  7.53652172e+00,  8.98662156e+00,
       -3.96973171e-01,  9.61619919e+00,  7.27032431e+00,  8.16621206e+00,
       -3.62165594e+00,  2.27389009e+00,  6.99226432e-01,  1.30362101e+01,
        5.22911312e+00,  3.22193933e+00,  1.21346684e+01,  3.72758646e+00,
        9.95224231e+00,  1.15611229e+00,  3.41123069e+00,  2.57424391e+00,
        4.87068638e-01,  7.74194397e+00,  5.79636223e+00,  8.48122134e+00,
        1.16534625e+01,  7.68999511e+00,  4.11907255e+00,  5.59241762e+00,
        1.25587939e+01,  5.92831726e+00,  6.86853660e+00,  9.79101589e+00,
        4.48823319e+00,  9.07561664e+00,  7.34715604e+00,  3.42655522e+00,
        8.19599765e+00,  7.30225123e+00,  6.70224657e+00,  1.19233122e+01,
        1.28602543e+00,  7.23742565e+00,  8.44741945e+00,  4.49123486e-02,
        4.18331451e+00,  3.19014041e+00,  7.22650224e+00,  9.94750726e+00,
        1.89833538e+00,  1.04992291e-01,  4.33624675e+00,  5.32837804e+00]), array([ 3.18202116e+00,  9.81286603e+00,  9.63610393e+00,  9.23388600e-01,
        3.45166580e+00,  3.69690648e+00,  2.97866792e+00,  1.08451398e+01,
        4.77791218e+00,  7.98220778e+00, -6.38957150e-01,  8.73421074e+00,
        7.07948340e+00,  3.26343275e-01,  4.77208140e+00, -5.82581816e-01,
        6.87644533e+00,  1.07876602e+01,  8.52828739e+00,  7.19329276e+00,
        5.62422881e+00,  1.58854801e+00,  2.11836335e+00,  2.17541125e+00,
        7.10401215e+00,  5.85417613e+00,  6.36472982e-02,  4.60145682e+00,
        6.81327097e+00,  2.48607948e+00,  6.49369752e+00,  6.40186341e+00,
        6.18724823e+00,  3.46854049e+00,  2.93310136e+00,  3.80964651e+00,
        7.30549245e+00,  4.92356997e+00,  5.48171676e+00,  2.70848906e+00,
       -1.75493704e-02,  3.49787328e+00,  6.69934897e+00,  6.85024234e+00,
        9.37113938e-02,  9.74363871e+00,  3.36236265e+00,  1.76224512e+01,
        3.91950948e+00,  1.06639283e+01,  8.28695158e+00,  4.38815745e+00,
        1.46872602e+00,  1.07414274e+01,  9.03620524e+00,  5.78504303e+00,
        5.22611192e+00,  4.35212722e+00,  1.08385974e+00,  1.39843001e+01,
        5.45404354e+00,  7.61322670e+00,  1.30614810e+01,  6.46629624e+00,
        6.10736113e+00,  9.87346674e+00, -2.30151166e+00,  7.23213313e+00,
        4.04540871e+00,  1.63764042e+01,  5.18535216e+00,  6.04266734e+00,
        5.34716182e+00,  1.44349697e+00,  8.60941617e+00,  3.36590046e+00,
        7.95910251e+00,  8.04927507e+00,  7.67723294e+00,  6.91205768e+00,
        6.88246604e+00,  4.79119024e+00,  1.96345347e+00,  7.01830788e+00,
        1.12694501e+01,  4.68599833e+00,  1.02561599e+01, -2.74441709e+00,
        4.90010995e+00,  6.80853317e+00,  1.89509603e+00,  7.94606956e+00,
        4.32556902e+00,  8.67079103e+00,  6.48861312e+00,  5.75145338e+00,
        7.43679681e+00, -3.09699380e+00,  9.74844720e+00, -1.15360883e+00,
        9.14727984e+00,  8.52339360e+00,  3.99694976e+00,  1.25280903e+01,
        8.35333559e+00,  7.03305215e+00,  5.87135080e+00,  3.02219660e+00,
        3.77638642e+00,  2.20925439e+00,  3.53650533e+00,  1.22383227e+01,
        9.49020555e+00,  6.47368559e+00,  6.38362571e+00,  6.40158920e+00,
        2.87934143e+00,  7.41842513e+00,  1.15308991e+01,  7.15270817e+00,
        3.51649744e+00,  2.17262572e+00,  3.42168885e+00, -2.94123134e-01,
        9.81454836e+00,  1.18529334e+01,  3.04600760e+00,  5.66303916e+00,
        5.52489549e+00,  8.03836653e+00,  7.51203359e+00,  3.52426716e+00,
        1.07367469e+01, -8.70368564e-01,  9.04114993e+00,  9.32436106e+00,
        8.33870085e+00,  5.79437119e+00,  2.90225915e+00,  8.52673959e+00,
        2.03420346e+00,  8.66175673e+00,  1.03052751e+00,  6.28109105e+00,
        1.03972999e+01,  7.55517890e+00,  1.04476779e+01,  4.73336125e+00,
        9.92716658e+00,  6.98133612e+00,  6.68301085e+00,  3.61396745e+00,
        1.03754499e+01,  4.19760807e+00,  6.43430350e+00,  7.46370645e+00,
        2.49142069e+00,  4.89678838e+00,  4.42091319e+00,  5.25801809e+00,
        5.85075071e+00,  7.05618405e+00,  3.09392202e+00,  6.55951032e+00,
        6.20876820e+00,  4.68031922e+00,  5.22435664e+00,  6.51744591e+00,
        6.23909260e+00,  7.61416173e+00,  1.89572957e+00,  1.17215165e+01,
        4.65950497e+00,  7.42017594e+00,  1.00333817e+01,  3.56781327e+00,
        8.94505782e+00,  2.02881858e+00,  1.02222459e+01,  6.86691761e+00,
        6.16197673e+00,  2.17741028e+00,  8.47538479e-01,  6.48407599e+00,
        8.69133201e+00,  8.13716899e+00,  8.58203780e+00,  5.05134630e+00,
        7.47666665e+00,  6.32157826e+00,  1.26366471e+00,  5.75080690e+00,
        5.24608326e+00,  2.80551056e+00,  6.28618340e+00,  8.44935351e+00,
        6.43675537e+00,  5.21653856e+00,  8.25034575e+00,  4.18212035e+00,
        7.71736694e+00,  5.46409851e+00,  2.63751639e+00,  3.44071620e+00,
        5.30835312e+00,  8.94257607e+00,  7.21962830e+00,  9.19399004e+00,
        4.17395368e+00,  9.91173581e+00,  6.58918643e+00,  1.99389200e+00,
        2.08455710e+00,  8.50120435e+00,  7.67659785e+00,  1.09073821e+01,
        1.10146654e+01,  1.09148040e+01,  2.18887973e+00,  2.66495870e+00,
        8.26940357e+00,  9.39620670e+00,  1.19214143e+01,  5.98681606e+00,
        8.01837615e+00,  4.15051030e+00,  6.87515381e+00,  4.30054096e+00,
        9.33227836e+00,  8.88749758e+00,  7.47999961e+00,  1.38739605e+00,
        1.02599954e+01, -2.46884385e+00,  4.06974503e+00,  4.14214757e+00,
        4.48007144e+00,  2.92637988e+00,  1.14231987e+01,  1.12343738e+01,
        6.99120483e+00,  9.99900673e+00,  1.30542444e+01,  1.00588015e+01,
        4.42076608e+00,  4.15233975e+00,  8.56558290e+00,  2.79595308e+00,
        3.72835496e+00,  1.64648082e-02,  4.42943515e+00,  1.37794824e+01,
        3.54129071e-02,  6.01904119e+00,  2.90030408e+00,  6.64318612e+00,
        5.04661774e+00, -1.72904180e+00,  1.56173872e+00,  4.68148915e+00,
        3.47847360e+00,  5.73166212e+00,  5.87594716e+00,  1.44478974e+01,
        8.08054253e+00,  7.36926455e+00,  2.89121564e+00,  4.57368322e+00,
        2.74636203e+00,  1.62004044e+01,  1.01757922e+00,  6.27001223e+00,
        3.75071919e+00,  6.89930096e+00,  4.09987640e+00,  1.21669938e+01,
        1.03467264e+01,  8.73988731e+00,  2.81538326e+00,  8.05742586e+00,
        1.16220178e+01, -3.64793532e+00, -8.71154296e-01,  6.61004382e+00,
        1.57914667e+00,  2.66457166e+00,  1.14980803e+01,  5.56766535e+00,
        1.22968052e+01,  1.17582759e+01,  6.09774414e-01,  1.19476055e+01,
        6.09472887e+00,  5.05261302e+00,  2.65570428e+00,  6.54610305e+00,
        1.04264925e+01,  6.99141642e+00,  4.05838319e+00,  7.54169682e+00,
        8.70815581e+00, -5.70209471e-01, -5.86340239e+00,  4.12446941e+00,
        6.74259572e+00,  1.02766397e+01,  8.42284656e+00, -3.19766558e-02,
        8.59274917e+00,  1.39676808e+01,  3.58107199e+00,  1.19125740e+00,
        3.18403629e+00, -2.29279685e+00,  4.27519561e+00,  1.54324078e+00,
        9.40133342e-01,  5.57307560e+00, -1.42438472e-02,  6.81426173e+00,
        8.45030799e+00,  3.64672407e+00,  3.43494536e+00,  9.55689383e+00,
        6.00065070e+00,  1.52646678e+01,  7.04430538e+00,  4.19442936e+00,
        1.61706263e+00,  5.74189177e+00,  1.03965176e+01,  7.77491864e+00,
       -7.21241647e-02,  4.15643798e+00,  8.77241013e+00,  8.20117909e+00,
        5.85467170e+00,  6.24817435e+00,  6.19551156e+00,  4.21129070e+00,
        7.56681245e+00,  2.65723295e+00,  4.24612947e+00,  7.05601878e+00,
        4.23310556e+00,  2.73535519e+00,  1.76244286e+00,  4.16747824e+00,
        1.08001551e+01,  1.12543320e+01,  1.21265811e+00,  4.44848576e+00,
        3.31190836e+00,  1.42242449e+01,  6.88590423e+00,  7.01065506e+00,
        1.10939057e+01,  9.79977378e+00,  5.85035932e+00,  4.59698749e+00,
        7.15186657e+00,  6.06120579e-01,  6.31906641e+00,  5.92013545e+00,
        8.62779352e+00,  9.45154124e+00,  7.37515260e+00,  5.43906149e+00,
        5.03414202e+00,  8.65925943e-01,  1.10565097e+01,  8.10933040e+00,
        4.73162372e+00,  5.89955281e+00,  1.34996277e+01,  3.43462806e+00,
        1.14065996e+00,  1.63560827e+00,  7.03242845e+00,  4.97647829e+00,
        1.33662586e+01,  1.73658098e+00,  4.47404627e-01,  8.45417747e+00,
        1.58644271e+00, -4.81646335e-01,  3.06240865e+00,  7.68487774e+00,
        5.26960932e+00,  8.92140096e+00,  8.11176977e+00,  6.23670420e+00,
        4.64309652e+00,  1.10480920e+01,  8.81142865e+00,  1.60399280e+00,
        7.76019309e+00,  9.80136350e+00,  1.16818612e+01, -4.64491890e+00,
        4.47357159e+00,  5.64404118e+00,  1.07066365e+01,  1.12400602e+01,
        5.21107866e+00,  8.10655497e+00,  3.22377600e+00,  8.94754116e+00,
        3.38943129e+00,  1.00764901e+01,  6.41717481e+00,  4.87697579e+00,
        5.54423156e-01, -2.72948344e+00,  6.95673121e+00,  8.47384419e+00,
        5.93759660e+00,  6.83550822e+00,  5.49572017e+00,  1.08029126e+01,
        5.90008730e+00,  8.97287710e+00,  7.51829058e+00,  7.70089997e+00,
       -3.76792810e+00,  7.19650896e+00,  2.68565343e+00,  6.39601790e+00,
        1.02185450e+01,  9.47934604e-01,  1.19896676e+01,  6.56350102e+00,
        1.26386772e+00,  3.45060480e+00,  4.55800535e+00,  8.47776694e+00,
        1.19737780e+00,  1.06104600e+01,  3.79408609e+00,  2.44287449e+00,
        7.07498075e+00,  5.15262655e+00,  2.94333412e+00, -1.49706361e+00,
       -1.47417814e+00,  5.03535425e+00,  1.02920857e+01,  5.42445752e+00,
        4.31523964e+00,  9.50426422e+00,  8.85655832e+00,  9.69074711e+00,
       -7.17724024e+00,  8.74259304e+00,  5.52791267e+00,  8.80113230e+00,
        4.59364443e+00,  5.01987284e+00,  3.31274709e+00, -3.63565100e+00,
        8.74314660e+00,  7.10167631e+00, -1.43802222e-02, -1.69636219e-01,
        7.52171935e+00,  5.58867770e+00,  5.26433897e+00,  3.18013006e+00,
        4.11462684e+00,  1.25747215e+01,  7.19712980e+00,  6.45987988e+00,
        7.17796439e+00,  1.18204370e+01,  6.84005132e+00,  2.64582847e+00,
        9.06429389e+00,  4.15260418e+00,  8.83995874e+00,  9.93618544e+00,
        1.20546370e+01,  1.81610800e+00,  4.28560409e+00,  2.22291227e+00,
        4.44153278e+00,  7.51609565e+00,  1.07844422e+01,  5.31124925e+00,
        9.14260622e+00,  2.41065730e+00,  8.79685699e+00,  8.61484179e+00,
        6.28115611e-01,  1.08013268e+01,  1.96453375e+00,  3.70679473e+00,
        6.25122674e+00,  9.47192170e-01,  6.21689248e+00,  4.42519864e+00,
        6.49379242e+00,  1.05728024e+01,  6.35332358e+00, -2.18676407e+00,
        7.11471107e+00,  7.57506279e+00,  1.68968511e+00,  6.90400780e+00,
        9.07429564e+00,  9.51616684e+00,  3.15936585e+00,  5.34581782e-01,
        8.61922644e+00,  7.89745185e+00,  6.93419284e+00,  1.69341044e+00,
        6.02298495e+00,  5.24590962e+00,  1.00659097e+01,  4.16279004e+00,
        1.19951856e+01,  1.07642390e+01,  7.23476229e+00,  2.65538788e+00,
        5.44606667e+00,  7.38541788e+00,  1.49556719e+00,  3.18099460e+00,
        7.76306429e+00,  8.86694459e+00,  4.87751798e+00,  3.04245529e+00,
        9.32719404e+00,  4.19527532e+00,  1.35568566e+01,  8.92911948e+00,
        4.29190962e+00,  3.16224473e+00,  5.43848074e+00,  1.36201838e+00,
        4.76689755e+00,  5.42728167e+00,  2.17912307e+00,  3.02299449e+00,
       -2.99351461e+00,  1.23198626e+01,  3.33640332e+00,  4.57367793e+00,
        5.20161530e+00,  1.39831948e+00,  2.70283086e+00,  1.29721188e+01,
        9.08311626e+00,  2.35312615e+00,  1.81919084e+00,  6.61898122e+00,
        4.74121963e+00,  2.25524612e+00,  4.81664514e+00,  1.08210214e+01,
        6.44005861e+00,  3.80927007e+00,  8.90320087e+00, -2.39535900e+00,
        8.91745738e+00,  1.42600768e+00, -8.04882224e-01,  3.93163606e+00,
        3.43107653e+00,  5.28839922e+00,  3.22349913e+00,  8.62376095e+00,
        5.57392704e+00,  7.82781930e+00,  2.68265615e+00,  7.91518397e+00,
        8.80231817e+00,  5.45656347e+00,  5.02955346e+00,  6.05244050e+00,
        3.88190401e+00,  1.32868116e+01,  1.33074111e+01,  4.24737290e+00,
        3.57742133e+00,  1.49417200e+00,  4.47535347e+00,  1.55402704e+01,
       -8.45574502e-01,  8.41882188e+00,  6.45950658e+00,  7.03177758e+00,
        9.55663833e+00,  1.53467553e+00,  6.29316253e+00,  1.44135079e+01,
        5.82649918e+00,  6.22743668e+00,  6.51647277e+00,  8.26245628e+00,
        1.83403478e+00,  5.41428259e+00,  1.04626520e+01,  2.08692761e+00,
        1.41954813e+01,  6.64783917e+00,  1.42519620e+00,  8.10369454e+00,
        4.26872650e+00,  3.84174198e+00,  4.90666791e+00,  5.52412762e+00,
        7.65129493e+00,  8.37048335e+00,  6.46030240e+00,  8.98402065e+00,
        5.83306303e+00,  1.14790448e+01, -1.57537004e+00,  9.33953311e+00,
        7.23890277e+00,  9.55730008e+00,  7.51068843e+00,  4.75283481e+00,
       -9.99229202e-02,  6.87208337e+00,  6.42723133e+00,  4.09304263e-01,
        6.67269054e+00,  3.99972713e+00,  6.72665428e+00,  2.75603806e+00,
        4.02993955e+00,  4.59260787e+00,  1.03812555e+01,  8.52477152e+00,
        6.45150880e+00,  8.42988340e-01, -2.48823666e+00,  8.83062778e+00,
        5.38883565e+00,  1.01777493e+01,  6.99066293e+00,  2.76692000e+00,
        7.53728139e+00,  7.51545810e+00,  7.94648193e+00, -1.73474269e+00,
        9.32521140e+00,  6.63003261e+00,  5.64316601e+00, -4.74673301e-01,
        2.99129215e+00,  4.40356359e+00,  1.52007499e+01,  1.01182668e+01,
        4.30377730e+00,  2.21848138e+00,  4.77373610e+00,  2.90954104e+00,
       -5.66291469e-01,  6.17264978e-01,  1.03541970e+01,  7.73048707e+00,
        1.47386931e+01,  5.28880264e+00,  1.02848925e+01,  4.95683748e+00,
        6.66038252e+00,  6.24601361e+00,  4.09163095e+00,  5.74445611e+00,
       -3.47559685e+00,  1.00849618e+01, -1.25306175e-02,  5.89230927e+00,
        3.95450717e+00,  8.22260453e+00,  1.17557389e+00,  7.58353955e+00,
        1.88070165e+00,  1.05113130e+00,  5.86299154e+00,  2.82828036e+00,
        9.10489581e+00,  8.48703127e+00,  5.59452907e+00, -1.49549983e-01,
        2.99311142e+00,  5.63127859e+00,  6.05261739e+00,  3.60864449e+00,
        2.99119972e+00,  5.48485588e+00,  3.82824850e+00,  1.06011049e+00,
        8.14390257e+00,  9.56881346e+00,  8.69008277e+00,  1.26709924e+01,
        9.81299509e+00,  3.92338332e+00,  4.24581410e+00,  4.55017794e+00,
        3.61431777e-01,  1.10261468e+00,  1.05948262e+01,  6.02557539e+00,
        8.73362216e+00,  4.09804267e+00,  6.65294177e+00,  6.13939813e+00,
        2.07593617e-01,  8.54406718e+00,  6.32341019e+00,  9.68189264e+00,
        1.40174317e+01,  3.68228760e+00,  1.41598868e+01,  3.46558635e+00,
        2.89917498e+00,  7.21286071e+00,  8.73088804e+00,  6.04593741e+00,
        1.59850780e+00,  8.19993176e+00,  9.99948176e+00,  1.06622189e+01,
        5.20407472e+00,  1.08014642e+01,  9.05794895e+00,  1.03283803e+01,
        3.37705268e+00,  7.08598554e+00,  1.00625347e+01,  3.40345304e+00,
        3.37673764e+00,  1.28207826e+00,  4.55170732e+00,  4.52683303e+00,
        5.62174144e+00,  4.82706182e+00,  6.65205805e+00,  5.27010330e+00,
        9.00452489e+00,  5.52860141e+00,  4.18755121e+00,  5.52656936e+00,
        4.97246181e+00,  5.21328671e+00,  8.66979145e+00,  9.57143857e+00,
        6.27015088e-01,  1.09701548e+01,  8.06471369e+00,  8.16819578e+00,
       -2.46130011e+00,  3.01379561e+00,  1.53935688e+00,  1.40410032e+01,
        6.05871909e+00,  3.78676291e+00,  1.31965526e+01,  4.59299286e+00,
        1.05576267e+01,  2.73814788e+00,  3.26706275e+00,  3.23472933e+00,
        9.63591628e-01,  7.99721997e+00,  6.41889032e+00,  9.11214668e+00,
        1.23006428e+01,  8.53291340e+00,  5.07361546e+00,  6.29939594e+00,
        1.33987729e+01,  6.47910851e+00,  7.90620220e+00,  1.02689625e+01,
        5.14623683e+00,  1.03354388e+01,  8.57054978e+00,  4.48986525e+00,
        9.34603170e+00,  8.24095016e+00,  6.87280582e+00,  1.25751675e+01,
        2.09759218e+00,  7.85502780e+00,  9.28494585e+00,  9.52172517e-01,
        4.96767956e+00,  3.91720823e+00,  7.59883704e+00,  1.08240449e+01,
        2.42761711e+00,  9.28344131e-01,  4.87594764e+00,  6.35725415e+00]), array([ 4.07842176, 10.87439696, 10.00454792,  0.93219519,  4.84831971,
        4.64410023,  4.31899983, 11.63122326,  5.03154484,  9.08962609,
        0.21581868, 10.06163471,  7.83677959,  0.32869016,  5.49631057,
        0.09952564,  7.72885511, 11.80664443,  9.49443347,  8.40289802,
        6.56004985,  2.04521805,  3.21510752,  3.42218165,  7.38213919,
        6.55191615,  0.32472595,  5.17678894,  7.79655655,  2.62676358,
        7.43240862,  6.67215726,  6.80175433,  4.73255091,  3.39671988,
        4.98621919,  8.26145124,  5.44997467,  5.99464571,  3.4344584 ,
        0.87383652,  4.38099948,  7.10343157,  7.50307519,  1.25441622,
       10.29562557,  3.79198937, 17.95572291,  4.73011322, 11.30084287,
        9.07308351,  5.4335182 ,  2.43492193, 11.31820213,  9.8858301 ,
        5.6540981 ,  5.89176989,  5.22702672,  2.1070215 , 15.12579293,
        6.05715377,  8.01157102, 14.81288493,  7.20916778,  6.7091019 ,
       10.28930079, -1.10577163,  8.17678677,  4.32959406, 16.83932053,
        6.27516582,  6.77527207,  6.46847058,  2.90377484,  9.33331813,
        3.90991607,  8.4927935 ,  8.88210301,  8.50558232,  7.90449251,
        7.47285057,  5.00956734,  3.15126343,  8.2019472 , 11.96464942,
        6.22338639, 11.29147455, -1.98807522,  5.65487698,  7.74027217,
        2.20535487,  9.12281733,  5.60535608,  9.09078196,  7.67322371,
        6.05759228,  7.99324845, -2.4398445 , 10.55766034, -0.63682099,
       10.20342954,  8.92640635,  4.98294938, 13.26019781,  9.48582081,
        7.59923363,  6.66446515,  3.46000384,  5.03174536,  3.01007901,
        3.4396507 , 13.40973506, 10.827176  ,  7.56669024,  6.74240446,
        6.8448262 ,  3.57798204,  8.10948962, 11.88243912,  7.79689826,
        4.19051726,  3.01426068,  3.88072516, -0.35148209, 10.79611107,
       12.69921031,  4.08384166,  5.84826393,  6.29338212,  8.22633655,
        8.92060564,  4.85527956, 11.61493247,  0.02308734,  9.84411226,
        9.81000267,  8.96734335,  6.86005591,  3.85525846,  9.50711184,
        2.88447481,  9.11924658,  2.23367009,  7.78547405, 11.27343471,
        8.40573641, 11.42056499,  5.87671001, 10.84078742,  6.98981511,
        7.19032072,  4.10868262, 11.23908902,  4.61652411,  6.64279053,
        8.54297506,  3.44583918,  5.57656254,  5.62068555,  5.72827774,
        6.79798761,  7.77207226,  3.67196641,  7.23213968,  6.41304689,
        4.68183363,  5.91091905,  7.16899565,  6.67917028,  8.85332589,
        2.87897658, 12.94155146,  5.09959091,  8.17963566, 11.05799269,
        4.46259639,  9.3562418 ,  3.28546754, 10.71103992,  7.77102377,
        7.26133746,  2.84866161,  1.69853846,  7.45055886,  9.73016716,
        9.19530608,  9.99813792,  5.48156161,  8.29957401,  7.55412481,
        2.13000119,  6.42857367,  6.24836138,  3.28852594,  7.02176538,
        9.47062219,  7.32898721,  5.81258878,  9.24386401,  4.6210102 ,
        8.93308151,  6.57226994,  3.32227957,  4.13266798,  6.25490444,
        9.67480763,  8.19088055,  9.85836245,  4.92652164, 10.59411214,
        7.73134584,  2.71298819,  2.86685373,  9.22002081,  8.38590407,
       12.07411484, 12.49673744, 12.22676322,  3.28636006,  3.21422468,
        9.05051785, 10.40496744, 13.19834346,  7.26423217,  8.55982159,
        4.83874471,  8.20507745,  5.11176045,  9.74378876,  9.54923042,
        8.28515782,  2.31541734, 11.14981667, -2.40280418,  5.22499186,
        5.34536443,  5.3172697 ,  3.97276528, 12.40273873, 11.8261058 ,
        7.79101713, 10.86679218, 13.63491294, 11.54327053,  5.41457058,
        4.82461953,  9.50469415,  3.34409197,  4.47023692,  1.69483056,
        5.47750246, 14.61358556,  0.56007375,  6.68678418,  3.88236129,
        6.94556114,  6.77573056, -1.33571333,  2.53278561,  5.5781503 ,
        4.07303286,  6.88462481,  6.91670136, 15.83844554,  8.55752999,
        7.54934076,  3.40490834,  5.11235177,  3.35691139, 17.4306989 ,
        2.21945696,  6.95213229,  4.62367333,  7.86214941,  4.63144496,
       13.48677718, 11.94186376,  9.90506114,  3.76590588,  8.82522698,
       12.19441267, -2.67663653,  0.03615369,  7.46959298,  2.4228171 ,
        3.34809807, 12.16679599,  6.71339409, 13.62492193, 12.96619532,
        1.48009612, 12.85123675,  6.88771855,  5.90119453,  3.68712781,
        7.48075957, 11.37509897,  7.55893822,  4.27754473,  8.72023504,
        9.70604831, -0.64400489, -5.56679237,  5.83000248,  8.09602703,
       10.50889558,  9.28604466,  0.16806312,  9.57201963, 14.8728253 ,
        4.05872095,  1.33644054,  3.83944048, -1.38053687,  5.05486853,
        2.06274386,  1.13563203,  6.33765158,  0.53027755,  7.45256734,
        9.02282056,  4.57092283,  4.49200784, 10.40105781,  6.6956708 ,
       16.45543485,  7.89643726,  5.10473984,  2.26347884,  6.10656319,
       11.02693329,  8.36610638,  0.60141792,  4.57665209,  9.61513378,
        8.82020808,  6.14660704,  7.19813954,  6.87268446,  4.31617334,
        8.06164796,  3.55128624,  4.94644227,  7.88122956,  4.99247933,
        3.26232956,  2.5163414 ,  4.88943214, 12.28909885, 12.13545921,
        1.55869887,  5.58666775,  4.02859623, 15.67531659,  7.40747749,
        7.30470426, 12.65197022, 10.97844038,  7.42336319,  5.92806546,
        7.53298687,  0.86194217,  7.76679387,  6.45816077,  9.06258134,
       10.30449402,  7.82441097,  6.29660505,  5.86776818,  1.3304476 ,
       12.23539375,  8.86024757,  5.09746119,  6.96210102, 14.29336074,
        4.15087726,  1.15706092,  2.28609126,  8.05820173,  5.75350555,
       14.38911927,  2.56501362,  1.18350204,  9.85628204,  2.49595961,
        0.53563003,  4.16733809,  8.86947662,  6.54719103,  9.95244253,
        8.98835467,  6.96241141,  5.14668993, 12.38974939,  9.74927615,
        2.19116454,  8.38645767, 11.01763455, 13.11595194, -4.40533364,
        5.55074442,  6.81098292, 12.15249787, 12.87933206,  5.46578562,
        9.03729709,  4.39553204, 10.10607221,  4.2820392 , 10.88374795,
        6.9732923 ,  5.52295623,  1.18874187, -2.12447361,  8.22981005,
        9.51495871,  6.91287406,  7.78485948,  6.63789377, 12.08668527,
        6.69352355,  9.71132675,  8.77679222,  8.27407995, -3.12827637,
        8.36264626,  3.26158227,  7.64695436, 10.78078735,  1.86580749,
       12.54260721,  7.81005987,  2.42957773,  4.42125954,  5.28868328,
        8.48828385,  2.64355675, 10.39364367,  4.97074436,  3.21591377,
        7.99237868,  5.44852205,  4.14518605, -0.82555073, -0.38079245,
        5.77632478, 11.99518412,  6.24412831,  5.21745616, 10.51515516,
        9.68030655, 11.15248069, -6.94305001,  9.44624393,  6.35684734,
        9.46724889,  5.26584846,  6.07376657,  3.96938581, -3.43888608,
        8.72448305,  7.87047717,  0.85730272,  1.03721055,  8.35826554,
        6.81710168,  6.35658842,  4.10495774,  4.99959606, 13.38481204,
        8.14794227,  7.06527628,  7.92221105, 13.27646293,  7.11995191,
        2.83509862, 10.75282427,  5.52678527, 10.08628477, 10.98321678,
       12.49466201,  2.50863008,  4.67944759,  2.85788507,  5.0465952 ,
        8.21295444, 11.91410464,  5.94624943, 10.22163873,  3.37930772,
        8.85361915,  9.73376072,  1.15059264, 11.04743194,  1.79969506,
        4.25828829,  7.25202922,  2.2672972 ,  7.57725423,  5.58636802,
        7.65893215, 11.52537915,  6.90891019, -2.29113385,  7.97708546,
        8.08842066,  2.16832336,  7.65832177,  9.81159064, 10.43923316,
        3.98062488,  1.0817161 ,  9.76295248,  8.63108155,  7.26357459,
        2.54423122,  6.81853034,  6.45365329, 11.3232911 ,  5.04083176,
       12.8607924 , 11.23344625,  8.31903354,  3.14367524,  6.71869235,
        8.25848665,  1.77282295,  3.65717336,  8.32846627,  9.9174394 ,
        6.05692518,  4.21944302, 10.23931698,  4.91274328, 13.41513602,
        9.43416187,  4.63636632,  3.13539328,  6.18335055,  1.53707739,
        5.61467202,  6.5111733 ,  3.23145556,  3.41022205, -2.07333343,
       13.30968769,  3.82494062,  5.39569567,  6.13415814,  1.37292208,
        3.07177277, 13.18391553, 10.12816353,  2.74516544,  3.09710695,
        6.8019379 ,  5.34038046,  3.2762607 ,  5.96005512, 11.26218427,
        7.28016079,  4.56619962,  9.88937887, -1.65520076, 10.43965611,
        2.44372126,  0.05593988,  4.47111314,  4.37722133,  5.98773957,
        4.10199573,  9.24048099,  6.10392412,  8.20112445,  4.06759296,
        8.79640924,  9.29292777,  6.48629527,  5.80919737,  7.3525369 ,
        4.56135043, 14.57977076, 14.18157702,  4.68325426,  4.71936077,
        2.38776943,  4.64738549, 17.11241745, -0.48449692,  9.04317841,
        7.22043104,  7.91805606, 10.77196002,  2.17966784,  6.62820171,
       15.53997079,  6.62792789,  7.75866664,  7.71585917,  9.14500714,
        2.44829938,  7.16387108, 11.18733035,  3.16285692, 14.44962478,
        7.9734839 ,  2.29286828,  8.91694778,  5.19431971,  4.82347137,
        6.30543704,  6.62960565,  8.38076727,  9.86579471,  7.34873375,
        9.69886333,  6.97858741, 12.77974943, -1.69337678, 10.26854022,
        7.55676076, 11.30789955,  8.25494618,  5.7069379 ,  0.89890997,
        7.33619558,  6.46577359,  1.40017034,  7.41724292,  4.436418  ,
        7.14786764,  3.19365845,  4.5695545 ,  5.00692815, 11.87379541,
        9.80291173,  7.00626267,  1.82903169, -2.59807148,  9.47880999,
        5.78256916, 11.12487811,  7.53115214,  3.64823712,  8.15902467,
        8.32095958,  8.72039742, -1.02293981, 10.27388165,  7.28944067,
        6.71056444, -0.11188937,  3.91449311,  4.69324376, 16.29464348,
       10.78957892,  5.80840925,  2.99713993,  5.2593516 ,  3.50490743,
       -0.15449448,  0.96434288, 11.61630339,  8.27735506, 16.00285161,
        6.50006729, 11.31600174,  5.75130697,  7.256999  ,  6.63488972,
        4.54796937,  6.56338914, -2.63014256, 11.48578113, -0.07930807,
        6.90670298,  4.28074261,  8.93878941,  1.75778739,  8.37427446,
        1.98021715,  1.2163253 ,  7.06949543,  4.18699292,  9.63377599,
        9.23103552,  6.64477952,  0.39062191,  3.25198616,  6.63355733,
        7.3632658 ,  4.7339389 ,  4.29967855,  6.28514055,  4.22442813,
        2.26636681,  9.04310139, 10.2082415 ,  9.53831858, 13.91283266,
       10.51968209,  4.38525309,  4.79884727,  4.95086139,  0.11123929,
        2.08883224, 11.03308035,  7.40637327,  9.33221467,  4.25483408,
        7.44668255,  6.5262045 ,  1.19632846,  9.60393598,  7.88892398,
       10.90912402, 14.93227314,  4.40874761, 14.99067229,  4.41303737,
        3.9286857 ,  8.11305083, 10.11742447,  6.37018955,  2.54284042,
        9.48544732, 10.57743204, 11.8098314 ,  5.80598639, 11.59657591,
        9.669148  , 11.21606882,  4.319759  ,  7.52659734, 11.04373643,
        4.34999011,  4.20867203,  2.44338745,  5.13100548,  6.13849652,
        6.43077322,  5.79302418,  7.40061908,  6.23114872,  9.75695758,
        6.66230472,  5.13783843,  6.82973843,  5.36631725,  5.91760367,
        9.88460075, 10.20970926,  1.76158793, 12.391394  ,  8.91633619,
        8.19313104, -1.20569326,  3.8195473 ,  2.46703902, 15.08849437,
        6.95257834,  4.3953971 , 14.32326594,  5.51496623, 11.2356845 ,
        4.38642475,  3.16650808,  3.96148751,  1.47933114,  8.30810544,
        7.10266653,  9.82018761, 13.01570492,  9.41446686,  6.11188097,
        7.08611127, 14.30646318,  7.08945749,  9.01281824, 10.79261268,
        5.88842553, 11.66071255,  9.84974807,  5.62640076, 10.55719581,
        9.2548453 ,  7.1220303 , 13.27635001,  2.97914591,  8.53036898,
       10.17573671,  1.95299571,  5.83313985,  4.72347567,  8.03072078,
       11.73373652,  3.01890332,  1.82339293,  5.46703218,  7.46086484]), array([ 4.89776438e+00,  1.18451195e+01,  1.03097963e+01,  8.84626234e-01,
        6.10442062e+00,  5.59527578e+00,  5.52032778e+00,  1.23487412e+01,
        5.21614417e+00,  1.01143250e+01,  1.03208185e+00,  1.12431568e+01,
        8.51999655e+00,  2.85691997e-01,  6.16498975e+00,  7.53203402e-01,
        8.52271201e+00,  1.27007019e+01,  1.04007790e+01,  9.48704649e+00,
        7.46428941e+00,  2.46948760e+00,  4.26081710e+00,  4.60985920e+00,
        7.61366126e+00,  7.18811933e+00,  5.97615764e-01,  5.73877510e+00,
        8.67393950e+00,  2.73400747e+00,  8.28517774e+00,  6.91913899e+00,
        7.39406123e+00,  5.98191480e+00,  3.79316408e+00,  6.09480191e+00,
        9.17270311e+00,  5.91325702e+00,  6.47572109e+00,  4.07337135e+00,
        1.66768875e+00,  5.20445142e+00,  7.47341891e+00,  8.06412453e+00,
        2.40361716e+00,  1.08408089e+01,  4.13980847e+00,  1.82495819e+01,
        5.49253563e+00,  1.18542180e+01,  9.78195276e+00,  6.41867313e+00,
        3.32996928e+00,  1.18477249e+01,  1.06275162e+01,  5.48169238e+00,
        6.49350192e+00,  6.06556105e+00,  3.08097337e+00,  1.61463098e+01,
        6.62322482e+00,  8.32011905e+00,  1.64637820e+01,  7.89542115e+00,
        7.27306295e+00,  1.06601587e+01,  1.07493786e-02,  9.06180551e+00,
        4.57166359e+00,  1.72551390e+01,  7.28406285e+00,  7.46849897e+00,
        7.54164274e+00,  4.26617383e+00,  1.00135506e+01,  4.45545004e+00,
        8.93653586e+00,  9.61436670e+00,  9.29034305e+00,  8.81754878e+00,
        8.00730239e+00,  5.22434321e+00,  4.30010606e+00,  9.32461248e+00,
        1.25665776e+01,  7.69909633e+00,  1.22226731e+01, -1.29967292e+00,
        6.38267121e+00,  8.56429203e+00,  2.49110763e+00,  1.02125388e+01,
        6.79080975e+00,  9.47296463e+00,  8.80099215e+00,  6.30237792e+00,
        8.54052611e+00, -1.79945509e+00,  1.12915790e+01, -1.04173284e-01,
        1.11706539e+01,  9.28075965e+00,  5.93141184e+00,  1.39086409e+01,
        1.05510750e+01,  8.05921804e+00,  7.35693100e+00,  3.86098540e+00,
        6.20585187e+00,  3.79154586e+00,  3.27768627e+00,  1.44658040e+01,
        1.21027092e+01,  8.57685393e+00,  7.03510552e+00,  7.19009636e+00,
        4.19912980e+00,  8.73484482e+00,  1.21992344e+01,  8.41373902e+00,
        4.77843406e+00,  3.81553005e+00,  4.31176204e+00, -4.60310509e-01,
        1.16782506e+01,  1.34921984e+01,  5.03799158e+00,  6.07831763e+00,
        7.01015746e+00,  8.38465140e+00,  1.02609345e+01,  6.13965152e+00,
        1.23704193e+01,  8.21128988e-01,  1.05942671e+01,  1.02174917e+01,
        9.53557528e+00,  7.82929950e+00,  4.72273681e+00,  1.04195589e+01,
        3.69241827e+00,  9.55303013e+00,  3.36483107e+00,  9.17822082e+00,
        1.20892650e+01,  9.17976227e+00,  1.23298659e+01,  6.95756253e+00,
        1.16871169e+01,  6.97666185e+00,  7.59177684e+00,  4.52031553e+00,
        1.20159886e+01,  4.97323000e+00,  6.82654657e+00,  9.56368746e+00,
        4.38185391e+00,  6.17586415e+00,  6.71900362e+00,  6.18521451e+00,
        7.67934934e+00,  8.43976472e+00,  4.19692111e+00,  7.85415255e+00,
        6.56163017e+00,  4.64431978e+00,  6.53789930e+00,  7.76927566e+00,
        7.10158601e+00,  1.00160710e+01,  3.79139336e+00,  1.40561296e+01,
        5.50968861e+00,  8.90590079e+00,  1.19909147e+01,  5.30511761e+00,
        9.68575679e+00,  4.49959400e+00,  1.11781810e+01,  8.61151725e+00,
        8.28547715e+00,  3.50259124e+00,  2.51723695e+00,  8.35686434e+00,
        1.07358681e+01,  1.01688294e+01,  1.13692022e+01,  5.87559400e+00,
        9.04365032e+00,  8.74578178e+00,  2.94541834e+00,  7.06481215e+00,
        7.16865506e+00,  3.74481677e+00,  7.73961902e+00,  1.04264665e+01,
        8.15801320e+00,  6.36819945e+00,  1.01666256e+01,  5.04795677e+00,
        1.00697159e+01,  7.62069361e+00,  3.95614345e+00,  4.80250686e+00,
        7.14273148e+00,  1.03430154e+01,  9.12768883e+00,  1.04411919e+01,
        5.59661284e+00,  1.12014531e+01,  8.79762359e+00,  3.41567670e+00,
        3.59440984e+00,  9.88301990e+00,  9.02543902e+00,  1.32079246e+01,
        1.39504735e+01,  1.34814458e+01,  4.34425705e+00,  3.71856449e+00,
        9.74045158e+00,  1.13341153e+01,  1.43951030e+01,  8.43629091e+00,
        9.04786419e+00,  5.42637470e+00,  9.43162443e+00,  5.85207612e+00,
        1.01158466e+01,  1.00937002e+01,  8.99594465e+00,  3.21939282e+00,
        1.19598782e+01, -2.33052775e+00,  6.28312848e+00,  6.46040097e+00,
        6.09609960e+00,  4.94914988e+00,  1.33100617e+01,  1.23959227e+01,
        8.48007012e+00,  1.16910607e+01,  1.41902228e+01,  1.29398514e+01,
        6.36541200e+00,  5.43605842e+00,  1.03371760e+01,  3.82339351e+00,
        5.13241632e+00,  3.31062307e+00,  6.47370963e+00,  1.53995910e+01,
        1.07701081e+00,  7.31944365e+00,  4.79343581e+00,  7.18423883e+00,
        8.41974829e+00, -9.60982591e-01,  3.46734482e+00,  6.41364339e+00,
        4.58141819e+00,  7.99093604e+00,  7.87812063e+00,  1.71477912e+01,
        8.97787706e+00,  7.65979673e+00,  3.86736225e+00,  5.63364262e+00,
        3.96864461e+00,  1.86320280e+01,  3.36342615e+00,  7.61586804e+00,
        5.44914565e+00,  8.75348933e+00,  5.13099579e+00,  1.47069285e+01,
        1.34314730e+01,  1.09769593e+01,  4.62059148e+00,  9.51482842e+00,
        1.26972735e+01, -1.72036754e+00,  8.64253591e-01,  8.25003503e+00,
        3.19647771e+00,  3.94913601e+00,  1.27769115e+01,  7.76344464e+00,
        1.48181255e+01,  1.40866088e+01,  2.31326101e+00,  1.37296268e+01,
        7.61510998e+00,  6.68449315e+00,  4.66148209e+00,  8.37942195e+00,
        1.22692925e+01,  8.04012491e+00,  4.46979900e+00,  9.83840826e+00,
        1.06446388e+01, -7.57960241e-01, -5.28251868e+00,  7.48529505e+00,
        9.37437998e+00,  1.06869267e+01,  1.00881514e+01,  3.21968416e-01,
        1.05259958e+01,  1.56589997e+01,  4.48317848e+00,  1.48422421e+00,
        4.42966753e+00, -5.15264061e-01,  5.80803043e+00,  2.53513492e+00,
        1.26244377e+00,  7.01079590e+00,  1.03769115e+00,  8.03059481e+00,
        9.53555662e+00,  5.43336685e+00,  5.47705574e+00,  1.11638626e+01,
        7.33513078e+00,  1.76125555e+01,  8.63056489e+00,  5.94670424e+00,
        2.85132583e+00,  6.41004332e+00,  1.15818300e+01,  8.90104264e+00,
        1.21340302e+00,  4.98116852e+00,  1.04155574e+01,  9.38321699e+00,
        6.39888747e+00,  8.06983298e+00,  7.50917552e+00,  4.35794777e+00,
        8.46135424e+00,  4.38637337e+00,  5.65537208e+00,  8.61886207e+00,
        5.68936204e+00,  3.74601560e+00,  3.22669836e+00,  5.56624937e+00,
        1.37229058e+01,  1.29616533e+01,  1.90737489e+00,  6.62451178e+00,
        4.69076143e+00,  1.70247860e+01,  7.91134936e+00,  7.50086598e+00,
        1.41107067e+01,  1.21178331e+01,  8.93480523e+00,  7.13975926e+00,
        7.87546889e+00,  1.11044533e+00,  9.11396714e+00,  6.94538255e+00,
        9.45209003e+00,  1.11186472e+01,  8.22801886e+00,  7.08228586e+00,
        6.63302042e+00,  1.78707269e+00,  1.33287013e+01,  9.54431148e+00,
        5.42381566e+00,  7.93302790e+00,  1.50268541e+01,  4.84278203e+00,
        1.18898504e+00,  2.88524128e+00,  9.03448517e+00,  6.46786199e+00,
        1.53884767e+01,  3.34566682e+00,  1.82323062e+00,  1.11814281e+01,
        3.36873891e+00,  1.50714082e+00,  5.21217222e+00,  9.93397450e+00,
        7.70827801e+00,  1.09376099e+01,  9.82777125e+00,  7.66157478e+00,
        5.59602087e+00,  1.36160830e+01,  1.06068599e+01,  2.73970636e+00,
        8.94105471e+00,  1.21432684e+01,  1.44240268e+01, -4.16422265e+00,
        6.61143641e+00,  7.90208801e+00,  1.34794735e+01,  1.44088815e+01,
        5.65987987e+00,  9.94029143e+00,  5.54481781e+00,  1.11995227e+01,
        5.07395901e+00,  1.16520511e+01,  7.48736032e+00,  6.07431728e+00,
        1.78566033e+00, -1.56760144e+00,  9.42822891e+00,  1.04860334e+01,
        7.78242772e+00,  8.64834244e+00,  7.71854052e+00,  1.32934445e+01,
        7.43544354e+00,  1.03538834e+01,  9.97865299e+00,  8.80603278e+00,
       -2.48649573e+00,  9.43053411e+00,  3.79864477e+00,  8.80226271e+00,
        1.12651134e+01,  2.74647891e+00,  1.30726898e+01,  8.94695746e+00,
        3.57983505e+00,  5.30382290e+00,  5.98657854e+00,  8.42697729e+00,
        3.99917626e+00,  1.01318607e+01,  6.11075007e+00,  3.96126268e+00,
        8.88177840e+00,  5.71454975e+00,  5.29571426e+00, -1.88243872e-01,
        6.56240022e-01,  6.47999271e+00,  1.36473554e+01,  7.07233735e+00,
        6.08725694e+00,  1.14675498e+01,  1.04622181e+01,  1.25428805e+01,
       -6.75669255e+00,  1.00921799e+01,  7.14136807e+00,  1.01085758e+01,
        5.87863157e+00,  7.06466621e+00,  4.57184643e+00, -3.28492883e+00,
        8.67438265e+00,  8.61916252e+00,  1.67108463e+00,  2.17375771e+00,
        9.10454533e+00,  7.98619777e+00,  7.38613353e+00,  5.00206455e+00,
        5.83164214e+00,  1.41466532e+01,  9.02165421e+00,  7.58879795e+00,
        8.59564322e+00,  1.46194842e+01,  7.40123711e+00,  3.00246952e+00,
        1.23211159e+01,  6.83661669e+00,  1.12468348e+01,  1.19354818e+01,
        1.28862866e+01,  3.17411310e+00,  5.06134040e+00,  3.42622911e+00,
        5.60330477e+00,  8.77503993e+00,  1.29588908e+01,  6.57362901e+00,
        1.11819308e+01,  4.25695747e+00,  8.89207662e+00,  1.07113120e+01,
        1.65020885e+00,  1.12202539e+01,  1.60618820e+00,  4.80768473e+00,
        8.17413859e+00,  3.53573268e+00,  8.85635699e+00,  6.69056456e+00,
        8.70078943e+00,  1.24686660e+01,  7.43487003e+00, -2.37043738e+00,
        8.77343166e+00,  8.51151663e+00,  2.59931895e+00,  8.35445377e+00,
        1.05296658e+01,  1.13136662e+01,  4.72826615e+00,  1.57585002e+00,
        1.08155296e+01,  9.28879410e+00,  7.57929585e+00,  3.30866126e+00,
        7.57307944e+00,  7.60198652e+00,  1.24999567e+01,  5.88013742e+00,
        1.36517846e+01,  1.16093641e+01,  9.31109649e+00,  3.57881536e+00,
        7.88390658e+00,  9.05460264e+00,  2.03963670e+00,  4.10465465e+00,
        8.81233463e+00,  1.09179157e+01,  7.18212995e+00,  5.35302881e+00,
        1.11045973e+01,  5.57958973e+00,  1.32129981e+01,  9.86893031e+00,
        4.94444030e+00,  3.11017122e+00,  6.90659459e+00,  1.63195654e+00,
        6.43850598e+00,  7.50855506e+00,  4.27308707e+00,  3.76360630e+00,
       -1.16404406e+00,  1.41899631e+01,  4.27216402e+00,  6.17143463e+00,
        6.95756559e+00,  1.30695826e+00,  3.40321368e+00,  1.33342226e+01,
        1.10396843e+01,  3.09820816e+00,  4.30994260e+00,  6.99879869e+00,
        5.90909255e+00,  4.20335069e+00,  7.02829865e+00,  1.16475589e+01,
        8.07299244e+00,  5.24781199e+00,  1.08494678e+01, -9.16031417e-01,
        1.18668090e+01,  3.36071574e+00,  8.85079726e-01,  4.97142621e+00,
        5.26788509e+00,  6.62218735e+00,  4.94950679e+00,  9.77968878e+00,
        6.58124109e+00,  8.54571557e+00,  5.39737163e+00,  9.61492418e+00,
        9.75651021e+00,  7.49272518e+00,  6.54125728e+00,  8.52460395e+00,
        5.20893486e+00,  1.57770585e+01,  1.49489296e+01,  5.04765258e+00,
        5.79045584e+00,  3.21162699e+00,  4.77990434e+00,  1.85899626e+01,
       -1.66641113e-01,  9.62939607e+00,  7.91770139e+00,  8.73771387e+00,
        1.19020459e+01,  2.78089075e+00,  6.89658306e+00,  1.65838016e+01,
        7.34163578e+00,  9.17063678e+00,  8.84223058e+00,  9.96056190e+00,
        2.98976436e+00,  8.77381928e+00,  1.18170569e+01,  4.20605342e+00,
        1.46066095e+01,  9.20280418e+00,  3.08813137e+00,  9.66362670e+00,
        6.06789425e+00,  5.71932143e+00,  7.61190479e+00,  7.66149503e+00,
        9.04365954e+00,  1.12774475e+01,  8.16610391e+00,  1.04042256e+01,
        8.05538993e+00,  1.39884638e+01, -1.82767827e+00,  1.11211828e+01,
        7.82304033e+00,  1.30078207e+01,  8.90256963e+00,  6.60612564e+00,
        1.81289632e+00,  7.75995115e+00,  6.44340335e+00,  2.39137507e+00,
        8.13145015e+00,  4.83209951e+00,  7.51698441e+00,  3.59531217e+00,
        5.03097928e+00,  5.41004868e+00,  1.32712323e+01,  1.10726076e+01,
        7.51348662e+00,  2.75707632e+00, -2.74868372e+00,  1.00774683e+01,
        6.18024224e+00,  1.20373469e+01,  8.01082503e+00,  4.41223573e+00,
        8.72272889e+00,  9.05009575e+00,  9.46760483e+00, -2.98381334e-01,
        1.11157946e+01,  7.87401409e+00,  7.69879464e+00,  2.09993297e-01,
        4.81680140e+00,  4.92132264e+00,  1.73287672e+01,  1.14036503e+01,
        7.23782309e+00,  3.74118004e+00,  5.71969706e+00,  4.09053448e+00,
        2.28483146e-01,  1.26631634e+00,  1.27858078e+01,  8.81772154e+00,
        1.71515949e+01,  7.62827726e+00,  1.22831757e+01,  6.54483867e+00,
        7.75948138e+00,  6.98679910e+00,  4.94143809e+00,  7.30170985e+00,
       -1.81546884e+00,  1.28251482e+01, -1.42524871e-01,  7.83155538e+00,
        4.55236659e+00,  9.60467828e+00,  2.32989483e+00,  9.12864521e+00,
        2.05617860e+00,  1.35733860e+00,  8.22669202e+00,  5.45065105e+00,
        1.01507762e+01,  9.89199537e+00,  7.59729380e+00,  8.75614981e-01,
        3.50130956e+00,  7.59118650e+00,  8.58313775e+00,  5.78171501e+00,
        5.53475647e+00,  7.06032263e+00,  4.57787153e+00,  3.45258053e+00,
        9.89342857e+00,  1.07744306e+01,  1.03331821e+01,  1.50873160e+01,
        1.11379782e+01,  4.80838487e+00,  5.27147792e+00,  5.31325744e+00,
       -1.44899166e-01,  3.08137082e+00,  1.13970722e+01,  8.70830277e+00,
        9.89089497e+00,  4.35141738e+00,  8.21847794e+00,  6.85380403e+00,
        2.12644898e+00,  1.05465404e+01,  9.36420704e+00,  1.20473288e+01,
        1.57453519e+01,  5.09692881e+00,  1.57631877e+01,  5.32515223e+00,
        4.86809350e+00,  8.94302370e+00,  1.14164219e+01,  6.61174405e+00,
        3.42198377e+00,  1.07079358e+01,  1.10923156e+01,  1.28690921e+01,
        6.33699043e+00,  1.23334559e+01,  1.01938458e+01,  1.20437165e+01,
        5.21547920e+00,  7.91762682e+00,  1.19249499e+01,  5.20169624e+00,
        5.05269388e+00,  3.55894887e+00,  5.65956673e+00,  7.64767328e+00,
        7.20975201e+00,  6.68019990e+00,  8.04124978e+00,  7.09907173e+00,
        1.04386097e+01,  7.73580503e+00,  6.08022398e+00,  8.06452544e+00,
        5.71159324e+00,  6.51389585e+00,  1.10021953e+01,  1.07872481e+01,
        2.78933845e+00,  1.37401330e+01,  9.72372518e+00,  8.17771674e+00,
       -3.12574255e-02,  4.57451645e+00,  3.34453335e+00,  1.60784087e+01,
        7.79368760e+00,  4.97505554e+00,  1.53571448e+01,  6.39393495e+00,
        1.18044775e+01,  5.99815109e+00,  3.04217002e+00,  4.62310782e+00,
        1.97892406e+00,  8.57600171e+00,  7.72352866e+00,  1.04483981e+01,
        1.36210326e+01,  1.02501915e+01,  7.03842622e+00,  7.80886818e+00,
        1.51255499e+01,  7.64179093e+00,  1.00454870e+01,  1.12755086e+01,
        6.55504597e+00,  1.28960863e+01,  1.10806808e+01,  6.70811413e+00,
        1.17113999e+01,  1.01795826e+01,  7.26174763e+00,  1.39253533e+01,
        3.82541432e+00,  9.13610384e+00,  1.10007468e+01,  2.86646772e+00,
        6.59057160e+00,  5.48417240e+00,  8.39216889e+00,  1.26098468e+01,
        3.57459161e+00,  2.66340357e+00,  6.00902765e+00,  8.47696497e+00])]
INFO:numexpr.utils:Note: NumExpr detected 16 cores but "NUMEXPR_MAX_THREADS" not set, so enforcing safe limit of 8.
INFO:numexpr.utils:NumExpr defaulting to 8 threads.
INFO:numexpr.utils:Note: NumExpr detected 16 cores but "NUMEXPR_MAX_THREADS" not set, so enforcing safe limit of 8.
INFO:numexpr.utils:NumExpr defaulting to 8 threads.
INFO:numexpr.utils:Note: NumExpr detected 16 cores but "NUMEXPR_MAX_THREADS" not set, so enforcing safe limit of 8.
INFO:numexpr.utils:NumExpr defaulting to 8 threads.
INFO:numexpr.utils:Note: NumExpr detected 16 cores but "NUMEXPR_MAX_THREADS" not set, so enforcing safe limit of 8.
INFO:numexpr.utils:NumExpr defaulting to 8 threads.
INFO:numexpr.utils:Note: NumExpr detected 16 cores but "NUMEXPR_MAX_THREADS" not set, so enforcing safe limit of 8.
INFO:numexpr.utils:NumExpr defaulting to 8 threads.
INFO:numexpr.utils:Note: NumExpr detected 16 cores but "NUMEXPR_MAX_THREADS" not set, so enforcing safe limit of 8.
INFO:numexpr.utils:NumExpr defaulting to 8 threads.
INFO:numexpr.utils:Note: NumExpr detected 16 cores but "NUMEXPR_MAX_THREADS" not set, so enforcing safe limit of 8.
INFO:numexpr.utils:NumExpr defaulting to 8 threads.
